[CombatDamage]
BridgeStrength=100

[SpecialFlags]
TiberiumGrows=no
TiberiumSpreads=yes
TiberiumExplosive=no
DestroyableBridges=no
MCVDeploy=no
InitialVeteran=no
FixedAlliance=no
HarvesterImmune=no
FogOfWar=no
Inert=no
IonStorms=no
Meteorites=no
Visceroids=no

[Briefing]
1=Emergency transmissions from GDI forces in this region indicate that
2=Phoenix Base is under attack from Nod troops. It is imperative that
3=the base be restored by building a Tiberium Refinery and a Barracks.
4=Once the base is functional, all Nod forces in the area must be destroyed.@@
5=Objective One: Build a Tiberium Refinery.@@
6=Objective Two: Build a Barracks.@@
7=Objective Three: Destroy all Nod forces.

[Basic]
NextScenario=Maps\Missions\GDI2A.map
AltNextScenario=Maps\Missions\GDI9C.MAP
Name=GDI 1: Reinforce Phoenix Base
NewINIFormat=4
CarryOverCap=0
EndOfGame=no
SkipScore=no
OneTimeOnly=no
SkipMapSelect=no
Official=yes
IgnoreGlobalAITriggers=yes
TruckCrate=no
TrainCrate=no
Percent=0
Player=GDI
Intro=INTRO
Brief=<none>
Win=PODASSLT
Lose=GENWIN01
Action=<none>
PostScore=<none>
PreMapSelect=GDI_M02
Theme=No theme
CarryOverMoney=0.000000
TimerInherit=no
FillSilos=no
StartingDropships=0
HomeCell=98
AltHomeCell=98
MultiplayerOnly=0
TiberiumGrowthEnabled=yes
VeinGrowthEnabled=yes
IceGrowthEnabled=yes
TiberiumDeathToVisceroid=no
FreeRadar=no
InitTime=10000

[VariableNames]
0=Barracks Text,0
1=Kill All Text,0
2=Refinery Text,0
3=Gas Leak,0
4=Drop Pods,0
5=NOD Destroyed,0
6=Barracks Built,0
7=Refinery Built,0
8=Begin play,0
9=Bridge destruction,0

[Lighting]
Ambient=0.370000
Red=1.450000
Green=1.250000
Blue=1.000000
Ground=0.000000
Level=0.032000
IonAmbient=1.000000
IonRed=1.000000
IonGreen=1.000000
IonBlue=1.000000
IonGround=0.000000
IonLevel=0.000000

[Houses]
0=GDI
1=Nod
2=Neutral
3=Special
4=GDI2
5=Neutral2
6=Nod2

[GDI]
Credits=50
Edge=West
ActsLike=0
TechLevel=1
IQ=0
PlayerControl=yes
Allies=GDI,Neutral,Neutral2
Color=Gold
Side=GDI
PercentBuilt=0
NodeCount=0

[Nod]
Credits=0
Edge=North
ActsLike=1
TechLevel=0
IQ=0
PlayerControl=no
Allies=Nod,Neutral2
Color=DarkRed
Side=Nod
PercentBuilt=0
NodeCount=0

[Neutral]
Credits=0
Edge=North
ActsLike=0
TechLevel=0
IQ=0
PlayerControl=no
Allies=Neutral
Color=Grey
Side=Civilian
PercentBuilt=0
NodeCount=0

[Special]
Credits=0
Edge=North
ActsLike=0
TechLevel=0
IQ=0
PlayerControl=no
Allies=Special
Color=Grey
Side=Mutant
PercentBuilt=0
NodeCount=0

[GDI2]
Credits=0
Edge=North
ActsLike=0
TechLevel=0
IQ=0
PlayerControl=yes
Allies=GDI,Neutral,GDI2
Color=Gold
Side=GDI
PercentBuilt=0
NodeCount=0

[Neutral2]
Credits=0
Edge=North
ActsLike=0
TechLevel=0
IQ=0
PlayerControl=no
Allies=Neutral2
Color=Grey
Side=Civilian
PercentBuilt=0
NodeCount=0

[Nod2]
Credits=0
Edge=North
ActsLike=1
TechLevel=0
IQ=0
PlayerControl=no
Allies=Nod,Neutral2,Nod2
Color=DarkRed
Side=Nod
PercentBuilt=0
NodeCount=0

[Map]
Theater=TEMPERATE
Size=0,0,48,63
LocalSize=2,10,44,47

[Waypoints]
0=61048
1=51054
2=46054
3=61053
4=62053
5=55054
6=58053
7=55039
8=62056
9=63038
10=67038
11=53030
12=57032
13=63017
14=38038
15=40046
16=48047
17=53054
18=60072
19=70076
20=65069
21=52065
22=55032
23=73062
24=55035
25=76030
26=78033
27=87064
28=76073
29=67065
30=93053
31=65045
32=67059
33=68058
34=63060
35=67063
36=66049
37=64055
38=70053
39=61045
40=29066
41=28053
42=86052
43=66067
44=60045
45=63046
46=52074
47=52070
48=52078
49=52072
50=52076
98=76068
99=59059

[CellTags]
25060=09457440
27060=09457440
28060=09457440
29060=09457440
46037=02A74D10
46038=02A74D10
46039=02A74D10
46040=02A74D10
46041=02A74D10
46054=02A82AA0
46055=02A82AA0
46056=02A82AA0
47041=02A74D10
49064=08F95710
51064=08F95710
51065=08F95710
51066=08F95710
51074=08717E90
51075=08712160
51076=08712160
52064=08F95710
52065=08F95710
52066=08F95710
52074=08717E90
52075=08712160
52076=08712160
53064=08F95710
53065=08F95710
53066=08F95710
53074=08717E90
53075=08712160
53076=08712160
54064=08F95710
56054=02A80570
57054=02AA0B10
58053=02AA3120
61053=02A48E90
62039=0950E800
62041=0950EA20
62042=02A7C120
63039=0950E800
63041=0950EA20
63042=02A7C120
64039=0950E800
64041=0950EA20
64042=02A7C120
67065=08C648A0

[IsoMapPack5]
1=Rw4AIAABMAABAP//AAAABgAvAAIA//8AAEkBMCgpADEoKwAuAAPhBC8oKQAwKCkAMSgpAD
2=IoKwAtAAT5Bi4oKQAvKCkAMCgpADEoKQAyKCkAMygrACwABfEJLSgpAC4oKQAvKCkAMCgp
3=ADEoKQAyKCkAMygpADQoKQArQCDdICwoKQAtKCkALigpAC8oKQAwKCkAMSgpADIoKQAzKC
4=kANCgpADXoAQIKACoAB+0bKygpACwoKQAtKCkALigpAC8oKQAwKCkAMSgpADIoKQAzKCkA
5=NOsBCgA1KCkANigrACkACPkRKigpACsoKQAsKCkALSgpAC4oKQAvKCkAMCgpADEoKQAyKC
6=kAM+sBCgA0KCkANSgpADYoKQA3KCsAKAAJ8RQpKCkAKigpACsoKQAsKCkALSgpAC4oKQAv
7=KCkAMCgpADEoKQAy6wEKADMoKQA0KCkANSgpADYoKQA3KCkAOCgrACcACukXKCgpACkoKQ
8=AqKCkAKygpACwoKQAtKCkALigpAC8oKQAwKCkAMesBCgAyKCkAMygpADQoKQA1KCkANigp
9=ADcoKQA4KCkAOSgrACYAC+EaJygpACgoKQApKCkAKigpACsoKQAsKCkALSgpAC4oKQAvKC
10=kAMOsBCgAxKCkAMigpADMoKQA0KCkANSgpADYoKQA3KCkAOCgpADkoKQA6KCsAJQAM+Rwm
11=KCkAJygpACgoKQApKCkAKigpACsoKQAsKCkALSgpAC4oKQAv6wEKADAoKQAxKCkAMigpAD
12=NIAVy3Zbg0KCkANUkBqnsCCgA2SAGLmwoANygpADgoKQA5KCkAOigpADsoKwAkAA3xHyUo
13=KQAmKCkAJygpACgoKQApKCkAKigpACsoKQAsKCkALSgpAC7pAQpU08APfCAnKQAxKIEAMi
14=gpADNIAWAeSas0KCkANUgBfiACBl4gDQBpAQN/IA0AqXMFCgA4QATVIzkoKQA6KCkAOygp
15=ADwoKwAjAA7pIiQoKQAlKCkAJigpACcoKQAoKCkAKSgpACooKQArKCkALCgpAC3rAQoALi
16=gpAC8oKQAwKCkAMSgpADIoKQAzKCkANEgBbB9BJTUoKQA2SAF2IwUGVUQOlCNNJjhUAmAl
17=TSY5SQFifwYKADpIAc0mOygpADwoKQA9SQFLrwUiAA/hJSMoKQAkKCkAJSgpACYoKQAnKC
18=kAKCgpACkoKQAqKCkAKygpACzrAQoALSgpAC4oKQAvKCkAMCgpADEoKQAyKCkAMygpADQo
19=KQA1SQG5rRs2yQEBbCYnmQM4VAJsJkUpOUkBYa0FOkkBXakBO0gB2Sc8KCkAPUgBbCYBAg
20=oAPsgBAwMGACEAEPknIigpACMoKQAkKCkAJSgpACYoKQAnKCkAKCgpACkoKQAqKCkAK+sB
21=CgAsKCkALSgpAC4oKQAvKCkAMCgpADEoKQAyKCkAMygpADQoKQA1KCkANkgBcSoEbnMQAG
22=gBWSc4VAKDJQYAOUkBqLknOkgBwVE7SAGDBAoAPCgpAD1JAUqtBT7IAUU0P0gBfCtbXiAA
23=EfEqISgpACIoKQAjKCkAJCgpACUoKQAmKCkAJygpACgoKQApKCkAKusBCgArKCkALCgpAC
24=0oKQAuKCkALygpADAoKQAxKCkAMigpADMoKQA0KCkANSgpADZJAbqpIjfIAUkiOEgBmCd+
25=KxEAfCtVAjpUAtFWO0gBgAR8K88mCgA9VAJ8K4ZVEQBoAUVVP1QCfCtVhkDIAQMDAgAfAB
26=LpLSAoKQAhKCkAIigpACMoKQAkKCkAJSgpACYoKQAnKCkAKCgpACnoASJcLcAPdC4nKQAs
27=KIEALSgpAC4oKQAvKCkAMCgpADEoKQAyKCkAMygpADQoKQA1KCkANigpADdIAWAwQVw4yA
28=FBXDlIAZ0rBk+qEgBepTQ79AJ3LhIARrUCPVQCaAFFND7IAUlZP8gBAQECAEBIAZMJAgBB
29=KCsAHgAT4TAfKCkAICgpACEoKQAiKCkAIygpACQoKQAlKCkAJigpACcoKQAo6wEKACkoKQ
30=AqKCkAKygpACwoKQAtKCkALigpAC8oKQAwKCkAMSgpADJJAV21IzNJAUOpATRJAUCpATXJ
31=AQEiFiQTAMEEN1UCv2EEBlb/EwBoAVEqOVQCmCdtMROMMVkGO1QCyQw8SAFgMEFcPUgBlQ
32=IGTbUThDQBAgIAP1QChAhsMdQubDEnKQBCKIMAHQAU+TIeKCkAHygpACAoKQAhKCkAIigp
33=ACMoKQAkKCkAJSgpACYoKQAnSQE/RB5JFyjIAUX6KUgBwakqSAGIF3RlxBNswCcpAC0ogQ
34=AuKCkALygpADAoKQAxSAGUIyLXMRQASEAPRVUzVAJgMEktNEgBZDRZETXIAUGINkgBwQQ3
35=SQF5uQY4yAFZBjnIAVkGOkgBeJUBAAoAO0kBvq0FPEoBqwJNAQZOlBQAaAFZBj7UAoQ0tQ
36=IDZzQUAG5JBQBkNKgBTWhCTAWdIAJQRdAfAgIAHAAV8TUdKCkAHigpAB8oKQAgKCkAISgp
37=ACIoKQAjKCkAJCgpACUoKQAmSQF8tRgnSQF2qQEoSAFoOFWGKUkBX2gXdJzEE3w2JykALE
38=AElBgiFCQnVQAuKFUALygpADAoKQAxSAFwuVEqMsgBWSczSAHZETRJAXS5ETUoKQA2SAHR
39=FDdIAXw2VTk4yQEEbssVAHQCSRc6VAJ8Nl0KO0gBfDZJATxIAXA1TQU9yAFNBT7JAQZlax
40=WVOQd9NhWcNlU5QUAEaDhVOUJIAYQefDbHHgIARChXABsAFuk4HCgpAB0oKQAeKCkAHygp
41=ACAoKQAhKCkAIigpACMoKQAkKCkAJUkBcEQ0TRsmSQF/rSYnSQF5qQEoSAGdFQZepBYAdD
42=lRjSr0AnQ53BV0cCcpAC0ogQAuKCkALygpADAoKQAxSAF0OVX0MsgBWTIzSQF7rRA0SQFy
43=qQE1KCkANkkBdbUCN0gBUBgiZTk4SQGObAF2ORYAaAFNGzpVAny1AjvIAVUCPEkBqKUIPc
44=gBVQI+yAFdNj/IAV02QEgBhAh2cBYAaAGXcBYAfXwKdDmoAVUCREwFjyYCAEUoKwAaABfh
45=OxsoKQAcKCkAHSgpAB4oKQAfKCkAICgpACEoKQAiKCkAIygpACRIAWA7SZAlyAFRKiZJAZ
46=J/FQYAJ8gBRR4oSAGcFW88FwBgYARkdtwVbDwnKQAs7AVkdidVAC4oVQAvKCkAMEkBRLEJ
47=McgBVQ0ySQGAtS4zSQF3qQE0KCkANUgB2T02KCkAN0gB0Xc4SAFgO00bOcgBTRs6SAF4Ml
48=UCO8gBVQI8SAFsPIZ2FwBoAYR2qAGEdqgBhXYXgDtFP0FYBnAJRT9CSAFsPFUCQ8gBVQJE
49=SAGMJmw83SACXOsnKwAZABj5PRooKQAbKCkAHCgpAB0oKQAeKCkAHygpACAoKQAhKCkAIi
50=gpACNIAQFNAQAAXSskSAFkP0UeJcgBRR4mSAFkP1UjJ8gBVSMoSAGUGGU/GIQ/lHvIF2Q/
51=JykALOwFZD8nVQAuKFUAL0gB1ekwSAFkP1UNMUkBfq08MkgB1Q0zKCkANCgpADVIAc1+Nk
52=gB0UA3SAHBfThIAWFKAHR7zBAiFyQYAICpDDtABMG/PEgBwUY9SQFNfAYiFiQYAGgBWXQ/
53=VAKcxW61GACYBnZ7GACbBgIAQkAEnBV0e9QNbLUnKQBFKIEARigpAEcoKwAYABnxQBkoKQ
54=AaKCkAGygpABwoKQAdKCkAHigpAB8oKQAgKCkAISgpACJIAXBAVS4jyAFNPCRJAVBIQwEA
55=BgAlyAFVRCZJAYapIifIAVUCKEgB0TUpSQE8YARkgdQYfEEnKQAsQASUI3xBJ1UALihVAC
56=9IAWgtVfQwyAFJDDFIAdnMMkgBly4GADMoKQA0KCkANUgB0UA2KCkANygpADhIAZA1fEHM
57=EHxBJykAO0AExUo8SAHR2j1JAc5ARlkRPsgBVXs/SAGEE35BGQCAk35BGQCMEH1BGfVEQ0
58=wFgA98QdQNZIEnKQBGQASXIwIARygpAEgoKwAXABrpQxgoKQAZKCkAGigpABsoKQAcKCkA
59=HSgpAB4oKQAfKCkAICgpACFIAWhDUUAiyAFRHyNJAVWpQyRIAXRETUclyAFNRyZIAXREVQ
60=InyAFVAihJAYFYJ1EJKUgBdERBBCrJAQN3RBoAPq1HLFQCnCB0RMceCgAuKFUAL0gBIjQ+
61=lkQaAGgBAQEGADFUApsGBgAySAHJODNIAY8xBgA0SAGHNAYANUgB1QI2KCkAN0gBwQQ4KC
62=kAOUkBeqkXOkgByQw7SQF9tQI8SAFoQ1WnPcgBVac+yAGexRoAYASdxRpxHAAjZi4aAJAU
63=dkQaAJgRdYYa+UhERAiMXXVEGuWMRlQCjBB0RNcjAgBIKFUASSgrABYAG+FGFygpABgoKQ
64=AZKCkAGigpABsoKQAcKCkAHSgpAB4oKQAfKCkAIEgByUMhSAFsR008IkkBTqFGI8gBUTUk
65=SAHBBCXIAVVEJkkBin8jBgAnyAFNBShJAZO1AinIAVUCKkgBeEhJLStIAWxHVQ0syAFFSi
66=1IASUFOC5IAY8mCgAvSAFhRgIi1V0bjEdBDzFUAoAEbUcbuDJmjBsA1cg0KIEANUgBnDYi
67=1l0bAN2DN1QCxQg4SAF4FU1dOSgpADpJAXyhRjtIAd0KPEgBaUMIIlU3G5VECWTOqQEKIn
68=QwqQELZowbAIQIZYwb4UZCRAiMEGxH2D1kjNQYbEfUGCKsISeBAEdYBpwVbEcnVQBJKFUA
69=SigrABUAHPlIFigpABcoKQAYKCkAGSgpABooKQAbKCkAHCgpAB0oKQAeKCkAH0gBYEZNPC
70=BIAXRERSkhyAFVAiJIAWAEWT0jyAEIAwYAJAAcAE8BAAARAAD4DwAgAAgABgAlABwATwEA
71=AAEGACYAHACKAAAAAgYAJ8gBAQMGAChJAZO1AinIAVUCKkoBgAJbAgYAK0kBdKkBLEkBdq
72=kBLUkBYVwDAQAKAC5JAV2pAS9JAUdrAQYAMEkBfK0FMUkBeKkBMkkBd6kBM0kBdakBNEoB
73=//9fBgYANUkBfbUCNkgB1QI3KCkAOCgpADlIAckMOkkBcrkGO0kBeakBPEkBzkgBAQwGAD
74=3IAQENBgA+yAEBDgIAP8gBAQ8CAEBJAXtMBQEAAgBBSAGHEwIAQkgBXRIAVQJDSAGbEQIA
75=REgBzQVFSAGDDwIARkgBlyMCAEdIAc0FSCgpAEkoKQBKKCkASygoAAEUAB0AmwYGABUoKQ
76=AWKCkAFygpABgoKQAZKCkAGigpABsoKQAcKCkAHSgpAB5JAU5IQ11BH8gBRT8gSQFNtQIh
77=yAFVAiJJAVVUAgEABgAjSAFgBEkBJEgBcEtFCCXIAU0FJkgBwQQnyAFVTyhJAYhrKQYAKc
78=gBVQIqyAFFCCtIAZMqBgAsSAGDMAYALUkBXngGf0wdAEqpAS9UAmgBRQgwSAHBRjFIAdkn
79=MigpADNIAd0KNEgByVk1SAHBUTZJAXpnPwYAN0gBxQg4KCkAOUgBxQg6SAHFEztIAc0FPE
80=gBfUwQfkwdAGkBEXxMqQESfEypARN+TB0AkAl+TB0AhFV9TB1kG79MHQCAeBF+TB0A0UtF
81=SAzJAUYoKQBHSAGDGgIASEgBlxgCAElIAYUTAlwlx0oCAEsoVQBMKCsAEwAe6U4UKCkAFS
82=gpABYoKQAXKCkAGCgpABkoKQAaKCkAGygpABwoKQAdSQF9YR0GQgEeAGgBSTgfUQF+tQIg
83=yAFVAiFJAYG1AiLIAVUCI0gBcEtBRiTIAUlOJUgB2VMmSAHBBCfIAUEEKEgBdE9JASnIAQ
84=EEBgAqyQEFdZweuDJ2Tx4AzTwtQAR1TwF1Tx5UKUM0CgAvVAJ0T1EJMEgBJ/QJJyUFMlQC
85=wZMzSAGfNgYANEgB3Qo1SAGHNAYANigpADcoKQA4KCkAOUgBg0YGADpIAdEJO0gBzao8SA
86=GEP3VPHpVPFXRPqQEWdk8eAJgRdE/MG3RP3BV0TycpAENQCYQTdE/LIgIARVQClGV2nB4A
87=yQFHVAKAGnRPJwUBSVQCxQhKKCkASygpAEwoKQBNKCsAEgAf4VETKCkAFCgpABUoKQAWKC
88=kAFygpABgoKQAZKCkAGigpABsoKQAcSQF8UEtJOB1IAWBRRUoeyAFVAh9IAWxSVQIgyAFV
89=AiFIAWxSVQIiyAFVAiNJAXpQCQEABgAkyAFFVSVIAXCjVQImyAFVAidJAVChqSjIAVUCKU
90=kBh6UIKsgBVQIrSAHFPyxIAYktBkWiH1TZUAVtUh9cfkkBBk1SH6w8Ze8f/VcxWAaPMQYA
91=MkgB0QkzSAHZSDRIAd0KNUgBzQU2SQEzaJBmoh8AaAFZETjUAlEfOUgB0Qk6SAHFCDtIAc
92=UIPEgBI0wgbFLRFAJE79AUblIfAIwQbFInKQBBWAbdmUJIAdXpQ0gBnApvUh8AgWQTbFLA
93=RmxSJykAR0wFwQRISAFMI0h2RaIfUMpQAWWiH0goiQFLQATdCkwoKQBNKCkATigrABEAIP
94=lTEigpABMoKQAUKCkAFSgpABYoKQAXKCkAGCgpABkoKQAaKCkAGygpABwoKQAdKCkAHigp
95=AB8oKQAgKCkAIUgBZFVVnCLIAVWcI0gBZFVJOCTIAV1XJUgBZFVVAibIAVUCJ0gBZFVVAi
96=jIAVUCKUkBhVQnVVoqyQEBd6cgAH94MnWnIPVPLUEEPUwFQQQuSAGJLQZFVSDlrTBUApNA
97=BgAxSAGEP2VVIKtDBgAzVALBBDQoKQA1SAHBnjZJATm5aTfIAVUNOMgBSRc5SAEnpAonXQ
98=E7VALFCDxJAU1QFEEaPckBAWRV0BRlVSDhnkBABM2fQSgpAEJIAdn4Q0kBjHAJZlUgAGgB
99=UQlFVQKStQJGyAFVAkdIAYgidacg+VNJVQIwrQVKSQGJcCps99dPAgBMVALZBk0oKQBOKC
100=kATygrABAAIfFWESgpABIoKQATKCkAFCgpABUoKQAWKCkAFygpABgoKQAZKCkAGigpABso
101=KQAcKCkAHSgpAB4oKQAfKCkAICgpACEoKQAiKCkAI0kBd3QjZq0hAGgBWT0lVAIn9h8hAC
102=f2HyEAJXkrKEAEaAGeVyEAfFdJQypUAmgBVQIrSAGQKn1XIflTLVQCzVIuKCkAL0gBzVIw
103=KCkAMUgBiEN8V0QTfDZ8VycpADRABJREIowzJ1kGNlQCJ/4KIQBoAUEaONQCURQ5SAHFaz
104=pIAcUIO0gB2as8SAEjyTUCVcIhJuUoPlQCjAV8V9QNZK0nKQBBQASEHnT/J1UAQ1QCcVYC
105=fVchnVcDZq0hAHxXVQJGQARoAVUCR0gBxQhISQEveDIi7ClYBnAfZK1AGrUCS0EEhrUCTE
106=kBLbUCTUgBxQhOKCkATygpAFBIAdsRDwAi6VkQKCkAESgpABIoKQATKCkAFCgpABUoKQAW
107=KCkAFygpABgoKQAZSQFVcxQKABpJAVSpARvIAQEBCgAcSQFTtQIdyAFVAh5JAVK1Ah/IAV
108=UCIEkBULUCIcgBTTwiSAGQHyJHNSIAdWAEdFqoAUEEJUAEaFlBkyZIAXxXSQEnSAF0skkB
109=KMgBTQUpSQGEpQgqyAFVAitIASPcJ3VaIu2qLVQC3VcuKCkAL0gB3VcwSAGNRwZUsifVBT
110=JUAslOM0kBrLUNNMgBVQ01SQEsqbE2yAFVAjfIAUlZOMgBXW05yAFV0zpJAa6xCTtJAb5r
111=AQIAPEkBgqFGPUkBcbUCPsgBVac/SQFutQJAyAFVAkFJAWy1AkLIAVUCQ0kBc7UCRMgBVQ
112=JFSQGLtQJGyAFVAkdJAXC1AkjIAVUCSUgBkDV1WiJI2EQEdbIiRNSJAUxABM21TUgBzQVO
113=KCkAT0kBeEgFAQACAFDIAV0KUcgBR2sOACPhXA8oKQAQKCkAESgpABIoKQATKCkAFCgpAB
114=UoKQAWKCkAFygpABjrAQoAGSgpABooKQAbKCkAHCgpAB0oKQAeKCkAHygpACAoKQAhSAF6
115=XgQKURwjVh4AACMFIiONXQJsXagBXUElTAVsXVUCJkkBTlhISQEnSQFQqQEoyAFNBSlIAW
116=xdQQQqyAFVAitIAd2kLEgByVktSAEnrQsjJLA9IgYiIwDJWTBBBEB4Mm5dIwBoAVFWMlUC
117=wXUCAl47IwBsXUU0NFQCaAFNnzVIAWxdAQUCADbJAQYiriwjAHQCAQcGADjUAgEIBgA5yA
118=EBCQIAOkgBbF1FPztIAWxdSQE8SQFvtQ09SAFsXVUNPsgBVQ0/SQFuQARVAkDIAVUCQUgB
119=bF1VAkLIAVUCQ0gBbF1VAkTIAVUCRUgBbF1VAkbIAVUCR0kBcL0KSMgBVQJJSAEiQVAAbl
120=0jAGgBURRLVALJvExJAS5YBkEETUgBJ6wL31cCAE9UAmxdUQlQyAEBBAIAUcgBTSZSSQFV
121=QDtHCA0AJPleDigpAA8oKQAQKCkAESgpABIoKQATKCkAFCgpABUoKQAWKCkAF+sBCgAYKC
122=kAGSgpABooKQAbKCkAHCgpAB0oKQAeKCkAHygpACAoKQAhSAEjaClmYCQAaQEBd70kAHl4
123=J2RgqAFVAiVMBXQCVVomSQFWdCMinVYkIwwjQQQoVAJoZEkBKUgBdDlNwCrIAVUCK0gBdD
124=lVAizIAVUCLUkBgWOpBgAuSAHZXi9JAUhvEAIAMEkBQEgBSUMxyAFdNjJJAcFUAkU/M0kB
125=UHsRAgA0yAFVAjVIAW1dCmVgJJheAQsCADfWAgwCRGC2Ag0CRGCpAQ5mYCQAxT87TAWYHH
126=a9JABkYF0KPVQCZGBBRj7IAUFGP0gBzRBAyAFNBUFIAcUIQkkBTrEUQ8gBQQRESAFtJgAi
127=DyMkAFOhBEZUAmgBQQRHSQFwWBxVDUjIAVUNSUgBeF5JIkrIAUkiS0gBzV1MKCkATSgpAE
128=4oKQBPSAEicCpBD1DIAVUNUUgB3RVSSQFRuRFTyAFDBAwAJfFhDSgpAA4oKQAPKCkAECgp
129=ABEoKQASKCkAEygpABQoKQAVKCkAFusBCgAXKCkAGCgpABkoKQAaKCkAGygpABwoKQAdKC
130=kAHigpAB8oKQAgKCkAIUkBS1UuAH5iJQBpAQF9YiWcYlG5JEAEcWEEIvxitAJJxyZUAmw8
131=SWQnyAFNBShIAWw8SQEpSAF8YkEEKsgBVQIrSAFsPFUCLMgBVQItSQGr/mIlAGgBTRAv1A
132=JFPzDIAUU/MUkBcn8VAgAyyAFRNTNJAVBIOE0FNMgBTQU1SAHBXDZIAdk9N0gB1QI4SQFX
133=WAZJQzlIAcEEOkgBwQQ7SAHVAjxIAc0FPUkBWLkGPkgBwQQ/SAHNEEDIAU0QQUgBzQVCSA
134=GPJgIAQ8gBQQRESAFsJkkXRUgBcGFJAUbIAUEER0kBVLUNSMgBRR5JSAEjlEpmwyUAaAFV
135=AktUAidcDN1XAlOdJQBxrSZOQARoAU0FT0gBxSlQyAFVAlFIAdkcUkkBUUAPWRFTyAFZEV
136=RJAU+3AgsAJulkDCgpAA0oKQAOKCkADygpABAoKQARKCkAEigpABMoKQAUKCkAFesBCgAW
137=KCkAFygpABgoKQAZKCkAGigpABsoKQAcKCkAHSgpAB4oKQAfSQEsTFIjzDDbHAoAIVQCaW
138=QCdWUmlGVdVyNVAn5MBVW9JEkBdmgtdmUmAGgBSVkmVAJsPEEEJ8gBVQIoSAGcTCIWZiYA
139=bEdBBCpUAmgBQQQrSQFwUAlJbyzIAUlvLUgBaGRVAi7IAVUCL8kBBnXIJoxoAQcCADFUAm
140=w8STgyyAFJODNJAVBIOFleNMgBRT81SAGTFAIANsgBVQI3SQFSrQU4yAFVAjlIAWhZRQg6
141=yAFVAjtIAc1HPEgBbEdBBD3IAUEEPkkBVrEJP0gBzQVASAHJZEFIAdUCQkgBzQVDSAHVAk
142=RIAdUCRUgB1QJGSAHFCEdIAXRlRR5IyAFFHklIASK4dVkRSsgBWRFLSQFuXCtVAkzIAVUC
143=TUkBcVQCRQhOyAFFCE9JAXK1AlDIAVUCUUgBwQ9SSAF8YlEJU8gBUQlUSAHJLVXIAVcCCg
144=An4WcLKCkADCgpAA0oKQAOKCkADygpABAoKQARKCkAEigpABMoKQAU6wEKABUoKQAWKCkA
145=FygpABgoKQAZKCkAGigpABsoKQAcKCkAHSgpAB5IAWBnAQMKAB/IAQEECgAgyQEFb2gnAE
146=5EKYTOqAFNXSNBBIHtaCeAZ1HEJVUCdkwFUWwmSAF9KwEiJSYnI2BJVQIoVQJOZEptaCeM
147=aFkGKlQCdC5BBCtJAVGhBCzIAUUILUkBqbUNLsgBVQIvyAFFPzDIAU08MUgBzTwySAHJTj
148=NIAWgMTQU0yAFNBTVIAWxoVQI2yAEFAwIANwAnAFIRAADpDwAgCAEAAAICADgAJwBSSAEF
149=AwIAOQAnAE5IAQECAgA6yAFVAjtJAVZUAgEAAgA8SQFRSAFBBD3IAUEEPkkBVVQCQQQ/SQ
150=FQqQFAyAEBAQIAQUgBfApBBELIAVUCQ0gBzQVEyAFVAkVIAc0FRsgBVQJHSAHJDEhIAdkR
151=SUoBigCVGErIAVkRS0kBbrUCTMgBVQJNSQFxVAIBBAIATsgBAQUCAE9JAVi9FVBJAVmpAV
152=FJAVqpAVJJAU9IAUUeU8gBUQlUSAFoF1UCVcgBVQJWSQFOrAUDCQAoAP//Ww0GAAooKQAL
153=KCkADCgpAA0oKQAOKCkADygpABAoKQARKCkAEigpABPrAQoAFCgpABUoKQAWKCkAFygpAB
154=goKQAZKCkAGigpABsoKQAcKCkAHSgpAB5IAQUsAgAABgoAH8gBAQcKACDIAQEICgAhSAGf
155=IAoAIkkBTkQiAQQKACPIAQEFBgAkSQGOVAIBAAYAJcgBAQEGACZJAXu1AifIAVUCKEgBny
156=sGACnIAQEDBgAqSQFNdy4GACtJAVGpASzIAUEELUkBqlAUSQwuyAFRCS/IAUk4MMgBSTgx
157=SAFoDEVVMsgBVU8zyAFVAjTIAVUCNUgBdA1VAjbIAVUCN0gBeBFVAjjIAVUCOUkBU0QTVQ
158=I6yAFVAjtIAXhIVQI8yAFVAj1IAWByVQI+yAFVAj9IAWwFXRVAyAFdFUFIAXwVVQJCyAFV
159=AkNIAc0FRMgBVQJFSAHNBUbIAVUCR8gBVQ1IyAFVDUlIAWQIVQJKyAFVAktJAVe1GExIAd
160=EUTcgBQQROSAHZBk/IAVUCUEgBbGhRCVHIAVUCUkgB2SdTyAFVAlRIAc0FVcgBVQJWSAHN
161=BVfIAVUCCFhAk0sGAAkoKQAKKCkACygpAAwoKQANKCkADigpAA8oKQAQKCkAESgpABJJAT
162=5vUgoAE0gBgA99bSmjfQoAFShVABYoKQAXKCkAGCgpABkoKQAaKCkAGygpABwoKQAdKCkA
163=HkgBfW0Jfm0pAGkBCnxtqQELfG0nOQIiTQVNvRUjyAFZXiRIAX1tAn5tKQBoAUlkJlQCfG
164=1VAifIAVUCKEgBiFl+bSkAaAFFCCpUAoixfW0pnMVFayxUAnBLQQQtSAF8bQEEBgAuyAFB
165=fS/IAQEGAgAwyAEBBwIAMUgBeAZdVzLIAU1SM8gBVQI0yAFVAjVIAXBAVQI2yAFVAjdIAW
166=QTVQI4yAFVAjlIAXxtVQI6yAFVAjtIAXhTVQI8yAFVAj1IAWhZVQI+yAFVAj9IAcXDQEgB
167=xc5BSAHZU0LIAUFRQ0gBdBhBXETIAVUCRUgBdA1VAkbIAVUCR0gBbAVVDUjIAVUNSUgBbA
168=VVAkrIAVUCS0gBiy0CAExIAdEUTcgBQQROSAHZBk/IAVUCUEgBcBRRCVHIAVUCUkgB2SdT
169=yAFVAlRIAc0FVcgBVQJWSAHNBVfIAVUCWEgByRcHWK6HYAYACCgpAAkoKQAKKCkACygpAA
170=woKQANKCkADigpAA8oKQAQKCkAEUkBP0hZWUgSSAF0cEVVE8kBA3dwKgBiQARR7RVUAocT
171=CgAWKCkAFygpABgoKQAZKCkAGigpABsoKQAcKCkAHSgpAB4oKQAfSAF1cA11cCqBcg51cC
172=rxgiJBBGOlEyNJAVWpASRJAVGpASXIAUFnJkkBj3cCBgAnyAFVAihJAYG1AinIAVUCKkgB
173=jFJ1cCqUcEkiLFQCZDRRdy1JAan23ioAaAFZBi/UAklDMMgBQTsxSAFwQEVVMsgBRVUzSA
174=FwS1UCNMgBVQI1SAF8bVUCNsgBVQI3SQFUpcM4yAFVAjlIAd0KOsgBVQI7SAHVWjxIAcEE
175=PcgBQQQ+SAF0GEkMP8gBVQJASAHZBkFIAXgGVRhCyAFVGENIAXgGVQJEyAFVAkVIAXQYVQ
176=JGyAFVAkdIAWQISQxIyAFJDElIAZMqAgBKSAFwCUEES8gBQQRMSAFwCVUCTcgBVQJOSAF0
177=ZVUCT8gBVQJQSAFkdlUCUcgBVQJSSAHdClPIAVUCVEgB0SpVyAFVAlZIAc0FV8gBVQJYSA
178=HNBVnIAVQCeECbXgYAByEcJMkBCCgpAAkoKQAKKCkACygpAAwoKQANKCkADigpAA8oKQAQ
179=KCkAESgpABIoKQATSAF4dEV2FEkBYXxXZeQr/WIWVAKTFAoAFygpABgoKQAZKCkAGigpAB
180=soKQAcKCkAHSgpAB4oKQAfKCkAICgpACEoKQAiSQEyZxMJACNJATOpASRJAU9rAQoAJcgB
181=QWcmSAFsc1FsJ8gBUWwoSAFsc1UCKcgBVQIqSQF9ZAhyMisAaAFFCCxVAn+1Ai1JAajucy
182=sAaAFBBC/VAgJk5LQCRVUxVQJ8ewYCADLIAVk9M0gBYFFNBTTIAU0FNUgBaENVAjbIAVUC
183=N0gBbHNVAjjIAVUCOUgBZGBVAjrIAVUCO0gBxWA8SAHBBD3IAUEEPkgBbFJZBj/IAVUCQE
184=gBeBFNXUHIAVEUQkgB3WJDyAFVAkRIAckMRUgBwQRGyAFBBEdIAcEPSMgBSQxJSAHZf0pI
185=Ac0QS8gBQQRMSAFsEEUTTcgBVQJOSAFoDFUCT8gBVQJQSAFsc1UCUcgBVQJSSAHdClPIAV
186=UCVEgB0SpVyAFVAlZIAc0FV8gBVQJYSAHNBVnIAVUCWsgBVw0FACylYAYjzCSEYGR2J1UA
187=CCiBAAkoKQAKKCkACygpAAwoKQANKCkADigpAA9JAVNvRwoAEMgBAQEKABFJAVG1AhLIAV
188=VPE0gB2REUSQFfoQQVSAGUAnTp0BRkdicpABgogQAZKCkAGigpABsoKQAcSQF+e14KAB1I
189=Ad0KHigpAB8oKQAgKCkAIUgB2XQiSQEuZBNndiwAL6kBJFQC0XclSQFPVAIBBAoAJsgBSZ
190=AnSAGXDQYAKEgBZXYEIk4rLABoAUAERPeYdF14K0AEZHZdeCxIAWR2VSMtSAF4dFkGLsgB
191=WQYvyQEGZXYsnXgHIk4rLABkdlk9MkAEaAFRQDNIAUETAElkNCgpADUoKQA2KCkANygpAD
192=goKQA5SQFNrew6yAFVZTtIAWBRXQo8yAFVAj1IAWwFSQE+yAFBBD/IAVUCQEgB1WVByAFR
193=FEJIAdVlQ8gBVQJESAHJb0VIAcEERsgBQQRHSAF4aUkMSMgBSQxJSAHBfUpIAXQNQQRLyA
194=FBBExIAdkGTcgBVQJOSAEl4S1PSAHZBlDIAUEEUUgBbBtRCVLIAVUCU8gBVQJUyAFVAlXI
195=AVUCVsgBVQJXyAFVAlgoKQBZyAFBBFpJAVh3NQYAW0kBUqsBBAAt8XcFKCkABigpAAcoKQ
196=AIKCkACSgpAAooKQALKCkADCgpAA0oKQAO6wEKAA8oKQAQKCkAEUkBTmcTCgASyAFFVRNI
197=Ac1dFEgBfHhNfhVIAZQCfHjUGHx4JykAGCiBABkoKQAaKCkAGygpABxJAXv/eC0AdqkBHl
198=QCyQwfKCkAICgpACFJAYtvBQkAIkgBZRcAfXgthAFJASRVAoWhBCVJAWN8An54LQAl2Swn
199=VAKMMSJOTS0AaAFNGylVAlCtBSrIAV0gK0gBmREGQDjYHGg1JykALkEETXkGBl6ILQBoAU
200=U/MFQCcAJJQzEoKQAyKCkAMygpADQoKQA1SQEtrXM2yAFNEDfIAVmKOMgBWYo5yAEBBAIA
201=OkgBaFlNaDtIAXx4VYY8yAFVAj1IAcEEPsgBQQQ/yAFBBEBIAc1zQUgB3W1CSAHFa0PIAU
202=0bREgB2WlFyAFVAkZIAdkGR0gBeAZJDEjIAUkMSUgByQxKSAFkCEEES8gBQQRMSAHZBk3I
203=AVUCTkgBJbFIT0gB2QZQyAFBBFFIAWwbUQlSyAFVAlPIAVUCVMgBVQJVyAFVAlbIAVUCV8
204=gBVQJYKCkAWcgBQQRaSQFbWDlNMVtIAd1BXCgrAAMALul6BCgpAAUoKAAiDEPZBgcoVQAI
205=KCkACSgpAAooKQALKCkADCgpAA3rAQoADigpAA8oKQAQKCkAESgpABJIAWB9UdoTyAEBBQ
206=YAFEkBPUwbI887LgA+qQEWVAKcFXR7zxsKABgoVQAZKCkAGigpABsoKQAcSAEndw8uAHVj
207=cgoAHlQC3QofKCkAICgpACFJATFsEHd7LgCGeAZ0eycpACRBBDihBCVJAY2hBCYoKQAnSQ
208=GOtQIoSAHF+ilIAXQGWRwqSAFgfV0gK8gBXSAsSAGEE3R7xB52Ni4AgIh2ey4AIxckBgAw
209=TAVoAV1BMUkBVGMLBgAyyAFVAjNIAXiKAQAGADTIAVUCNUgBdHtVDTbIAQEGBgA3yAEBBw
210=YAOMgBAQgGADnKAQkGVnsuACOjJQYAO1QCaAFdbTxIAXwORYw9KCkAPkkBVnsCBgA/yAFB
211=D0BJAbu1AkHIAUUIQkgB3W1DyAFNXURIAdFsRcgBVQJGSAHVcEdIAWSMQQ9IyAFRCUlIAS
212=KkTFUCSsgBVQJLSAHNfkxIAXwKQQRNyAFBBE5IAdEJT8gBVQJQyAFNBVEoKQBSyAFBBFNI
213=AdkcVMgBWRxVSAHNMVbIAVUCV0gBcDVNMVjIAVUCWUgBaHpNqlrIAU2qW0gB0UBcKCkAXS
214=gpAAJQvMEEAygpAAQoKQAFKCgAaEbNBQcoVQAIKCkACSgpAAooKQALKCkADOsBCgANKCkA
215=DigpAA8oKQAQKCkAESgpABJIASIgK1leE8gBUR8USAFsfkkBFUgBbH5dIBbJAQNtfi9cR0
216=RGbX4vq5sKABlABIMaCgAaKCkAGygpABxJAX9obyJnLi8AcqkBHlUCdKkBH0kBeqkBIEgB
217=0QkhKCkAIkkBk0HgAW5+LwBoAQECCQAkVAIlvS4lSQEyQBMBAAgAJkgBl3sIACdIAXACVf
218=8oSQGFaAwiLF8jZS8AUR8qVAJsn0kBK8gBUB8i6C+MEGx+2Bxufi8AiAxuOS8AjYkFTn4v
219=AJcNBQAxRAjZBjIoKQAzKCkANEkBI28QBgA1SAHNBTZJAUZMG0FRN8gBTRA4yAFBMDlIAc
220=0FOkgBIighTQU7yAFZXjxIAZscAgA9KCkAPkgBcGFFCD9IAcUIQCgpAEFIAXh/AQQGAELI
221=AQEFAgBDSAEiDC5RbETIAUkMRUgBItQ8VQJGyAFVAkdIAXh0ReRIyAFRgklIAWx+VQJKyA
222=FVAktIASUhIExIAWx+QQRNyAFBBE5IAdEJT8gBVQJQyAFNBVEoKQBSyAFBBFNIAdkcVEgB
223=2RxVKCkAVigpAFcoKQBYKCkAWSgpAFooKQBbKCkAXCgpAF0oKQBeKCkAAVhAwA8irDbJAQ
224=MoVQAEKCgAaEbABGTGyQEHKIEACCgpAAkoKQAKKCkAC+sBCgAMKCkADSgpAA4oKQAPKCkA
225=ECgpABEoKQASKCkAE0gBcIJB4BTIAQEFBgAVSAHRFBZIAXCCVQIXSQE/TE5RSxjIAVyDCh
226=kAMABDAAAAAAoAGgARAADuDwAgATAAYgBAAAUKABsAMAD//4kBHCgpAB1KAX8ClQIeSQF5
227=qQEfSAHNBSBJAV1cAwEACgAhSAEFkwEAAAMKACLIAQEECQAjyAEBBQgAJEkBK28FCAAlSQ
228=EuqQEmSQEoqQEnSQEsawEJAChJATCpASlIAWQBSQwqSAHBDytJAU5YAgEECgAsyAEBBQYA
229=LUkBMlQCAQAFAC5IAYsMBQAvSAFwAlUCMEkBhXcYBQAxSAGTCQYAMkkBJ3cCBgAzSAHVAj
230=RJASS1AjVJARupATZJAUZ7HAYAN8gBAQQGADjIAQEFBgA5SAHFCDpJAWNnDwYAO0kBVakB
231=PEkBU6kBPcgBAQEGAD5JAVy1Aj9IAcUIQCgpAEFJAbqhBELIAQEBAgBDSQFRWBEBAgIARM
232=gBAQMCAEVJAU+1AkbIAVUCR0kBUFQCAQACAEjIAUUISUkBUrUCSsgBVQJLSQFVtQJMSAFw
233=CVkGTcgBQQROSQFWoQRPSQFXqQFQSAHNBVHIAU0FUkgBZBdFCFNJAV5vAQYAVEgB2RxVKC
234=kAVkkBL0gtSSJXSAHBBFgoKQBZKCkAWigpAFsoKQBcKCkAXSgpAF4oKQBfKCkAAlhAyQwD
235=KCkABCgoAHxEwQQGKFUABygpAAgoKQAJKCkACusBCgALKCkADCgpAA0oKQAOKCkADygpAB
236=AoKQARKCkAEigpABNIAZNLCgAUSQFUcyoKABXIAQEBCgAWSQFQtQIXyAFRKhhJAT9UAkVV
237=GUkBQ0gBVQIaSAGYMmWBMSgmEDEA1XsdQARsBVVwHkkBQlgGSQEfyAFVDSBJAUd1AgZGgT
238=EAZoEGBkSBqgEHBkSBqgEIB0aBMQCFgQdFgTFMbl8GBwAmRAgnJRAxVHZUAmeBMQCUc0sJ
239=AClABGgBAQEJACpIAZkyCkMJMQBNSAVZESxUAmgBQRotSQGLWEhNfi5IAXwDSQEvSAGFjA
240=VIQGCAXAJlPDFcAEgAZIHQH2SBJykANFgGlw0GADVJASJ/CgYANkgBZIFZHDfIAVkcOMkB
241=CGSBJwUBOlQCxQg7KCkAPCgpAD0oKQA+KCkAPygpAEBJASGhD0FJAR+pAUJIAXCCSZBDyQ
242=EFZoExANF3RVQCzX5GyAFBckfJAQJmgTEAYAQBAwIASVQCZIFVAkrIAVUCS0gBwX1MSQFP
243=TDFBBE3IAUEETkkBTlQCVXtPyAFJDFBIAc0FUcgBTQVSSAFBLQBNBVNIAWhOUTVUSAHVI1
244=VJAS9MG1EqVsgBUSpXSQElVAIBAAYAWEkBHakBWUgB1bJaSAHFCFsoKQBcKCkAXSgpAF4o
245=KQBfKCkAYCgpAANAwtEJBCgpAAUoKAB8RMEEByhVAAgoKQAJ6QEKVVIy+WkLKFUADCgpAA
246=0oKQAOKCkADygpABAoKQARKCkAEigpABMoKQAUKCkAFSgpABYoKQAXSAFwgl3mGMgBhIHT
247=FAYAGlQCmDJlgTJQyls1CgAcVQJERAFRNR1JAUOpAR5JAUJIAQECBgAfyAEBAwYAIEgB1S
248=MhKCkAIkgBcYIKZYEynoMLBkWBMrl/BkWBMlj+VAllgTK7fwgAJ1gGiYUIUQMyhoEDCESB
249=qQEEZIGpAQVlgTJA20cIBgAsWAbNEC1IAZx7Ik8gMgAtXAOHgTIAhHhIZIEjySAAUUsxTA
250=V8A0kBMkgBxQgzKCkANCgpADVJASZkCGeBMgBGRWAJIkwgqAFZHDhABHQCWRw5SAHdVzpI
251=AdFWO0gB1Q08SAHVDT0oKQA+KCkAPygpAEBJASahD0FIAdkGQkkBKUwQSRdDyAFVcETJAQ
252=IiTSAygH1JAUZUAs1+R0kBWHgGZ4EyAFmpAUlVAlqpAUpIAdV7S8gBXQpMSAFkCF14TcgB
253=VQJOSAFsBUkMT8gBAQMCAFBIAc0FUcgBTQVSSQEqqQxTyAFRS1RIAcEaVUgBZIEBDAYAVs
254=gBAQ0GAFfJAQ5kgVREXCABDwYAWVQCJakmWkkBGVQCXSBbSAHdpFxIAd0KXSgpAF4oKQBf
255=KCkAYCgpAGEoKQAEXFTFCAUoKAB4xNUCByhVAAjrAQoACSgpAAooKQALKCkADCgpAA0oKQ
256=AOKCkADygpABAoKQARKCkAEigpABMoKQAUKCkAFSgpABYoKQAXSAEiBC1FlBjIAUEwGUgB
257=wRoaSQE9fFNlgTOEgUF9HFQCwQQdKCkAHigpAB8oKQAgKCkAISgpACIoKQAjSAFkDFE1JE
258=kBg702JUkBL3gCZ4EzAIx1AgdFgTNM/VkCB0WBM4aBBgdEgagBUcQqWAYieCBF7ytIAdEU
259=LCgpAC0oKQAuSAHRgi9IASOoMWWBM1wLSAAiqCcnKABklNEJM0wFyQE0KCkANSgpADZJAU
260=B0WmaBMwBoAVEqONQCWSc5SQEyYxoGADpIAd14O0gB3Qo8SQE0oQQ9SQFDsQk+yAFRCT/I
261=AVEJQMgBAQMGAEFJATitBUJIAWSBVQJDygEEBlo3MwB1AgVmgTMAeHRRd0ZABGgBQXJHSQ
262=FSZAhmgTMAaAFVAklUAiVtL0pIAWwFVXtLyAFVe0xIAXR7VQJNyAFVAk5IASJYMkkMT8gB
263=UQlQSAHNBVHIAU0FUkgBZIFBGlPIAUkXVEgBwRpVKCkAVkkBMrUjV0gBfYMUZoEzAGkBFW
264=SBqAEBFgYAWkAEJakmW0gB0SpcSAHdCl0oKQBeKCkAXygpAGAoKQBhKCkAYigrAAUANLH7
265=BkRYJykAB/cCCgAIKCkACSgpAAooKQALKCkADCgpAA0oKQAOKCkADygpABAoKQARKCkAEi
266=gpABMoKQAUKCkAFSgpABYoKQAXKCkAGEgBcIIBBAoAGckBBSJOIDQAZIFVTxtUAsVVHCgp
267=AB0oKQAeKCkAHygpACAoKQAhKCkAIigpACNIAUBvcfAkSQGFrTwlSAGUAmWBNIUBAGSBeP
268=BVAQZGgTQAbH5F7ylMBWgBRe8qSAHRFCsoKQAsKCkALSgpAC4oKQAvKCkAMCgpADEoKQAy
269=KCkAMygpADQoKQA1SQFfqRc2SAF4f0lZN8gBVXA4yQEFInQwVBhMBVEqOlQCIw8iBQA7SA
270=GHjwUAPEgBcFZBBD1IAWSBRQg+yAFFCD/IAQEGBgBAyAFZoEFIAWBcWQZCSAFsfkEEQ8gB
271=QQREyQEIZYE0hIFRd0ZUAnR7QXJHSQFSRIFVAkjIAVUCSUgBJaUgSkgB1XtLyAFVe0zIAU
272=1+TcgBVQJOyAFRCU/IAVEJUMgBTQVRyAFNBVJIAWSBWRxTyAFZHFRIAcEaVSgpAFZJATK5
273=J1dIAXl/GmWBNIWBG2SBqQEcZoE0AMWtW0wF0SpcSAHdCl0oKQBeKCkAXygpAGAoKQBhKC
274=kAYigpAGMoKAAikDiVTwpNVTW8g2SBJyoACQAnKQAKKCkACygpAAwoKQANKCkADigpAA8o
275=KQAQKCkAESgpABIoKQATKCkAFCgpABUoKQAWKCkAFygpABhJAUtNbABmgTUAaAFFShpVAl
276=1ULlmdG0kBW6kBHEgBhx4GAB0oKQAeKCkAHygpACAoKQAhKCkAIigpACNIAXwOSQwkSAEj
277=ICAidzA1AI61DSZUAotkBgAnSAGY+GWBNSRvLwYAKVQCxQgqSAHFEysoKQAsKCkALSgpAC
278=4oKQAvKCkAMCgpADEoKQAyKCkAMygpADRIAdUjNUkBVr0VNkgBZIFVcDfIAVVwOMkBCGaB
279=NQBoWUHgOlUCinkGBUWBNSaFMjxUAnBWQQQ9SAFkgVkGPsgBTZ8/yQEKZoE1AGEECyJOID
280=UAYFxZBkJABGSBTQVDyAFNBUTIAQELAgBFSQFUTH5BckbIAUFyR0gB1f9ISAFs90EEScgB
281=QQRKSAFkgVV7S8gBVXtMyAFVAk3IAVUCTkkBUqkMT8gBRQhQSQGFdzUCAFHIAVUCUkgBZI
282=FNJlPIAU0mVEgBwRpVKCkAVkkBMkwmWRxXSQEjSAFNR1hIAXGCIWWBNZGCImSBqAEBIwYA
283=W0EENEwFWQZcSAHdCl0oKQBeKCkAXygpAGAoKQBhKCkAYigpAGMoKQBkKCsABwA2KCQQJy
284=kACShVAAooKQALKCkADCgpAA0oKQAOKCkADygpABAoKQARKCkAEigpABMoKQAUKCkAFSgp
285=ABYoKQAXKCkAGEkBS0U0AmWBNoSBUdoaVQJeWCdJLRtIAdFsHEgBSAV5+B1IAdUCHigpAB
286=8oKQAgSAHR5SFIAc0FIkgB1QIjSAHVAiRIAd0KJUgBwQQmSAHdgydIASOgMGaBNgAj5F9l
287=gTaUBlEUKkAE0QkrKCkALCgpAC0oKQAuSQF+rRsvSAHZBjAoKQAxSQGCoQQySAHBBDMoKQ
288=A0SQFgoQQ1SQGfqQE2SQE5ZGAidjA2AGgBTao41QICZoE2ACUhIDpUApUYBUWBNiQ4RCJN
289=IDa7oAUAPUAEm6AFAD5IAc0QP0kBYbUNQEkBWakBQUgB1ZFCSAFkgQEMBgBDyAEBDQIARM
290=kBDmeBNgBUUBRRd0ZUAmgBUXdHSAElFVBISAFkgUEEScgBQQRKSAEi/CBdg0vIAV14TMgB
291=VQJNyAFVAk5JAVKpDE/IAUUIUEgBZIFdClHIAVUCUkgBZIEBCAIAU8gBUZhUSAHFHlVIAS
292=VtRVZIASVtUFdJARyxH1hIASUZQFlIAXGCKGSB1HBmgTYAxQhcQATNBV1IAZNHBgBeKCkA
293=XygpAGBIAc0QYSgpAGIoKQBjKCkAZCgpAGUoKwAIADfxggkoKQAKKCkACygpAAwoKQANKC
294=kADigpAA8oKQAQKCkAESgpABIoKQATKCkAFCgpABUoKQAWKCkAFygpABhJAU5sImaBNwBo
295=AV1XGlQCzV0bSAEnTCDMGyJNIDdwBnGCHkAEzSYfKCkAIEgBxQghSQFVvTYiSAHBZyNJAV
296=e1AiRIAcUIJUgB2QYmSAHZBidIAc0FKEgBzQUpKCkAKigpACsoKQAsKCkALUkBfLUNLkkB
297=cqkBL0kBdqkBMEgB3QoxSQFWdRsKQnc3AGkBASKiRzcAIpVVACKkN6gBQSU1TAXdFTZJAT
298=lEYEGTN8gBQQQ4yAGEgSJMYUMLBQA6VQKHYA9lgTckkCNkgdAqZ4E3AIWhBD5MBcUTPygp
299=AEAoKQBBSQFibwUGAEJJAblEDE0QQ8gBTXNESAHJ/kVIAXh0UXdGyAFBBEdIAWj+VQJIyA
300=FVAklIAd2DSkgBZIFdeEvIAV14TMgBVQJNyAFVAk5JAU9/IAIAT8gBUQlQSQGGZBMiTiA3
301=AGgBVQJSVAJwAkEPU0kBYWwBIhRxJ50JVVQC0R9WKCkAVygpAFhJAS9RHy0iTSA3I00gLm
302=SBxClkgScpAFxMBWQMVSNdKCkAXigpAF8oKQBgKCkAYUgBzRBiKCkAYygpAGQoKQBlKCkA
303=ZigrAAkAOPGCCigpAAsoKQAMKCkADSgpAA4oKQAPKCkAECgpABEoKAAHEgA4AP//AAAACh
304=EAALcQACAKABMAOAD//wAAAAoAFCgpABUoKQAWKCkAFygpABgoKQAZSQFOQAgBBAoAGsgB
305=AQUGABtKAf//WwIGABxKAYgCiQEdSQEtRAEBAAYAHkgBZAFJAR8oKQAgKCkAIUkBXLkGIk
306=kBS6kBI8gBAQEGACRJAVe1AiVIAdUNJkkBYLUCJ0kBWKkBKEgBzQUpSAHNBSooKQArKCkA
307=LEkBfLkGLUkBd6kBLkkBcqkBL0kBdakBMEgB0QkxSQFWRBoBAgoAMkkBgGMECgAzSQF2qQ
308=E0SQFQQARBJTXIAUElNkoBOQFbAgYAN8gBTRs4yAEBAgYAOUgBWAMCAAAGADooKQA7SQEx
309=ewIFADxIAZMqBQA9SQGEdw0FAD5IAcUTPygpAEAoKQBBKCkAQigpAENJAblcCgEEBgBEyA
310=EBBQIARUkBUlAUAQICAEbIAQEDAgBHSQFRtQJIyAFVAklJAVVUAgEAAgBKSAF4BkkBS8gB
311=AQECAExJAVahBE1IAc0FTkkBT1QCSQxPyAFRCVBJAYZYEVUCUcgBVQJSSAFRAgBdClNJAT
312=1vAQYAVEkBQ6kBVUkBYqkBVkgB3SBXKCkAWEkBL0AlATMGAFnIAQE0BgBaSAF0BkktWygp
313=AFxJATJ7AgUAXUkBjlgGAQAFAF4oKQBfKCkAYEkBM60FYUgBZAFRCWJIAc0QYygpAGQoKQ
314=BlKCkAZkkBtn8GBgBnyAFNJgpYQIcICgALKCkADCgpAA0oKQAOKCkADygpABAoKQARKCkA
315=EigpABMoKQAUKCkAFSgpABYoKQAXKCkAGCgpABlJAUxoF2WBOV48AABJWRtVAoVsJmeBOQ
316=BfawEHAB1UApxXZoE5AN2DH1QCi1kGACBIAWwJWSchSAEnJhA5AGSBXWIjVAJpAQNngTkA
317=n38KBgAlVQJbqQEmSAGPJgYAJygpAChJAV6hBClIAcEEKigpACsoKQAsSQGBrQUtSAHNBS
318=5JAX+1Ai9IAScmEDkAwQQxVAKMUmeBOQA/eBhmgTkAkwkKADRBBE21AjXIAQEBBgA2SAEn
319=JhA5AGgBVQI41AJEHk4CACx4BmSBJ80EO0AEzSY8SAGQKmeBOQAwbAVkgSdlAj9ABNEUQC
320=gpAEEoKQBCKCkAQ0kBt2QIZoE5AGgBQVFFVQJ/dAJngTkAfqkBR1QCaAFBBEhJAYG1AknI
321=AVUCSkgBZIFdeEvJAQNngTkATkx+XXhNVAJoAU0FTkkBULUCT8gBVQJQSQGIvQpRyAFVAl
322=LIAV0KU0gBdC5VAlRJAUNMBUkBVUkBXkgBWUhWSAHRH1coKQBYSAFlgTlkgSehBFpUAnQG
323=WQZbSAHZf1xJAS54AmWBOWEBAISBJykAX0AEmwIFAGBIAZteBQBhSAGXAgYAYkgBzRBjKC
324=kAZCgpAGUoKQBmSAFkgUU/Z8gBAQMCAGhIAcmmC0DCkwkKAAwoKQANKCkADigpAA8oKQAQ
325=KCkAESgpABIoKQATKCkAFCgpABUoKQAWKCkAFygpABgoKQAZSAFkgU3hGsgBWXQbSAGIIm
326=aBOgCIemeBOgBVe2kHAB5ABJf0BwAfSQGLdAJlgTqUJ00xIVQC0fsiSAHR+yNIAdl/JEkB
327=VrkGJUgBlyMGACYoKQAnSQFhoQQoSAHZBilIAYMPBgAqSAHZBisoKQAsKCkALSgpAC4oKQ
328=AvSQF7vQowSAGL/gYAMUgBj1IGADJIAWSBVTkzyQEDZYE6WOhbGwYANVUCfqUINkgBeH9F
329=HjfIAYWBOpCCRQg5VALFKTpJASN7BgcAO0gBzSY8SQEndwIGAD1IAcEaPigpAD8oKQBAKC
330=kAQSgpAEIoKQBDSAF4f0EPRMgBQVFFSAFkgVFsRkgBeH9VcEfIAUEESEgBZIFVAknIAVUC
331=SkkBe0AeTX5LyAFFCExIAXh/TQVNyAFNBU5IAWSBVQJPyAFVAlBIAWSBSQFRyAEBBAIAUs
332=gBAQUCAFNIAWQMSQxUKCkAVUgBZIFFKVZIAckiVygpAFgoKQBZKCkAWkgBkwkGAFtIAZ8r
333=BQBcSAGUAmSB2FMiTCAnKQBfKIEAYEgBkDVkgcAEZYE6/cVjQATZEWQoKQBlKCkAZkkBtX
334=gNIk4gOgBoAU0maFQCJR0laUgBeCdFHgxYQJMJCgANKCkADigpAA8oKQAQKCkAESgpABIo
335=KQATKCkAFCgpABUoKQAWKCkAFygpABgoKQAZSQFKaBciTiA7AGgBQTAbVAKIImWBOyglED
336=uR+wNmgTsAnHhlgTtcaEgIZoE7AMndIUQITAIiVSwiKCkAI0gBmIoiTyA7AFqlYCVUAs0F
337=JkgBlCMiTSA74TAoVALZBilIAdGCKkgBJSkhK0gB2QYsKCkALSgpAC4oKQAvSQF/oQ8wSQ
338=FyqQExSQF0qQEySAHdgzNJAT9IEwEFBgA0SQEnoQQ1SQF9qQE2SAEnJBBE/VjiWSc41AJB
339=cjlJAYWtBTpJASJoAWSBJ80EPFQCJXUlPSgpAD5IAcUpP0gBSBBlKUBIAdkcQSgpAEIoKQ
340=BDSQFjcAUiTyA7AFWpAUVVAlGpAUbIAVlTR0gBn5kCAEhIAWSBWXRJyAFZdEpJAXtYBlV7
341=S8gBSXpMSQFRWBxJWU3IAVEJTkkBTrUCT8gBVQJQSQFXtQJRSQGLUAlZBlLIAUEEU0kBk7
342=UCVMgBVQJVSQE8dwIGAFZIAcUeVygpAFgoKQBZKCkAWkgBdAZVsltIASWhJVxIAYQpZYE7
343=WLxLBAQAXlQCI6MwBABfSAEjSzAEAGBJAYRkNGSBJ/UJYlQCzRBjKCkAZCgpAGUoKQBmSA
344=F4f0U/Z8gBTSZoSQFVvSBpSAFgJVEqasgBQwQNADyvXQoADigpAA8oKQAQKCkAESgpABIo
345=KQATKCkAFCgpABUoKQAWKCkAFygpABgoKQAZSAF4fyNNIDyEgSNOIDwA3VccQASUcCJPID
346=wATEElAWWBPCRsL2aBPACX9AcAIEwFi7EGACFIAUwufVciKCkAI0kBYkQIUTUkSAHBBCUo
347=KQAmKCkAJ0gBwTAoSAGPEAYAKUgBwYgqSAHBBCsoKQAsKCkALSgpAC4oKQAvSAHBDzBIAS
348=V5IDFIAdGCMkgBJXlBM0gB3YM0KCkANUgBJX0xNkgBJyUQPCMgIISBqAFdQTlABMUpOkkB
349=IHAfZ4E8AB2pATxUAskBPUkBG7UCPkgBi1kGAD9IAYtZBgBASAHFHkEoKQBCKCkAQygpAE
350=QoKQBFSQFPax4GAEbIAV1tR0kBf3QNZoE8AJscAgBJVAKZoAJPQTwAd3sGAgBLVAJoAVkG
351=TEgBZIFJWU3IAUlZTkgBwVxPyAFVAlBJAVilYFFIAWSBWQZSyAFBBFNIAWSBVQJUyAFVAl
352=VIAWSBVQJWyAFNUldJAT57EQYAWEgB3SBZKCkAWkkBk1QNAQEFAFvJAQIiTiA8ACd3MDwA
353=iWQeZIFgDFQJZ4E8AIO1AmBYBickEMxzIkwgJykAY0AEwQ9kKCkAZSgpAGZJAbNYCkGeZ0
354=gBaCJJAWjIAVknaUgBeCdVAmrIAVUCa0kBT0gXVwIOAD3xgg8oKQAQKCkAESgpABIoKQAT
355=KCkAFCgpABUoKQAWKCkAFygpABhJAV1/FQoAGUkBSGsBBgAaSAElSTsbSAEjxDoiTSA9KE
356=0gPYSBI04gPQAjxC9mgT0AjHNmgT0AJyUQPXQKpIEnKQAjXAqYAiJMICdVACUoVQAmKCkA
357=JygpAChIASecQMAlInQwJykAK0AExTQsKCkALSgpAC4oKQAvSQGAZz8GADBIAdl/MUkBeb
358=UCMkgB0QkzSAHJhTRIAc0FNUgBzQU2SQFEaDgixlA9AGgBhIGoAYWBPe2qOkwFJ0wg0R8H
359=SEAnKQA9QATJhT5JAR95EQdEgSdRBUBVAiN3AgYAQUgB0RRCKCkAQygpAEQoKQBFKCkARk
360=gBcIIBBAYAR8gBVf9ISAGYHGaBPQCUnGeBPQB5dDVkgagBUVZMTAV0All0TUkBVnMfAgBO
361=SQFSqQFPyAFNBVBIAcFcUcgBVQJSSAHdg1NJAYipDFTIAUEEVcgBSQxWSAFsdlEUV0gBZI
362=FVAljJAQMin0A9AJNAD0kBWlQCaQEEZIG0AgEFBABcVQIrawwEAF1IAZCCZIHULmWBPSgn
363=ED0AhHwrIkwgJ3EJYlgGyS1jKCkAZCgpAGVJAbhrDAYAZsgBVRhnSAFkgV0VaMgBVZxpSA
364=FkgVUCasgBVQJrSAFgJVUCbMgBVwIPAD7xghAoKQARKCkAEigpABMoKQAUKCkAFSgpABYo
365=KQAXKCkAGEkBTWgXZoE+AGgBXVcaVALZ1xtIASOPPgcAHEgBIzguIk0gPu1+HlUCMmcIBg
366=AfSAEjoCUidTA+vK8iTiA+ACOjUQYAIkAEaAUBAAYAIygpACRIAd0rJUkBNGAwIp9APgA4
367=QDtNBSdUAskBKCgpACkoKQAqKCkAK0kBQ7kGLMgBQRotyAFBci7IAUFGL0kBMrUNMEkBfa
368=kBMUgBgxoFADJIASO7KAUAM0gBnOYidjA+ANl/NVQC3RU2SQE+oQ83yAFBDzjIAUEPOUgB
369=0So6SQEkdw0HADtJARmpATwoKQA9SQEetQI+SAGYESJMICdRBUBUAoiFZoE+AIuFBgBCVA
370=LFKUMoKQBEKCkARSgpAEZIASJYSF0rR8gBUVZISAEnJBDYHGSBSAFAN01SS0AEeH8BBAIA
371=TMgBTXNNSQFXcR8CR4E+AFJIAUlZT1QCaAFZBlBIAcFcUcgBVQJSSQFZTAVB4FNIAWSBVQ
372=JUyAFJDFXIAUkMVkkBfGsiAgBXSAEltSJYSAFwgkEEWUgBeH8BBgIAWsgBAQcCAFvKAQgD
373=RoE+AIWBA0WBPkQ6ZhoAXkAEQgEAAGWBPignED4AL3gCZ4E+AJRzFAUAYkwFaAEBAQUAY0
374=gByS1kSAGX6QYAZUkBwXkGAkaBPgAlHTBnVQJQZAgixlA+AGgBSS1pVAJoIlEfasgBVQJr
375=SAFgBFUCbMgBVQJtSAFsiVUCEEDCgw8KABEoKQASKCkAEygpABQoKQAVKCkAFigpABcoKQ
376=AYSAFlwwBmgT8AaQEBIk0gP7wgIhVxP6wmIk8gPwBebDFlgT9YZEgeIu1gP+1+H1EJXWAE
377=ZYE/JEhRZYE/JCBBZYE/TAZIAGaBPwDNBSRYBiNQMSLuYD8AZGtNECZUAnh/SQEnKCkAKC
378=gpACkoKQAqKCkAK0gBZIEBBAYALMgBAQUGAC3KAQYGThU/AGIEBwZIHFQYXBVJDDBBBIFI
379=AV1iMUkBimgBZIHcIGaBPwCXnAUANEAE3YM1SAHdFTZJAT5YPUWMN8gBTRA4yAFMECIYYp
380=BLIuxgJ1EFO0AEiHoiTyA/ABphDwdQwUQTXCRZET5ABJjXZ4E/ACFgBCJ0MMwFZYE/vMVk
381=gScpAENYBoBGIpxAJ1UARShVAEZIAWSBTZRHyAFVcEhIAYSiIkwg2AZngT8AfmAPIk8gPw
382=B2ZBNkgagBRVVNWAbZXk5IAdFWT8gBQQRQSQFWVCNJWVFIAdWGUkgB1QJTSAEleSBUSQGH
383=qQxVyAFFCFZJAX+tEFdIASPTNgIAWEkBeLUCWUgB3YNaSAFxggplgT8jpiALAkSB1S4CRY
384=E/qf4DRYE/bA2kgdg9Ip1AP7eGBABhUAl6fwMERYE/kYIEZIGoAUE7ZEAEIzEtAkeBPwDB
385=WAldFWZUAs0bZ0gBdHtRo2jIAQcDAgBpAD8ATwEAEQAA6BAAIAACAAICAGoAPwBPAQAAAw
386=IAawA/AFBIAVUCbMgBVQJtSQFOtQJuyAFUAgkRAEAA//8AAAAKABIoKQATKCkAFCgpABUo
387=KQAWKCkAFygpABgoKQAZSQFPWAoBBAoAGsgBAQUGABtKAYUCWwIGABxJAWJrAQcAHUkBi2
388=sBBgAeSQGiXAMBAAYAH0kBXLUCIEkBn6kBISgpACJJAVW1AiNJAVipASRJAVqpASVJATRI
389=AQECBgAmSQE4cx8GACcoKQAoKCkAKSgpACooKQArSQFDWAYBCAYALMgBAQkGAC3IAQEKBg
390=AuyAEBCwYAL0kBMrUNMEgBcBhVGDFJATFvAQUAMkkBLakBM0gBZAEBAAUANEgBiyIFADVI
391=Ad0VNkkBPkAPAQYGADfIAQEHBgA4yAFZETlJAVdUDUkMOkgBhwgGADtJASR3AgcAPEkBHq
392=kBPUkBi2sBBgA+SQElqQE/SQEXqQFASQEaqQFBSAGfQQYAQkkBWHcUCgBDSQFRqQFEyAEB
393=AQYARUgBzQVGSQFOYwQGAEfIAQEBAgBISQF/fwoCAElJAXSpAUpJAXmpAUtJAXZYBkVVTM
394=gBTVJNSQFWUB8BAAIATkgB0VZPyAFBBFBJAVihBFFIAWAETQVSyAFBD1NJAVehBFRJAYtI
395=DEEEVcgBQQRWSQFwtQJXyAFVAlhIAXACTQVZSAHJF1pJAXq9FVtJASxnBAIAXEkBMKkBXU
396=kBL2sBAwBeSQGObwUDAF9JAYypAWBJASuhBGFJAZREEwEGAwBiyAEBBwIAY8gBAQgCAGRJ
397=AXdvBQIAZcgBRRNmSQFRWAZFE2fIAVUCaEkBVbUCaUgB3SBqyAFBBGvIAVkGbMgBVQJtSQ
398=FNuQZuyAFXAhIAQeWBEygpABQoKQAVKCkAFigpABcoKQAYKCkAGUkBTXQYen9BAGgBQUYb
399=VQKDaCJ5f0FAYkUEBll/QVxoiQEeQQSlRAFVWh9IASf7D0EAWLkGIVQCyQEiSAHBfSNIAZ
400=syBgAkSQGIrQUlKCkAJkgBiG97f0EAXqEEKFQCcA1VDSlIAdUCKkgB1VorSAHBBCxIAdUC
401=LSgpAC4oKQAvKCkAMCgpADFIAcUIMkgBxYEzSAGQFHl/QVh6SAR7f0EAM0QBUYI2QQREZD
402=R6f0EAaAFZJzjUAl2ZOUgB3RU6SAGUT3p/QQCVTwZYfycpAD1BBDl8Cnl/QVSXTQEGR8BB
403=ACC9IEBABImFBkAB0EB7f0EAPUgFRcNDXQJIawEGAERJASO5BkVIAckiRigpAEdIAWaBBA
404=ZZf0FDeAAABXt/QQB9ewYCAEpBBHlzCQIAS0kBdKkBTMgBQVFNSAHNXU7IAVUCT0kBV2si
405=AgBQSAHdg1FIAXheQYhSyAFdg1NIAcEEVEgBeH9BBFXIAUEEVkgBeH9VAlfIAVUCWEkBb7
406=kRWUkBkqkBWsgBTRBbSAGErXl/QXgDAgAAAwBdVAKMAXh/J1UAXyhVAGBJATJnBAIAYUgB
407=en8JAlp/QQBpAQp7f0EAeKEEZEAEaQEBeH+0AlEUZlQCaCJJAWfIAV0VaEgB2RxpSAHdIG
408=rIAUEEa8gBWQZsyAFVAm1IAXh/VQITULyLOAoAFCgpABUoKQAWKCkAFygpABgoKQAZSAF4
409=PVVEGsgBRVUbSAHNUhxJAS5sG2F9QqSMf/xCAGF8QX/8QgBWqQEgTAVoBUFyISgpACJIAd
410=V7I0gBkK5jfUIAXXsGBwAlVAKN4Qde/EIAyd0nVALBiChIASWlIClIASUpISpIAZsGBgAr
411=SAGcIH38QogQTRAtKFUALigpAC8oKQAwKCkAMSgpADJIAc0bM0gByQw0SAHZfzVIAZcYBQ
412=A2SAF1ewNhfUKAfUFnONQCAQUGADlIAdUYOkgB1Rg7SAHdCjxIAYMWBgA9SAHVLj5IAdUu
413=P0kBJmElBky9JwEGQVQCxR5CSQE9SAhdNkNIASV5IERJARy5BkVJARupAUZIAdkGR0kBlk
414=ByWQZIyQECY31CAIFsBWJ9QgBgfUlOS0AEYH1BBEzIAVUCTUgB1VpOyAFVAk9JAU9cCk3W
415=UMgBUWFRSQFQtQJSyAFVAlNJAVm1AlRIAcEEVcgBQQRWSQFwTBsBBAIAV8gBVZFYSQFvVA
416=JBBFlIAWB9RRNayAFNEFtIAYQpYX1CraoCQH0nKQBeQASNtQJd/EJICUsAAwBgVAKMPGF9
417=QqStYH3ABGF9QoB9SQxkTAVgfUUTZcgBRRNmSAHF+mdJAVKtG2jIAV0VaUkBT7UCasgBVQ
418=JrSAFoek0mbMgBVwIUAEO/bQoAFSgpABYoKQAXKCkAGCgpABkoKQAaSAF0ewEECgAbyAFN
419=UhxJAXxsPGt6QwB2qQEeVALJQx9IASNvLwYAIEgBTSMAWWkhKCkAIkkBhbkGI0gBlWUHTf
420=dDvPxpekOwgml6QyhKD0MA0WEoWAbdeCkoKQAqSAElTSArSAHZESwoKQAtSAHZES5IAcEE
421=LygpADAoKQAxKCkAMigpADNJAWCpFzRIAcFyNUgBwXI2SAFoeiPpLkOIeiPoLqkBCGh6Jx
422=UDOkwF1Rg7KCkAPEgB3Qo9SQFbtQ0+SAHdFT8oKQBAKCkAQUgBzRtCSAGFzgVBAUO9VwVN
423=90MmgSFFXALRgkZIAXx4AQQFAEfKAQUFTvdDAHUCBmh6qQEHa3pDAIJ4EWz3XAp7DQIATF
424=kGjkgBSU5NSQF6SAFBUU7IAVUCT0gBcVYCbvdDAGgBRWBRVQJQSFlVAlLIAVUCU0gB3fxU
425=SAHBBFXIAUEEVkkBcEgMQWdXyAFBZ1hJAW9UAlUNWUkBh0gBTRBayAFVAltIAXACVQJcKC
426=kAXUgBwRpeSAHNfl9IAdV7YEgBmQYDTPfAUWl6Q5ACUQljQQR2cAEi6C5QYUgBVQ1lVQJU
427=TBtBBGbIAVUCZ0gBaHpFHmjIAQEDAgBpSQFPTAVVAmrIAVUCa0gBaHpVAhVEN4c/CgAWKC
428=kAFygpABgoKQAZSQFGTBCe8UQAaQEBIt89RACAfDYi4y1EAHKpAR1MBckBHkgBI3g2fvFE
429=ACO4M3F3RGgJAgAABgAhQASPAQYAIkgBgyUGACNIASXBKSRIAY0mBl7xRACYf3F3RCjyDk
430=QAwWcoTAXZXilIAdX/KkgBmBx98USkl3zxJw0CLUAEzRAuKCkAL0gB2QYwKCkAMSgpADJJ
431=AYClHjNIAdmVNEgBzYk1SAHNEDZIAXF3CX3xRJF3CiLcPakBC3F3ROmQOkwF1Rg7KCkAPE
432=gB0Qk9SAHFEz4oKQA/KCkAQCgpAEFJATJxGwVdt0QkPDRwd9AfcndEAJcuBQBFTAWJLQVd
433=O0SZdAhwd6oBCQRQd6gBAQoDAElMBX14C3B30Alyd0QAZHZRS0xABGgBSU5NSAFwd1UCTs
434=gBVQJPSQFQWFNJWVDIAUlZUUgBaFlVAlLIAVUCU0gBZPpVAlTIAVUCVUkBU6UIVsgBVQJX
435=SAHFCFjIAVUCWUkBin8gAgBayAFVAltJAWy1AlzIAVUCXUkBk7UCXsgBVQJfSAGBJQJc8V
436=gcZD988dAqc3dEAH61AmNMBXB3RR5kyAFFHmVIAXB3VQJmyAFVAmdIASKILU0baMgBVQ1p
437=SAF4dFUCasgBVQIWTTRBRBMBAQoAF0kBQkgBQXIYyAFVAhlIAWxzAQIGABpIAZgReXRFZA
438=V9bRxVAntwFG3sReV2HlUCebUCH0gB0UsgSAGcBnh0JwUBIihVACMoKQAkSAGUI3l0RbjB
439=InpMRQAj4CIifTxFJOMiBgAoTAXFdilIASXdPSpIAdXTK0gB1dMsSAHNEC0oKQAuKCkALy
440=gpADBIAckXMSgpADIoKQAzSQF9uRw0SAHNEDVIAcVrNkkBRWRKenRFAGgBVZw41AJRKjlI
441=AdV7OkgBJ5kORSSAISJ+PEUAJaUgPUAE2RE+KCkAPygpAEAoKQBBSQGLZBN4dMgteHQnKQ
442=BEQAScIHl0ReV2RlQCIzgue3RFACpkBHh0yAF4dMAwe3RFAIhoDHh0zDFs7MsMAgBNUQl3
443=ZAgiekxFAGgBAQECAE9UAnl0Am3sRSP8V1FWUVQCcGxVAlLIAVUCU0gBeHRVAlTIAVUCVU
444=gBeHRVAlbIAVUCV0gBxQhYyAFVAllIAXh0TQVayAFVAltIAXh0VQJcyAFVAl1IAXh0VQJe
445=yAFVAl9IAZSye3RFAHilHmFUAskBYkgBjF0i2Cy4HFFsZFQCxR5lSQFXc0ACAGZJAVipAW
446=dIAXh0VQ1oyAFVDWlIAXh0VQIXUaZCWCdVRBjIAQEDBgAZSAGYEWFyRv1tG1QC2eIcSQFy
447=cBRickYAhBMiHTtG4dUfQATZSCBIAUQMfXghKCkAIigpACMoKQAkKCkAJUgBzXMmSAEj8F
448=BjckYAOXQJYXJGq0MGAClABCVFSypIAZjtfOYnOQIsVAJ1BgAivFpojVABIrxaJykAL0AE
449=3RUwSAFYA30VMUgB1QIyKCkAM0gB1ZE0SAHJ6DVIAcEPNkgBdHBFKTfIASMcO0BfWTIFfe
450=ZGKN4cRgDdeDtNBYKxKjxIAcEPPSgpAD4oKQA/KCkAQCgpAEFIAYSXYXJGpJdgctgcf+ZG
451=ADJxGwRKQEYAkSoEUgZGACNHVgQAR1ABjHNjckYAiXgRYHLHCAMASkAEYAgBAAMAS0gBmH
452=9gcsgtY3JGAHVkBGByqAGDckYAWlAfUVZQWAYlmTpRSAFob1UCUsgBTQVTSAEiCChVAlTI
453=AVUCVUgBaHpVAlbIAVUCV0gBzQVYyAFVAllIAc0FWsgBVQJbSAFwYUUIXMgBVQJdSAEiTE
454=xVAl7IAVUCX0kBbrUYYMgBVQJhSQFttQJiyAFVAmNJAXO1AmTIAVUCZUgBxRNmyAFVAmdJ
455=AU29IGjIAVUCGFwu2T0ZKCkAGkgB3UwbSQF3bDEiyypHAHmpAR1UAnwOVVoeKCkAH0kBVn
456=sCCgAgyAFN7CFJAVW1AiJIASX9YiPIAV3FJEgBfANRCSUoKQAmKCkAJ0kBhaEPKEkBY2kB
457=B0lvRyZNKypUAsUIK0gBwRosKCkALUgBwQQuKCkAL0gBzQUwSAHBBDFIAdUCMigpADNIAS
458=MjYgYANEkBcm8QBgA1SAHVcDZIAWhvI705R4zhI7w5qQEIaW9HKOkNR+HgO1kGWbEJPEgB
459=2fg9SAHNED4oKQA/KCkAQCgpAEEoKQBCSAGcYmlvR50ZAGhvwCVob9QCaW9HoXIDUQZHo3
460=IDAEhQAZRwaG/ABG/hRwCNcBRt4UckVCxpb0ewrmlvR4lvAmhvqAFVvU9QCWzWQVxQyAFJ
461=TlFIAWhvTQVSyAFNBVNIAXBWVQJUyAFVAlVIAXhpVQJWyAFVAldIAc0FWMgBVQJZSAHNBV
462=rIAVUCW0kBTlheRQhcyAFVAl1IAWhvVQJeyAFVAl9JAW5UJlUCYMgBVQJhSQFttQJiyAFV
463=AmNIAWhvTQVkyAFVAmVIAcUTZsgBVQJnSQFNrRAZRSyAZCl/20gAdakBG1QC2T0cKCkAHU
464=gBJUUqHkgBSBBlwx9IAXFsAnFsSKMwCgAhVAKHCAoAIkgBIsh3AQAKACPIAZBsI+RgZQgl
465=VALRCSYoKQAnSAHV3ihIASU5OSlIAZ9BBgAqSAHZBitIAZQNIlw4zBB82yeJAS5ABCVpSi
466=9IAc33MEgB1WUxSAHFCDIoKQAzKCkANEgByZA1SAHBJTZIAXFsCSLBKUiQbCNcOKkBC3Js
467=SADN4TpMBckMOygpADwoKQA9KCkAPigpAD8oKQBAKCkAQSgpAEJIAcndQ0gBCC0AAAAABQ
468=BEAEgAEQAAkxAAIAkxAAAAAAQARQBIAC1EAQEABABGSgGJAk8BAwBHSAFDAQAAA0EBSIQB
469=SQFJUAGbBgIASkgBmwYCAEtIAYcEAgBMSgH//1MBAgBNSQF0RAEBAAIATsgBAQECAE9IAQ
470=VSAQAAAgIAUMgBAQMCAFFJAVlUAk0FUkkBWKkBU0kBTqkBVMgBRQhVSQFPtQJWyAFVAldJ
471=AVG1AljIAVUCWUgBdA1dClrIAVUCW0gBxQhcyAFVAl1JAVelCF5IAc0QX0gBxRNgSQFaoQ
472=RhSAHNBWJJAVa1AmNJAVCpAWTIAV0KZUkBTbUCZsgBVAICGgBJAH9rLQYAG0kBeKkBHCgp
473=AB1JAXm1Ah5IAWApAQAGAB9JAWFvAQoAIEgBiy0KACEoKQAiKCkAI0kBT0wFAQQKACTIAQ
474=EFBgAlSAFRAgBRCSYoKQAnKCkAKCgpACkoKQAqKCkAK0gBgw8GACxIAdEJLSgpAC5IAc0b
475=L0kBcrUYMEkBdakBMUgBxQgySAHFCDNIAdUCNEkBe60FNUgB2QY2SQFGZykGADfIAQEBBg
476=A4yAEBAgYAOUgBxQg6KCkAOygpADwoKQA9KCkAPigpAD8oKQBAKCkAQSgpAEJIAd0VQ0gB
477=k2EFAERIAZNhBQBFSQEqZAR6aUkAiAF7aUkAMnUCAktASQCObRsCRwVJADO1AkpQAYhveW
478=lJbAJMZFppSQCAGnppSQB4aUFnTkwFaAFBZ09IAdleUMgBUUtRSQFUYyUCAFLIAVUCU0gB
479=eGlFCFTIAUUIVUgBcGFVAlbIAVUCV0gBfApVAljIAVUCWUgBeGlVAlrIAVUCW0gBxQhcyA
480=FVAl1IAd1iXkkBU7kRX8gBWRFgSAF4EU1zYcgBVQJiSQFVrQVjSAF4aVUNZMgBXQplSAF4
481=aVUCG1CQlyMGABwoKQAdSAGfJwYAHigpAB9JAVtZAgFhZ0qwKmBnJykAIkAEkwkKACNJAU
482=1NBQBhZ0pCmQAAXUwlVAJwAoFnSoQBSQEnKFUAKCgpACkoKQAqKCkAK0gBiAxgZycFAS1U
483=ApcJBgAuKCkAL0gBzWgwSQF3Y0YGADFJAXqpATJIAdkGM0kBgLUCNEgBzQU1SAHBiDZIAW
484=FnA2JnSgBpAQRgZ6gBUYI5QATFEzooKQA7KCkAPCgpAD0oKQA+KCkAPygpAEAoKQBBKCkA
485=QigpAEMoKQBESQGVeD1iZ0oAaQEBYGepAQJgZ6gBRT9ITQV+eBxjZ0oAL3QffdBKXCZMAW
486=NnSgCMRAFFSkxMBWgBRUpNSQFztQJOyAFVAk9IAcFcUMgBSQxRSAFgZ1FLUsgBVQJTSAFg
487=UV0KVMgBRQhVSAFkCFUCVsgBVQJXSAFoZFUCWMgBVQJZSAHFCFrIAVUCW0gBxQhcyAFVAl
488=1IAcVgXkkBU1QjWRFfyAFZEWBIAWBnVQJhyAFVAmJIAd1tY0gBaGRNEGTIAV0KHF30VH8g
489=CgAdyAFRYR5IAX5iAgpOy0sAaQEDaWRLKIgMJykAIkwFlERrZEsAY7EJJFUCUqkBJcgBXQ
490=omSQFQtQInyAFNaChIAYcIBgApKCkAKigpACsoKQAsKCkALSgpAC4oKQAvKCkAMCgpADEo
491=KQAyKCkAM0kBLHsRBgA0SQGIe0gGADVIAZu2BgA2SAF9YgZpZEuJZAdoZKkBCG/LSwB8uQ
492=Y6TQV2qQE7SAHBGjwoKQA9KCkAPigpAD8oKQBAKCkAQSgpAEIoKQBDKCkAREgBfWIEaWRL
493=iGQBBQUARtQCAQYCAEfJAQduy0sAnOZqZEsAkBRpZEtoH2HKS0wFfGJNR0zIAU1HTUkBc0
494=gEVQJOyAFVAk9IAXxMWUhQyAFZSFFIAXS9VQJSyAFVAlNIAWBcRQhUyAFFCFVIAWBcVQJW
495=yAFVAldIAWhkVQJYyAFVAllIAcUIWsgBVQJbSAHFCFzIAVUCXUgBzV1eSAElJSZfSAHBZ2
496=BIAcEEYUgBwQRiSAElWSdjSAFoZE0QHVTsiTgKXcVM+V4fKFUAICgpACEoKQAiKCkAIygp
497=ACQoKQAlKCkAJigpACdIAXxiAQQKACjIAV2vKUgBjxAGACooKQArKCkALCgpAC0oKQAuSQ
498=FdXjYABlehTABDqQEwVQJiqQExSAHdCjIoKQAzSQGFvVc0SAFqBQAHU2FMAIu1AjZUAnFh
499=CXFhTJFhCnBhqQELcWFMJvUqOkwFxc47SAGLTgYAPEgBwQ89KCkAPigpAD8oKQBAKCkAQS
500=gpAEIoKQBDKCkARCgpAEVIAXxiURRGyQEKcmFMAJh0cmFMAIQTcmFMAIzhcWFMgB5dV0tZ
501=BnRwASLdMkwjdCVJWU1UAsFcTsgBVQJPSAFwYUFGUMkBAyLeMkwAbAVVAlJUAmgBVQJTSA
502=FsBUkMVMgBRQhVSAF4XlUCVsgBVQJXSAHNBVjIAVUCWUgBcAlNBVrIAVUCW0gBzQVcyAFV
503=Al1IAWBnTQVeyAFVAl/IAVUCYMgBVQJhSAF4XlUCYsgBVwIeAE0o2AsnKQAgKFUAISgpAC
504=IoKQAjKCkAJCgpACUoKQAmKCkAJ0gBJUklKMgBWcEpSAF8L11XKkgBwUYrKCkALCgpAC1I
505=Ac1dLkgBI4ksAlleTZheVRgwVAIjaDQimCTXGAYAMlUCI7VaM0gBJ9gLkREAml5NACMUL2
506=/ATQChrQU3TAVoAVEUOMgBI38xTQCIoQQ6VALJxztJAYG1AjxIAdUYPSgpAD4oKQA/KCkA
507=QCgpAEEoKQBCKCkAQygpAEQoKQBFSAGFWAZMwG5VAABRH0dVAn1sEHhezBt4XicoACQYK1
508=AtIpkkTYxdUVZMWAZkYFFWTUgBaE5VAk7IAVUCT0gBzapQSAHNqlFIAdUCUkgB1QJTSAF4
509=U0UIVMgBRQhVSAF4XlUCVsgBVQJXSAHNBVjIAVUCWUgBzRBayAFVAltIAc0FXMgBVQJdSA
510=F4Xl0KXsgBVQJfyAFVAmDIAVUCYUgBeF5XAh8ATu1dICgpACEoKQAiKCkAIygpACQoKQAl
511=KCkAJigpACdJAU5ZKwB9uk5QAVgyIpAj1A18uicpACtYA9VELCgpAC1IASK4PlFhLsgBQT
512=svSAGPBQIAMEkBPGgMY1xOACV4PWNcTgAeqQEzQAQjVCwikSNOJJA5IpEjTiSQOWNcTgA1
513=bwUHADdMBWgBAQEHADjIAQECBwA5SAFkDF1iOkgB3WI7SAHNXTxIAYMEBgA9SAElSSU+SA
514=HdYj9IAc0FQEgBixcGAEEoKQBCKCkAQygpAEQoKQBFSAFgXF1tRsgBSThHSAElZSNISAGY
515=zGBcjC4iZSNKVQJ4aBNiXE4AaAFZJ0zUAkU/TUgBeEhMn3wzaAFBBE9UAiKAIVUCUMgBVQ
516=JRSAFgBFUCUsgBVQJTSAF4U1UCVMgBVQJVSAFgUVUCVsgBVQJXSAFoTlUCWMgBVQJZSAHN
517=BVrIAVUCW0gBzQVcyAFVAl1IAc0FXsgBVQJfSAHNEGDIAVcCIABP9VohKCkAIigpACNIAX
518=AjWVMkSAGbMgoAJSgpACYoKQAnKCkAKEgBZCwBBAoAKckBBWhZnFQiCUkrVAKcCiJIO88Q
519=BgAtVAKIDCJJO09TAQAABCKIIqkBBWpZTwBoWVkyMVgDaQEDa1lPAD51CQZBVk/hXDRBBB
520=9wVmlZT0S+RARpWU/hXDdABCMURSKIIsQTaFknKQA6QARQBnW9O0kBi7EJPEkBgqkBPUkB
521=hakBPkgBzQU/SAHNBUBIAcEaQSgpAEIoKQBDSAHV00RJAUNrCAYARUgBI+9UAgBGSQF8aA
522=wiiyJPAHKpAUhUAiVdIklIAXQGQUZKSAF9VwNpWU+JWQQiiCKoAVknTUAEeFNZJ07IAUwF
523=dCtoWVUCUFQCaAFVAlFIAc0FUsgBVQJTSAF4SE0FVMgBVQJVSAFoTlUCVsgBVQJXSAF4U1
524=UCWMgBVQJZSAHNBVrIAVUCW0gBzQVcyAFVAl1IAc0FXsgBVQJfSAHPECEAUP1XIigpACNI
525=AYgiIhxGJ4EAJVQCjzEKACYoKQAnKCkAKEgBYIhNXSnJAQFwViLYLVsJBgArVALFlyxIAd
526=mVLUgBWAN1Wi5IAXheSbEvyAFRbDBIAYMPAgAxSQE8UAVNMTJIAXBWVSMzyAFJWTRJAUFA
527=BEUINcgBTRA2SQE/tQI3SAHNtThIASNAUCJdLVD1WjpUAtVaO0gBybE8SAHdFT1IAcUIPk
528=gBzQU/SAHNBUBIAc0FQUgBixcGAEJJAUatEEPIAQEBAgBESQFDVAJJAUVJAYC5U0ZIASUF
529=LUdIAcVVSEkBjUwFRVVJyAFZBkpJAXK1AkvIAVUCTEoBVQFYAiIAU1RSqQFOVAJkP0EET0
530=gBaENRCVDIAVUCUUkBUq0FUsgBVQJTSAHNBVTIAVUCVUgBbF1FCFbIAVUCV0gBeF5VAljI
531=AVUCWUgBeFNVAlrIAVUCW0gBzQVcyAFVAl1IAc0FXsgBVwIiAFHlVSNIAUUbAF1MJEgBnC
532=tsqieBACYoVQAnKCkAKEgBeVMCbqpRAGgBQUYqVAKECHtTUQCDYDBtqlFMTVAMbapRXKqJ
533=AS5MBUABZVUvSAFkVVmrMMgBTVIxSAF0n0kBMkgBnQoCTapRmKtVAjRVAkFICFFWNcgBAQ
534=MCADZIAXhTVQI3yQEDbapRI4ktAHpTUQAlZTk6QATJpjtIAUwJeas8SAHJpj1JAX61GD5I
535=Ac0FP0gBzQVASAHNBUFIAdWnQkgBeFNNEENIAckXRCgpAEUoKQBGKCkARygpAEhIAXhTRQ
536=hJyAFNG0pJAXJED1UCS8gBVQJMSAEl9SpNSAFsUkEETsgBQQRPSAFoTlUCUMgBVQJRSQFS
537=WFNVAlLIAVUCU0gBzQVUyAFVAlVIAXhTTQVWyAFVAldIAWhOVQJYyAFVAllIAWhOVQJayA
538=FVAltIAc0FXMgBVQJdSAHPBSMAUu1SJCgpACUoKQAmKCkAJygpAChIASNgSGBRIixHI8kq
539=KlQClC5hUVL57SxUAsWMLUkBiaE7LkgBTCqhUVIkQ1AGADBVAlV4AiKcKnh3TAFw+6kBAW
540=BR3xUCADRMBZcNAgA1KCkANigpADdIAWxSUVY4SQFDTAlFCDlIASWtNzpIAdmgO0gB0RQ8
541=SAHRFD1IASNpNAZUXydBAz9UAtGuQEkBLlwKQVxBSAGIInykySICVF8nvQJEQATdFUUoKQ
542=BGKCkARygpAEhJAXd8CiKeKlIAaAFJF0pUAsWiS0gBeEhVkUzIAUEETUgBeEhVAk7IAVUC
543=T0gBeD1VAlDIAVUCUUgBaENVAlLIAVUCU0gBaE5VAlTIAVUCVUgBzQVWyAFVAldIAc0QWM
544=gBVQJZSAHNBVrIAVUCW0gBzRBcyAFXAiQAU/VPJSgpACYoKQAnKCkAKEgBfCuMnyLOUAAA
545=RYwqVAKQKmlOU2QmZUosVQKDvUwtSAHVOS5IAYQEIj8pUwAhoQQwVQIZqQExSQEbqQEySA
546=Fw/lGjM8gBWUg0SQFYaAgiPCloJUwBIjwpqAFV9DdBBFFQAl1BOMgBWRw5SQE9tQI6SQE+
547=qQE7SAHVTzxIAdlIPUgBI7Aya05TAHS5ET9UAiXxZkBIAcUeQUgBiCJoTsgiaE7QKmjzJy
548=kARUwFmAYiPCknVQBHKFUASEkBdmQTak5TAGgBSRdKVQJWWJVcQQlLAFMAUgEAAAICAEwR
549=AAD1EAAgCABTAFIBAAADAgBNSAEFUAEAAAICAE7IAVUCT0kBTbUCUMgBVQJRSQFOtQJSyA
550=FVAlNJAVG1AlTIAVUCVUgBzQVWyAFVAldJAVKtBVjIAVUCWUgBzQVayAFVAltIAcwQCSUA
551=VAD//wAAAAoAJigpACcoKQAoSQFPXANBBCnIAQEBBgAqSAGbBgYAK0kBLGMEBgAsSQEwqQ
552=EtSQExqQEuSQEtqQEvSgEkAk8BBgAwSQEcqQExSQEaqQEySQFjXAMBAAYAM0kBVakBNEkB
553=XKkBNUkBJa0FNkkBH6kBN0kBTqEEOMgBAQECADlJAT1UAkkBOkkBPkgBTTE7yAEBAwYAPE
554=kBP1QCVQ09SQF/sQk+SQF5qQE/SQFdoQRASQFDqQFBSQFJawECAEJJAXxvBQIAQ0kBdqkB
555=REgBlyMCAEUoKQBGKCkARygpAEhJAXZQCUUTScgBAQMCAEpJAVdUOQEAAgBLSAFoOEkBTM
556=gBQRpNSQFPoQROyAFVAk9IAc0FUMgBVQJRSAHNBVLIAVUCU0gBeFNdClTIAVUCVUgBaENV
557=AlbIAVUCV0gBzQVYyAFVAllIAc0FWkgBwwQmAFXlSicoKQAoKCkAKUgBZkoEClpIVQBpAQ
558=V7SFUAL1wgTTEsQQSMZykGAC1JATO1Ai5JAYm1Ai9IAXACTQUwSAGLLQYAMUkBJqEEMkkB
559=XakBM0kBVakBNEkBV6kBNUkBM6kBNsgBVVo3yAEBAgYAOEgBZkoEBllIVUB4AwAABQIAOl
560=UCfnsGAgA7SQE+UBBVAjxJAT9IAUk4PcgBUUs+SQFDVAJRFD9JAUdrAQIAQEgBdAJZJ0FI
561=Ac1HQkkBcr0KQ0kBdakBREgBjBt4SNMqAgBGKFUAR0kBeL0KSMgBXQpJyAFZEUpJAVi1RE
562=tIAWhDVQJMyQEDbJRAMEAEVQJOVAJ0RFUCT0gBzQVQyAFVAlFIAWAETQVSyAFVAlNIAWQ/
563=VQJUyAFVAlVIAWhDVQJWyAFVAldIAc0FWMgBVQJZSAHPBScAVu1HKCgpAClIAWwxSZAqyA
564=FRNStIAZQjfY5WdSAASS0tVALZSC5JAS59AgZASyeBADBUAnACTQUxSQFhay0GADJJAZ+p
565=ATMoKQA0KCkANUkBOUAlWQY2yAFNEDfIAYFGVohZQQQ5VAJ0Wk0xOkkBe3wKY0ZWAHSpAT
566=xUAsmFPUgBbEdZSD5JAUNIE1kGP0gByUNASAHZBkFIAdVEQkkBd7EJQ0gB1QJESQF6tQJF
567=SAGUI2BG0yoCAEdVAnhIDAEDAgBIyAEBBAIAScgBTRBKSQFZeBx9jlaE2UWBTFQCbMtFE0
568=1IAWg4VQJOyAFVAk9IAWAEVQJQyAFVAlFIAc0FUsgBVQJTSAF4PU0FVMgBVQJVSAFoTlUC
569=VsgBVQJXSAHNBVjIAVcCKABX9UQpKCkAKkgBdERZiivIAVmKLEgBnCBsidsGBgAuVAJYIG
570=FGLygpADAoKQAxKCkAMkkBYHAqa9JXAFipATRUAsFGNUgBJ2oIVwBoAYhDqAGJQ1eQDYlD
571=V5REWYo6WQZ/cAlqQ1cA1Tk8VALJAT1JAXihBD4oKQA/SAHZPUAoKQBBSAGM1mjS2Bxr0l
572=cAgaUIREAEnCBviVcAjGASaEOoAVEqR0EEcrUCSMgBVQJJSAHd0EpJAVjpQ1eIQ1V7TFUC
573=UlQCRUpNSAF4PVUCTsgBVQJPSAFgBFUCUMgBVQJRSAHNBVLIAVUCU0gBeD1NBVTIAVUCVU
574=gBaENVAlbIAVUCV0gBzwUpAFj9QSpJAUp3GAoAK8kBAXyDwARyQFgAxfouQARkuFkyL0gB
575=lCMiXCInrQAxKFUAMkgBeApNBTMoKQA0SAHJQzVIAWQ/QQQ2yAFBDzfIAZFAWIAIQQQ5VQ
576=JjcQEGQMp86U0BBkDKqAFZBjxABCXpIz1JAVFcA1kGPsgBWTI/SAHZikBIAd3FQUgBlBhw
577=QNQYcEAnKQBEKIEARUgBcEBRKkbIAVEqR0kBclQNVQJIyAFVAklIAWC/TXNKyAFNEEtIAW
578=g4VQJMyAFVAk1IAXgyVQJOyAFVAk9IAWg4VQJQyAFVAlFIAc0FUkgB0QlTKCkAVMgBTQVV
579=SAHNBVbIAVcCKgBZIaskAAACeD2oAUXvLFQCzTwtSAHF7y5IAXg9TRsvyAFNBTBJAWJEHl
580=0rMUgBmCd5wVlIwlsCBQAzVQKOb2gFADRIASMzIgUANUgBJ7kHWSjMD6gBmT1ZrFIi/CAn
581=KQA6WAbJDDsoKQA8KCkAPUkBllhpUUA+yAFdFT9IAcmFQEgB2X9BSAHFw0IoKQBDSAHNy0
582=RJAXhQGFUuRcgBTSZGyAFdCkdIAdV7SEkBWEAPTQVJSAF4PUEESsgBUUBLSAFkNFUCTMgB
583=VQJNyAFZBk7IAUkMT0gBeD1NBVDIAU0FUUgBaDhVAlJIAdEJUygpAFTIAU0FVUgBzwUrAF
584=ohKjUAAEkiLEgBaLxRNS3IAVUNLkgBkSoCXvxaAGw8RdkwVQJhcB8iYSha7TEyVQKLtTkz
585=SAF9AwBjO1oAhbUCNVQCJ2EHWihgB6gBgDsnMQE5TQUyaQgFXnhaANVEO1QC1UQ8SAF0OQ
586=EEBQA9ygEFBUIUWgB0AgEGAgA/1QIHImIoWgDNPEFUAs3AQkkBcmQTfnhaAMm8RFUCeEAP
587=QSVFyAFZ+EbIAVEfR0gBIuA4WTJIyAFBJUlIAXgyVQJKyAFVAktIAWgtVQJMyAFVAk1IAc
588=U0TsgBVQ1PSAHNBVDIAU0FUUgBbAVFCFLIAVUCU0gBzQVUyAFXAiwAW+0xLUgBdDlN4S7I
589=AUkXL0gB1TkwSQFfWBxZPTFIAZQCbnNbACNkOW5zWwAjZDlpOFtUP1AFb3NbAKNvJgUANl
590=gGaAEBAQUAN8gBAQIFADhIAcU0OUgBI1AxaThbWAdJAAVLsVsAg6UIPEAEcTUIaThbnjYJ
591=BEg4qAEBCgMAP8EEC2o4WwAjJzwCAEFUAoQTa7FbAH1wCWg40x8CAERBBHRQDU0mRcgBVS
592=NGSQFYtXBHSAFoOFVlSMgBQTBJSAFoOFUCSsgBVQJLSAFoLVUCTMgBVQJNSAF4MlUCTsgB
593=VQJPSAHNBVDIAVUCUUgBzQVSyAFVAlNIAc8FLQBcIxA0TTEuyAFdFS9IAZsyAgAwSAFwNV
594=l0MUgBlAJxNVz5PTNUAslvNEgBbB9JbzVJATV0I3I1XABoAZA1qAGRNVztMTlMBcU/OkgB
595=nSsFUTVc5T88VAIjxC9zNVwAKmwMcDXIAXE1XKxHcTVcTBZEBHI1XACQQHM1XACBeBFwNc
596=gXcjVcAHA1RSlFSAxoAVUjRkkBVfE1XCNAJFU5SFUCUlQCVSNJSAF4J1UCSsgBVQJLSAFo
597=LVUCTMgBVQJNSAHNBU7IAVUCT0gBzQVQyAFVAlFIAc0FUsgBVwIuAF2ENFlpL8gBWWkwSA
598=F9WgF5oF3tMTJUAsU0M0gB0So0SAHRKjVIAU0jAEU0NkgBlFpvaF0AiHQjbWhduycFADlB
599=BH50AiI6I10AzTw7VALFCDxJATJvAQQAPUgBhDR5Ml2sMXkyXb94AwBAQARqBQADTGjQCX
600=gynfkATSZDQQR4ZAR6Ml0AaAFRH0XUAkU0RkkBVkAwTQVHSAFsMVUCSMgBXTZJSAF4J1kG
601=SsgBVQJLSAFoLU0FTMgBVQJNSAFsBVUCTsgBVQJPSAHNBVDIAVUCUUgBzwUvAF5IZ1gVIj
602=wpqQEDYTBeKAAGJykAM0wFzTE0SAHNMTVIAcktNkgBI1RNYzBeAICpLThUApT/IoIhXgAj
603=CChhMF4oAQZeeCRpODxMBZwKYTBeqC1gMMEEBFCY2AZgMNQCYDDUAmAw1AJ9Yl6ULkUeRF
604=wKYDBRz0XIAUlORkgBJ14MXgAngiFeANUjSUAEaAFFCEpIAXyZTTFLSAFwKl02TMgBVQJN
605=SAFgBFUCTsgBVQJPSAFkCFUCUMgBVwIwAF/9KzEoKQAyKCkAMygpADQoKQA1SAEnLkhfAG
606=gBVWU31AKK/l8AiPNqLV8AkPBpLV+8V2mQX/1iPFgGzWg9SAHVLj5IAZQCaS1fsI1oLWCm
607=UDRoLdAJaS1fpDRrLV8Ad1wDWRxERAhoAVkcRUgBwSVGyAFVAkdIAWgiSQFISAEiACdZBk
608=nIAVUCSkgBYARVAkvIAVUCTEgBcAlNMU1IAWgtjl1fAGgBVQJPVAJ4BlcCMQBg/SsyKCkA
609=MygpADQoKQA1SAEnHSVgKBwlqAGQKicxATlMBcVgOigpADsoKQA8SAGEKX26YLQjIh0lYO
610=m8P0AElL1xKmAk6C5+umAAnPxxKmC0LnEqYJC5XSBEWAZwuV0gRUgBfCBZHEbIAVEfR0gB
611=cB9JAUhIAXAqQQRJyAFVAkpIAWAEVQJLyAFVAkxIAXAJXQpNSAFgBFUNTsgBVwIyAGHlKT
612=MoKQA0KCkANUgBJ/kEYSj4BKgBmCcnBQE5TAUn+gRhACOZOQpa4mEAI+M4CgA8QARoAVVa
613=PUkBlXCjeidhAGkBAWxSqQECeCeoAVUYQUwFIyhNeidhAJi2eSdhmCdFHkRABHgnTQVFSA
614=F4HE0bRkgBbEdFHkfIAVUCSEgBYARVAknIAVUCSkgBzQVLyAFVAkxIAXgnXQpNSAF4BlcN
615=MwBi7SY0KCkANUgBJ6EEYiigBKgBgCUn2QA5TAUnoQRiXIZIa2ElYiN9MQBgJagBgSVilS
616=MEYCWoAQEFBQA/RAhtJgYi/CC1Agd+TGIAJbVOQkAEJfU1Q0kBdUQMRR5EyAFNG0VIAWAa
617=TRtGSAFwH00bR8gBVQJISAFgBFUCScgBVQJKSAHNBUvIAVUCTEgBy900AGP1IzVIASdJBG
618=MoSASoAYgiJ60AOUwFJ0kEY4kiAWkiYyOUSogiqAGLImMAgrHPPlgGfiAJBkkiY4ElCmki
619=Y/0gQUEEcmwFbUdjqKZuR2MAaCJNG0RABGgBVRhFSAFsG1UjRkgBcB9NJkfIAVUCSEgBaG
620=9VAknIAVUCSkgBzQVLyAFXAjUAZIQeAQAGADbIAUkXN8kBAiJhX2ThJTlUAifxA2RcnFQ1
621=cB/ABH1BZJwgAQQKAD1MBSJMVwEFBgA+SQFNSAVJDD/IAUEPQEgBJUlGQUgBnPFwH9AJcx
622=9kAHl4BiLgIqgBWQZFTAV0AkkiRkgB2RxHyAFBBEjIAUEEScgBTSZKSAFwH1cCNgBlhB6Y
623=HKgBmRxlrDFu1mUAjFJt1mWYHI08ZbwgeRxlI+QoWT09UAkiTDZRCT7IAZgcoARZEUBUAo
624=zheV5l4TtCVAKEKXgcVAJYHFEURFQCbBsjeCC0AiN6IGUAeBxJF0dABGgBTQVISAFgGo08
625=ZSOkIFcNNwBmjBuCGmYAgA9hGmYovyNmADxUDUkXO0wFjBBhGmbtGz1UAmAaSTg+yAFJOD
626=/IAQEEBgBAyAFFE0FIAYQIfDbECGAaJykAREEEjnQNIhJVZgBoAVEURlUCe7UCR8gBVQJI
627=SAFgGlscOABnuBFpF2ckfDFtMWeIF00bO0AEdRgDaxdnAENwCWtOZwBHaAFoTicFAT9MBS
628=XxUEBJAVShBEHIAV02QkkBULUCQ8gBWRFESAF8FVkRRckBAyL+V2cAaBdVAkdUAmgBVwI5
629=AGj9FTooKQA7SAFwFFknPEkBQ0gMVQ09SAGMJnAUJ9kAPyhVAEAoKQBBKCkAQigpAENIAX
630=wVTTFEyAFNMUVIAZwKcRRo42c6AGnlEzsoKQA8KCkAPSgpAD4oKQA/KCkAQCgpAEEoKQBC
631=KCkAQ0gBYEZZXkTIAVknRUgB2xE7AGrtEDwoKAAGPQBqAP//AAAAEQAAjQAvAQABBgA+AG
632=oA//8AAAAGAD8AagD//4kBQCgpAEEoKQBCKCkAQygpAERJAU5UBgMEBgA8AGvlCD0oKQA+
633=KCkAPygpAEAoKQBBKCkAQigpAEMoKwA9AGz9Cj4oKQA/KCkAQCgpAEEoKQBCKCsAPgBt5Q
634=g/KCkAQCgpAEEoKwA/AG7tBUAoKAABAAAAABEAAA==

[Terrain]
61049=TREE11
59049=TREE12
62051=TREE16
72053=TREE20
73052=TREE21
77059=TREE22
76057=TREE23
75057=TREE24
62061=TREE24
63059=TREE25
50064=TREE14
32058=TREE05
25050=TREE11
30050=TREE13
32051=TREE14
33053=TREE15
26053=TREE16
26056=TREE17
25056=TREE18
23053=TREE20
30051=TREE20
29050=TREE22
25051=TREE23
32059=TREE12
26052=TREE10
27056=TREE09
25053=TREE09
23051=TREE08
21051=TREE07
22055=TREE06
24058=TREE05
24060=TREE04
26060=TREE03
26058=TREE02
30060=TREE05
29048=TREE06
32048=TREE08
30048=TREE09
33048=TREE10
33047=TREE11
34048=TREE12
34049=TREE13
31047=TREE14
34046=TREE15
34047=TREE16
33058=TREE16
35045=TREE16
35046=TREE16
34044=TREE15
33044=TREE14
35043=TREE13
36045=TREE12
34043=TREE11
27050=TREE13
26050=TREE14
28050=TREE15
25063=TREE01
33061=TREE02
24063=TREE03
33066=TREE04
29065=TREE05
24065=TREE06
25066=TREE07
30070=TREE08
33071=TREE10
32066=TREE11
29067=TREE09
31062=TREE11
31068=TREE12
25067=TREE13
28070=TREE14
26066=TREE16
89063=TREE08
87065=TREE09
90066=TREE11
83067=TREE12

[Units]
0=Nod,BGGY,256,55,33,160,Area Guard,094571F0,0,-1,0,-1,0,0
1=Nod,BGGY,256,72,60,128,Guard,None,0,-1,0,-1,1,0
2=Nod,BGGY,128,67,82,32,Area Guard,None,0,-1,0,-1,0,0

[Infantry]
0=Nod,E1,256,64,87,3,Guard,160,None,0,-1,0,1,0
1=Nod,E1,256,64,87,2,Guard,64,None,0,-1,0,1,0
2=Nod,E1,256,73,76,4,Guard,64,None,0,-1,0,1,1
3=Nod,E1,256,73,76,3,Guard,64,None,0,-1,0,1,1
4=Nod,E1,256,67,66,4,Guard,64,None,0,-1,0,1,1
5=Nod,E1,256,58,81,2,Area Guard,192,None,0,-1,0,0,0
6=Nod,E1,256,62,50,2,Area Guard,64,None,0,-1,0,1,1
7=Nod,E1,256,53,93,3,Guard,192,None,0,-1,0,1,1
8=Nod,E1,256,53,93,2,Guard,128,None,0,-1,0,1,0
9=Nod,E1,256,68,83,2,Area Guard,64,None,0,-1,0,0,0
10=Nod,E1,256,68,84,3,Area Guard,192,None,0,-1,0,0,0
11=GDI,E1,256,54,51,4,Guard,128,None,0,-1,0,1,0
12=Nod,CYBORG,128,54,46,4,Guard,128,None,0,0,0,1,0
13=Nod2,E1,256,84,51,3,Guard,0,None,0,1,0,1,0
14=Nod2,E1,256,85,52,3,Guard,0,None,0,1,0,1,0
15=Nod,E1,256,67,51,4,Guard,0,None,0,-1,0,1,1
16=Nod,E1,256,67,52,3,Guard,0,None,0,-1,0,1,1

[Structures]
1017200=Neutral,CABHUT,256,53,47,0,None,1,0,1,0,0,None,None,None,1,1
1017201=Neutral,CABHUT,256,65,50,0,None,1,0,1,0,0,None,None,None,1,1
1017202=Neutral,CABHUT,256,84,54,0,None,1,0,1,0,0,None,None,None,1,1
1017203=Neutral,CABHUT,256,57,33,0,None,1,0,1,0,0,None,None,None,1,1
1017204=GDI,GACTWR,256,43,61,64,None,0,0,1,1,0,GAVULC,None,None,1,1
1017208=GDI,GACNST,256,28,59,0,09A7AA90,0,0,1,0,0,None,None,None,1,1
1017212=GDI,GAPOWR,256,40,68,0,None,0,0,1,1,0,GAPOWRUP,None,None,1,1
1017217=GDI,GAPOWR,256,36,66,0,None,0,0,1,1,0,GAPOWRUP,None,None,1,1
1017222=GDI,GAGATE_B,256,43,62,0,None,0,0,1,0,0,None,None,None,1,1
1017223=GDI,GACTWR,256,43,65,64,None,0,0,1,1,0,GAVULC,None,None,1,1
1017227=Neutral2,CITY19,128,51,85,0,06117CD0,1,0,1,0,0,None,None,None,1,1
1017228=Neutral2,CITY20,170,52,87,0,06117890,1,0,1,0,0,None,None,None,1,1
1017229=Neutral2,CITY21,256,51,87,0,06117890,1,0,1,0,0,None,None,None,1,1
1017230=GDI2,INGRNLMP,256,62,74,0,None,1,0,1,0,0,None,None,None,1,1
1017231=Neutral2,CA0002,256,57,70,0,None,1,0,1,0,0,None,None,None,1,1
1017232=Neutral2,CA0005,128,60,63,0,None,1,0,1,0,0,None,None,None,1,1
1017233=Neutral2,CA0014,256,63,64,0,None,0,0,1,0,0,None,None,None,0,1
1017234=Neutral2,CA0015,256,61,71,0,None,1,0,1,0,0,None,None,None,1,1
1017235=Neutral2,CA0016,256,53,68,0,None,1,0,1,0,0,None,None,None,1,1
1017236=Neutral2,CA0004,256,57,66,0,None,1,0,1,0,0,None,None,None,1,1
1017237=Neutral2,CA0001,256,58,60,0,None,1,0,1,0,0,None,None,None,1,1
1017238=GDI,GASPOT,256,42,66,64,07E7CD30,1,0,1,0,1,None,None,None,1,1
1017240=GDI,GASPOT,256,42,59,64,07E7CD30,1,0,1,0,1,None,None,None,1,1
1017242=GDI,INGALITE,256,34,74,0,None,1,0,1,0,0,None,None,None,1,1
1017243=Neutral2,CA0010,256,59,66,0,None,1,0,1,0,0,None,None,None,1,1
1017244=GDI,INBLULMP,256,34,56,0,None,1,0,1,0,0,None,None,None,1,1
1017245=Nod,NAPOWR,192,54,25,0,None,0,0,1,0,0,None,None,None,1,1
1017248=Nod,NAHAND,192,51,27,0,None,0,0,1,0,0,None,None,None,1,1
1017253=Nod2,GAOLDCC4,128,64,25,0,None,1,0,1,0,0,None,None,None,1,1
1017254=Nod2,GAOLDCC5,128,67,27,0,None,1,0,1,0,0,None,None,None,1,1
1017255=Neutral2,BBOARD01,256,65,54,0,None,1,0,1,0,0,None,None,None,1,1
1017256=Neutral2,BBOARD13,256,53,54,0,None,1,0,1,0,0,None,None,None,1,1
1017257=Neutral2,BBOARD11,256,56,88,0,None,1,0,1,0,0,None,None,None,1,1
1017258=Neutral2,INREDLMP,256,54,27,0,None,1,0,1,0,0,None,None,None,1,1
1017259=GDI,GARADR,256,33,52,0,None,1,0,1,0,0,None,None,None,0,0
1017261=GDI,GAPOWR,256,39,65,0,None,1,0,1,1,0,GAPOWRUP,None,None,0,0

[OverlayPack]
1=CQAAIIH//v4f/4H/gCgAACCB//4wEP+BAFAB/vcB/1H4//8HORD//AE4EP/4ATkafgD+yQ
2=H/gf+AGAAAIIH//jYI/4EZ/v8B//8AEDcI/sgF/4H/gGwAACCB//5TAv+BAEAE/vgB/4IA
3=ABAD/tEB///8AVgC2icGgRjKRAj+2QH/UgCCsLH+9gH/ZACBrv72Af/mKwb/1wE0DP8ZAi
4=sG/ucB//8HAisS//cBNArCUgTMLRiBrP7uAf//AAIrFP7TA/+B/4CdAAAggf/1AACBsPob
5=AP61Af+BAM8aAoGs/usB/4EA0CwC/uwB////ASwE3SoGgbH+4AH//xMCKwaDZmZm/uoB/9
6=ErDAIC/ukB/84rDoNmaJP/6wFADM8qEISTZmax/+sBPgzNKxIF/f/tAT0MzysQMgKBb/7l
7=Af+BAM8rBEP//+wBPwzNMQz/7gE9FMswGBADKAX+8AH/gatSAf/DAT8cgCUAACCB//4+Av
8=+BZv7xBf+BrAAEgar+CAb/gbD+/QP/ga7+wg3/gf+ACQAAIIH//v4f/4H/gAkAACCB//7+
9=H/+B/4AJAAAggf/+/h//gf+ACQAAIIH//v4f/4H/gAkAACCB//7+H/+B/4AJAAAggf/+/h
10=//gf+ACQAAIIH//v4f/4H/gAkAACCB//7+H/+B/4AJAAAggf/+/h//gf+ACQAAIIH//v4f
11=/4H/gAkAACCB//7+H/+B/4AJAAAggf/+/h//gf+ACQAAIIH//v4f/4H/gAkAACCB//7+H/
12=+B/4AJAAAggf/+/h//gf+ACQAAIIH//v4f/4H/gAkAACCB//7+H/+B/4AJAAAggf/+/h//
13=gf+ACQAAIIH//v4f/4H/gAkAACCB//7+H/+B/4AJAAAggf/+/h//gf+ACQAAIIH//v4f/4
14=H/gAkAACCB//7+H/+B/4AJAAAggf/+/h//gf+ACQAAIIH//v4f/4H/gAkAACCB//7+H/+B
15=/4A=

[OverlayDataPack]
1=CQAAIIEA/v4fAIEAgDsAACCBAP4wEACCBgowAYEM/vcBAIEFzCoS/vABAP8HBjESggIJ/v
2=cBAAIAgQT+/AEAhQMKCgsI/skBAIEAgBoAACCBAP40CACBCRAB/vsBAP8AEDUI/soFAIEA
3=gD0AACCBAP5TAgCBBEAE/vgBAIUDCAACCf7SAQD//AFYAhABgQX+/wEA/wAOKwiCBwz+/w
4=EA/9MBWAT+AAQAgQCArQAAIIEA/isCAIEMzB0CgQH+7gEAggcJzRsEggQD/uwBAIEF/v8B
5=AP8SBCsGhAcDBgT+6gEA0CsKgwYABv/qAT4EzisOgQMB///rATwCyysQEfmEBgcAB//qAU
6=AOzSsQgQEV/4IICP7pAQDOKxCEBgYABwAF/+YBQAyCAgrOLASFBgAIBwcMBv/rAUAMyzAE
7=gQcIAYIGBv/sAT8Qyi8SGfqBBP/sAT8M0C8C/8ABRBqACQAAIIEA/v4fAIEAgAkAACCBAP
8=7+HwCBAIAJAAAggQD+/h8AgQCACQAAIIEA/v4fAIEAgAkAACCBAP7+HwCBAIAJAAAggQD+
9=/h8AgQCACQAAIIEA/v4fAIEAgAkAACCBAP7+HwCBAIAJAAAggQD+/h8AgQCACQAAIIEA/v
10=4fAIEAgAkAACCBAP7+HwCBAIAJAAAggQD+/h8AgQCACQAAIIEA/v4fAIEAgAkAACCBAP7+
11=HwCBAIAJAAAggQD+/h8AgQCACQAAIIEA/v4fAIEAgAkAACCBAP7+HwCBAIAJAAAggQD+/h
12=8AgQCACQAAIIEA/v4fAIEAgAkAACCBAP7+HwCBAIAJAAAggQD+/h8AgQCACQAAIIEA/v4f
13=AIEAgAkAACCBAP7+HwCBAIAJAAAggQD+/h8AgQCACQAAIIEA/v4fAIEAgAkAACCBAP7+Hw
14=CBAIAJAAAggQD+/h8AgQCA

[ScriptTypes]
0=08E00E00
1=089D4E00
2=08B24980
3=091926A0
4=09210980
5=08B25E00
6=061FBE20
7=0608D828
8=058926D0
9=061FBE18
10=061F3AF0
11=02D0FCA8
12=08F378F0
13=08E75E00
14=091BE0C0
15=091BFC70
16=08B27470
17=086E4180
18=086E5E00
19=09451720
20=088FA140
21=086DD0A0

[08E00E00]
Name=Run and Hide
0=3,0
1=24,99
2=19,0

[089D4E00]
Name=Halt
0=3,3
1=37,0

[08B24980]
Name=Airborne Rangers
0=1,4

[091926A0]
Name=Safe Now
0=5,1
1=3,45
2=39,8

[09210980]
Name=Move To Base
0=3,9

[08B25E00]
Name=Bridge Toll
0=0,4

[061FBE20]
Name=Hit The Deck
0=3,24
1=19,0
2=6,2

[0608D828]
Name=Hit The Deck 2
0=3,25
1=19,0
2=6,2

[058926D0]
Name=Guard Cliff
0=3,19
1=3,29
2=3,8

[061FBE18]
Name=Lemmings 1
0=3,29
1=3,0
2=0,8

[061F3AF0]
Name=Lemmings 2
0=3,22
1=3,21
2=3,0
3=0,8

[02D0FCA8]
Name=Lemmings 3
0=3,31
1=0,8

[08F378F0]
Name=Civ1
0=3,29

[08E75E00]
Name=Cil My Landlord
0=3,35
1=5,14

[091BE0C0]
Name=Dropship 1
0=3,22
1=8,1
2=3,13

[091BFC70]
Name=Dropship 2
0=3,24
1=8,1
2=3,13

[08B27470]
Name=Airborne Rangers 2
0=5,15
1=3,31

[086E4180]
Name=Airborne Rangers 3
0=5,20
1=3,39

[086E5E00]
Name=Airborne Rangers 4
0=5,20
1=3,31

[09451720]
Name=Oh Shit
0=3,42
1=5,15
2=11,14

[088FA140]
Name=Scardy Cat
0=22,0

[086DD0A0]
Name=-> AV
0=16,47

[TaskForces]
0=02A727B0
1=089DC600
2=0920F0F0
3=092D5F60
4=092108C0
5=02A714A0
6=02A28680
7=02A28520
8=02A7C440
9=02A992C0
10=02AA5910
11=09211230
12=07110030
13=093C05E0
14=07E88B60
15=09456500
16=088C2B40
17=0871DAF0
18=02A7CE80
19=02A46B00

[02A727B0]
Name=Run and Hide
0=1,E1
Group=-1

[089DC600]
Name=Halt
0=1,CYBORG
Group=-1

[0920F0F0]
Name=Airborne Rangers
0=3,E1
Group=-1

[092D5F60]
Name=Safe Now
0=3,E1
Group=-1

[092108C0]
Name=Move To Base
0=4,E1
Group=-1

[02A714A0]
Name=Bug Attack
0=1,BGGY
Group=-1

[02A28680]
Name=Hit The Deck
0=1,E1
Group=-1

[02A28520]
Name=Hit The Deck 2
0=1,E1
Group=-1

[02A7C440]
Name=Cliff Guard
0=2,E1
Group=-1

[02A992C0]
Name=Lemmings 1
0=2,E1
Group=-1

[02AA5910]
Name=Lemmings 2
0=1,BGGY
Group=-1

[09211230]
Name=Civ 1
0=1,CIV1
Group=-1

[07110030]
Name=Cil My Landlord
0=1,E1
Group=-1

[093C05E0]
Name=Dropship
0=1,DSHP
1=2,E1
2=1,SMECH
Group=-1

[07E88B60]
Name=Airborne Rangers 4
0=2,E1
Group=-1

[09456500]
Name=Oh Shit
0=3,E1
Group=-1

[088C2B40]
Name=Scardy Cat
0=1,E1
Group=-1

[0871DAF0]
Name=2 lt inf
0=2,E1
Group=-1

[02A7CE80]
Name=Bridge Toll
0=2,E1
Group=-1

[02A46B00]
Name=Saved
0=1,E1
Group=-1

[TeamTypes]
0=08E03330
1=089D7100
2=0AEFD4D0
3=091928C0
4=09210BA0
5=08B24090
6=02A285E0
7=02A28E20
8=02A7C3A0
9=02A99220
10=02AA56A0
11=02A909A0
12=08F37B10
13=08E74150
14=091BE2E0
15=091BFE90
16=0AEFEAA0
17=0AEFE7B0
18=0AEFE4C0
19=094565C0
20=088C2CB0
21=0880FBA0

[08E03330]
Name=Run Away
VeteranLevel=1
Loadable=no
Full=no
Annoyance=no
GuardSlower=no
House=GDI
Recruiter=no
Autocreate=no
Prebuild=no
Reinforce=no
Droppod=no
Whiner=no
LooseRecruit=no
Aggressive=no
Suicide=no
Priority=7
Max=0
TechLevel=0
Group=-1
OnTransOnly=no
AvoidThreats=no
IonImmune=no
TransportsReturnOnUnload=no
AreTeamMembersRecruitable=yes
IsBaseDefense=no
OnlyTargetHouseEnemy=no
Waypoint=B
Script=08E00E00
TaskForce=02A727B0

[089D7100]
Name=Halt
VeteranLevel=1
Loadable=no
Full=no
Annoyance=no
GuardSlower=no
House=Nod
Recruiter=no
Autocreate=no
Prebuild=no
Reinforce=no
Droppod=no
Whiner=no
LooseRecruit=no
Aggressive=no
Suicide=no
Priority=7
Max=0
TechLevel=0
Group=0
OnTransOnly=no
AvoidThreats=no
IonImmune=no
TransportsReturnOnUnload=no
AreTeamMembersRecruitable=no
IsBaseDefense=no
OnlyTargetHouseEnemy=no
Waypoint=C
Script=089D4E00
TaskForce=089DC600

[0AEFD4D0]
Name=Airborne Rangers
VeteranLevel=1
Loadable=no
Full=no
Annoyance=no
GuardSlower=no
House=GDI
Recruiter=no
Autocreate=no
Prebuild=no
Reinforce=no
Droppod=yes
Whiner=no
LooseRecruit=no
Aggressive=no
Suicide=no
Priority=7
Max=0
TechLevel=0
Group=-1
OnTransOnly=no
AvoidThreats=no
IonImmune=no
TransportsReturnOnUnload=no
AreTeamMembersRecruitable=yes
IsBaseDefense=no
OnlyTargetHouseEnemy=no
Waypoint=E
Script=08B24980
TaskForce=0920F0F0

[091928C0]
Name=Safe Now
VeteranLevel=1
Loadable=no
Full=no
Annoyance=no
GuardSlower=no
House=GDI
Recruiter=no
Autocreate=no
Prebuild=no
Reinforce=no
Droppod=no
Whiner=no
LooseRecruit=no
Aggressive=no
Suicide=yes
Priority=7
Max=0
TechLevel=0
Group=-1
OnTransOnly=no
AvoidThreats=no
IonImmune=no
TransportsReturnOnUnload=no
AreTeamMembersRecruitable=no
IsBaseDefense=no
OnlyTargetHouseEnemy=no
Waypoint=D
Script=091926A0
TaskForce=092D5F60

[09210BA0]
Name=Into Base
VeteranLevel=1
Loadable=no
Full=no
Annoyance=no
GuardSlower=no
House=GDI
Recruiter=no
Autocreate=no
Prebuild=no
Reinforce=no
Droppod=no
Whiner=no
LooseRecruit=no
Aggressive=no
Suicide=no
Priority=15
Max=0
TechLevel=0
Group=-1
OnTransOnly=no
AvoidThreats=no
IonImmune=no
TransportsReturnOnUnload=no
AreTeamMembersRecruitable=yes
IsBaseDefense=no
OnlyTargetHouseEnemy=no
Waypoint=A
Script=09210980
TaskForce=092108C0

[08B24090]
Name=Bridge Toll
VeteranLevel=1
Loadable=no
Full=no
Annoyance=no
GuardSlower=no
House=Nod
Recruiter=no
Autocreate=no
Prebuild=no
Reinforce=no
Droppod=no
Whiner=no
LooseRecruit=no
Aggressive=no
Suicide=no
Priority=7
Max=0
TechLevel=0
Group=-1
OnTransOnly=no
AvoidThreats=no
IonImmune=no
TransportsReturnOnUnload=no
AreTeamMembersRecruitable=yes
IsBaseDefense=no
OnlyTargetHouseEnemy=no
Waypoint=S
Script=08B25E00
TaskForce=02A714A0

[02A285E0]
Name=Hit The Deck
VeteranLevel=1
Loadable=no
Full=no
Annoyance=no
GuardSlower=no
House=Nod
Recruiter=no
Autocreate=no
Prebuild=no
Reinforce=no
Droppod=no
Whiner=no
LooseRecruit=no
Aggressive=no
Suicide=no
Priority=7
Max=0
TechLevel=0
Group=-1
OnTransOnly=no
AvoidThreats=no
IonImmune=no
TransportsReturnOnUnload=no
AreTeamMembersRecruitable=yes
IsBaseDefense=no
OnlyTargetHouseEnemy=no
Waypoint=W
Script=061FBE20
TaskForce=02A28680

[02A28E20]
Name=Hit The Deck 2
VeteranLevel=1
Loadable=no
Full=no
Annoyance=no
GuardSlower=no
House=Nod
Recruiter=no
Autocreate=no
Prebuild=no
Reinforce=no
Droppod=no
Whiner=no
LooseRecruit=no
Aggressive=no
Suicide=no
Priority=7
Max=0
TechLevel=0
Group=-1
OnTransOnly=no
AvoidThreats=no
IonImmune=no
TransportsReturnOnUnload=no
AreTeamMembersRecruitable=yes
IsBaseDefense=no
OnlyTargetHouseEnemy=no
Waypoint=W
Script=0608D828
TaskForce=02A28520

[02A7C3A0]
Name=Guard Cliff
VeteranLevel=1
Loadable=no
Full=no
Annoyance=no
GuardSlower=no
House=Nod
Recruiter=no
Autocreate=no
Prebuild=no
Reinforce=no
Droppod=no
Whiner=no
LooseRecruit=no
Aggressive=no
Suicide=no
Priority=7
Max=0
TechLevel=0
Group=-1
OnTransOnly=no
AvoidThreats=no
IonImmune=no
TransportsReturnOnUnload=no
AreTeamMembersRecruitable=yes
IsBaseDefense=no
OnlyTargetHouseEnemy=no
Waypoint=AB
Script=058926D0
TaskForce=02A7C440

[02A99220]
Name=Lemmings 1
VeteranLevel=1
Loadable=no
Full=no
Annoyance=no
GuardSlower=no
House=Nod
Recruiter=no
Autocreate=no
Prebuild=no
Reinforce=no
Droppod=no
Whiner=no
LooseRecruit=no
Aggressive=no
Suicide=no
Priority=7
Max=0
TechLevel=0
Group=-1
OnTransOnly=no
AvoidThreats=no
IonImmune=no
TransportsReturnOnUnload=no
AreTeamMembersRecruitable=yes
IsBaseDefense=no
OnlyTargetHouseEnemy=no
Waypoint=AC
Script=061FBE18
TaskForce=02A992C0

[02AA56A0]
Name=Lemmings 2
VeteranLevel=1
Loadable=no
Full=no
Annoyance=no
GuardSlower=no
House=Nod
Recruiter=no
Autocreate=no
Prebuild=no
Reinforce=no
Droppod=no
Whiner=no
LooseRecruit=no
Aggressive=no
Suicide=no
Priority=7
Max=0
TechLevel=0
Group=-1
OnTransOnly=no
AvoidThreats=no
IonImmune=no
TransportsReturnOnUnload=no
AreTeamMembersRecruitable=yes
IsBaseDefense=no
OnlyTargetHouseEnemy=no
Waypoint=AA
Script=061F3AF0
TaskForce=02AA5910

[02A909A0]
Name=Lemmings 3
VeteranLevel=1
Loadable=no
Full=no
Annoyance=no
GuardSlower=no
House=Nod
Recruiter=no
Autocreate=no
Prebuild=no
Reinforce=no
Droppod=no
Whiner=no
LooseRecruit=no
Aggressive=no
Suicide=no
Priority=7
Max=0
TechLevel=0
Group=-1
OnTransOnly=no
AvoidThreats=no
IonImmune=no
TransportsReturnOnUnload=no
AreTeamMembersRecruitable=yes
IsBaseDefense=no
OnlyTargetHouseEnemy=no
Waypoint=AE
Script=02D0FCA8
TaskForce=02A7C440

[08F37B10]
Name=Civ1
VeteranLevel=1
Loadable=no
Full=no
Annoyance=no
GuardSlower=no
House=Neutral
Recruiter=no
Autocreate=no
Prebuild=no
Reinforce=no
Droppod=no
Whiner=no
LooseRecruit=no
Aggressive=no
Suicide=yes
Priority=7
Max=0
TechLevel=0
Group=-1
OnTransOnly=no
AvoidThreats=no
IonImmune=no
TransportsReturnOnUnload=no
AreTeamMembersRecruitable=no
IsBaseDefense=no
OnlyTargetHouseEnemy=no
Waypoint=AG
Script=08F378F0
TaskForce=09211230

[08E74150]
Name=Cil My Landlord
VeteranLevel=1
Loadable=no
Full=no
Annoyance=no
GuardSlower=no
House=Nod
Recruiter=no
Autocreate=no
Prebuild=no
Reinforce=no
Droppod=no
Whiner=no
LooseRecruit=no
Aggressive=no
Suicide=no
Priority=7
Max=0
TechLevel=0
Group=-1
OnTransOnly=no
AvoidThreats=no
IonImmune=no
TransportsReturnOnUnload=no
AreTeamMembersRecruitable=no
IsBaseDefense=no
OnlyTargetHouseEnemy=no
Waypoint=AG
Script=08E75E00
TaskForce=07110030

[091BE2E0]
Name=Dropship 1
VeteranLevel=1
Loadable=no
Full=no
Annoyance=no
GuardSlower=no
House=GDI
Recruiter=no
Autocreate=no
Prebuild=no
Reinforce=no
Droppod=no
Whiner=no
LooseRecruit=no
Aggressive=no
Suicide=no
Priority=7
Max=0
TechLevel=0
Group=-1
OnTransOnly=no
AvoidThreats=no
IonImmune=no
TransportsReturnOnUnload=no
AreTeamMembersRecruitable=yes
IsBaseDefense=no
OnlyTargetHouseEnemy=no
Waypoint=Z
Script=091BE0C0
TaskForce=093C05E0

[091BFE90]
Name=Dropship 2
VeteranLevel=1
Loadable=no
Full=no
Annoyance=no
GuardSlower=no
House=GDI
Recruiter=no
Autocreate=no
Prebuild=no
Reinforce=no
Droppod=no
Whiner=no
LooseRecruit=no
Aggressive=no
Suicide=no
Priority=7
Max=0
TechLevel=0
Group=-1
OnTransOnly=no
AvoidThreats=no
IonImmune=no
TransportsReturnOnUnload=no
AreTeamMembersRecruitable=yes
IsBaseDefense=no
OnlyTargetHouseEnemy=no
Waypoint=AA
Script=091BFC70
TaskForce=093C05E0

[0AEFEAA0]
Name=Airborne Rangers 2
VeteranLevel=1
Loadable=no
Full=no
Annoyance=no
GuardSlower=no
House=GDI
Recruiter=no
Autocreate=no
Prebuild=no
Reinforce=no
Droppod=yes
Whiner=no
LooseRecruit=no
Aggressive=no
Suicide=no
Priority=7
Max=0
TechLevel=0
Group=-1
OnTransOnly=no
AvoidThreats=no
IonImmune=no
TransportsReturnOnUnload=no
AreTeamMembersRecruitable=yes
IsBaseDefense=no
OnlyTargetHouseEnemy=no
Waypoint=AK
Script=08B27470
TaskForce=0920F0F0

[0AEFE7B0]
Name=Airborne Rangers 3
VeteranLevel=1
Loadable=no
Full=no
Annoyance=no
GuardSlower=no
House=GDI
Recruiter=no
Autocreate=no
Prebuild=no
Reinforce=no
Droppod=yes
Whiner=no
LooseRecruit=no
Aggressive=no
Suicide=no
Priority=7
Max=0
TechLevel=0
Group=-1
OnTransOnly=no
AvoidThreats=no
IonImmune=no
TransportsReturnOnUnload=no
AreTeamMembersRecruitable=yes
IsBaseDefense=no
OnlyTargetHouseEnemy=no
Waypoint=AL
Script=086E4180
TaskForce=0920F0F0

[0AEFE4C0]
Name=Airborne Rangers 4
VeteranLevel=1
Loadable=no
Full=no
Annoyance=no
GuardSlower=no
House=GDI
Recruiter=no
Autocreate=no
Prebuild=no
Reinforce=no
Droppod=yes
Whiner=no
LooseRecruit=no
Aggressive=no
Suicide=no
Priority=7
Max=0
TechLevel=0
Group=-1
OnTransOnly=no
AvoidThreats=no
IonImmune=no
TransportsReturnOnUnload=no
AreTeamMembersRecruitable=yes
IsBaseDefense=no
OnlyTargetHouseEnemy=no
Waypoint=AM
Script=086E5E00
TaskForce=07E88B60

[094565C0]
Name=Oh Shit
VeteranLevel=1
Loadable=no
Full=no
Annoyance=no
GuardSlower=no
House=Nod
Recruiter=no
Autocreate=no
Prebuild=no
Reinforce=no
Droppod=no
Whiner=no
LooseRecruit=no
Aggressive=no
Suicide=no
Priority=7
Max=0
TechLevel=0
Group=-1
OnTransOnly=no
AvoidThreats=no
IonImmune=no
TransportsReturnOnUnload=no
AreTeamMembersRecruitable=yes
IsBaseDefense=no
OnlyTargetHouseEnemy=no
Waypoint=AP
Script=09451720
TaskForce=09456500

[088C2CB0]
Name=Scardy Cat
VeteranLevel=1
Loadable=no
Full=no
Annoyance=no
GuardSlower=no
House=Nod
Recruiter=no
Autocreate=no
Prebuild=no
Reinforce=no
Droppod=no
Whiner=no
LooseRecruit=no
Aggressive=no
Suicide=no
Priority=7
Max=0
TechLevel=0
Group=-1
OnTransOnly=no
AvoidThreats=no
IonImmune=no
TransportsReturnOnUnload=no
AreTeamMembersRecruitable=yes
IsBaseDefense=no
OnlyTargetHouseEnemy=no
Waypoint=AR
Script=088FA140
TaskForce=088C2B40

[0880FBA0]
Name=Nod bridge fodder
VeteranLevel=1
Loadable=no
Full=no
Annoyance=no
GuardSlower=no
House=Nod2
Recruiter=no
Autocreate=no
Prebuild=no
Reinforce=no
Droppod=no
Whiner=no
LooseRecruit=no
Aggressive=no
Suicide=yes
Priority=7
Max=0
TechLevel=0
Group=1
OnTransOnly=no
AvoidThreats=no
IonImmune=no
TransportsReturnOnUnload=no
AreTeamMembersRecruitable=no
IsBaseDefense=no
OnlyTargetHouseEnemy=no
Script=086DD0A0
TaskForce=0871DAF0

[Triggers]
02C77200=GDI,<none>,Run and Hide,0,1,1,1,0
02C78F74=GDI2,<none>,Airborne Rangers,0,1,1,1,0
02C64680=GDI,<none>,Gun Piffs,0,1,1,1,0
02C646DC=GDI,<none>,Reveal and Scroll,0,1,1,1,0
0618B228=GDI,<none>,Gun Piffs 2,0,1,1,1,0
0618B284=GDI,<none>,Gun Piffs 3,0,1,1,1,0
061933F8=GDI,<none>,Camera To AT,0,1,1,1,0
02C79254=GDI,<none>,Reveal GDI Base,1,1,1,1,0
061A6A08=GDI,<none>,Reveal Base 2,0,1,1,1,0
062EE6B4=GDI,<none>,Reveal Falls,0,1,1,1,0
062EE710=GDI,<none>,Win,0,1,1,1,0
02C79368=GDI,<none>,Airborne Rangers,0,1,1,1,0
02C793C4=GDI,<none>,Gun Piffs 4,0,1,1,1,0
0632D7C8=Nod,<none>,Bridge Toll,0,1,1,1,0
02C88818=GDI,<none>,Guard Cliff,0,1,1,1,0
0632EBBC=GDI,<none>,Lemmings 1,0,1,1,1,0
02C62C88=GDI,<none>,Lemmings 2,0,1,1,1,0
02C62CE4=GDI,<none>,Lose,0,1,1,1,0
02C79928=GDI,<none>,Lemmings 3,0,1,1,1,0
06110090=GDI,<none>,Gas Leak,0,1,1,1,0
06117B60=GDI,<none>,Gas Leak 2,0,1,1,1,0
091AC960=Neutral,<none>,Civ 1,0,1,1,1,0
091AEEB0=Nod,<none>,Cil My Landlord,0,1,1,1,0
0950EF20=GDI,<none>,Dropship 1,0,1,1,1,0
0950E980=GDI,<none>,Dropship 2,0,1,1,1,0
07E7A140=GDI,<none>,Search Light,0,1,1,1,0
07E88BA0=GDI,<none>,Particles,0,1,1,1,0
0940AD30=GDI,<none>,Safe Now,0,1,1,1,0
09D63E90=GDI,<none>,Airborne Rangers 2,0,1,1,1,0
07EB1CC0=GDI,<none>,Airborne Rangers 3,0,1,1,1,0
09457890=GDI,<none>,Reveal NOD,0,1,1,1,0
09456CB0=GDI,<none>,Reveal Old NOD,0,1,1,1,0
09A7AF80=GDI,<none>,Lose 2,0,1,1,1,0
09206D10=GDI,<none>,Barracks Built,0,1,1,1,0
089C54D0=GDI,<none>,Barracks Text,0,1,1,1,0
09217610=GDI,<none>,Build Barracks,0,1,1,1,0
09217330=GDI,<none>,Refinery Text,0,1,1,1,0
0921D8D0=GDI,<none>,Refinery Built,0,1,1,1,0
0A34C810=GDI,<none>,Kill All NOD,0,1,1,1,0
0A34C2C0=GDI,<none>,Destroy Lose 2,0,1,1,1,0
08C64F80=Neutral,<none>,Kill Civilian,0,1,1,1,0
0A8D4F80=Nod,<none>,Nod hunts,0,1,1,1,0
091EDC40=GDI,<none>,Begin play,0,1,1,1,0
09209380=GDI,<none>,Unlock input,0,1,1,1,0
0A1E47D0=GDI,061A6A08,Force reveal ,0,1,1,1,0
0A1E4570=GDI,0950EF20,force drop 1,0,1,1,1,0
0A1E4070=GDI,0950E980,force drop 2,0,1,1,1,0
08F95F80=GDI,<none>,reveal & team,0,1,1,1,0
087124D0=Nod2,<none>,Bridge meteors,0,1,1,1,0
08710710=Nod2,<none>,det bridge,0,1,1,1,0
08AA2C00=GDI,<none>,det ax and ay,0,1,1,1,0
08AA13E0=GDI,<none>,det av and aw,0,1,1,1,0

[Events]
02C77200=1,13,0,23
02C78F74=1,1,0,1
02C64680=1,1,0,0
02C646DC=1,13,0,0
0618B228=1,1,0,0
0618B284=1,1,0,0
061933F8=1,13,0,55
02C79254=1,13,0,92
061A6A08=1,1,0,0
062EE6B4=1,1,0,0
062EE710=3,19,0,1,19,0,3,11,0,1
02C79368=1,1,0,1
02C793C4=1,1,0,0
0632D7C8=1,1,0,0
02C88818=1,36,0,2
0632EBBC=1,13,0,360
02C62C88=1,13,0,600
02C62CE4=1,11,0,0
02C79928=1,13,0,200
06110090=1,7,0,0
06117B60=2,13,0,5,36,0,3
091AC960=1,13,0,5
091AEEB0=1,13,0,9
0950EF20=1,1,0,0
0950E980=1,1,0,0
07E7A140=1,35,0,0
07E88BA0=1,13,0,0
0940AD30=1,13,0,57
09D63E90=2,36,0,4,13,0,3
07EB1CC0=2,36,0,4,13,0,5
09457890=1,7,0,0
09456CB0=1,1,0,0
09A7AF80=1,48,0,0
09206D10=1,19,0,3
089C54D0=2,36,0,7,13,0,180
09217610=1,36,0,7
09217330=2,36,0,2,13,0,180
0921D8D0=1,19,0,1
0A34C810=2,13,0,180,36,0,6
0A34C2C0=2,36,0,7,36,0,6
08C64F80=1,1,0,2
0A8D4F80=1,10,0,1
091EDC40=1,36,0,8
09209380=2,13,0,20,36,0,8
0A1E47D0=2,13,0,20,36,0,8
0A1E4570=2,13,0,23,36,0,8
0A1E4070=2,13,0,26,36,0,8
08F95F80=1,1,0,0
087124D0=1,1,0,6
08710710=1,1,0,6
08AA2C00=2,13,0,1,36,0,9
08AA13E0=2,13,0,2,36,0,9

[Actions]
02C77200=3,4,1,08E03330,0,0,0,0,A,4,1,089D7100,0,0,0,0,A,19,0,174,0,0,0,0,A
02C78F74=1,7,1,0AEFD4D0,0,0,0,0,A
02C64680=3,64,0,5,0,0,0,0,F,19,0,60,0,0,0,0,A,41,0,38,0,0,0,0,F
02C646DC=6,48,0,1,0,0,0,0,D,17,0,4,0,0,0,0,E,17,0,8,0,0,0,0,I,17,0,23,0,0,0,0,X,46,0,0,0,0,0,0,A,11,0,20,0,0,0,0,A
0618B228=4,64,0,6,0,0,0,0,G,19,0,60,0,0,0,0,A,41,0,38,0,0,0,0,G,19,0,104,0,0,0,0,A
0618B284=3,64,0,6,0,0,0,0,G,19,0,60,0,0,0,0,A,41,0,38,0,0,0,0,G
061933F8=1,48,0,2,0,0,0,0,AT
02C79254=4,17,0,7,0,0,0,0,H,17,0,9,0,0,0,0,J,48,0,2,0,0,0,0,M,4,1,09210BA0,0,0,0,0,A
061A6A08=4,17,0,10,0,0,0,0,K,17,0,11,0,0,0,0,L,11,0,4,0,0,0,0,A,56,0,2,0,0,0,0,A
062EE6B4=3,17,0,14,0,0,0,0,O,17,0,15,0,0,0,0,P,17,0,16,0,0,0,0,Q
062EE710=1,1,0,0,0,0,0,0,A
02C79368=3,80,1,0AEFD4D0,0,0,0,0,E,56,0,4,0,0,0,0,A,41,0,252,0,0,0,0,D
02C793C4=3,41,0,38,0,0,0,0,R,64,0,17,0,0,0,0,R,19,0,60,0,0,0,0,A
0632D7C8=2,4,1,08B24090,0,0,0,0,A,17,0,18,0,0,0,0,S
02C88818=1,4,1,02A7C3A0,0,0,0,0,A
0632EBBC=1,4,1,02A99220,0,0,0,0,A
02C62C88=1,4,1,02AA56A0,0,0,0,0,A
02C62CE4=1,2,0,0,0,0,0,0,A
02C79928=1,4,1,02A909A0,0,0,0,0,A
06110090=1,56,0,3,0,0,0,0,A
06117B60=2,32,0,0,0,0,0,0,A,66,0,42,0,0,0,0,AQ
091AC960=1,80,1,08F37B10,0,0,0,0,AG
091AEEB0=1,80,1,08E74150,0,0,0,0,AG
0950EF20=2,80,1,091BE2E0,0,0,0,0,Z,55,0,2,0,0,0,0,W
0950E980=2,80,1,091BFE90,0,0,0,0,AA,55,0,2,0,0,0,0,Y
07E7A140=1,52,0,3,0,0,0,0,A
07E88BA0=4,88,0,3,0,0,0,0,AH,41,0,41,0,0,0,0,AH,88,0,3,0,0,0,0,AI,41,0,41,0,0,0,0,AI
0940AD30=1,4,1,091928C0,0,0,0,0,A
09D63E90=1,80,1,0AEFEAA0,0,0,0,0,AM
07EB1CC0=2,80,1,0AEFE7B0,0,0,0,0,AK,80,1,0AEFE4C0,0,0,0,0,AL
09457890=2,17,0,41,0,0,0,0,AP,80,1,094565C0,0,0,0,0,AP
09456CB0=1,17,0,40,0,0,0,0,AO
09A7AF80=1,2,0,0,0,0,0,0,A
09206D10=3,56,0,6,0,0,0,0,A,12,2,089C54D0,0,0,0,0,A,11,0,6,0,0,0,0,A
089C54D0=2,11,0,5,0,0,0,0,A,21,0,119,0,0,0,0,A
09217610=1,11,0,5,0,0,0,0,A
09217330=2,11,0,4,0,0,0,0,A,21,0,117,0,0,0,0,A
0921D8D0=3,56,0,7,0,0,0,0,A,12,2,09217330,0,0,0,0,A,21,0,118,0,0,0,0,A
0A34C810=2,11,0,6,0,0,0,0,A,21,0,120,0,0,0,0,A
0A34C2C0=1,12,2,09A7AF80,0,0,0,0,A
08C64F80=1,63,0,29,0,0,0,0,AD
0A8D4F80=1,6,0,1,0,0,0,0,A
091EDC40=1,100,0,43,0,0,0,0,A
09209380=2,47,0,0,0,0,0,0,A,11,0,22,0,0,0,0,A
0A1E47D0=2,22,2,061A6A08,0,0,0,0,A,12,2,061A6A08,0,0,0,0,A
0A1E4570=2,22,2,0950EF20,0,0,0,0,A,12,2,0950EF20,0,0,0,0,A
0A1E4070=2,22,2,0950E980,0,0,0,0,A,12,2,0950E980,0,0,0,0,A
08F95F80=4,17,0,48,0,0,0,0,AW,17,0,46,0,0,0,0,AU,17,0,47,0,0,0,0,AV,4,1,0880FBA0,0,0,0,0,A
087124D0=1,58,0,1,0,0,0,0,AU
08710710=5,63,0,46,0,0,0,0,AU,63,0,46,0,0,0,0,AU,65,0,46,0,0,0,0,AU,56,0,9,0,0,0,0,A,63,0,46,0,0,0,0,AU
08AA2C00=4,63,0,50,0,0,0,0,AY,63,0,49,0,0,0,0,AX,63,0,49,0,0,0,0,AX,63,0,50,0,0,0,0,AY
08AA13E0=4,63,0,47,0,0,0,0,AV,63,0,47,0,0,0,0,AV,63,0,48,0,0,0,0,AW,63,0,48,0,0,0,0,AW

[Tags]
08717E90=0,Bridge det,08710710
02A76690=0,T 00:23,02C77200
02A80570=0,Gun Piffs,02C64680
02A81D40=0,T 00:00,02C646DC
02AA0B10=0,Gun Piffs 2,0618B228
02AA3120=0,Gun Piffs 3,0618B284
02A90B70=0,T 00:55,061933F8
02A2DA40=0,Into Base DISABLED,02C79254
02A7C120=0,Reveal GDI Base 2,0A1E47D0
02A74D10=0,Reveal Falls,062EE6B4
02A791F0=0,Win,062EE710
02A48E90=0,Airborne Rangers,02C79368
02A48F10=0,Gun Piffs 4,02C793C4
02A82AA0=0,Bridge Toll,0632D7C8
02A8B470=0,Guard Cliff,02C88818
02AA4940=0,T 06:00,0632EBBC
02A8F410=0,T 10:00,02C62C88
02AADD30=0,Lose,02C62CE4
02AA0E30=0,Lemmings 3,02C79928
06117CD0=0,Gas Leak,06110090
06117890=0,Gas Leak 2,06117B60
091AC430=0,T 00:05,091AC960
091AEBC0=0,T 00:08,091AEEB0
0950EA20=0,Dropship 1,0A1E4570
0950E800=0,Dropship 2,0A1E4070
07E7CD30=2,Search Lights,07E7A140
07E88B10=0,Particles,07E88BA0
0940AA50=0,T 00:57,0940AD30
09D63C80=0,Airborne Rangers 2,09D63E90
07EB1480=0,Airborne Rangers 3,07EB1CC0
094571F0=0,Reveal NOD,09457890
09457440=0,Reveal Old NOD,09456CB0
09A7AA90=0,Lose 2,09A7AF80
092066B0=0,Kill All NOD,09206D10
089C51E0=2,Barracks Text,089C54D0
092174B0=0,Build Barracks 1,09217610
0921D970=2,Refinery Text,09217330
0921D770=0,Refinery Built,0921D8D0
0A34C360=2,Kill All NOD,0A34C810
0A349A30=0,Destroy lose 2,0A34C2C0
08C648A0=0,Kill Civilians,08C64F80
0A8D4790=0,Nod hunts,0A8D4F80
09200030=0,Begin play 00:00,091EDC40
0920A030=0,Begin play 00:20,09209380
08F95710=0,Bridge Rev,08F95F80
08712160=0,Bridge meteors,087124D0
08AA1480=0,Bridge 00:01,08AA2C00
08AC2210=0,Bridge 00:02,08AA13E0

[AITriggerTypesEnable]
08594AB0-G=yes
085949B0-G=yes
085948B0-G=yes
085947B0-G=yes
085946B0-G=yes
085945B0-G=yes
074AC080-G=yes
074ADF20-G=yes
085945D0-G=yes
085944D0-G=yes
085940B0-G=yes
08595F20-G=yes
08595E20-G=yes
090EFC90-G=yes
090EFB90-G=yes
090F8F20-G=yes
090F8E20-G=yes
090F8D20-G=yes
084EFF20-G=yes
08595720-G=yes
08595620-G=yes
084EFC20-G=yes
084EFB20-G=yes
084EFA20-G=yes
084EF920-G=yes
084EF820-G=yes
084EF720-G=yes
084EF620-G=yes
08596D20-G=yes
08596C20-G=yes
08596B20-G=yes
080DF140-G=yes
08596850-G=yes
08596750-G=yes
08596650-G=yes
08596550-G=yes
08596450-G=yes
08596350-G=yes
084F0B20-G=yes
084F0A20-G=yes
08596050-G=yes
08597E20-G=yes
08597D20-G=yes
08597C20-G=yes
08597B20-G=yes
08597A20-G=yes
08597920-G=yes
08597820-G=yes
08597720-G=yes
080DDBE0-G=yes
08597520-G=yes
090F9350-G=yes
090FA700-G=yes
090FA600-G=yes
090FA500-G=yes
080AB180-G=yes
08598F20-G=yes
08598E20-G=yes
08598D20-G=yes
08598C20-G=yes
08598B20-G=yes
085988D0-G=yes
085987D0-G=yes
085986D0-G=yes
085985D0-G=yes
085984D0-G=yes
085983D0-G=yes
085982D0-G=yes
085981D0-G=yes
085980D0-G=yes
08599F20-G=yes
08598A20-G=yes
0AAC5B20-G=yes
075A5EC0-G=yes
075A53F0-G=yes
075A52F0-G=yes
07E8CCB0-G=yes
07E8CBB0-G=yes
07E8CAB0-G=yes
07E8C9B0-G=yes
084712B0-G=yes
08471C20-G=yes
08472F20-G=yes
08472E20-G=yes
08472D20-G=yes
08472C20-G=yes
08472B20-G=yes
08472A20-G=yes
0859AB20-G=yes
090FDF20-G=yes
090FDE20-G=yes
090FC820-G=yes
090FDB60-G=yes
090FDA60-G=yes
090FD960-G=yes
090FD860-G=yes
090FD760-G=yes
0859A160-G=yes
0859A060-G=yes
0859BF20-G=yes
0859BE20-G=yes
0859A820-G=yes
0859BB30-G=yes
0859BA30-G=yes
0859B930-G=yes
084F4230-G=yes
084F4130-G=yes
0859B630-G=yes
074B3330-G=yes
0859B430-G=yes
0859B330-G=yes
0859BD20-G=yes
0859CF20-G=yes
0859CE20-G=yes
0859CD20-G=yes
0859CC20-G=yes
0859CB20-G=yes
0859CA20-G=yes
0859C920-G=yes
0859C820-G=yes
0859C720-G=yes
080E2CF0-G=yes
0859B130-G=yes
0859B030-G=yes
0859C3E0-G=yes
0859C2E0-G=yes
0859C1E0-G=yes
0859C0E0-G=yes
0859DF20-G=yes
0859DE20-G=yes
080E2360-G=yes
07E8BE50-G=yes
07E8BD50-G=yes
07E8BC50-G=yes
07E8BB50-G=yes
084756C0-G=yes
07E8B410-G=yes
07E8B310-G=yes
07E8B210-G=yes
084F7D20-G=yes
0859D2C0-G=yes
07D5E8A0-G=yes
09100F20-G=yes
07F232E0-G=yes
09101F20-G=yes
0859ED20-G=yes
09101D20-G=yes
07D70D20-G=yes
09101B20-G=yes
09101A20-G=yes
09101920-G=yes
091002C0-G=yes
091001C0-G=yes
07D70470-G=yes
09101470-G=yes
0859E270-G=yes
0859E170-G=yes
0859E070-G=yes
0859FF20-G=yes
0859FE20-G=yes
0859FD20-G=yes
07EF8B30-G=yes
07EF8A30-G=yes
0859F940-G=yes
0859F840-G=yes
0859F740-G=yes
0859F640-G=yes
0859F540-G=yes
0859F440-G=yes
0859F340-G=yes
0859F240-G=yes
096E8880-G=yes
09102C20-G=yes
09103F20-G=yes
096E8580-G=yes
096E8480-G=yes
09103C20-G=yes
09103B20-G=yes
09103A20-G=yes
085A0420-G=yes
085A0320-G=yes
09102240-G=yes
09102140-G=yes
085A0F20-G=yes
085A0E20-G=yes
085A0D20-G=yes
085A1BF0-G=yes
07E30660-G=yes
07E30560-G=yes
085A18F0-G=yes
085A17F0-G=yes
085A1F20-G=yes
085A1E20-G=yes
085A1D20-G=yes
085A13A0-G=yes
085A12A0-G=yes
085A11A0-G=yes
085A10A0-G=yes
0856AF20-G=yes
07E57AE0-G=yes
0856AD20-G=yes
085696F0-G=yes
07ECC820-G=yes
07ECC580-G=yes
07ECC2E0-G=yes
07ECC040-G=yes
085A26A0-G=yes
085A25A0-G=yes
085A24A0-G=yes
085A23A0-G=yes
085A22A0-G=yes
085A21A0-G=yes
085A20A0-G=yes
085A2C20-G=yes
085A2B20-G=yes
085A2A20-G=yes
085A3B80-G=yes
07EA54C0-G=yes
07EA53C0-G=yes
085A3880-G=yes
085A3780-G=yes
085A32B0-G=yes
085A31B0-G=yes
085A30B0-G=yes
085A3F20-G=yes
085A3E20-G=yes
085A3D20-G=yes
085A4F20-G=yes
085A4E20-G=yes
085A4D20-G=yes
085A4C20-G=yes
085A3680-G=yes
085A3580-G=yes
085A3480-G=yes
085A4730-G=yes
085A4630-G=yes
085A4530-G=yes
085A4430-G=yes
097985A0-G=yes
085A4230-G=yes
09798200-G=yes
09799F20-G=yes
09799C80-G=yes
07FC5650-G=yes
07FC53B0-G=yes
07FC5110-G=yes
07FC4E50-G=yes
085A5D20-G=yes
085A5C20-G=yes
085A5B20-G=yes
085A5A20-G=yes
080CF220-G=yes
080CF120-G=yes
080C71E0-G=yes
080C70E0-G=yes
085A5520-G=yes
085A5420-G=yes
085A5320-G=yes
080D0C20-G=yes
080D0B20-G=yes
080D0A20-G=yes
080D0920-G=yes
080D0820-G=yes
080D0720-G=yes
080D0620-G=yes
080D0520-G=yes
080D0420-G=yes
080D0320-G=yes
080D0220-G=yes
080D0120-G=yes
080D1F20-G=yes
080D1E20-G=yes
080D1D20-G=yes
080D1C20-G=yes
07F26720-G=yes
080D1A20-G=yes
080D1920-G=yes
080D1820-G=yes
080D1720-G=yes
080D1620-G=yes
080D1520-G=yes
080D1420-G=yes
080D1320-G=yes
080D1220-G=yes
080D1120-G=yes
080D2F20-G=yes
080D2E20-G=yes
080D2D20-G=yes
080D2C20-G=yes
08597420-G=yes
0859F140-G=yes
080D2920-G=yes
080D2820-G=yes
080D2720-G=yes
080D2620-G=yes
080D2520-G=yes
080D2420-G=yes
080D2320-G=yes
080D2220-G=yes
080D2120-G=yes
080D3F20-G=yes
080D3E20-G=yes
080D3D20-G=yes
080D3C20-G=yes
080D3B20-G=yes
080D3A20-G=yes
080D3920-G=yes
080F9470-G=yes
080D3720-G=yes
080D3620-G=yes
080D3520-G=yes
08500120-G=yes
0914DE20-G=yes
09EF4530-G=yes
09EF4430-G=yes
080D4F20-G=yes
080D4E20-G=yes
080D4D20-G=yes
09F30510-G=yes
09F30410-G=yes
09F30310-G=yes
09F30210-G=yes
080D4820-G=yes
080D4720-G=yes
080D4620-G=yes
080D4520-G=yes
080D4420-G=yes
080D4320-G=yes
080D4220-G=yes
080D4120-G=yes
080D5F20-G=yes
080D5E20-G=yes
080D5D20-G=yes
080D5C20-G=yes
080D5B20-G=yes
080D5A20-G=yes
080D5920-G=yes
080D5820-G=yes
080D5720-G=yes
080D5620-G=yes
080D5520-G=yes
080D5420-G=yes
080D5320-G=yes
080D5220-G=yes
080D5120-G=yes
080D6F20-G=yes
080D6E20-G=yes
080D6D20-G=yes
080D6C20-G=yes
080D6B20-G=yes
080D6A20-G=yes
080D6920-G=yes
080D6820-G=yes
080D6720-G=yes
080D6620-G=yes
080D6520-G=yes
080D6420-G=yes
080D6320-G=yes
080D6220-G=yes
080D6120-G=yes
080D7F20-G=yes
080D7E20-G=yes
080D7D20-G=yes
080FB470-G=yes
09F2EB20-G=yes
09F2EA20-G=yes
09F2E920-G=yes
080D7820-G=yes
080D7720-G=yes
080D7620-G=yes
09F2E520-G=yes
09A92A20-G=yes
09F2E320-G=yes
080E8F20-G=yes
080E8E20-G=yes
080E8D20-G=yes
080E8C20-G=yes
080E8B20-G=yes
080E8A20-G=yes
080E8920-G=yes
07F3D830-G=yes
080D8920-G=yes
07F3EF20-G=yes
07F3EE20-G=yes
080D8620-G=yes
07F3EC20-G=yes
08507720-G=yes
08B80760-G=yes
08B80660-G=yes
091F4720-G=yes
0930BDC0-G=yes
0930A240-G=yes
0AA4F100-G=yes
0AA50F20-G=yes
08BBE9C0-G=yes
08BBE8C0-G=yes
08BBCF20-G=yes
08BBCE20-G=yes
08BBCB80-G=yes
08BBCA80-G=yes
080D9520-G=yes
080D9420-G=yes
080D9320-G=yes
08BBC4E0-G=yes
08BBC3E0-G=yes
080DAF20-G=yes
080DAE20-G=yes
0AA34CA0-G=yes
0AA34BA0-G=yes
0AA34900-G=yes
0AA34800-G=yes
080DA920-G=yes
080DA820-G=yes
0AA34360-G=yes
0AA34260-G=yes
0AA35F20-G=yes
0AA35E20-G=yes
080DA320-G=yes
080DA220-G=yes
0AA35980-G=yes
0AA35070-G=yes
0AA36D80-G=yes
0AA36C80-G=yes
080DBC20-G=yes
080DBB20-G=yes
09EEBCD0-G=yes
08440AE0-G=yes
08440950-G=yes
08440850-G=yes
08440750-G=yes
08440650-G=yes
08440550-G=yes

[Digest]
1=HzpkqQ6zQz4FZyLhZLlPncAp/ac=
