[CrateRules]
WoodCrate=HealBase

[CombatDamage]
BridgeStrength=100

[ORCATRAN]
Speed=22

[REDLAMP]
LightVisibility=3000
LightIntensity=0.1
LightRedTint=1.5
LightGreenTint=0.01
LightBlueTint=0.01

[GALITE]
LightVisibility=2000
LightIntensity=0.5
LightRedTint=0.05
LightGreenTint=0.05
LightBlueTint=0.01

[AudioVisual]
AllyReveal=no

[SpecialFlags]
TiberiumGrows=yes
TiberiumSpreads=yes
TiberiumExplosive=yes
DestroyableBridges=yes
MCVDeploy=no
InitialVeteran=no
FixedAlliance=no
HarvesterImmune=no
FogOfWar=no
Inert=no
IonStorms=no
Meteorites=no
Visceroids=no

[Briefing]
1=Commander, intel has just intercepted Nod transmissions from this sector.
2=We believe Nod is setting up a staging base to launch attacks on GDI
3=forces. GDI command wants you to take them out.@@Using the units
4=provided, destroy all Nod units and structures in the sector. Good luck,
5=commander!

[Basic]
RequiredAddOn=0
SpeechSide=GDI
NextScenario=Maps\Missions\tsdemo2.map
AltNextScenario=Maps\Missions\tsdemo2.map
Name=Tutorial 1: Initiation
NewINIFormat=4
CarryOverCap=0
EndOfGame=yes
SkipScore=no
OneTimeOnly=yes
SkipMapSelect=yes
Official=yes
IgnoreGlobalAITriggers=no
TruckCrate=no
TrainCrate=no
Percent=0
Player=GDI
Intro=<none>
Brief=<none>
Win=<none>
Lose=<none>
Action=<none>
PostScore=<none>
PreMapSelect=<none>
Theme=No theme
CarryOverMoney=0.000000
TimerInherit=no
FillSilos=no
StartingDropships=0
HomeCell=98
AltHomeCell=98
MultiplayerOnly=0
TiberiumGrowthEnabled=yes
VeinGrowthEnabled=yes
IceGrowthEnabled=yes
TiberiumDeathToVisceroid=no
FreeRadar=no
InitTime=10000

[VariableNames]
0=Sunset,0
1=lights on,0
2=det bridge,0
3=eng msg,0
4=scatter,0

[Lighting]
Ambient=1.000000
Red=1.000000
Green=1.000000
Blue=1.000000
Ground=0.000000
Level=0.000000
IonAmbient=1.000000
IonRed=1.000000
IonGreen=1.000000
IonBlue=1.000000
IonGround=0.000000
IonLevel=0.000000

[Houses]
0=GDI
1=Nod
2=Neutral
3=Special
4=CivA
5=CivB
6=CivC
7=CivD

[GDI]
Credits=0
Edge=North
ActsLike=0
TechLevel=3
IQ=0
PlayerControl=yes
Allies=GDI,Neutral,CivA,CivB,CivC,CivD
Color=Gold
Side=GDI
PercentBuilt=0
NodeCount=0

[Nod]
Credits=0
Edge=North
ActsLike=1
TechLevel=1
IQ=0
PlayerControl=no
Allies=Nod,Neutral,Special,CivA,CivB,CivC,CivD
Color=DarkRed
Side=GDI
PercentBuilt=0
NodeCount=0

[Neutral]
Credits=0
Edge=North
ActsLike=0
TechLevel=1
IQ=0
PlayerControl=no
Allies=GDI,Nod,Neutral,CivA,CivB,CivC,CivD
Color=Grey
Side=Civilian
PercentBuilt=0
NodeCount=0

[Special]
Credits=0
Edge=North
ActsLike=0
TechLevel=1
IQ=0
PlayerControl=no
Allies=Nod,Special
Color=Grey
Side=Mutant
PercentBuilt=0
NodeCount=0

[CivA]
Credits=0
Edge=North
ActsLike=0
TechLevel=1
IQ=0
PlayerControl=no
Allies=GDI,Nod,Neutral,CivA,CivB,CivC,CivD
Color=LightBlue
Side=Civilian
PercentBuilt=0
NodeCount=0

[CivB]
Credits=0
Edge=North
ActsLike=0
TechLevel=1
IQ=0
PlayerControl=no
Allies=GDI,Nod,Neutral,CivA,CivB,CivC,CivD
Color=Yellow
Side=Civilian
PercentBuilt=0
NodeCount=0

[CivC]
Credits=0
Edge=North
ActsLike=0
TechLevel=1
IQ=0
PlayerControl=no
Allies=GDI,Nod,Neutral,CivA,CivB,CivC,CivD
Color=LightOrange
Side=Civilian
PercentBuilt=0
NodeCount=0

[CivD]
Credits=0
Edge=North
ActsLike=0
TechLevel=1
IQ=0
PlayerControl=no
Allies=GDI,Nod,Neutral,CivA,CivB,CivC,CivD
Color=Green
Side=Civilian
PercentBuilt=0
NodeCount=0

[Map]
Theater=TEMPERATE
Size=0,0,60,62
LocalSize=2,4,56,52

[Waypoints]
0=97052
1=104054
2=106073
3=114065
4=69113
5=60097
6=90047
7=89042
8=97039
9=35048
10=36069
11=27072
12=44072
13=47072
14=50072
15=41072
16=57068
17=82097
18=65031
19=61063
20=83045
21=63072
22=77063
98=98054
99=37038

[CellTags]
35053=09B0EF80
36052=09B0EF80
36053=09B0EF80
36054=09B0EF80
37052=09B0EF80
37053=09B0EF80
37054=09B0EF80
37055=09B0EF80
37065=0A093CF0
37066=0A093CF0
37067=0A093CF0
37068=0A093CF0
37069=0A093CF0
37070=0A093CF0
37071=0A093CF0
37072=0A093CF0
37073=0A093CF0
37074=0A093CF0
38052=09B0EF80
38053=09B0EF80
39053=09B0EF80
39057=071FFEC0
39058=071FFEC0
40052=09B0EF80
40053=09B0EF80
40057=071FFEC0
40058=071FFEC0
41055=071FFEC0
41056=071FFEC0
41057=071FFEC0
41058=071FFEC0
42056=071FFEC0
42057=071FFEC0
42058=071FFEC0
43055=09B0EF80
54071=06F432D0
54072=06F432D0
54073=06F432D0
54075=06F432D0
55070=06F432D0
55071=06F432D0
55072=06F432D0
55073=06F432D0
55074=06F432D0
55075=06F432D0
63071=0996CBB0
72047=0A1EACD0
93046=09A9A810
93047=09A9A810
93048=09A9A810
93049=09A9A810
94046=09A9A810
95046=09A9A810
96046=09A9A810
99049=09A9AC50
99050=09A9AC50
99051=09A9AC50
99052=09A9AC50
99053=09A9AC50
99054=09A9AC50
99055=09A9AC50
99056=09A9AC50
99057=09A9AC50
100049=09A9AC50
100057=09A9AC50
101049=09A9AC50
101057=09A9AC50
102049=09A9AC50
102057=09A9AC50
103049=09A9AC50
103050=09A9AC50
103051=09A9AC50
103052=09A9AC50
103053=09A9AC50
103054=09A9AC50
103055=09A9AC50
103056=09A9AC50
103057=09A9AC50

[IsoMapPack5]
1=0A4AIAABPAABAP//AAAABgA7AAIA//8AAEkBPCgpAD0oKwA6AAPhBDsoKQA8KCkAPSgpAD
2=7oAQIKADkABPkGOigpADsoKQA8KCkAPesBCgA+KCkAPygrADgABfEJOSgpADooKQA7KCkA
3=POsBCgA9KCkAPigpAD8oKQBAKCkAN0Ag3SA4KCkAOSgpADooKQA76wEKADwoKQA9KCkAPi
4=gpAD8oKQBAKCkAQSgrADYAB+0bNygpADgoKQA5KCkAOkkBPE41AApcNtgGbBAnKQA9QASU
5=GGQpJ1UAPyhVAEAoKQBBKCkAQigrADUACPkRNigpADcoKQA4KCkAOUgBdBFRGTpIAWUTAm
6=VKCFsiAAADZxMIAGJkBGwx3ApkEycpAD9YBt0VQCgpAEEoKQBCKCkAQygrADQACfEUNSgp
7=ADYoKQA3KCkAOEgBaBBRFDkoKQA6KCkAO0gBahcFBlsWCQBgcAV8FcgMfBUnKQA/TAUnvA
8=InVQBBKFUAQigpAEMoKQBEKCkAM0w3hwgGADQoKQA1KCkANigpADdIAXQRSRc4KCkAOSgp
9=ADooKQA7KCkAPEgBdRgBdRgKoCV0GCcpAD9ABI8QCgBAKCkAQSgpAEIoKQBDKCkARCgpAE
10=UoKwAyAAurDAYAMygpADQoKQA1KCkANkgBwRo3KCkAOCgpADkoKQA6KCkAOygpADxJAT1o
11=CG0bC/FLPlQCwRo/KCkAQCgpAEEoKQBCKCkAQygpAEQoKQBFKCkARigrADEADPkcMigpAD
12=MoKQA0KCkANUgBbBRdNjYoKQA3KCkAOCgpADkoKQA6KCkAOygpADxIAWYeAQZfmQwAX2AL
13=dDnbEQoAP0AE0R9AKCkAQSgpAEIoKQBDKCkARCgpAEUoKQBGKCkARygrADAADfEfMSgpAD
14=IoKQAzKCkANEgBbBRRHzVIAQERAQAASRc2SAHVAjcoKQA4KCkAOSgpADooKQA7KCkAPCgp
15=AD1IAXwgQVw+SAHRHz8oKQBAKCkAQSgpAEJJAV1zEAoAQ0kBQ6kBREgBzZRFSAHRCUYoKQ
16=BHKCkASCgrAC8ADukiMCgpADEoKQAyKCkAM0gBcA1JIjRIAWgiAQQGADXIAV2ONsgBAQYG
17=ADdIAc0FOCgpADkoKQA6KCkAOygpADwoKQA9SAF8mUl0PkgBwRo/KCkAQCgpAEFJAUV7DQ
18=oAQsgBUTVDSAF0I0kBREgBaC1RCUVIAdEJRigpAEcoKQBIKCkASSgrAC4AD+ElLygpADAo
19=KQAxKCkAMkgBdBFBJTMoKQA0KCkANUgBeCcBCQYANskBCm4mDwB0AgELBgA4VALFCDkoKQ
20=A6KCkAOygpADwoKQA9SAFsJlnXPsgBWdc/SQFBdAl+pA8AaAFJTkFUAmwmTQVCSAF8A10V
21=QygpAERIAWwmTQVFSAEnzATfIAoARyhVAEgoKQBJKCkASigrAC0AEPknLigpAC8oKQAwKC
22=kAMUkBT1wRAQQKADLIAVFLM0gBUAIihSc0KCkANSgpADZIAXknDmUpEIUpD2cpEADYXAZR
23=QDlABEQBZQg6KCkAOygpADwoKQA9KCkAPkgBcCpNED9IAXgnTSZAygEDBkEqEJgKWSdCVA
24=KNAQZMcydVAERUAmQIlE8nVQBGVALRKkcoKQBIKCkASSgpAEooKQBLKCsALAAR8SotKCkA
25=LigpAC8oKQAw6wEKADFJAUx0FH4rEQBoAVUjM1QCcAJVGDQoKQA1KCkANigpADdIAXAqXS
26=A4yAFdIDlIAcUIOigpADsoKQA8KCkAPUkBVnAFbsARAGgBXUw/VQJQtQJAyAFFE0FIAXAC
27=RRNCSgFfAlABfSsRXABLAAYARFQCfCtZEUXIAVleRkkBP1wDVS5HSAHJLUgoKQBJKCkASi
28=gpAEsoKQBMKCsAKwAS6S0sKCkALSgpAC4oKQAvSAF8DkEPMEgBwQ8xSAFpLQJ1LhKULk0m
29=M1QCjAUiHSUShAFZHDUoVQA2KCkAN0kBJlzQQQQ4yAFVIzlIAZ8GBgA6KCkAOygpADwoKQ
30=A9SAFoLU0QPkgBxRM/KCkAQEgBYDBJb0HIAVleQkkBXPcuEgBXqQFEVALBD0VIAWAwTQVG
31=SAF0Lk0xR8gBTTFISAHV00lIAcEPSigpAEsoKQBMKCkATSgrACoAE+EwKygpACwoKQAtKC
32=kALkgBhxMKAC8oKQAwSAHBDzFJAUtkBG4xEwBoAUUpM1QCcAJdKzQoKQA1KCkANigpADdI
33=AWwxSTg4yAFN4TlIAcUIOigpADsoKQA8KCkAPUkBYXAFZGDMGyIUJCcpAEBABGQTWUhByA
34=FRFEJIAScvBhMAn+8xEwBbqQFFQAR4ClUYRigpAEdIAXgyRTRISAHBD0lIAckiSigpAEso
35=KQBMKCkATSgpAE4oKwApABT5MiooKQArKCkALCgpAC1IAYcTCgAuKCkALygpADBIAdkRMU
36=gBcB9FVTLIAUktM0gBhAh1ZRSEAVkcNShVADYoKQA3KCkAOEgBcDUBBwYAOckBCHRlJwUB
37=O1QClAki7DQnVQA9VAIiyCpBMD5IAXgnSQE/SAHRFEBIAdEUQcgBURRCSAEnhwYUAFa5Mk
38=RUAskMRUkBXbUCRkgB2WlHSAHBBEhIAcEPSUkBPnsCCgBKSAHBD0soKQBMKCkATSgpAE4o
39=KQBPKCsAKAAV8TUpKCkAKigpACsoKQAsSAF8DkUeLSgpAC4oKQAvKCkAMEgBxRMxSQFOfA
40=ZmaxUAaAFRVjNUAnACUTU0KCkANSgpADYoKQA3KCkAOEgBfTYKfjYVAGkBC302FYwJAQAG
41=ADtABIwBfDYnVQA9VAJ4J0EPPkgBfDZVkT/IAVWRQEkBR3wGbvcVAM0xQlUCWLkyQ0gBJ2
42=cNFQBVtwJFABX9bUZIAcE7R0gBbAlZEUhIAcEPSUgBfDZBD0rIAUEPS0gBIvwgUSpMyAFV
43=3k1IAXAUVQJOSAHFKU8oKQBQKCsAJwAW6TgoKCkAKSgpACooKQArSAGHEwoALCgpAC0oKQ
44=AuKCkALygpADBIAc0QMSgpADJIAXQ5RcMzyAFNiTRIAYgMIh0wFoQBXSA2KFUANygpADhJ
45=AcRoBHY5FgBoAUU0OlUCBLHaO8gBVQI8SAFoBVEJPSgpAD4oKQA/SAFsJk0QQEgByThBSQ
46=FWsTVCSAHFCENIAcFyREgBwTtFKCkARigpAEdIAcFySEgBxQhJKCkASkgBYDtBD0tIAXQ5
47=TTxMyAFZf01IAWQTVQJOyAFFP09IAcHgUEgB3StRKCsAJgAX4TsnKCkAKCgpACkoKQAqSA
48=GHEwoAKygpACwoKQAtKCkALigpAC8oKQAwKCkAMUgB2REySQFjYwsKADNIASIgIE1SNMgB
49=WTI1SAF8A1kyNigpADcoKQA4SAFgO1EfOcgBSSI6SAFtPARmdhcAaAFZJzzVAgYiREC0Ak
50=G0PlUC1W8MBgA/yAFBD0BJAWChO0FIAdl0QkkBWbUCQ0gB1QJESAEnjQcXKMQOJykARyiB
51=AEhIAdV7SUgByehKSAFoEFkcSygpAEwoKQBNKCkATkgBeD1BGk9IASIUJE0mUEgB0SpRKC
52=kAUigrACUAGPk9JigpACcoKQAoKCkAKUgBmxEKACooKQArKCkALCgpAC0oKQAuKCkALygp
53=ADAoKQAxSAHRFDIoKQAzKCkANEgBcEBNfjXIAVkcNkgBmBEinTUYhAFBJTgoVQA5KCkAOi
54=gpADtIASXpLjxIAXBAXbo9yAFduj5IAWQ/TUc/yAFNR0BJAdJQDFFAQUkB10gBVQ1CyAFV
55=AkNIAXACVQJESAHVREVIAdFARigpAEdJAVihRkhIAcmFSUgBxQhKKCkASygpAEwoKQBNSQ
56=F+pQhOSAHZBk9IAWQ/SRdQyAFNflFJAUJnBAoAUsgBVb1TSQFAtwIkABnxQCUoKQAmKCkA
57=JygpAChIAXQGUUspKCkAKigpACsoKQAsKCkALSgpAC4oKQAvKCkAMCgpADEoKQAyKCkAM0
58=gB1UQ0SAHdgzVJAVJ/EQoANsgBTRs3SAFgRlEUOMgBRTQ5SAFoBUU0OigpADtIAdE1PEgB
59=1XA9KCkAPkgBybE/SAFwQF0rQMgBSUNBSAF8QVUCQsgBVQJDSQFjpTRESAHBD0VIAc3ARk
60=kBWqEER0gBwQRISQFitQJJSAHVAkpJAWG1AktIAd2DTEgBwQRNSQF/oQROSQF4qQFPSQF2
61=qQFQSAFoQ0FnUUgBfEFdFVLIAV0VU0gBfEFVAlTIAVcCIwAa6UMkKCkAJSgpACYoKQAnSA
62=GbEQoAKCgpACkoKQAqKCkAKygpACwoKQAtKCkALigpAC8oKQAwKCkAMSgpADIoKQAzSAEn
63=lAjLFwoANShVADYoKQA3KCkAOEgBYEZFjDnIAUElOkgBgBp9xRqEAU1HPFQCwUY9SAHdeD
64=5IAcF9P0gB2UhASAHRNUFJAR0kgSFCyAFNUkNIAYALIvZAGgDNPEVVAlq9NkZJAdFnBAYA
65=R8gBWQZISQH6tQJJyAFVAkrIAUk4S0gBaJtdFUzIAUEETUgBdAZVAk4oKQBPSQGBtQ1QSA
66=HBBFEoKQBSKCkAUygpAFQoKQBVKCsAIgAb4UYjKCkAJCgpACUoKQAmSAGXDQoAJygpACgo
67=KQApKCkAKigpACsoKQAsKCkALSgpAC4oKQAvKCkAMCgpADEoKQAyKCkAMygpADQoKQA1KC
68=kANigpADdIAd1MOEgB1ZE5SAHVkTrIAVWRO0kBUXwcIgZvGwBpAQEirSEbbAIiFVA+QATF
69=Sj9IAdnBQEgBiAwidzAbANt3BQYAQlQCaAFFCENJAfu1AkTIAVUCRUkBzLUCRsgBVQJHSA
70=F4SEl6SEgBbEdJAUnIAQEEBgBKyAFZXktIAWxHVQJMyAFVAk3IAQEGBgBOyAEBBwYAT0kB
71=/LUNUEgBfOZRS1HIAUEPUkgBfANVAlMoKQBUKCkAVSgpAFYoKwAhABz5SCIoKQAjKCkAJC
72=gpACVIAYsMCgAmKCkAJygpACgoKQApKCkAKigpACsoKQAsKCkALUgBJYFjLkgBaKZByi/I
73=AQgBCgAwABwAPwAAABEAADoPACAFAAoAMQAcAABgAAIKADIAHGEBAFUCMygpADQoKQA1KC
74=kANigpADdKAf//RwcKADgoKQA5KCkAOigpADtJAWNIBUkMPEkBUKkBPcgBAQEGAD5IAXAC
75=AQAGAD9KAVwCUwEGAEBJAVupAUFJAdtQAgECBgBCyAEBAwYAQ0kB+7UCRMgBVQJFSQHMtQ
76=JGyAFVAkdJAV2xCUhIAd0KSUgBSQUAQQ9KSQFhoQRLSAHBBExIAcEETUoBBAFfJAYATsgB
77=AQsGAE9JAfxEBFUYUEkB1UgBURRRyAFBD1JJARVYBkEEU0gBXAN1DVQoKQBVKCkAVigpAF
78=coKAABIAAdAIstBgAhKCkAIigpACMoKQAkSAGLDAoAJSgpACYoKQAnKCkAKCgpACkoKQAq
79=KCkAKygpACxJAUVjCwoALcgBQRouSQFCVAJFHi/IAUUeMEkBP7UCMckBA39MHQBiVAJRQD
80=NUAmQBSQE0KCkANSgpADYoKQA3KCkAOCgpADkoKQA6SAGXIwoAOygpADwoKQA9SQFQWg0E
81=Cl5MHQBpAQV/TB0AXrk9QEAEXAN5MkFJAR5QNV1BQsgBWRxDSAHBBERIAdlIRUkBVaUIRi
82=gpAEdJAVa1AkhIAdkGSUkBY7UCSkgB1QJLKCkATCgpAE0oKQBOSQF+uQZPSAHZBlAoKQBR
83=SAFwS1UuUsgBAQQGAFNJAYC5BlRJAXapAVVIAcUIVigpAFcoKQBYKCsAHwAe6U4gKCkAIS
84=gpACIoKQAjSAGfCgoAJCgpACUoKQAmKCkAJygpACgoKQApKCkAKigpACtJAV1jCwoALEgB
85=dE9dTC1JATJ3AgUALkkBjm8bBQAvKCkAMEkBM6EEMUgBYFFZPTJJATx3AgoAM0gBZAGVTx
86=6EAUkBNShVADYoKQA3KCkAOCgpADkoKQA6KCkAO0gBwVE8SAHJFz1JAUdwDHacHgDNRz9V
87=Ap9oF3ecHgBXqQFBVQLFrQVCyAGWTx4AwZNEVALZBkUoKQBGKCkAR0kBWrEJSEgBbAkBAA
88=YASSgpAEooKQBLKCkATCgpAE0oKQBOSQF/sQlPSQF4qQFQSAHFSlFIAXRPAQYGAFLJAQd2
89=Tx4AdAIBCAYAVFUCe7kGVUgB2QZWSAHFE1coKQBYKCkAWSgrAB4AH+FRHygpACAoKQAhKC
90=kAIkgBnwoKACMoKQAkKCkAJSgpACYoKQAnKCkAKCgpACkoKQAqSQFGYwsKACvIAVkyLEgB
91=wVEtSQEuYQQFTVIfYgEAAGxSJykAMEEEL30CBUXvH0RQTQEFRu8fAGxSVVozQARoAV2kNE
92=kBQVwDjlIfAGgBAQEKADZVAj61AjdIAWQBQQQ4KCkAOSgpADooKQA7SAEnTwofAEx/BgoA
93=PVQCaAFVGD5IAdntP0kBWLE1QEgB0ZhBSAFsUlEUQsgBUY1DSQEMXKRFCERJAWC5BkVIAd
94=lTRkgBxQhHSAF8DkFRSCgpAEkoKQBKKCkASygpAExJAVdcBlEfTUgBeLZFHk7IAUEPT0gB
95=XAN5tlBJAX2tEFFIAdUCUkgBYVEKbVIfjFJB9lRUAtVaVUkBd7kGVkgB2VNXSAHFCFgoKQ
96=BZKCkAWigrAB0AIPlTHigpAB8oKQAgKCkAIUgBnwoKACIoKQAjKCkAJCgpACUoKQAmKCkA
97=JygpACgoKQApSAHRjSpIAWRVUTUrSAHZUyxIAdlTLUgBjBBlVSCEAYRVJykAMCiBADFIAd
98=FWMkgBzaozSAFkVQEFBgA0SAF4U1UNNcgBSUM2SAFkVVUCN8gBVVo4SAHV/zlIAYcPCgA6
99=SAHZUzsoKQA8SAF5UwJlVSCQVl0KPlUCXrE1P0gBhAh2pyAA3VdBVALBqUJIAXhTTRBDyA
100=FFCERJAQuxVkVJAWCxCUZIASelCiCYCoRVJykASUAEmwIGAEooKQBLSAF4U1EUTMgBWRxN
101=SAHBGk5IAXBWAQQKAE/IAU0mUEgB1U9RSAHJTlJIAWVVDWVVIIVVDnanIADdFVVABM0QVk
102=gBzapXSAHFCFhIAcEEWSgpAFooKQBbKCsAHAAh8VYdKCkAHigpAB8oKQAgSAGdCgpBASGE
103=AVVwIlABjAFkrSdVACQoVQAlKCkAJigpACcoKQAoKCkAKUgBeD1dCirIAVV7K0kBi2U0BV
104=T/ywwFAC1UAoAPfFcnVQAvKFUAMCgpADEoKQAySAHJWTNJAY69CjQoKQA1KCkANkgBzV03
105=SAFoWV02OEkBYWcPCgA5SAHNPDooKQA7SAHVcDxJAUltBQZErdAUd/8hAGBgDyLvKSEAWa
106=kBQEwFyaZBKCkAQkgByVlDSAFwQJ1XIZxBAQQGAEXUAkUTRkgB3QpHSAEl3TJISAFoEElZ
107=SSgpAEpJAVh7AgoAS0kBXKkBTEgBwRpNKCkATkgBJdE2T0kBUa0FUMgBRTRRSQGBtRhSSA
108=F8A1UNU0gB3RVUyAFdFVXIAV0VVkgBxWBXSAHdr1hJAXqxCVlIAdEJWigpAFsoKQBcKCkA
109=G0ipixcGABwoKQAdKCkAHigpAB9IAZ8KCgAgKCkAISgpACIoKQAjKCkAJCgpACUoKQAmKC
110=kAJygpACgoKQApSAF0Wl2DKsgBSTgrSAEnVQsilBFdry1UAowBdFonVQAvKFUAMCgpADEo
111=KQAyKCkAMygpADQoKQA1KCkANkkBhX8rBQA3SAHNJjhJAWBkD3VaIrCCdLInKQA7QQRPoQ
112=Q8yQEBdFrQFHRaJykAP0AEaAVRQEBIAc1SQUgBwVxCSAElgSFDSAHBXERIAWFGB3VaIoBc
113=AQgGAEZVAthUCVUNR0gBRAF9/EgoKQBJKCkASkgBzXNLSAGNGwpYxicVA00oVQBOKCkAT0
114=kBSmMLCgBQyAFVDVFIAXACVRhSKCkAUygpAFRIAd0VVcgBXRVWSQHSXAZFCFdIASIYQEUI
115=WMgBVQJZSAFcA3UYWigpAFsoKQBcKCkAXSgrABoAI7syBgAbKCkAHCgpAB0oKQAeSAGLDA
116=oAHygpACAoKQAhKCkAIigpACMoKQAkKCkAJSgpACYoKQAnKCkAKEgBwZ4pSQFIZw8GACpI
117=ASXZIStIASXZISxIAXwDjV0jhAFJAS4oVQAvKCkAMCgpADEoKQAyKCkAMygpADQoKQA1KC
118=kANkgBJ6wLJ/kEOFQCbV0BbF3UAmxdJykAO0AEzUc8SAF4Xk33PckBBWxdyBdkuCcpAEBA
119=BIcaBgBBSQFicGwilEongQBDKFUAREgBzQVFSAFhXAJuXSMAaAFdg0dUAsEESCgpAEkoKQ
120=BKSAEi+CVR5UtIAd0VTCgpAE0oKQBOKCkAT0gBbF1VkVDIAVUNUUgB1Q1SKCkAUygpAFQo
121=KQBVSAFgXF0VVsgBRQhXSAFsXVUCWMgBVQJZSAFoZFleWkgByQxbKCkAXCgpAF0oKQBeKC
122=sAGQAk+V4aKCkAGygpABwoKQAdSAGLDAoAHigpAB8oKQAgKCkAISgpACIoKQAjKCkAJCgp
123=ACUoKQAmKCkAJygpAChJAU5nDwoAKcgBRR4qSQExdwIFACtJAS2pASxIAWQBWV4tKCkALi
124=gpAC8oKQAwKCkAMSgpADIoKQAzKCkANCgpADUoKQA2SQGFYFF0vSclBThUAs1HOUgBmBFk
125=YMMECgA7VALFSjxIAdX/PUkBVHAFIv5MJABoAU1oP1QCJU0gQMgBUR9BSAFoBU2fQigpAE
126=MoKQBEKCkARUoBHQFUBWZgJABoAUUIR1QCTAJ9pEgoKQBJKCkASkgBdBhJTkvJAQN3vSQA
127=P38GCgBNVALVGE5JAUS1Ak/IAUkMUEgBIuguVRhRSQFToQRSyAFVAlNIAc0bVMgBWQZVSQ
128=F+cyoGAFZIAXQGWRxXSAHVAlhIAXhehmAkAGgBAQQGAFrUAgEFBgBbSAHZBlwoKQBdKCkA
129=XigpAF8oKwAYACXxYRkoKQAaKCkAGygpABxIAYsMCgAdKCkAHigpAB8oKQAgKCkAISgpAC
130=IoKQAjKCkAJCgpACUoKQAmKCkAJygpACgoKQApSAFoZEGpKsgBXSArSAHJZCxIAclkLUgB
131=iBciFSQlhAFVZS8oVQAwKCkAMSgpADIoKQAzKCkANCgpADUoKQA2SAElHTA3SAElmS84SA
132=HFSjnIAUVKOkgBxUo7SAHFSjwoKQA9KCkAPigpAD9IAWQeQbRAyAFNR0FJAYCtR0JIASUp
133=TUNJAXS1AkRIASUpN0VJASP8YljwSAFFCEdUAo8iBgBIKCkASSgpAEooKQBLSAFgGkktTE
134=gBdBhVZU3IAU0bTkgBfGJVAk9IAXBhhsMlAGgBQQRRVALFHlIoKQBTSAHNG1TIAUUTVUkB
135=f7UYVkgBzRtXSQF5tQJYSAHJF1lIAX1iB31iJYlkCH1iJYDgUQlcQATZaV1IAdkGXigpAF
136=8oKQBgKCsAFwAm6WQYKCkAGSgpABooKQAbSAGfCgoAHCgpAB0oKQAeKCkAHygpACAoKQAh
137=KCkAIigpACMoKQAkKCkAJSgpACYoKQAnKCkAKCgpAClIAdGuKkkBUHQUIs5RJgBoAVUjLF
138=QCwWctSQGIfCt2ZSYAyQEvKFUAMCgpADEoKQAySAHdbTNIAWQMUWw0KCkANSgpADYoKQA3
139=SAHBZzhIAcFnOUgB3Uw6SQE/VAlFSjvIAVlIPEgBUQIAUWE9SAHFSj4oKQA/KCkAQEgBcE
140=tJhUHIAV1XQkgBhAgit28mAH9nHgYARFUCdakBRUgBdGVBD0bIAV2vR0gB2QZIKCkASSgp
141=AEooKQBLKCkATCgpAE1JAT9ICE0QTkgBJdU8T0gBJdU8UEgBwRpRKCkAUigpAFMoKQBUSA
142=HNG1XIAV0KVkgBJa0sV0gB0SpYSQGCrRtZSAFIEG3hWkgBIo0oAnVlJpRlWRxcVQJ9rQVd
143=SAHNBV4oKQBfKCkAYCgpAGEoKwAWACfhZxcoKQAYKCkAGSgpABpIAYsMCgAbKCkAHCgpAB
144=0oKQAeKCkAHygpACAoKQAhKCkAIigpACMoKQAkKCkAJSgpACYoKQAnKCkAKCgpACkoKQAq
145=KCkAK0gBbGhRSyzIAUEwLUgBizgGAC4oKQAvKCkAMCgpADEoKQAySAHVcDNIAdlpNEgBly
146=MFADUoKQA2KCkANygpADhJAYV/NgUAOUgBzRA6KCkAO0gB1U88SAFwbIxo0DUiJCYnKQA/
147=QASHCAoAQEgBwYhBSAFkHlkGQsgBBQEGAEMAJwAAEQAAGhAAIAkAAAAABgBEACcAfQKIAQ
148=lFACcAIwEAAAQGAEbIAQEFBgBHSQEzoQRIyAEBAQYAScgBAQIGAEpIAVwHcQlLKCkATCgp
149=AE0oKQBOSQFgcwUKAE9KAf//TwEKAFAoKQBRKCkAUigpAFNJAUZIBQEACgBUyAFNEFVJAT
150=J3AgUAVkkBLqkBV0kBL6kBWEkBjmsXBQBZSQEztQJaSQHFawEGAFvIAVEJXEkBf28FBgBd
151=SQF0qQFeSQF2qQFfSAF0BgEABgBgKCkAYSgpAGJIAYAaAwYAFQAoAMkBFigpABcoKQAYKC
152=kAGUgBnwoKABooKQAbKCkAHCgpAB0oKQAeKCkAHygpACAoKQAhKCkAIigpACMoKQAkKCkA
153=JSgpACYoKQAnKCkAKCgpACkoKQAqKCkAK0kBT3sYCgAsyAFRKi1IAd0gLigpAC8oKQAwSQ
154=FXWAYBAQoAMUkBUEgBTTwyyAFFCDNJATF3AgUANEkBiG8xBQA1KCkANigpADcoKQA4SQEw
155=uQY5SAHVRDpIAd1BO0gB3UE8SQE8TAVJWT3IAQEDCgA+SQE+VAJZET9IAZcYCgBAKCkAQS
156=gpAEJIAWgXAQQKAEPIAQEFBgBESQGBfxUGAEVIAWVrBmZrKABpAQdnaygAOVxtRUpIQARp
157=AQFka7QCWRFKVAJoEEEESygpAEwoKQBNKCkATkkBYFAFRSlPSAHdFVAoKQBRKCkAUkkBXU
158=wFTRtTSAFka1UNVEgBcAJVDVVJAYtoF2drKAB8qQFXVQJ4qQFYSQF6qQFZSQGFqQFaSQHF
159=SAhRCVvIAQEDBgBcSQHYVAJNG11IAdFsXkkBd3sGBgBfSAHRbGBIAUgFbYlhSAGXGAYAYk
160=gBnxUGAGNIAZwVAgIAFAAp8WwVKCkAFigpABcoKQAYSAGfCgoAGSgpABooKQAbKCkAHCgp
161=AB0oKQAeKCkAHygpACAoKQAhKCkAIigpACMoKQAkKCkAJSgpACYoKQAnKCkAKCgpACkoKQ
162=AqKCkAKygpACxIAWhvVU8tyAEBBQYALkgB2ScvSAFwbAECCgAwyAFBXDFIAYMECgAySAHd
163=VzPIAUUINEgBgQQGXG0nqQU2KFUANygpADgoKQA5SAHNRzpJASdvPAUAO0gB1bI8SAHJbz
164=1JATxcMlUNPkgBfG1NRz/IAVEUQEkBQEAERVVByAFBXEJJAUh1AgZdbSlctUwBf20pAKtE
165=AV1XRUAEaAFJTkZJASyxbEfIAVUCSMgBVQ1JyAFFVUrIAUHgS0kBqrEJTEgBZAFdCk0oKQ
166=BOSAFoF0UTT0gBgCVk2cMlCgBRKFUAUkkBTWsICgBTyAFNEFRIAcGTVUgB2ddWSAGf8QUA
167=V0kBLHsGBQBYSAHNn1lIAcmbWkkBfnwrZtkpAHBsQRpcVAJoAUEaXUgBhxMGAF4oKQBfSA
168=GIDGXZKWAMvG3IF39tKQBMfAJ8bagBAQECAGRYBpAJAgIAEwAq6W8UKCkAFSgpABYoKQAX
169=SAFsCUElGCgpABkoKQAaKCkAGygpABwoKQAdKCkAHigpAB8oKQAgKCkAISgpACIoKQAjKC
170=kAJCgpACUoKQAmKCkAJygpACgoKQApKCkAKigpACsoKQAsSQFjfxwKAC1JAVKpAS7IAVFW
171=L0kBXLUCMEgBhCl03sQpdXAqWJtHBAoAM0EEVEQBTSY0yAFFCDVJAVG1AjbIAVlIN0gBkw
172=kGADgoKQA5SAHd5jpIAc1HO0kBLWcIBQA8SAHBcj1IAdniPkgBzXM/SQE+TAVNc0BIAXRw
173=UUtByAFRS0JJAbFABF1iQ8gBVURESAFqbwICVd4qgHIBAwIARlQCdHABBQIAR8gBTeFIyA
174=FN4UnJAQgiPikqAGwFAQkCAEtUAnRwUQlMyAFBD01JAWKhD05IAXRwRRNPyAFVhlBJAUFg
175=BHZwKgBoAVknUlUCR3UCBlVwKlCeTwEFAFRUAslvVUkBfHhpd94qAHWpAVdVAoWpAVhJAY
176=BrAQYAWUgBJY0oWkkBebUCW0kBxlkKAHbeKgBoAUU0XVQCnAp2cCoAiOh03sgMdHDTQAYA
177=YUwF1TliSAF0cE0bY8gBRSlkSAGDBAIAZSgrABIAK+FyEygpABQoKQAVKCkAFkgBbBRRSx
178=coKQAYKCkAGSgpABooKQAbKCkAHCgpAB0oKQAeKCkAHygpACAoKQAhKCkAIigpACMoKQAk
179=KCkAJSgpACYoKQAnKCkAKCgpACkoKQAqKCkAKygpACwoKQAtKCkALigpAC8oKQAwKCkAMS
180=gpADIoKQAzKCkANEgBjzEKADVIAdl/NkkBU2MsCgA3yAFVTzhIAWzsVS45yAFJQzpIAYUI
181=BkfkKwAxeAZtcytQiE8BBQA9QQQjc0sFAD5IAcFRP0gBWAN5tkAoKQBBSAElmSRCSAFucw
182=ICR+QrAE5j4AIARFQCaQEBb3MrAFW1AkZUAn1tCm1zK4hvAQsCAEjUAgEMAgBJyAEBDQIA
183=SskBDm9zKwBZpQhMVAJ4dAEFAgBNSQGnaxMGAE5IAWQBUWFPSQE8TAEBBQYAUEkBQUgBVV
184=pRyAFJelJJATJWAgAFT3MrAC6pAVRVAnyxH1VJAXKpAVZIASdvDisAL60FWFUCM6kBWUkB
185=gW8FBgBaSQH0VQIBZuQrAGgBQQ9cVAJsc0EPXUgBzeFeSAHNMV9IASWdKmBIAcF9YUgBI9
186=ArZeQrUJNAC2TkqQEBZOTUcGxzJykAZlgGnwoCABEhcDSLAQYAEigpABMoKQAUKCkAFUgB
187=QQwAQUYWKCkAFygpABgoKQAZKCkAGigpABsoKQAcKCkAHSgpAB4oKQAfKCkAICgpACEoKQ
188=AiKCkAIygpACQoKQAlKCkAJigpACcoKQAoKCkAKSgoAEy9lBxYHExP6QEsQASAJXXpLPUC
189=LlQCjQEKVD4nVQAwKFUAMSgpADIoKQAzKCkANEgB3Qo1KCkANigpADcoKQA4KCkAOUkBUE
190=QPAQQKADrIAUlZO0gBkQkGVuksACXRKz1VAiZ0T2d2LACFqQE/VAJACKR2yRcGR9MsANZj
191=BAYAQkAEaAFZSENIAXh0UXdEyQEDZ3YsAFG9bUZUAmgBTQVHSQFQtQJIyAFVAklIAWUIAG
192=V2LJh/VQJLVALNBUzIAVUCTUgBZHZVDU7IAV1iT0kBYmAWZHYnvQJRVAJwAkl6UkgBxR5T
193=SAHZdFRIAdl0VSgpAFZIASOsNyJOKywAjGgiTCsndQRZQARsc0EPWskBBGV2LIV2BXXpLP
194=3bXUEEe60mXkgBJeE4X0gBzTFgSQGBoQRhSAHdFWJJAUtMAVl/Y8gBUSpkSAGYBmR2ywwC
195=AGZUAkkFAFknZ0kB80wBQSUQTLKNBQZdeC35ERIoVQATKCkAFEgBVAZxdxUoKQAWKCkAFy
196=gpABgoKQAZKCkAGigpABsoKQAcKCkAHSgpAB4oKQAfKCkAICgpACEoKQAiKCkAIygpACQo
197=KQAlKCkAJigpACdIAZMfCgAoKCkAKSgpACooKABw180FLChVAC1IAckiLigpAC8oKQAwSA
198=HZBjFIAc0FMigpADNIAcEENEgBwQQ1KCkANigpADcoKQA4SAHZBjlJAU58Bn14LUTUAQAA
199=AQZE7yc1BzxBBIptRwVF7y1MP1AFf3gtADBEAVXTP0EEMqkBQEgBxc5BSAFwd1FLQsgBUU
200=tDSQFPrXNEyAFZSEVIAXB3XW1GyAFNBUdIAWxzVQJIyAFVAklIAXx4VQJKyAFVAktIAc0F
201=TMgBVQJNSAHd8U5IAWh6XfFPSQFefBV9eC0m0StRVAIlxS9SSAHZ7VNIAYRrIlYsLQDFdl
202=VUAiN4KyJULCdJBFdVAoihJVhIAdUjWUgBfXgGZe8tkXcHf3gtAIBsBX54LQDV6V1MBYgM
203=IlQs1A0iVSwtvIMiVCwnWQZhTQVGtRhiyAFFKWNIAZyOZu8tAISBfXgtZAVxd2ZABHB3XS
204=BnyAEBBgIAaMgBAwcCAA8ALv14ECgpABEoKQASKCkAE0gBgwsKABQoKQAVKCkAFigpABco
205=KQAYKCkAGSgpABooKQAbKCkAHCgpAB0oKQAeKCkAHygpACAoKQAhKCkAIigpACNIAdleJC
206=gpACUoKQAmKCkAJygpAChIASMTKQoAKUkBQmseCgAqywEBCgAidSY/tQIsVALJDC0oKQAu
207=KCkALygpADAoKQAxKCkAMigpADMoKQA0KCkANSgpADYoKQA3SAFoEAEACgA4SAHNEDkoKQ
208=A6SAFgfUH2O8gBVcg8SAEndw8uAIRvUgUAPlQCkwkGAD9IASUNLkBIAdVaQUkB1WwFdvQu
209=AGgBVU9DVAJ1ewIiXi0uAGgBVXBFVQJSrX5GyAFNBUfIAUHKSMgBVQJJSAF4BlUCSsgBVQ
210=JLSAF8g1UCTMgBVQJNSQFNvQpOyAFVAk9IAXR7UZhQSAHd8VFIAZ9iBQBSSAEjvDkiXi0u
211=AN14VFQCj/oFAFVIAd14VkgBxR5XSAHJIlgoKQBZSAF1ewl1ey6Vewp0e5qHAAB2ey4AJT
212=EtXUwFmDJ1ey4miU5fVQJBYAt2ey4AaAFJF2FVAkZUAkUpYkgBixcCAGNJAXJ0LnZ7LgAj
213=xC93ey4Ay0wFVSNmQARoAQEBAgBnSAFhfQt0e9sRAgBpVAJoBU8FDgAv4X0PKCkAECgpAB
214=EoKQASSAGbBgoAEygpABQoKQAVKCkAFigpABcoKQAYKCkAGSgpABooKQAbKCkAHCgpAB0o
215=KQAeKCkAHygpACAoKQAhKCkAIkgBiy0KACMoKQAkSAHdeCVJAUJnGgoAJsgBXXgnSQFDtQ
216=IoSQFHaQEGTn4vAGwFRdkqVAJqAQMGTX4vTGNJqgZI4qkBAyJmLi8AI40oCkAt3CsiZC4n
217=KQAwRAjNEDFJAUBoDCKeSy8AaAFNEDNUAmgMXXg0yAFVAjVIASLkSVUCNkgBzRs3KCkAOC
218=gpADlIAWxHTQU6yAFFSjtJATJ3DQUAPEkBOakBPUkBOKkBPkkBjXFLBV4aLwDZ+EBUAnwD
219=SVlBSQHTYARufi8AaAFdTENUAmXvAG5+LwBoAVUCRVQCbX4CIp5LLwBpAQMiLD2oAVUCSM
220=AEVQJJSAFsflUCSsgBVQJLSAFsflUCTMgBVQJNSAFsflUCTsgBVQJPSQFfdBRn+i8Ai3MU
221=BQBRVQKBqQFSSAHVe1NIAdV7VEgB1XtVSAFgCFkcVkgBYGcBAQYAV8gBRT9YyAFFP1nJAQ
222=Rtfi+Nfg1sfiPUPa9+LwCBYA8i33QvAERgC2x+qAFVI19FCEFUAlUYYMgBVRhhSAHBfWJJ
223=AXJkCG1+LyTYIW5+LwAnzw8vAMulCGZMBWgBRQhnSAFRAgBNMWgoKQBpKCkAaigrAA0AMP
224=l/DigpAA8oKQAQKCkAEUgBnwoKABIoKQATKCkAFCgpABUoKQAWKCkAFygpABgoKQAZKCkA
225=GigpABsoKQAcKCkAHSgpAB4oKQAfKCkAICgpACEoKQAiSAHVZSNIAclvJEgB1HsKJQAwAE
226=IAAAACBgAmABEAAPkQACAAAzAAQgAAAAMGACcAMABDAAAAAQYAKEgBRAECAAAGAClJATJv
227=AQUAKkoBjQJPAQUAK0kBM0QBAQAFACxJAT9IAQEFBgAtSQE8SAEBAAoALkoB//9PAQoAL0
228=kBREQBVQIwyAFJDDFJAUBUAgECBgAyyAEBAwYAM0gBeBFVAjTIAVUCNUkBPq0FNsgBAQMK
229=ADdJAUFUAl0KOMgBAQEKADlJAUZUAkUIOkgByRc7SQE5VAJdFTxJATCpAT1JATGpAT5JAS
230=2pAT9JAYS5HEBIAZcYBgBBSQHTVAJdCkLKAQMCXCUHMABQAQAAAgIARFQCaAFVAkVJAU5U
231=AgEAAgBGyAEBAQIAR8gBVQJIyAFVAklJAVKtBUrIAVUCS0kBTbUCTMgBSQxNSQFZtQJOKC
232=kAT0kBX0gXUSpQSAHBGlFJAYhcFUUeUkgBxR5TSAFIBWE7VCgpAFVJAfNYAkk4VsgBAQYG
233=AFfIAQEHBgBYyAEBCAYAWcgBAQkGAFpJAV1YBlVEW0kBQqkBXMgBWRFdSAFkPwECAgBeSQ
234=F8exECAF9JAXSpAWAoKQBhSQF3tQJiSQF5qQFjSAF4Ck0mZEkBgbUCZUkBxnsCAgBmyAFN
235=JmdIAXACTQVoKCkAaSgpAGooKQBrKCgAAQwAMQDNPA0oKQAOKCkADygpABBIAYsMCgARKC
236=kAEigpABMoKQAUKCkAFSgpABYoKQAXKCkAGCgpABkoKQAaKCkAGygpABwoKQAdKCkAHigp
237=AB8oKQAgKCkAISgpACJIAYceCgAjSQFOZxoKACTIAQEBBgAlSAFwAkE7JkgBzWgnSAHNfi
238=hIAcEEKUgByU4qSQEpeAJ/gzEAOKkBLFQC2QYtSQE8VAJNaC7IAV14L0gBlUQGUTIxVIFF
239=BAVPAjEAjnk9BUQCJykAM1wC1QI0KCkANUgByQw2SAFohUlZN0kBQUwJVQ04yAFNiTlIAV
240=ACZWA6SAHJFztIAclkPEkBXWMPBgA9SQFXqQE+SQGKawEFAD9JAS9rCAUAQEgBwQ9BSQG6
241=dwIGAELJAQF/gzEAV6V2RFUCWKkBRUgBfINdYkbIAVWGR8gBVQJIyAFVAklIAXyDVQJKyA
242=FVAktIASd+EDEA0YJNVALJAU5JAVq5EU/IAUE7UEgBcAJBO1EoKQBSSAF4f0EEU8gBTSZU
243=yAFNJlXIAQEEBgBWyQELfIOQJ2UpWFQC3QpZSQFFbAF+gzEAaAFdIFtVAkJUAgECAgBcyA
244=FVGF1JAXxwKn6DMQDZf19UAskBYEgBxYFhSAFBCABVe2JJAdFvAQIAY8gBSQxkSQHMtQJl
245=yAFVAmZIAWiFVQ1nSAF8A0UIaEkBfqEPaUgB1QJqSAGPXQEAa0gBn0wBAGwoKQALSFGDZw
246=YADCgpAA0oKQAOKCkAD0gBnwoKABAoKQARKCkAEigpABMoKQAUKCkAFSgpABYoKQAXKCkA
247=GCgpABkoKQAaKCkAGygpABwoKQAdKCkAHigpAB8oKQAgKCkAISgpACJIAZAfdYYyqKZ2hj
248=IAYogEClSGqAFJbyZMBdVlJ0kBKGMhBQAoSAGfKwUAKUkBjGAwIlYhMgDJAStVAi6tBSxI
249=AdFsLUgB0WwuSQE8QARJDC9IAdEJMEgB2AZ4h4jSdYYyRHFyBQAzQQRCRAEBAQUANEkBYk
250=gBWeI1SAHJDDZIASVlIzdIAYU/BUGYMkgHUwUFADlUAkABbV06KCkAOygpADxJAVxgGneG
251=MgBWqQE+VQKLaAF0hpUVAEEPQFUChbUCQUgBkSoGThUyAGCIUWxDVAJpAQUiVSEy9XtFVA
252=LNfkbIAUFcR8gBVVpIyAFVAklIAcWBSkgBeAYBAgIAS0gB1QJMKCkATUkBV1AbWX9OSAF0
253=hll/T0gBUAJlHlAoKQBRSAFohQEFBgBSyAEBBgYAU8gBAQcGAFTIAQEIBgBVyQEJdIbQH3
254=SGJykAWEAEkDUiVSEyiIVRFFpUAosiAgBbSQF8YCV2hjIAJdEgXVQC0YJeSAGQFCJWITIA
255=0YJgVAJoAV0gYUkBzGcEAgBiyAFVAmNIAWAEUYJkSAFgBEEPZcgBVQJmSQGAoQ9nSAHBD2
256=hJAXK1AmlJAXapAWpIAYw8d4YyAI10DXSGqAEBAQEAbUEEbLUCClxJjxsGAAsoKQAMKCkA
257=DSgpAA5IAXQGAQAKAA8oKQAQKCkAESgpABIoKQATKCkAFCgpABUoKQAWKCkAFygpABgoKQ
258=AZKCkAGigpABsoKQAcKCkAHSgpAB4oKQAfKCkAICgpACEoKQAiKCkAI0gBiCJtiTNIVEwe
259=bImoAU1SJkAEg80FACdIAdX0KEkBiWAwbImUg2VrKlQChEoiByIzAENMCV1tLFUCPqkBLU
260=gBzX4uSAHBfS9IAcGIMEkBRa0FMcgBSDh9gEJWAgIBTQIzSHUDAAADAQA0UQFeVAJJDDVJ
261=ASypATZIASUlMTdIAXACQQQ4SAHBDzlIAYcWBQA6SAGDBAYAOygpADxIASctETMoLBEi8C
262=NUBW+JMwCIsR9ATAXJIkFIAYQpbYkzSONNBQZPIDMAvEQBAQAGAERABGgBRWBFSAHFgUZI
263=AX2DAyKGMjMAaAEBAgIASChVAElIASXhIkpIASU5I0tIAcUITEgBYIhVhk3KAQMGVMKQHG
264=GIT1QCaBBNEFBJActvAQYAUcgBTTxSSAF5igtviTMAgGwbb4kzAHqpAVVABHUGAG+JMwB+
265=tQJXKFUAWEkBSmQEbokzAGgBWRxaVALBiFtIASVVIVxJAXVnCAIAXUgBdAZVp15JAfRMAV
266=kGX8gBXSBgSAHJhWFIAcmFYsgBTSZjSAFUBiJdImRIAYcTAgBlSAHVAmYoKQBnSQF7oQ9o
267=SAHZEWlIAd2ZakkBi2AEbYkzjIlJTmxUAniKSU5tSAFsiVUCbsgBVQIJSFHFPwooKQALKC
268=kADCgpAA1IAYcTCgAOKCkADygpABAoKQARKCkAEigpABMoKQAUKCkAFSgpABYoKQAXKCkA
269=GCgpABkoKQAaSAGLFwoAGygpABwoKQAdKCkAHigpAB8oKQAgKCkAIUgBzRsiSAHdCiMoKQ
270=AkSQFLRQQCZYw0kI1FVSZUAlECAFFLJygpAChIAYwxZYw0REVIBCK1IjRMY0sBAQArQQRD
271=ZwEBACxJAT5IAVkyLcgBAQMFAC5JAUJUAll/L8gBAQEFADBIAWSMTQUxSAGRFAFJxDQkSC
272=VkjCcpADRABGSMWQY1SAHBiDZIAdmVN0gB3Y44SAHdjjlJAYR4SGSMSBdoAWeMNABVqQE8
273=QQSfqQE9SAEntCLDDwYAP1QChxMGAEAoKQBBKCkAQkgBaBtNJkNJAbhtAQZGjDQAaAFNaE
274=VUAt2DRkkBLSTlM0fIAU1+SMgBVYZJyAFNMUrJAQQitSI0JukjTFUCYakMTUgBxRNOKCkA
275=T0gBfANZEVBJActMAV0KUcgBXQpSSQF+pR5TSAFcA3k9VCgpAFUoKQBWSQF9rQVXSAHNBV
276=hIAXiKXQpZyAEBAwIAWkkBgWwFIrQi2CcitiI0AIQIZow0AHiKTQVeTAVoAU0bX8gBAQUC
277=AGBIAc2UYUgBJa0hYigpAGNJAXipDGRIAdWGZUgB1QJmSAHZBmdIAcmbaEkBMm8XAQBpSA
278=GL3QEAakgBjEdnjDQAd6EEbFQCaAFJ3W1JAVVzNQEAbkkBVqkBb0kBV6sBCAA1p1UGAAko
279=KQAKKCkACygpAAxIAWQMAQAKAA0oKQAOKCkADygpABAoKQARKCkAEigpABMoKQAUKCkAFS
280=gpABYoKQAXKCkAGCgpABlIAY9HCgAaKCkAG0gBI9MgCgAcSQFBYxYKAB3IAQEBCgAeSQE+
281=tQIfSAHFCCAoKQAhKCkAIigpACNJAUS5BiTJAQEibUU1bAJ1TyZUAoQ0ImQjIgQhQAMilj
282=Q1ACdnIzUATVACQYgqTAVoAUU0K0gBjBB8js8xAQAtVAJyFAUBXY41I4giRYwvVAJokFHE
283=MEgB2QYxKCkAMigpADNIAXj4UY00SQFcoQ81SAFkAU0QNigpADdJAYNsUiKUNCL4RUgEIp
284=Q0IqRWiQE6QAQlDSM7SAHRjTwoKQA9SAEn3BHUGHyOJykAQEAEnxUGAEFIAVQKbSZCKCkA
285=Q0kBY3gCf441AFKpAUVUAmgBSS1GSAF8jgEFBgBHygEGBla3NQB0AgEHBgBJ1AIBCAYASs
286=oBCQZXwjUAVbEJTFQCnSAGXDAnZQJOVAJ8A1GNTygpAFBJAcZ4AiJmIzUAaAFNEFJVAoFg
287=JSJkIyflB1RUAox+IpY0NQCceCJmIzUAIyAgIpY0NQAiFFtJDFhMBWgBAQECAFlJAX5wCX
288=yO2BF+jjUAkAl/jjUAdaAEAV0ANQBxjQYibEWpAQcilTQ1ahQAAH6ONQAlMSJhTQVyuQZi
289=SQF1qQFjSAGTBQIAZCgpAGUoKQBmSQF/rQVnSAGLFwIAaEkBi3QCf441ACWpAWpVAh+pAW
290=tJAY5gCyKWNDUAaAFVWm1VAn+1Am5JAXqpAW/IAUEEcEgBInAqAwABAAcANumQCCgpAAko
291=KQAKKCkAC0gBbAlJkAwoKQANKCkADigpAA8oKQAQKCkAESgpABIoKQATKCkAFCgpABUoKQ
292=AWKCkAFygpABhIAZdaCgAZKCkAGkkBRXQUIhUkNiMmPAEGVZE2SF9NNQZUkaoBAwZXkTYA
293=PkwFXdAfWAZoAQEDCgAgSAFgfVkcIcgBRZciSQFDTAVVAiNIAXSRWQYkSQEydwIFACVIAS
294=XhQyZIAYTDdpE2ACfNRjYoNRI2JFAxIhUkNrxtIpw1qAFVhixECIFnBVeRNgBUqQwuVAJo
295=AUEEL0kBUbUCMMgBQTsxSAGIIiIWJDYAaJABAgUAM1QCaQEDIs1GNnAGIoE3NVQCJb0jNk
296=gBJb0jN0gBJb0jOEgBkwUGADlIASUhVzpIAcmQOygpADwoKQA9SAEnNxI2ADNkVXSRqAFN
297=MUBABHQCWSdBSAHJDEIoKQBDKCkARCgpAEUoKQBGSAGYHHeRNgBGdOl0kagBSQxJQAR0Ak
298=kMSkgBzQVLKCkATCgpAE1IAc0QTigpAE9JAet7AgYAUMgBXQpRSAF0kU1HUkgBfANZilNJ
299=AYC5HFRIAYx+dJHILXWRNiTQK3SRUBRcBgECAgBYTAWEE3WRNuGIWlQCJQUiW0kBcnwKdp
300=E2ANGCXVQCdZEJdZE2gZMKdZE25ZdgQATZBmFIASWRI2JIAdUCY0gByQxkSAEjXzgCAGVI
301=AUATTmQAZigpAGcoKQBoSAEj9EB1kTYk1DwiFSQ2SFRAByIVJDaIkFHlbEwFdJFR5W1IAX
302=SRWVNuSAF0kUEEb8gBQQRwSAF0kVUCccgBVwIGADfhkwcoKQAIKCkACSgoACIAc0UQAE1z
303=C1QCyQEMKCkADSgpAA4oKQAPKCkAECgpABEoKQASKCkAEygpABQoKQAVKCkAFigpABcoKQ
304=AYSAGMPG2UN7BAIsUkN4CTWVMbQAScFW2UN4UBAG6UNwCMc22UN78rBgAfTAVslFHwIEkB
305=QlQFRQghyAFNUiJIAWyURVUjSAFcA338JEgBnDZslNMJBQAmVAKIDGyUIvx3VAUixCQiqG
306=eJASlBBIh0T2yUJ9kAK1QC2QYsSAHBBC1IAcGILkgBXAdljC9IASNUISKnNjcAU3gCIjRq
307=qAFRmDJABCNMIGyU0B9slNEfBVjUJ2UCNkwF1Rg3SAEloUY4SAHBkzlIAcGTOigpADsoKQ
308=A8KCkAPSgpAD5JATmhiD/IAVknQMgBXStBSAEl5WpCSAFwGEU0QygoAAdEADcAAAAAAAAG
309=EQAAehAAIAQARQA3AAAAQwAGAEZKAf//iQFHSAEFRgEAAAMGAEjIAQEEBgBJyAEBBQYASk
310=gBzQVLKCkATEgBXAcCAAAGAE0oKQBOSQHgWAIBAQYAT8gBAQIGAFBJAetUAkkMUUgBRAF5
311=BlIoKQBTKCkAVEoBfQJLBAYAVUgBQAFtBVZJAZZQFF0KV8gBAQICAFhJAYBvBQIAWUkBd6
312=kBWkkBcqkBW0kBdakBXEkBy3cJAgBdyAEBAQIAXkkB9FQCAQ0CAF9JAXutBWBJAXmpAWFI
313=AVwDAgAAAgBiSQF/tQJjSAHBBGRIAcEEZSgpAGZIAcUTZ0kBdLkGaEkBeKkBaUkBeqkBak
314=kBi2sBAQBrSQEjqQFsSQEsYwsBAG1JAS2pAW5JAXWpAW/IAQEBAQBwSQFNVCMBAAEAccgB
315=VQJyyAFUAgEFADgAyTgGKCkABygpAAgoKQAJSAFmDAAKRQA4hAFBAQsoVQAMKCkADSgpAA
316=4oKQAPKCkAECgpABEoKQASKCkAEygpABQoKQAVKCkAFigpABcoKQAYSAGDGgoAGUkBTXsU
317=CgAayAFVRBtIAXACAQAGABwoKQAdSQEvewIGAB5JATmpAR9IAZ8rBgAgSAFwAlkGIUkBfm
318=8xBgAiSAGPMQYAI0kBhrUCJEgB2QYlSQExfwYFACZJATCpASdIAWQBUQkoSQFduQYpSQFX
319=qQEqSAHZBitIAdkGLEkBX6EELUgBwQQuSAGXDQUAL0gBnwoFADAoKQAxKCkAMkgBnxUFAD
320=NJAYhzCQUANEgByQw1SAHZETZJAVVhBAZaRTgAyQE4VQKftQI5KCkAOigpADtJAUyhBDzI
321=AVUuPUgB2QY+SQE5b1IGAD/IAUEEQMgBUYJBSQFWpQhCSAGDGgYAQygpAEQoKQBFKCkARi
322=gpAEdIAWaXBgZGlzgAaQEHZJepAQhkl99XBgBLTAXJDEwoKQBNSAF4lUGTTsgBTZ9PyAFN
323=n1BIAdkGUSgpAFJJAXypF1NJAXipAVRIAZCNZpc4AHiVAQQFAFZUAmgBAQUFAFfJAQZkl6
324=EEB2SXz3MCAFpABMmQW0gBkwkCAFxJActQEEGeXckBA2WXOEwCSABnlzgAgW8QAgBgQARM
325=AnmVYSgpAGIoKQBjKCkAZCgpAGUoKQBmKCkAZ0gBi7ECAGhJATJjCwEAaUkBjncNAQBqSQ
326=EutQJrSQEitQJsSAGQbGaXOADBBG5UAmSXAQIBAG/JAQNmlzgAZJdVAnFUAmgBWZVyyAFR
327=mHPIAU8FBAA58ZgFKCkABigpAAcoKQAISAFgE0WXCSgpAAooKQALKCkADCgpAA0oKQAOKC
328=kADygpABAoKQARKCkAEigpABMoKQAUSAHNlBVIAdkRFigpABdIAcEEGCgpABlJAUtwBX2Z
329=OUBXAwAAAQYAG1QCxXYcSAHZdB1IAc2JHkgBly4GAB9IAZQufJmMnGnoIVQClDl/mTkAg3
330=A1fpk5AIM7BgAkQATZBiVIAc2fJkgBdBFRmCcoKQAoSQFcpQgpSAHNfipIAdkRK0gBjxsG
331=ACxIAc0FLUgBwQQuSAHJmy9JAYhwCX6ZOQDJATEoVQAySAHFlzNIAdGjNEgBxRM1SAHJDD
332=ZIAdkRNygpADgoKQA5KCkAOigpADtIAXyZQZM8yAEBAwYAPUgB0Qk+SAEnPBNMCEibWTJA
333=1AJZBkFIAc0FQkgBxTRDSQFZbxsGAERIAdEfRUgByRdGKCkAR0gBcZgJfZk5nJkBCgYASd
334=UCC3yZJzUHS1UC80gITRBMSQHsSAFFNE3IAVUCTkgBaJtFok/JAQgiJyY5AAupF1FUAnQG
335=WQZSSQGBsRRTSAHVAlRIAdUCVUgBcZgIfZk5ipsJBFyZqAEBCgMAWMEEC3+ZOQCAcAl+mT
336=kAJVEmW0AEJz8TOQAmTRAAIiQmqAEjJCbMG36ZOQAjFCR8mSdVAGFECIQTIiQmJ1UAYyhV
337=AGQoKQBlKCkAZkkBgLkRZ0kBeakBaEkBi2gBf5k5ACWpAWpVAhmpAWtJARqpAWxJAYxkD3
338=6ZOQBoAUGTblUCcrUCb8gBVQJwSQFXbBsiJyY5AE+pAXJUAmgBQQRzSQFStQJ0yAFXAgMA
339=OumbBCgpAAUoKQAGKCkAB0gBfA5JmwgoKQAJKCkACigpAAsoKQAMKCkADSgpAA4oKQAPKC
340=kAEEgBk3cKABEoKQASKCkAEygpABQoKQAVKCkAFkgB0RQXSAHRCRgoKQAZSQFLRQQCdZw6
341=lJxdbRtUAt14HEgB2WkdSAElpSAeSAFWBgAAdpw6ANHwIFQCI4stBgAhSAGcTHacOgDFoi
342=NUAsmbJEgBxQglSAHFoiZIAdUCJygpAChIAdkRKUgB2REqKCkAK0gBwX0sSQFYY0YGAC1I
343=Ad0VLkkBM7UCL8gBAQEGADDIAVWGMUgB3ZkySAGDJQYAM0gBwQ80SQFSpQg1yAFFCDZJAV
344=G1AjfIAVUCOEkBS1QCSQE5SAHdFTooKQA7KCkAPCgpAD0oKQA+SQE5eFMi1CZYo0gBUQlA
345=1AJdFUFIAd0KQkgB2RxDSAHZJ0RJAWJMEEU0RUgB1QJGKCkAR0kBS1wKQQRIyAFJDEnIAU
346=kMSkgBaZsFItYmOgBoAQEGBgBM1AJdmU1IAWCeQUZOSAHB1U9IAWibVQJQyAEBBAYAUcgB
347=UQlSSAHZEVNIAZfeBQBUSAEjOyMFAFVIAZREd5w6ACpwBXScyAF0nMgBdZw6QNtEBHWcOk
348=g+iQFbRAiESiLWJjoAdZwDdJypAQQi1SY6sI13nDoAHmAldZw6WAdLAAIAYUQIQAEiASdi
349=KCkAYygpAGQoKQBlKCkAZigpAGcoKQBoSAGM7HSc0BQi1yY6ACRgDyK8Oc8QAQBsTAVpmw
350=J1nDqUnAEDAQBuVQJyXBFVAm/IAVUCcEkBWGg4dZw6lJxBBHJUAnScQQRzSQFSQARVAnTI
351=AVUCdUgBIoQnSwECADvhngMoKQAEKCkABSgpAAZIAUkQAEGeBygpAAgoKQAJKCkACigpAA
352=soKQAMKCkADSgpAA4oKQAPSAGLbwoAECgpABFJAV1nDwoAEkkBQqkBE8gBAQEKABRJAT61
353=AhVIAcUIFigpABcoKQAYSQFGrQUZyAFZXhpIASVZJxtIAcVrHCgpAB0oKQAeSQFbfDZunz
354=sAIyhCIoUnO6zsbp87ACftEztsDX2kI1gGjAEihSc76aYlVALNBSZIAcEEJ0kBfqkMKEkB
355=YKkBKUgBxRMqKCkAK0gB2X8sSAHFCC1IAcWXLkgBzYkvyAFFHjDIAUF9MUgBxQgySAHFCD
356=NIAcUINEgBbJ9NBTXIAVV7NkgBbJ9VAjfIAVUCOEgBbJ9JATlIAd0VOigpADsoKQA8SAHN
357=tT1IAc0FPkgB3RU/yAFdFUDIAVUNQUgBzQVCSQFatSNDSAHJF0QoKQBFKCkARigpAEdJAU
358=tcYkGTSMgBQZNJyAFVnErIAVWcS0gBbZ8LbJ8n3QZNVALJ3U5IASM4IyKsTSe5B1BUAnig
359=RQhRyAEBCAYAUkkB0lQUQRpTSQGITRAAb587ANdUAkkBVVQCaQEBb587AIpsG22fO7igbp
360=87AIyJbZ87SNhcBm+fOwCJbwUCAFtFCIGpAVxIAVgDcZhdSAF5oAdtnzuFoghsn9wVbZ87
361=JrEnYUwF2QZiKCkAYygpAGQoKQBlKCkAZigpAGdJASGtEGhJARupAWlIAYgXb587AIZ0Am
362=2fO7i2b587AI5kD2yfqQEBb587AHq1Am9ECGgBVQJwSQFOeCdunzsAaAFVAnJVAlm1AnNJ
363=AVCpAXTIAUEEdUkBTVQCSQF2ygEAAUUAPPqgAgAnKQADKCkABCgpAAVIAXQRWaAGKCkABy
364=gpAAgoKQAJKCkACigpAAsoKQAMKCkADSgpAA5IAdGYDygpABBJAURkDyI2KDwAagEBBkai
365=PABkol1iE0AEaAFJbxRJAT5MBVUCFcgBAQMKABZJAUFUAkkXF8gBVacYSAFkok0FGUgB2a
366=AaSAHRbBsoKQAcKCkAHUgB1YYeSQEzdDlmojwAaAFFEyDUAl0KIUgB3aQiSAHBZyMoKQAk
367=SAEjhzIGACUoKQAmSQF4vQonSAHdpChIAXAYAQAGAClIAc2UKkgB3RUrKCkALEgBJWEoLU
368=gBwQQuSAHFjC/IAV0VMMgBXRUxSAHNBTJIAcUIM0gB1QI0SQFTpRM1yAFFCDZJAVC1AjfI
369=AVUCOEgB2QY5KCkAOigpADtIAcUpPEgBzRs9SAHNGz5IAd0VP8gBXQpAyAFdFUFIAcUIQk
370=gBxQhDSAElTStESAHVAkUoKQBGSAGfTAYAR0gBZKJNlEjJAQkizjs8AHQCAQoGAErUAlmg
371=S0gB2QZMSQF7pR5NSAHZoE5IAdUNT0kBfqEEUEgB1QJRSAF4oEkXUsgBUVZTSQGIbHNloj
372=yFogIiNCipAQNlojwoRRQ8uKBlojxAQUcLAwBZRAgjc1YDAFpJAYlgD2SiyHoiNSg8QAVI
373=ACI2KDwAZaIKZKKpAQtkoieBAGBFCCClCGFJAR2pAWJIAd2ZY0gBSAl5q2QoKQBlSAEjHz
374=sCAGZIAdkGZ0kBHKUIaEkBGqkBaUgBI/wrZ6I8AIx0AmWiPCa1TmxABGWiAmWiPJGjA2Wi
375=PISiVQJvQARkolUCcEgBeKBVAnHIAVUCckkBVlAqTZxzSAFkokEEdMgBQQR1SAFkokkBds
376=gBQQR3yAFXAgIAPfGjAygpAARIAZEfClXWPYQBWIoiqEaPAQoAByiBAAgoKQAJKCkACigp
377=AAsoKQAMKCkADUgBn0wKAA4oKQAPSQFdbwwKABBIAXigWUgRSAHFlxJIAcV2EygpABRIAS
378=XVRxVJAT5ECEn+FkgBZKJFCBfIAUFRGEgBXAMi1SYZSAHVcBpIAd14GygpABwoKQAdKCkA
379=HkgBxXYfyAFFdiDIAVUNIUgByQwiSAHRoyNIAdWcJEgBwQQlSAEjG2EGACZIAYNcBgAnSQ
380=F9Y0YGAChJAWGpASlIASVJJSooKQArSAHJFywoKQAtKCkALkgB3RUvyAFdFTDIAV0VMUgB
381=xQgyKCkAMygpADRIAWSiTQU1yAFFKTZIAWSiVQI3yAFVAjhIAdEJOSgpADooKQA7KCkAPE
382=gB1Tk9SAHZBj5IAd0VP8gBXRVAyAFVDUFIAc0FQkgBxQhDSAHVAkRIAd1BRUgBnEwiPHYn
383=rQtHVAJtnwwiFVA9maANZKKpAQ5koietAEtNBYChMExIAdmgTUgB3QpOSAHBBE9IAcEEUE
384=gBzTxRSQGTWHQBAQUAUsgBTZ9TSAElJTxUSQEdQARVbVXIAU0FVkgBI0glIo0oPbugBABY
385=VAKVRARFoj0m5ShaVAKMBWWiPSR4V2WiPST4JWeiPQAbaAxkoqkBAWWiPSapPGBECMWXYU
386=gBiBciFVA9JB87AgBjVQIffyACAGRIAcEEZUgB1ZxmSQGOYwQBAGdJATNnBAEAaEkBJncC
387=AgBpSQGLaAFkosAPZqI9AJwKIo8oPQBxuQZtTAVpAQFnoj0Ac7UCb1QCaAFVAnBJAU9gGi
388=KNKD0jfDxVAnJUAidFFD0j2GNRo3RUAnigQQR1KCkAdsgBQQR3yAFBBHjIAVYCAwBkiUcP
389=CgAEKCkABSgpAAYoKAAEBwA+AAAAABEAAPEPACAGAAAKAAgAPgAAYAACCgAJAD5gAXUCCi
390=gpAAsoKQAMSgH//08ECgANKCkADkkBRVACUQkPyAEBAQYAEEoBNAJbAgYAEUoBOAGJARIo
391=KQATKCkAFCgpABUoKQAWKCkAFygpABgoKQAZKCkAGigpABsoKQAcKCkAHSgpAB5JATq5ER
392=/IAV0VIMgBAQIGACFIAd0VIkkBMrUYI0kBfakBJEkBLFwZAQAGACVJATCpASZJAYmhBCdI
393=Ac0FKEgBzQUpSQEtrQUqSAHVIytIAdUNLCgpAC0oKQAuSAHdFS/IAV0VMMgBXRUxSAHFCD
394=IoKQAzKCkANCgpADUoKQA2KCkANygpADgoKQA5KCkAOigpADsoKQA8KCkAPSgpAD5IAd0V
395=P8gBXRVAyAFdFUFIAd0VQigpAEMoKQBEKCkARSgpAEYoKQBHSAHJDEjIAUkMScgBSQxKSQ
396=FCrTxLyAFBBEzIAUEETcgBAQMGAE5IAXQyVTlPSQFdbwEGAFBJAZNECEEEUcgBAQQFAFLI
397=AQEFBABTSQErbwUEAFRJAYlMBQEABABVyAEBAQQAVkgBwQRXSQEzrQVYSQEqqQFZSAGDRg
398=MAWkkBgG9HAwBbSQF6qQFcSQGLawECAF1JARtIDAECAgBeyAEBAwIAX0gBbAkBAAIAYEkB
399=Iq0FYUgB1QJiKCkAYygpAGQoKQBlSAGLDAEAZkkBJ2cIAQBnSQEvawgBAGhJAY61AmlJAS
400=61AmpJAXGpAWvIAQEBAQBsyAEBAgEAbcgBAQMBAG5JAXNMBVUCb8gBVQJwSQFPYxoBAHHI
401=AVUCckkBTVQCAQABAHPIAVkGdMgBQQR1KCkAdsgBQQR3yAFBBHjIAVUCecgBVwIEAD9EEE
402=sACgAFKCkABigpAAcoKQAIKCkACSgpAAooKQALKCkADEgBJ0UUP1Q0iQwOVAJkol1MD0gB
403=TgIAAGaiPwBsfkFREVQCZGBJARIoKQATKCkAFCgpABUoKQAWKCkAFygpABgoKQAZKCkAGi
404=gpABsoKQAcKCkAHSgpAB5IAXhpTV0fyAEBBAYAIMkBBWaiPwDdFSJUAmSiSRcjSAHVnCRI
405=AYBGZ6I/AIxjRgYAJlQCg0YGACdIAc0FKEkBg6EEKUgBh2AGACpIAdUjK0gB1Q0sKCkALS
406=gpAC5IAd0VL8gBXRUwyAFdFTFIAcUIMigpADMoKQA0KCkANSgpADYoKQA3KCkAOCgpADko
407=KQA6KCkAOygpADwoKQA9KCkAPkgB3RU/yAFdFUDIAV0VQUgB3RVCKCkAQygpAEQoKQBFKC
408=kARigpAEdIAckMSMgBSQxJyAFJDEpJAUJEa1UCS8gBVQJMyAEBBgYATckBB2Siy1kGAE9V
409=AkdhWAJGoj8AZKIBBgIAUVQCagEHAkSitgIIA0aiPwCBngNHoj8AilYNAANEoqoBAQNGoj
410=8Am6ADAFdECINGBABYSAGXRAQAWUgBkKNnoj8AMqEPW1QCi5ACAFxIAYwFZqI/AGWiBGSi
411=qQEFZ6I/ACVwS2eiPwAeqQFhWAZsCV2kYigpAGMoKQBkKCkAZUkBMXAFZ6I/AIZkCGaiPw
412=CM92eiPwCNoQRpTAVoAU2fakgBZKJdjmvIAV2ObMkBBGWiP0edAAAFZ6I/AE53IwEAb0AE
413=aAFFCHBJAVW1AnFIAdmgcsgBQQRzyAFdCnTIAV2kdcgBQQR2yAFVAnfIAVUCeMgBVQJ5yA
414=FXAgUAQGwYIrEnBigpAAcoKQAIKCkACSgpAAooKQALKCkADEgBJxsUQABKZwsKAA5UAmgB
415=SYUPSAFwApmgQJigUaMRVAJ4XkkBEigpABMoKQAUKCkAFSgpABYoKQAXKCkAGCgpABkoKQ
416=AaKCkAGygpABwoKQAdKCkAHkgBbGgBBgYAH8gBUWEgyQEIeaBAmKBdFSJUAnigSQEjSQF/
417=d0QGACRJAXSpASUoKQAmKCkAJ0kBdaEEKEgBh2AGAClIAZRaeKAndQQrVALVIywoKQAtKC
418=kALkgB3RUvyAFdFTDIAV0VMUgBxQgyKCkAMygpADQoKQA1KCkANigpADcoKQA4KCkAOSgp
419=ADooKQA7KCkAPCgpAD0oKQA+SAHdFT/IAV0VQMgBXRVBSAHdFUIoKQBDKCkARCgpAEUoKQ
420=BGKCkAR0gByQxIyAFJDEnIAUkMSkgBeKBJAUvIAQEJBgBMyQEKeqBAAGEEC3mgQFSiWFZ4
421=oKoBAQJboEAAgmg4eaBAhaIKeKCqAQsCWaBAtZwCW6BAAMVACJigqAGaoEAAhD95oECx5Q
422=NZoED1p1lYEZxBe6BAAIm1DVtVAnypAVxIASOMKHugQAAddIZ4oKgBURRfQQSArQVgSQF2
423=qQFhSAF0EQEAAgBiKCkAYygpAGQoKQBlSAGcr3ig0BR6oEAAhBN5oECYoEGeaUwFeKBBk2
424=pIAXigQZ5ryAFBnmxJAVhwFHugQABXqQFuVAJsn0UIb8gBRQhwSAHNn3HIAUEEcsgBQQRz
425=yAFRmHTIAUEEdcgBQQR2yAFVAnfIAVUCeMgBVwIGAEGYIAEACgAHKCkACCgpAAkoKQAKKC
426=kACygpAAxIASfBE0GBngJgnqgBAQMGAA9BBF10LiLfJ0EAWakBEVUCn6kBEigpABMoKQAU
427=KCkAFSgpABZJAU65BhfIAU2qGMgBAQAGABnIAVUCGkgByQwbKCkAHEkBUqUIHcgBTQUeSQ
428=E5bDFinkEAaAFVAiDVAgJjnkEAVrkGIlUCfqkBI0gBnCdjnkEAe7UCJVUCcqkBJkkBd6kB
429=J0gB1QIoSAHRoylJAXihBCpIAdUCKygpACxIAZFWBlfuQQBcrQUuVAJwFEUeL8gBXRUwyA
430=FdFTFIAdEfMigpADNIAdUYNEgByRc1SAHdCjZIAdkGNygpADgoKQA5KCkAOigpADsoKQA8
431=KCkAPSgpAD5IAd0VP8gBXRVAyAFdFUFIAcEPQkkBWLkcQ0gB1QJEKCkARSgpAEZIAcEaR0
432=kBNbkGSMgBSQxJyAFJDEpJAV+hBEtIAdEfTEkBgLUCTUgByS1OSQFjZARjnkEAVakBUFUC
433=UKkBUckBAWGeQW0CAE2JU1UChXAJYZ5BgZ4CItwnqQEDIt8nQQDYVAVNn1dNBYJsBWGeQS
434=aFJ1lUAiPPMAIAWkgBh4wCAFtJAYFsBSLcJye1AV1VAsZQCUEPXskBASLdJ0FsAnkRYFUC
435=fbkGYUgBmAJgnieBAGNVAjJ7AgEAZEgBI2spAQBlSAGAD2KeQQAjECljnkEAH3AJY55BAH
436=e5BmlMBWgBSZBqSQFXb2gBAGtIASJJOwAiJjxBAGgBQQRtVQJSoQRuyAFVAm9IAdWccMgB
437=VQJxyAFZlXLIAVmVc8gBVQJ0yAFJDHXIAVkGdsgBVQJ3yAFXAgcAQnQVIoUnCCgpAAkoKQ
438=AKKCkACygpAAxIASdrE0IAS2wIaJupAQFrm0IAXmgiaJvIDCKTT0IAYLUCEkQI3VcTKCkA
439=FCgpABVIAc1dFkgBaJsBAgYAF8gBVacYyAFVAhnIAVUCGkgB3QobKCkAHEgBaJtNBR3IAU
440=0FHkgByW8fyAFJFyDIAU0FIUkBWr0VIkgB0ZgjSAHVkSRJAXKhBCVIASXVJiZIAWUiACJJ
441=O0LtnyhVAnmtBSlIAcEEKkgB3QorSAHRCSxIAc0FLUgByZAuSAHdFS/IAV0VMMgBXRUxSA
442=HRHzIoKQAzSQFKoQ80yAFZBjVIAc0FNigpADcoKQA4KCkAOSgpADooKQA7KCkAPCgpAD0o
443=KQA+SAHdFT/IAUEPQMgBXRVBSAHNlEJIAckiQ0gBxR5ESAHRFEUoKQBGSAHZMkdIAYNRBg
444=BISAEj6yMGAElIAdmVSkkBYrEfS0gB1dNMSAHVDU1IASVlLk5IAcXOTygpAFBIASMfJQYA
445=UUgBdJwBBAYAUskBBSItJ0IkqCZpm0ImWSdVQAR8mVWcVsgBVZxXSQEyZw8CAFhIAY+JAg
446=BZSAGUGGmbQiL2NwACaJupAQNrm0IAzLoGXQCpAQEiLidCAHScQQRfVAKQHyJLO0IAcmce
447=AgBhVAKIF2mbQnwHbZ9jVQKLYARrm0IAIakBZVUCG6kBZkkBjHQFaptCAGgBSYVoVQJytQ
448=JpyAFVAmpIASXVJmtIAX2ZAmmbQoibVZFtVQJSSJtVAm7IAVUCb0gBaJtVAnDIAVUCccgB
449=XQpyyQEAIpJPQgBsBVUCdNQCWQZ1yAFZBnbIAVcCCABDaBR9mQkoKQAKSAGfKwoACygpAA
450=woKQANSAFwmCN9JkOcmV2DD1QCwVEQSQFXdCNwmMsMBgASVALBBBNIAcVVFEgB1VoVSAGf
451=EQYAFkkBT6UIF8gBUWEYSQFNtQIZyAFVAhpIAdEJGygpABwoKQAdKCkAHkgB0WwfyAFFCC
452=DIAVFsIUkBgKkMIkgBi0MGACNIASX5JSQoKQAlSAHBBCZIAdWcJ0gB1ZEoSAHBGilIAd0K
453=KkgB0QkrSAHNBSxIASV5Ky1IAcEaLkgB3RUvyAFdFTDIAV0VMUgBzQUyKCkAM0gBcJhBBD
454=TIAUU0NUgBzQU2KCkANygpADgoKQA5KCkAOigpADsoKQA8KCkAPSgpAD5IAd0VP8gBXRVA
455=yAFZEUFIAdk9QkgB1SNDSAHJQ0RIAdEURUgBzQVGSAHVkUdIAZhTcZhD/cVJVALNMUpIAc
456=0xS0gB3StMSAElIWJNSQHPrTxOyAFRFE9JAdK1AlDIAVUCUUkBvnUUAlOYQwCTqQFTVAJo
457=AVmKVEgBJakmVUkBxGAEIn4mQwBpAQEiQzpDAIdJegBxmEOZlQRwmKgBRaJaWQYFQQQGcJ
458=i1AgdxmEORmAIiQDqpAQNymEMAmEgifiZDAJhIcphDAJgccZhDZBBll2JdCjJzAQEAY0gB
459=lKdzmEMAIHgcIn8mQwAaqQFmQARkl1GCZ8gBSYVoSQFyRAhVAmnIAVUCakgBIpA5UY1ryA
460=FRjWxJAVlUGFUCbUkBUKkBbsgBQQRvSAFgk0UIcMgBXQpxyAFVAnLIAVUCc8gBVQJ0yAFd
461=CnXIAVMJCQBEXBJLAAoACkgBnEF6lUQAyQEMVQJGXANZAw3IAVU5DkgB0WwPSAHdTBBIAd
462=1MEUgBdQYAeZVEJpU0E1QCzQUUKCkAFUkBVXgnepVEAHiVQVwXVAJoAV1tGEgBeJVVAhnI
463=AVUCGkgBJakmG0gB3QocKCkAHSgpAB5IAdlpH8gBVRggyAFdCiFIAcWtIkkBgbkRI0gB2R
464=wkSAHBBCVIASXxJCZIAYBGIs4lRADNBShUAsEaKUkBWbEJKkgB1QIrKCkALEgByRctKCkA
465=LkkBOWU/Bk38RCb5OzDUAl0VMUgB2QYyKCkAMygpADQoKQA1KCkANigpADcoKQA4KCkAOS
466=gpADooKQA7KCkAPCgpAD0oKQA+SAHdFT/JAQEi7FaoF10VQVQC3RVCSAHdIENIAdUCREgB
467=CFgCAAAABgBFAEQAEQAAaBAAIAlWAgAAAAYARgBEAH+pAUdJAXipAUhJAXKpAUlJAXepAU
468=pJAXWpAUtJAV1ACAEABgBMSQGzawECAE1JAc9ABAECAgBOyAEBAwIAT0kB0rUCUMgBVQJR
469=SQG+WAYBAQIAUkkBk0gBWQZTyAFBBFRJAYVYBgEAAgBVSQHEYwQDAFbIAQEDAwBXSAEBhw
470=EAAEUIWEkBBUgBAQgCAFnIAQEJAgBaSAFVBgBFCFtJAXyxCVxJAXSpAV1JAXapAV5IAc0F
471=XygpAGBJATJ7AgEAYUkBjm8FAQBiSQEutQJjSQEhtQJkSQEXqQFlSQEaqQFmSQF1rQVnyA
472=EBAQEAaEkBUVwVAQABAGnIAVUCakkBTlQCAQIBAGvIAQEDAQBsSQFWVAJNBW1JAVBIAUEE
473=bsgBQQRvSQFNVAJFCHDIAU0FccgBVQJyyAFVAnPIAVUCdMgBUAkDCgBFAP//VxQKAAtIAY
474=M7CgAMSQFGUAIBAgYADUgBRQEAWT0OSQFgbxsGAA9JAZ+pARAoKQARSQFVtQISSAHBBBMo
475=KQAUKCkAFSgpABYoKQAXKCkAGCgpABlIAdFWGkgB2REbSQFctQ0cSAHVDR0oKQAeSQE5VC
476=NJFx/IAQEBBgAgyAFNGyFIAdkGIkgByRcjSAHVAiRIAcEPJUkBfbUNJkkBYakBJ0kBWKkB
477=KEkBWqkBKUkBfqkBKkgBzSYrSAHNBSwoKQAtSAHVDS5IAd0VL8gBXRUwyAFdFTFIAc0FMi
478=gpADMoKQA0KCkANSgpADYoKQA3KCkAOCgpADkoKQA6SQFOqRc7yAFNEDxJAU+1Aj3IAVUC
479=PkgB3RU/yAFVAkDIAV0VQUgB3RVCKCkAQ0gB0SpESAHVOUVJAV6pDEZIAY9SBgBHKCkASE
480=gBwTBJSAHBBEpJAYG5BktJAbh0CWKTRQBoAV2DTVQCjGhjk0UAVXxBY5NFAFepAVBBBFip
481=AVFIAcEEUkkBh3MJAgBTyAFRCVRJAS+1AlVJATOpAVZJAYJsEGOTRQCLawECAFhUAnwDSZ
482=BZSAHJkFpIAcmQW0kBcq0FXCgpAF1IAZOuAgBeSAGXsgIAX0gB2ZVgSAGIDGKTRQDJkGJV
483=AhlzCQEAY0gB1ZFkSQEctQJlSQEeqQFmSQF1SBNZf2fIAU2JaEgBYJNVAmnIAVUCakkBVX
484=QjYpNFAHGNAGCTqAEBAQEAbUAEdAJNBW7IAUUIb8gBVQJwyAFVAnHIAUUIcsgBRQhzyAFP
485=BQsARlDKSBNokKkBAWiQbJFXAgYADkAEQAF1kQ9IAdl/EEgB3UwRKCkAEigpABMoKQAUKC
486=kAFSgpABYoKQAXKCkAGEgBxXYZSAHJDBpIAcmFG0gB1QIcSAHNBR1IAdUCHkgByWQfyAFB
487=GiDIAQECBgAhSAHNBSIoKQAjKCkAJEgB1WUlSQF7azgGACZIAZtIBgAnKCkAKCgpAClIAZ
488=tIBgAqSAGPRwYAK0gB2ScsSAHNlC1IAcUpLkgB3RUvyAFdFTDIAV0VMUgB3RUyKCkAMygp
489=ADQoKQA1KCkANigpADcoKQA4SAHNJjlIAd0KOkgBaJBVDTvIAQEDBgA8SAFokFUCPcgBVQ
490=I+SAHdFT/IAV0VQMgBTQVBSAHdCkIoKQBDKCkAREgB1TlFSAHNBUZJAVepLUdJAYCpAUhJ
491=AXmpAUlIAZPlBgBKSQFDdyoGAEtJAb9pAQJaWEYAaAFVhk1VAoO1Ak7IAVUCT0kBf7UCUE
492=kBe6kBUcgBQQRSSQGEtQJTyAFVAlRIAZ82AgBVSAHVkVZIASOLIgIAV0gBI4giapBGAN2O
493=WVQC0Y1aKCkAWygpAFxIASOHJwIAXUgBfA5Fl14oKQBfSQGBcx8CAGBIAScLEkYAIHQCIm
494=4kRgDdjmNABCUVJGRJAY13CQEAZcgBTX5mSQFztQJnyAFVAmhJAVKxjWnIAVUCakgBZIxV
495=hmvIAU2JbMgBVYZtyAFNBW7IAU0Fb8gBVQJwyAFVAnHIAUUIcsgBRQgMQc1MWBFFSg1IAU
496=QBZYwOKCkAD0gByWQQSAHRVhFIAcFGEigpABMoKQAUKCkAFUgB2QYWKCkAF0gBJdEgGEgB
497=wQ8ZSQFgcyoGABpIAdkGG0gBzQUcSAHNBR1IAcUTHkgB0WEfyQEBIr4jRwB0AlFhIVQC3R
498=UiKCkAIygpACRIASexEUcmdTAmVAKMR3KNRwDJAShUAoNGBgApSAHZESpIAc2UK0gBzZQs
499=SAHNBS1IAd0VLkgBZBMBAAYAL8gBXRUwyAFdFTFIAd0VMigpADMoKQA0KCkANSgpADYoKQ
500=A3SAHBGjhIAdEUOUgBzRA6SQFNqS07yAFNEDxIAcEPPSgpAD5IAd0VP8gBTQVAyAFdFUFI
501=AdkGQigpAEMoKQBEKCkARSgpAEYoKQBHSAHdjkhIAcWMSUkBSG0XAlKNRwBwjUWBS1UCdb
502=UCTMgBVQJNSAFxjQIiviNHAGkBAyK8I1Q5TAVBBFBABHCNQQRRyAFBBFJIAXCNVQJTyAFV
503=AlRIASOIOHKNRwAlMSJWVALJAVdIAYw8cI3IQyIgNicpAFpABJ/QAgBbSAGPRwIAXCgpAF
504=1IAZTTIr0jR0gUSAAivCMnKQBgQAQnsxFHACRwNXKNRwAlZSNjQAQnshFHAHCNVXtlVAJo
505=AVV7ZkgBcI1VAmfIAVUCaEgBcI1VAmnIAVUCakgBcI1VhmvIAVUCbMgBTQVtyAFVAm7IAV
506=UCb8gBAQABAHDIAUUIccgBTgUNAIA4u4pIAGF0GCIaNUgAyXoQKIEAEUkBYKEEEkgBxUoT
507=KCkAFEgB1VoVSAFEJn0KFkkBMm8BBQAXSQGNZwgFABhIAYfDBQAZSAHVAhpIASP3KgUAG0
508=gBdAZVcBwoKQAdSAHJZB5IAdleH8gBWV4gyAFZXiFIAdEUIigpACMoKQAkKCkAJUkBW2QT
509=Ig0jSOWMJ1QCl0QGACgoKQApSAGQSyINI0j9jitVAnKlCCxIAd3xLUgB3RUuSAHdFS/IAV
510=0VMMgBXRUxSAHdFTIoKQAzKCkANCgpADUoKQA2KCkAN0gB1bI4SQFZuRE5SAHVAjpIAXiK
511=VQ07yAFNyzxIAcEPPSgpAD5JATl33gYAP8gBXRVAyAFFCEFIAdkGQigpAEMoKQBEKCkARS
512=gpAEYoKQBHSAHdTEhIAWjdWT1JyAFRgkpJAYJ3GAIAS0gBeIpFgUzIAUWBTUgBJT00TsgB
513=WQZPSQEyc0cBAFBJAZ5nCAEAUcgBAQEBAFLIAUlkU8gBUWFUSAGPUgEAVSgpAFZIAY9SAQ
514=BXSAHdjlhIAYhDeopIAJg9InxH2Gl4ithIeopIAM0FXSjZAF5IAcWMX0gBeRUAIg8jSAAx
515=bAEiGzVIAIapF2JBBC21AmNJASK1AmRJAXm1AmXIAU0bZsgBTRtnSAEjkDkifkdIAGGIAC
516=J8R6gBQQRqQAR0AlEfa8gBRQhsyAFNBW3IAVUCbsgBVQJvyAFFCHDIAUcIDgBJcBFtfg8o
517=KQAQKCkAESgpABJIAd1iE0gB2UgUKCkAFUgBxc4WSAGIImKISQCcIGOISQBffCBjiEkALG
518=sPBQAaTQUwqQEbSQFhYwQGABxIASUxLR1IAdUNHkgBwVwfyAFBXCDJAQIiEjRJAM0FIlQC
519=yQEjKCkAJEgBwZ4lSQGCtQ0mSQFdqQEnSAHBDyhIAcEaKUgBmEhhiEmoQyIRNEm5SAZSGU
520=kAxQgtTAXBDy5IAd0VL8gBXRUwygECBlxGJ70CMlQCzX4zKCkANCgpADUoKQA2SAHVcDdI
521=AdH7OEkBQ2cpBgA5SQFiqQE6SQFgrRs7SAHJDDwoKQA9KCkAPkgB3RU/yAFdFUDIAV0VQU
522=gBzRtCSAHRCUNIAdUCRCgpAEUoKQBGSAHVLkdIASPVMQZaUEkAYIhdCklUAmkBAyJeIkkA
523=xYFLVALFgUzIAQEBAQBNyAFJWU7IAUlZT0gBI7AyYohJAH2OAGCIqAFZBlJBBIhrIgEAU8
524=gBVQJUyAFRCVVJASdjJQEAVkgBIzw0YohJAMWMWFQC2YpZSAFsCVl/WkgBgBpgiCfpAlxU
525=AtkGXUgB2QZeSAEj5EkiXCInrQBgVQKMoQ9hKCkAYkgBwRpjSQEmoQRkSAFgiEUeZcgBAQ
526=QBAGbIAQEFAQBnSAF8g1EfaMgBWRxpyAFZBmrIAUUea8gBVQJsyAFVAm3IAUUIbsgBRQhv
527=yAFMBQIPAEoAOLnMECgpABEoKQASKCkAEygpABQoKQAVKCkAFkkBMm8bBgAXSAEjfCZqhU
528=oAIwxPaoVKAIwxaoVKAIQpIq8hSgA0uQYcWAbZER0oKQAeSQE6sRQfyAFJWSDIAUlOIUgB
529=2QYiKCkAIygpACQoKQAlKCkAJigpACcoKQAoKCkAKSgpACooKQArKCkALCgpAC0oKQAuSA
530=HdFS/IAV0VMMgBXRUxSAHdFTJJAUKtGzPIAU0FNMgBTQU1yAEBAwYANkgB3YM3SAGfvQIA
531=OEkBQ0BYRe85SQFeSAFZ+DpJAUG9CjvIAV0KPMgBXQo9yAFdCj5IAd0VP8gBTQVAyAFNBU
532=FIAd0VQkgBzTxDSQFgvTZESQFYqQFFKCkARkkBWrUCR0gBlGVrhUoAS7EUSVQCaAFJF0pI
533=AYFGAVMDSgB0YQQBSIqoAVFWTUAEzX5OyAFVAk/IAU1dUEgBaIVJAVHIAUFcUkgBeAZJAV
534=PIAVFsVMgBUWxVSAGY12mFSrzbaoVKAMGIWEAEI99pAQBZSQGAYxoCAFpIASXZIVtIAckX
535=XEkBI2MEAQBdSAHZBl5JAYF0AmmFSiQrWAEAYFUCjLkcYcgBQRpiSQFvtQJjSQFuqQFkyA
536=FBBGVJAXK1AmbIAVUCZ0gBaIVRH2jIAUUeacgBQQRqyQEAIslWSiMwIlUCbChVAG3IAUUI
537=bsgBRQgQVTE4WEgBAQYAESgpABIoKQATKCkAFCgpABUoKQAWSQEyUB9FCBdIAYAlc4JLAG
538=BVAgBygksAiPNygksAjCZzgksANEAEWQYcWAbNEB0oKQAeSQE6RBNdVx/JAQQiXkNLAHUC
539=BSL9IEuIm0UIIkAExQgjKCkAJCgpACUoKQAmKCkAJygpACgoKQApKCkAKigpACsoKQAsKC
540=kALSgpAC5IAWQTXRUvyAFdFTDIAV0VMUgB0RQySAFwgkEEM8gBQQQ0yAEBBgYANckBB3GC
541=S1joQ0IGADdVAk1EAVlpOEgBIzNkAgA5SAFwgl0gOkgBcIJdCjvIAV0KPMgBXQo9yAFdCj
542=5IAd0VP8gBWQZAyAFZBkFIAd0VQkgBzTxDSAFIECIZKkRIAZdlBgBFSAEl0TZGKCkAR0gB
543=jGhxgktSAQAAUY1JQAFxggMi/SBL9GV5A3RAC1lTTEAEaAFZU01IAdV7TsgBVXtPyAFVe1
544=BJAXdZBgAi/iBLAGgBWV5SVQJZTEdVAlNIASMLMwEAVMgBQQRVSAGA1XKCSwDN91dUAsmF
545=WEkBOL0KWUgBJXkgWkgBk9oBAFtJAYlcV0kMXEgByf5dSAHdCl5IAdkGX0gByQxgSAFwgl
546=kcYcgBWRxiSAFwgkUTY0gBcIJBBGTIAUEEZUkBclgRVQJmyAFVAmdIASdQEFRERB5VAmnU
547=AkgBCWoASwBNAQAAAgEAaxEAAEwQACAIAEsATQEAAAABAGzIAQEBAQBtyAEMAwEAEQBMAD
548=gBAAACBgASKCkAEygpABQoKQAVKCkAFkoBMgKZBhdKATEAQwAFABhJAS1EAQEABQAZSQFi
549=QARJARpJAYWpARtJATRIAVUNHEgBwQ8dKCkAHkkBOlgRAQYGAB/IAQEHBgAgyAEBCAYAIU
550=gB2QYiKCkAIygpACQoKQAlKCkAJigpACcoKQAoKCkAKSgpACooKQArKCkALCgpAC0oKQAu
551=SAHdFS/IAV0VMMgBXRUxSAHdFTJJAUJMG1UCM8gBAQkGADTIAQEKBgA1yAEBCwYANkkBS2
552=cpBgA3yAEBAQIAOEoB//9bAgIAOUkBX0QBAQAGADpJAUG9CjvIAV0KPMgBXQo9yAFdCj5I
553=Ad0VP8gBXRVAyAFFE0FIAd0VQkgBzTxDSQFdXDZVDURJAVepAUVJAXupAUZJAXmpAUdJAU
554=SlE0jIAUkXSUkBgmMEAgBKSQGLaQEBW1BMAHltBQFMAqgBWVNNUAF0AgECAQBOSQGLoQRP
555=yAFBBFBJAXO1AlHIAVUCUkkBVVwgTV1TSQGIoQRUyAFBBFXIAV0KVkkBI60QV0kBg6kBWE
556=kBiakBWUkBJ6kBWkgBwQRbSAHBBFxJAY2pDF3IAUkMXkkBcLUCX8gBVQJgSQF3tQJhyAFV
557=AmJJAVC9FWPIAVUCZEkBTbUCZcgBVQJmyAFNG2fIAVUCaMgBVQJpyAFVAmrIAVUCa8gBRR
558=5syAFPfhIATXERAFU5EygpABQoKQAVKCkAFigpABcoKQAYSAHNfhlJAYhjJQUAGkkBMGcL
559=BQAbSAHBRhxJAZ9jBAYAHSgpAB5JATl4HGJ9TQBpAQFgfakBAmJ9TQDZBiJMBckBIygpAC
560=QoKQAlKCkAJigpACcoKQAoKCkAKSgpACooKQArKCkALCgpAC0oKQAuSAFwFE0mL8gBXRUw
561=yAFdFTFIAdEUMkkBVaUeMygpADRJAU+1AjXIAUUINkgBYH1FCDfJAQNifU0AJ6IPTQBgfU
562=0FOkEEYaUIO0gByQw8SQFZtQI9SAHVAj5JATm9Kz/IAUUIQMgBVQ1BSAHdFUJIAdkGQ0gB
563=1QJESQFWvQpFSQGBqQFGSQFdbzwGAEdIAWB9AQICAEhJATJ3AgEASUkBjm0FAUN9TQAutA
564=JU0IB9VU9MQAR2ewQBQQFNlQIFYn1NAGB9RVVPXAJoAU0FUEgBYH1VAlHIAVUCUkkBVm8b
565=AQBTSAFgfVUCVMgBXQpVyAFdClZJASa5EVdJAS+5EVhIAcUTWUkBLLUCWkgBn1cBAFtIAS
566=eiD00AYH1NEF1UAmgBVQ1eSQFwWAZVAl/IAVUCYEgBfBVJb2HIAQEBAQBiSQFQXBVNBWPI
567=AU0FZEgBYH1BBGXIAVUCZsgBTQVnyAFVAmjIAVUCacgBVQJqyAFVAmvIAVUCE1CmQBN1ex
568=QoKQAVKCkAFigpABdJAWF1IwZO904A0UAZVALJARooKQAbSAHJQxwoKQAdKCkAHkgByU4f
569=yQEBaXpOlHtJTiFUAsUIIigpACMoKQAkKCkAJSgpACYoKQAnKCkAKCgpACkoKQAqKCkAKy
570=gpACwoKQAtKCkALkgB3RUvyAFdFTDIAV0VMUgB3RUyKCkAMygpADRIAWh6TQU1yQEDbfdO
571=UAFIMGz3qAFB4DhMAidLD04APVwDTYk6VQJiqQE7SQFerTE8SAFwAkEEPUkBXLUCPkgB3R
572=U/yAFdFUDIAU0QQUgB3RVCKCkAQygpAERJAVqxCUVIAd14RkkBSXsNAgBHSAHdeEhIAclk
573=SUkBIXgGa3pOABupAUtVAnh4Bm73TgBpAQFoeqgBTFJpH09YXlUCT00FWUgBXWJQSQFXqQ
574=FRSAFgBFUCUsgBTQVTSAHZ+FRJAYqpDFXIAUEEVkkBcLUCV8gBVQJYSAHB9llIAcF9WkkB
575=jL0VW0gBwRpcSQF3pQhdyAFFCF5IAXwKQYhfyAFBiGBIAWh6QRphyAFRbGJIAXB3SRdjyA
576=FBBGTIAUEEZcgBXQpmyAFNBWfIAVUCaMgBVQJpyAFVAmrIAVcCFABPaBR9eBUoKQAWKCkA
577=FygpABhJAWB7HAYAGUgB0UAaKCkAGygpABwoKQAdKCkAHkgB0UsfyAFRSyDIAVFLIUgB3Q
578=oiKCkAIygpACQoKQAlKCkAJigpACcoKQAoKCkAKSgpACooKQArKCkALCgpAC0oKQAuSAHd
579=FS/IAV0VMMgBXRUxSAHdFTIoKQAzKCkANCgpADUoKQA2SAEleSs3SQFOSDABBAYAOMkBBS
580=LhLU+Qd0l6OlUCYUAEWXQ7SAHZdDxIAdWnPUgBzRA+SAHdFT/IAV0VQMgBXRVBSAHNBUIo
581=KQBDSAHFdkRJAUa1DUXIAU0QRkgBxXZHSAHBXEhJASF8QX/xTwAcqQFKVQIeqQFLSAFkdk
582=VVTMgBWV5NyAFZXk5IAWxzQQRPSQFOpXZQyAFFVVFIAWAEWV5SyAFNBVNIAcF9VEgBcHdB
583=BFXIAUEEVkgBcGxVAlfIAVUCWEkBbm8bAQBZyAFJDFpJAW21AlvIAVUCXEgBYHIBAAEAXc
584=gBVQJeSQFXsRRfSAFkE0EEYMgBQQRhSQFSoQRiyAFVAmNJAU1UAk0QZMgBRRNlyAFVAmbI
585=AVUCZ8gBVQJoyAFVAmnIAVcCFQBQdBVldhYoKQAXKCkAGCgpABlJAWBvMQYAGkkBWKkBGy
586=gpABxIAd1BHSgpAB5IAdlIH8gBWUggyAFZSCFIAdkGIigpACMoKQAkKCkAJSgpACZJAUut
587=ECfIAV0KKEgB0QkpKCkAKigpACsoKQAsKCkALSgpAC5IAd0VL8gBXQowyAFdFTFIAckMMi
588=gpADMoKQA0KCkANSgpADZIASVxKjdJAUx8Lnh0ImY4AABdYjlUAtntOkkBYKEEO0gBJ5kO
589=UCZ9MT1UAtEJPkkBNb0gP8gBXRVAyAFdFUFIAcUIQkgB2QZDSAHV6URIAXh0AQICAEVIAc
590=1zRkgBzXNHSAF0EQEAAQBISQEidA15dFAjlClVAkpUAiKUKVlTS0gBzV1MyAFVAk1JAVhQ
591=Vk0FTkgB2V5PSQFOVAJNUlDIAU1SUUgBJa0sUkkBUUAEWQZTyAFRCVRJAVC1AlXIAVUCVk
592=kBcFQUUYJXyAFRglhJAW5UAkkMWcgBSQxaSQFttQJbyAFVAlxIAWgXTQVdyAFVAl5IAckX
593=X0gBeHRBBGDIAUEEYUgBeHRVAmLIAVUCY0kBTVAURRNkyAFVGGXIAVUCZsgBVQJnyAFVAm
594=jIAVcCFgBRSBRLAAYAFygpABgoKQAZKCkAGkgB1TkbSQGqVAZJvBxJAWBwNSIeO1EA1bIe
595=VALBRh/IAUFGIMgBQUYhSAHBRiJIAc1dIygpACQoKQAlKCkAJkgBYHJFCCfIAQEDBgAoSA
596=HFCClJAU65ESrIAUEPK0kBTbUCLMgBVQItSAHZBi5IASdCDlEAaAFBBDDUAlUNMUgBYA9F
597=HjLIAUEEM0gBxQg0KCkANSgpADZIAckiN0gBYHJRCTjJAQN95lEmSTs6VAJgcl0KO2gBvR
598=U8SAHJDD0oKQA+SAHV6T8oKQBAKCkAQUgB1adCSAHNEENIASOTQwYARMgBUYJFSAEl5UlG
599=SQElYw8BAEdJAR2pAUhIAcXkSUgBdHBBUUrIAUFRS0gB1VpMyAFVAk1IAdVwTkgBdloAAV
600=zCTOSxVlBUAnRaVQJRyAFZU1JIAWBySQxTyAFRCVRJAVBYBlUCVcgBVQJWSAHdClfIAUUI
601=WEgBwQ9ZSAHBBFrIAUEEW0gBwQ9cyAFVAl1IAdkGXkkBTlQNRRNfyAFBBGBIAdn4YUgBeB
602=FBBGLIAUEEY0gBYHJFE2TIAV0VZcgBTQVmyAFNBWfIAU8FFwBScGll5BgoKQAZSQGwfAJu
603=4VIAaAFRNRtUAmhvQakcyAFFYB1JAa2tBR7IAVlIH0kBqbUCIEgBgL8iC0lSAGBjOwYAIl
604=QC0UsjKCkAJCgpACUoKQAmKCkAJygpACgoKQApSAFob0FcKsgBRRMrSAFob1UCLMgBVQIt
605=SAHBDy5IAXxtRWsvyAFJFzDIAVkGMUgBaG9JATLIAUUIM0gBxQg0KCkANUgB0c82SQFdsR
606=83SQFIaAEiCUlS/W05VAKLIgIAOkgBIjRJTRA7SAGXAgYAPEgBwSU9SAHZaT4oKQA/KCkA
607=QEgB0WxBSAHFCEJIAc0QQ0gBzRBESAGABG7hUgAjx1ABAEZUAiPEUGpvUgAjwGBt4VIjDT
608=kAbOGoAU1HSk0FeEAaUUtLSAHJWUzIAUEETUkBWL1XTkgBZGBNBU/IAUlOUEgBeAZVAlHI
609=AVUCUkgBbAVVDVPIAVEJVEgB0WFVyAFVAlZIAWwFRQhXyAFFCFhIAcEPWUgBwQRayAFBBF
610=tIAcEPXMgBVQJdSQFVvRVeSAF0DV0KX8gBQQRgSAHB9mFIAWhvQQRiyAFBBGNIAWhvRRNk
611=yAFVGGXIAU0FZsgBTwUYAFMhkCxcJyJdOFOEa1lpGlQCcGxVshtIAZcNAgAcSAF8bQEFAg
612=AdSAFwbE0FHsgBTQUfSAFwbFUCIMgBWVMhSQFiRAxFSiJJAVO9bSPIAUFcJEkBUrUCJcgB
613=VQImSAHVWicoKQAoKCkAKSgpACooKQArSAFob1UNLMgBUQktSAHRCS5IASeRDVMofBuoAU
614=VrMUAEzQUyKCkAMygpADQoKQA1SAEnkA0iqFFcHCJQR6gBTZQ4QATBXDkoKQA6SAFwbEUT
615=O0gBgARxbFOjcgYAPVQC1WU+SQHPtSM/yAFZBkBJAdK1AkHIAVUCQkkBvkgQAQACAENJAZ
616=OpAUTIAVkRRUgBI9k3AlNsUwAfZAgiUkdTANXeSEEEeFgGSUNJyQEEIlFHU4lvBSJAZlhh
617=WFNZSExABHxXTQVNSAFkVV1MTsgBVU9PSAHRxFBIAWRVQQRRyAFBBFJIAd1iU8gBUQlUSA
618=FwCUkMVcgBVQJWSQFYQA9FCFdIAclkWEgBbAVVAlnIAV0KWkgBwQ9bSAHBD1zIAUEEXUgB
619=aGRZBl7IAVUCX8gBVQ1gyAFNEGHIAVUCYsgBVQJjyAFVAmTIAUUIZcgBVAIBGQBUAIsMAg
620=AayAFBMBsoKQAcSAFwH1E1HcgBQQQeSAGDGgIAH8gBVQIgSAFka0lvIUgBImwkQVwiSAF4
621=aVFWI8gBXW0kSAF4aVUCJcgBVQImSAHVWicoKQAoKCkAKSgpACooKQArSAF4aVEJLMgBUQ
622=ktSAHJvC5JAUR7MgYAL8gBQVEwyAFZBjFIASV5KzJIAc0QMygpADQoKQA1SAEnOw1UAGNA
623=UVkcN1UCVakBOEgBI5suBgA5yAFVIzpJATyhBDtIASc5DVTpmz1VArNjBAIAPkgBeGlNlD
624=/IAUWXQEgBeGlVAkHIAVUCQkgBeGlJDENIAXhpQQREyAFBBEVIASPsYHppVAAlKTdHVAIl
625=KTdISQGOYA9u1lQAaAFVREpVAnq1AkvIAVUCTEgB1VpNSAFwQF1MTsgBRUpPSAGLsQEAUE
626=gBdFpBBFHIAUEEUkgBIrgoVVpTyAFdClRIASUtJ1VIAcgMBlYAVABSAQAAABEAABQRACAA
627=BwEAVwBUAFIBAAABAQBYAFQATgEAAAIBAFnIAQEDAQBaSQFWVAIBAAEAW0kBUEgBQQRcyA
628=FBBF1JAU21Al7IAVUCX8gBXQpgyAFFCGHIAVUCYsgBVQJjyAFVAmTIAUQIARoAVQB8CgED
629=AgAbKCkAHMgBAQECAB1JAU9AD0EEHkgBixcCAB/IAQEAAgAgyAFNBSFIAQVgAAAAAQYAIk
630=oBXgJPAQYAI0gBQAECAAAGACRJAVy1AiVJAZ+pASYoKQAnKCkAKCgpACkoKQAqKCkAKygp
631=ACxJAVaxCS1IAdUNLkkBRGsXBgAvyAEBBAYAMMgBAQUGADFIAdkRMkgB2REzKCkANCgpAD
632=UoKQA2SQFXtQ03SgH//18NBgA4SQFPRAFZHDnIAUkiOkkBPFQCAQICADvIAQEDBgA8SQG/
633=VAJZJz3IAU0FPkkBgrUCP8gBVQJASQF7tQJByAFVAkJJAYm1AkPIAVUCRMgBVQ1FSQEyYw
634=QBAEZJAS6pAUdJASNrFwEASEkBjlQCXUxJyAFdQUpJAXq1AkvIAVUCTEkBUUQpWUhNyAFZ
635=SE5JAVK1Ak/IAVUCUEgBYEZNBVHIAVUCUkgBZAhVDVPIAV0KVEgBbF1NBVXIAU0FVkgBfA
636=pNBVfIAU0FWEgBZAhNBVnIAU0FWkgBJ+AMqFlBBFxUAnRaQQRdyAFFCF7IAV0KX8gBVQJg
637=yAFVAmHIAVUCYsgBRQhjyAFXAhsAVpRlXSscyAFdYh1JAVV/IAIAHkgBkBRpZFagfWhkqA
638=EBAwIAIUAEfEFVRCJJAWJsMWlkVkwuSABqZFYAzVIlQATNUiYoKQAnKCkAKCgpACkoKQAq
639=KCkAKygpACxJAVq1DS1IAUwNYXIuSAFpZAZqZFYAaQEHaGSpAQhrZFYAYLkGMk0FWKkBM0
640=gBxRM0KCkANSgpADZIAcFyN0gBJ4oMVgDJATlUAnRlQXI6yQEFaWRWTmMAAEkBPFUCd3cU
641=AgA9yAEBAQIAPkgBaGQBAgIAP8gBUSpASAFoZFUCQcgBVQJCSAFoZEkBQ8gBAQQCAETIAU
642=kMRUkBi2Aaa2RWACWpAUdVAhqpAUhIAZ8VAQBJSQF4exEBAErIAUlDS8gBAQIBAExIAWQ/
643=SQFNyAFBRk5IAclZT8gBVQJQSAFoZE0FUcgBVQJSSAFsBQEAAQBTyAFJDFRIAWhkTQVVyA
644=FNBVZJAVdoTmzLUAGpAVhUAs0QWcgBTQVaSAFwYV0KW8gBUQlcyAFBBF3IAVUNXsgBTQVf
645=yAFVAmDIAVUCYcgBVQJiyAFFCBxE3MVgHSgpAB5IAZgRcWFXkGFBniBUAnTIVTkhSAFwYV
646=02IsgBUaMjSQFiaC1xYVcoMgxXAMlOJkAEyQEnKCkAKCgpACkoKQAqKCkAK0gBxWAsSAFk
647=DFVwLSgpAC5JAURFKQlxYVeRYQpwYakBC3NhVwB8a0MGADJNBXapATNJAWCpATRIAcUTNS
648=gpADYoKQA3SAHJxzhJAV1zEAYAOUkBR2sBAgA6SQEncAlxYVdYDFsCAQA8VQKedQIBUmFX
649=AGgBQTA+1AJVOT/IAU0xQMgBAQABAEHIAU0FQsgBTQVDyAFNBURJAY69CkVIAdHERkgBWQ
650=4ARQhHSQEkoQRISQEfqQFJSAFwYUUISsgBAQQBAEvJAQVyYVcA1bJNVALJAU5IAXheXQpP
651=yAFFE1BIAcEEUUgBm0gBAFJIAXBhXRVTyAFVDVRIAcEEVUkBWFA1UQlWSAHdClfIAV0KWE
652=gBwQRZSAHFYFrIAUEEW8gBXQpcyAFVDV3IAVUCXsgBVQJfyAFVAmDIAUUIYcgBVAIBHQBY
653=AHwVQVweyAFBXB9IAWxdQVwgyAFVkSFIAZuKAgAiSQE8TC1VkSNJAV9IAU1SJEgBJw0YWC
654=jYCycpACdABN1MKEgB1bIpSAHVAipIAd2vK0gBlw0GACxIAWQMSQwtSQF+dzkGAC5IAdUC
655=LygpADBJASB8K3teWAB/rQUyVQJ3qQEzSAHFYDRIAd0VNUgBzRA2KCkAN0gB2RE4SgFNAE
656=AAel5YAGgBQSU6VAIltSI7SAHBUTxJAXVIBU08PcgBVS4+SQGKtQI/yAFVAkBJAXK1AkHI
657=AVUCQkgBzQVDyAFVAkRJAXCtBUXIAVUCRkkBcbUCR8gBVQJISQFvtQJJSQFzqQFKyAFBBE
658=tIAd1MTEkBUG0mAV4aWABoAUEETlUCT1QCWUhPyAFBRlBIAdkGUUgBbAVZHFLIAVkGU0gB
659=ybxUSAF4SEEEVcgBQQRWSAHdClfIAV0KWEgBzV1ZyAFBD1rIAUEEW8gBUQlcyAFRCV0oKQ
660=BeyAFBBF/IAUEEYMgBRwgeAFmMXUlZH0gBhBMikSNZiLxVOSEoVQAiyAFVAiNIAWFcAX26
661=WShdF1kogAsnKQAnTAXBRihJAYKpTilJAWCpASpIAdleK0kBW7UCLEkBfKkBLUkBeakBLk
662=gBeDZZXi8oKQAwSQEgWDJFzjHJAQR/ulkAIFQCAQUGADNVAn2lCDRIASeACyeRAjZUAs1d
663=N0gB3RU4SgFLAEAAYVxZVKJcqH+6WQCLcwkBADtBBCOpATxIAWBcRTQ9yAFdKz5IAXBWVQ
664=I/yAFVAkBIAWBcVQJByAFVAkJIAc0FQ8gBVQJESQFwSBBNBUXIAVUCRkgBYFxVAkfIAVUC
665=SEkBb0wFTTxJSAFgXEEESsgBQQRLSQFVSSIAfbpZlFpBBE1VAlBUAkEETkgBk0ABAE/IAV
666=EJUEgB3VdRSAFsBVkGUsgBWQZTSAHBv1RIAWQIQQRVyAFBBFZIAcEEV0gB1VpYyAFJDFnI
667=AUUTWsgBVQJbyAFRCVzIAVEJXSgpAF7IAU0FX8gBQwQfAFqcV4y1qAFBXCEoVQAiyAFVAi
668=NJAVtsJmlZWigpC1ooKAsnKQAnTAXVRChIAdX/KUgBxVUqSQF0f0EGACtJAXipASxIAd1X
669=LUgBUA0kvS5ahAGIWScpADBBBCBNMQZvtVoAIEkBB2hZJ4EAM0EEgb0KNEkBYKkBNUgBzW
670=g2SAHRFDdIASWZJDhIAWlZAmlZWohZUR86VAInKwtaACJwCSKIIgFaAHcAQAAiiCKoAV0r
671=PkwFZD8BAAEAP8gBVQJASAHNn0FJAU9cFUEEQsgBQQRDSQFXtQJESQFwWAoBBAEARckBBS
672=K+LloAaFlVAkdUAmgBVQJISAHZBklIAd0KSsgBXQpLSQFSvQpMyAFVAk1IAcFcTkgBwVFP
673=yAFJQ1BIAdEJUcgBWQZSSAHVDVNIAcEEVMgBQQRVSAHVDVbIAVUCV0gBaFlZU1jIAUkMWc
674=gBVQJayAFVAlvIAVUjXMgBRQhdyAFNBV7IAU8FIABbnFdFrSFJAVdNJgEiHUZbUgEAAEk4
675=I0ABcFZBniRJAWB/NgYAJUgBxT8mKCkAJ0gByUMoSAHdQSlJAXu5BipIAdlTK0gBUA15Uy
676=xIAZv4BQAtSQGNbwUFAC4oKQAvKCkAMEkBim8xBQAxyAEBAQUAMkkBlLUCM8gBVQI0SAHJ
677=DDVJAYJ/CgYANkkBYqkBN0kBRWQEIh1GW0RFka45VAKbEQEAOkgBJVUhO0gBJ9MKWwB5eA
678=ZwVqgBXSs+QQRQTRACcVZbgJ5dK0BUAtWRQUgBeD1BBELIAUEEQ0gB2UhESAHFP0XIAV0K
679=RkkBUVwKAQABAEfIAVUCSEgB0WFJSAHdCkrIAV0KS0gBcAlVDUzIAVUCTUgB1U9OSAHdCk
680=/IAV0KUEgB0QlRyAFZBlJIAdUNU0gBwQRUyAFBBFVIAdUNVsgBVQJXSAFwVkkXWMgBSQxZ
681=yAFVAlrIAVQCYE5sBV0VXNQCRQhdyAFCBCEAIr4tAABBUSJIASVxKiNIAWgxSZskKCkAJU
682=kBYK08JkgBzewnSAHVpyhIAdWnKUgBzVIqSAHRCStIAcFGLEkBinAJeVNcTE1JBARZU1xA
683=r4kBL0EEK0QBAQAEADBJAYlxNQRaU1wAagEBBEoGXAB4UwEDBAAzQARoAQEEBQA0yAEBBQ
684=YANUkBQWQIelNcAGgBVXA3VAJ4U03LOEgBzVI5SAHNUjpIASX9QTtJAR5wFG2qXJhTWSc9
685=VAJkVUGePsgBQZ4/SAFwNQEAAQBAyAFdK0FIAclDQkgBfJlBBEPIAUEEREgBeAZFNEXIAU
686=kMRkgBeEhVAkfIAVUCSEgBxQhJyAFFCEpJAVl0IyLZN1yIZEkMTFQCYGdBBE1IAdVlTkgB
687=3QpPyAFdClBIAWwQWQZRyAFZBlJIAdUNU8gBVQJUSAHVDVVIAWgMWQZWyAFBBFdIAclOWM
688=gBSQxZyAFAGkz0I+BOVQJb1AJZBlzIAUMEIgBdJmlKIygpACQoKQAlKCkAJkgBJW1bJ0gB
689=JWk0KEkBdX82BgApSAFsQElZKkgBmT0FTkxdACOzPQUALFQChD9jUV0AKnAFYVFdQExPAQ
690=MAL0AEgVEDQlFdAJ2kA0BRqgEBA10EXYJRBgNAUaoBBwJAUaoBCAJBUV2UT0lONlAJYFFN
691=9zdIAUMMAAACIb1aXUAKUwEBADlVAodoF3+kXQCIqQE7VALJATxJAS1IBVUuPUkBdakBPs
692=gBRSk/SAF0OUUpQMgBSS1BSAHdNkJIAWA7QQRDyAFBBERIAdVERUkBT6VKRsgBXQpHSAHF
693=CEhIAcUIScgBRQhKSAHFCEtIAWhDSQxMyAFBBE1IAd0KTsgBXQpPSAHdClBIAckXUcgBWQ
694=ZSSAHVDVPIAVUCVEgB1Q1VSAHVDVbIAUEEV0gBYFFJDFjIAU0mWcgBVQJayAFRFFvIAVsG
695=IwBe9U8kKCkAJUkBXW8xBgAmSAHV9CdIASURKShJAYGhBClIAXQyiU5eJKgxa05eAIBgBG
696=tOXgB6qQEtTAWYoGlOXrRPaU5eVEpNCAJJTl6AnlVEMUwFjZ8CUQNeik4JAkhOqQEKak5e
697=AIixak5eAImxAkjzJykAN0QII0wraE4nVQA5VALNBTpIAcEEO0gBkxQCADxIASWVKT1IAW
698=hOTSY+yAFNJj9IAdWcQEgBbDFJLUHIAUktQkgByd1DSAFokEEERMgBQQRFSAFoQ10KRsgB
699=XQpHSAF8QU0FSMgBTQVJSQFVuVNKSAHRQEtIAXg9TQVMyAFNBU1IAd0KTsgBXQpPSAHRFF
700=DIAU0FUUgB1RhSSAHRCVPIAUUTVMgBRQhVyAFVDVbIAUEEV8gBQQRYyAFVAlnIAVUCWsgB
701=Vg0kACIAPkw8It0nXybdMiZUAidxCV8mCTMoVALdTClIASWxSCpJATFBCABxS1+ohXJLXw
702=Ccg32ZX6RKcEvIAXNLXwCJdE9zS18AxWUIAliPqQEBcUtfpFVyS18A3UE0VA0juElyS18A
703=yQE2VAKHrQIAN0gBbAlFVThIAYmxAl6ZXwAjICAi3D3HHgIAO0AEiLFh619Y/kAHItwnTA
704=VEAVEqPkEEeUgBQSU/yAFFKUBIAXw2SQFByAFRKkJIAd1BQ0gBcEtBBETIAUEERUgB1U9G
705=SAHNPEdIAXBLTQVIyAFNBUlIAWBGTRBKyAFNEEtIAXxBTQVMyAFNBU1IAWQITQVOyAFNBU
706=9IAdEUUMgBTQVRSAFkCE0FUsgBTQVTyAFVAlTIAVUCVcgBVQ1WyAFFCFfIAU0FWMgBTQVZ
707=yAFMBQIlAGAAYGA7bpRgACXNMCdUAskBKEgBJ/owYACFNAZFRGCsPCLOO2AAJR1RLEwFgJ
708=N5SGBQBFAxeEjIAXlIYCgZCWCYSF3bMVgGZEpd2zJJAdlUBkVKM0gBRAFp3TQoKQA1KCkA
709=NkgBmBF5SGCwo2yUIgR7QAd5SGBQnkgBeuJgACM1MwFZSGDtRzxECCUlRz1IAWxHTSY+yA
710=EGBAEAPwBgAHkAEQAA3w4KHQADAAAFAQBAAGAAVgEAAAABAEEAYABXqQFCSQFPqQFDyAEB
711=AQEAREkBUrUCRcgBVQJGSAHFCEdJAVWhBEhJAVmpAUlIAXAJAQIBAErIAQEDAQBLSQFRoQ
712=RMyAFRCU1IAWgMTQVOyAFNBU9IAd0KUEkBTbkGUcgBTQVSyAFNBVPIAVUCVMgBVQJVyAFZ
713=HFbIAVUNV8gBTQVYyAFPBSYAYVwhSwAGACcoKQAoKCkAKSgpACooKQArSgF9ApkGLEkBlX
714=MUBQAtyAEBAQQALsgBAQIDAC/IAQEDAgAwSQGCewYCADFJAdlACAECAgAyyAFBBDNJAX6h
715=BDRIAVwDAgAAAgA1KCkANigpADdJATJnBAEAOEkBM6kBOUkBMakBOkkBh3MJAQA7SQEttQ
716=I8SQEgtQI9SQEbqQE+SQF0oQQ/yAFNJkBIAWQ0SQFBSQFYexwBAEJIAc08Q8gBRSlESAFs
717=BV0rRcgBVQJGSQFQuQZHyAFRCUhIAdEJSUgBwVFKSAHZSEtIAWBGUQlMyAFRCU1JAU6xCU
718=7IAVEJT0gB1URQyAFVAlHIAVFAUsgBVQJTyAFVAlTIAVUCVcgBVQ1WyAFVDVfIAUMEJwBi
719=bCMCAAAGACgoKQApKCkAKigpACtJAYFzKgYALEgBaUMEakNiAGoBBQVIQ6oBBgJIQ6kBB2
720=tDYgD0UQwBaEOoAYpDYgB0RAEFAgAzUQl7fwoCADRJAXqpATVIAVQGdUQ2KCkAN0gB0UA4
721=SQEwZwQBADlJAYC5BjpJAXapATtJAYtrAQEAPEkBJKkBPUkBHqkBPkgBaENVIz/IAVUjQE
722=gBeD1JAUFIAdkyQsgBTSZDSAHVOURIAdFARcgBQQRGyAFdCkfIAVEJSEgBZD9FNEnIAU0F
723=SkgBaE5VAkvIAVUCTEgByYVNSAFsEFEJTsgBUQlPSAFoQ1UCUMgBVQJRyAFVAlLIAVUCU8
724=gBVQJUyAFVAlXIAVUNVsgBQwQoAGNoKn1BKSgpACooKQArKCkALCgpAC1IAXJACQZRQGOd
725=QQpxQGOEP1l/MEAEcUAEcEC0AkU/MlUCfGwxc0BjAHmpATRUApAQfIPbEQIANihVADcoKQ
726=A4SAHJhTlIAcmFOkgBkZgCXoNjACcTCGMAjGMLAQA9QARoAVEfPkkBc7UCP8gBVQJASAFg
727=O0kBQUgBwTBCyAFZJ0NIAd3FREgBbAVZJ0XIAUEERkgB2X9HSAHVOUhIAXBATQVJyAFNBU
728=pIAXBAVQJLyAFVAkxIAd1MTUgBeD1VRE4oKQBPyAFRFFDIAUEEUcgBVQJSyAFVAlPIAVUC
729=VMgBVQ1VyAFXDSkAZHQgZT8qKCkAKygpACwoKQAtSQFMdAV6PWQAaAFVey9UAmw8WX8wyA
730=FZfzFIAWgFVb0ySAHZMjNIAdUCNCgpADUoKQA2KCkANygpADhIAdl/OUgB2X86SAGAk3k9
731=ZCi5B2SYPVkcPUAEeD1ZHD5IAXg9VQI/yAFVAkBIAWg4SQFBSAHBO0JIAWQ/WSdDyAFZJ0
732=RIAWg4VQJFyAFVAkZIAXSGVQJHyAFVAkhIAWA7VQJJyAFVAkpIAd0KS8gBVQJMSAHNPE3I
733=AVEUTigpAE/IAVEUUMgBQQRRyAFVAlLIAVUCU8gBVQJUyAFLDCoAZZAuAQAGACsoKQAsKC
734=kALUgBdTkCYTtlgDtRdy9UAmE7CXG5ZYh6VXsxVALRdzJJAXexdzNIAd2vNEgBmA18eMAP
735=fHgnKQA3KIEAOCgpADkoKQA6SAHVeztJAS50CXO5ZQCPqQE9VAJoAU0bPkkBgbUCP8gBVQ
736=JASAHBMEHIAVUCQkgBYDBBJUPIAUElREgBYDtVAkXIAVUCRkgBYDtVAkfIAVUCSEgBfApV
737=AknIAVUCSkgB3QpLyAFVAkxIAWA7QQ9NyAFdQU7IAVUCT8gBVQJQyAFVAlHIAVUCUsgBVQ
738=JTyAFDDysAZnwdZXYsSQFFcwEGAC3IAUFyLkgBfDZJAS/IAUXvMMkBDWqxZgDBcjJUAmAI
739=WXQzSAHZaTRIAdUCNSgpADYoKQA3KCkAOCgpADkoKQA6SAHFdjtIASepJmaIOFUYPVUCj0
740=wMQSU+SAFoOFUCP8gBVQJASQF7QARdIEHIAV0gQkgBZHZVAkPIAVUCREgB0a5FSAFkNEEE
741=RsgBQQRHSAF0OVUCSMgBVQJJSAHNfkpIAXA1QQRLyAFZEUzIAVkRTcgBVQJOyAFNBU/IAV
742=UCUMgBTQVRyAFVAlLIAVQCASwAZwBwNU0xLUgBZDRRbC7IAUXkL8kBBX9tZwCApWsxVALR
743=bDJIASWZJDNIAXAjXTY0KCkANSgpADYoKQA3KCkAOCgpADlIAd14OkgB3Qo7SAHdNjxIAd
744=02PUkBI3sRAQA+SAFwNQEEAQA/yAEjIjZnAHA1RR5BVAJoAUUeQkgBcDVVAkPIAVUCREgB
745=Ja0sRUgBcDVBBEbIAUEER0gBcDVVAkjIAVUCSUgBxTRKyAFJOEvIAUEETMgBWTJNyAFBBE
746=7IAVEJT8gBTQVQyAFNBVHIAU8FLQBolJxF2S7IAUXZL0gByS0wSAHBkzFJAY6pIjJIASUF
747=IjNIASe5M2iUBkU0NVQCjAF4oCdVADdVAoJnCAIAOEgBwQQ5SAHNczpIAdUNO0kBjGwFeq
748=BoAMWiPVUCJLUCPkkBHakBP0kBH6kBQEkBd2ALIn48aABoAVkcQlQCYJ5RH0PIAVUCREgB
749=cJhVAkXIAVUCRkgBJTEiR0gBdDlBBEjIAUEESUgBeDJdK0rIAUEES8gBQQRMyAFBBE3IAU
750=EwTsgBTQVPyAFNBVDIAU8FLgBpjDFFzi9IAXAYRSkwSAElWScxSgH//18CAQAySQGFpR4z
751=SQF/aAEiUzFpAHSpATVVAnipATZIAc1dN0gBXAciqTE4SAHRYTlIASVFKjpIAdUNO0kBjX
752=AFYjBpAGgBXRU9VQJvtQI+SQFuqQE/yAFBBEBJAXK1AkHIAVUCQkgBYDBZHEPIAUkiREoB
753=TgFVEQFahGkAaAFVAkZUAs2UR0gBYDBZBkjIAUEESUgBYDBJAUrIAUEES8gBVQJMyAFJLU
754=3IAU0QTsgBTQVPyAFPBS8AanQVUhAAMEgB0R8xSAEnqwVqAC9rBAEAM1QC2V40SAHRVjVI
755=AdFWNkgBwQQ3SAHdKzhJAXWtMTlIAc0FOkgB1Vo7SAF8K0UTPMgBRRM9SAFoLUkXPkkBbk
756=wQQQQ/yAFBBEBIAWgtVQJByAFVAkJJAVJQKlEfQ8gBRQhESAHRKkVIAdWRRkgBZClNBUfI
757=AVEJSMgBVQJJyAFFCErIAVUCS8gBVQJMyAFZBk3IAU0QTsgBQwQwAGsmnSoxSAEnUgVrAM
758=kBM1QCyVk0SAHd8TVJAYpvJgEANkkBhKkBN0gBzV04SAEnUAUniQE6VALZtjtJAXVMJl0V
759=PMgBWRE9SQFOVCNdFT7IAV0VP0gB1SNASAHJTkHIAUEEQkgBcCpZBkPIAVUCREkBV1AJSQ
760=xFSAHFKUbIAVUNR8gBTQVIyAFFCEnIAVUCSsgBVQJLyAFVAkzIAUUITcgBQwQxAGztJjIo
761=KQAzSAEn+QRsfB1pWTVUAtHaNkgBJfkwN0gBhAR+r2wAyS05VALZXjpJASapLTtIAXgnQQ
762=88yAFFEz1JAU+lHj7IAVEUP0kBVbUCQEgB1adBSAFsflUjQsgBTQVDSAHJLURIAc0mRcgB
763=VQ1GyAFVDUfIAUUISMgBRQhJyAFVAkrIAVUCS8gBRQhMyAFHCDIAbe0mM0gB3Xg0SAHF2T
764=VIAdnMNkgBJ/EObUisSCUiXk5tAM0FOUAExXY6SQF4XANNEDvIAU0QPMgBTRA9SAFgJUkB
765=PsgBWRE/SAFwS1kGQMgBWQZBSAFgJU0FQsgBTQVDSAHVI0TIAU0FRcgBRQhGyAFVAkfIAU
766=UISMgBRQhJyAFVAkrIAVUCS8gBWwYzAG5GAAAASQE0QQFwoRo1yAFVAjZIAc0mN0gB0R84
767=SQEltUQ5SAHF7zpIAWgiSQw7yQEEasduAHUCBSIqQm4AbGhJFz5ABGgBSQw/SQFQTEdRFE
768=DIAUUIQUgB2UhCSAHdIEPIAU0FRMgBTQVFyAFVAkbIAVUCR8gBVQ1IyAFVDUkoKQBKyAFY
769=BgI0AG8AcFAfSQE1yAFFCDZJAW5UAkUIN8gBRQg4SAFsBVUCOcgBVQI6SQF3rQU7yAFVAj
770=xIAXBAUQk9SAFkHkkMPsgBVQI/SAHRYUBJAVdcIF0KQUgBxR5CyAFRCUPIAUEERMgBVQJF
771=yAFVAkbIAVUCR8gBVQ1IyAFVDUkoKQA1XB10GFkyNkgBeBxNBTfIAU0FOEgBYARVAjnIAV
772=UCOkkBcvoccABoAVUNPFQC0TU9SQFQtRg+yAFBBD9IASd+EHAAzRtBVAJoAUkMQsgBSQxD
773=yAFVAkTIAVUCRcgBVQJGyAFVAkfIAVEfSMgBVw02AHGIDEEEN8gBWQY4SQFwSBdNUjnIAV
774=EfOkgBdBhBBDvIAVkGPEgB2TI9SQFQQBpBBD7IAUEEP0gBaBdBD0DIAUEPQcgBQQRCyAFB
775=BEPIAUEERMgBVQJFyAFVAkYoKQBHyAFVDTdUK8kMOMgBTQU5yAFFCDrIAVUCO0kBUlAUVQ
776=I8yAFVAj1JAVi1Aj5IAdEJP8gBSQxAyAFdFUHIAVkGQsgBQQRDyAFBBETIAVUCRcgBVQJG
777=KCsAOABz9S45yAFNBTrIAU0FO0gBcBRVAjzIAVUCPUgBxRM+yAFNED/IAUEEQMgBWQZByA
778=FVAkLIAVUCQ8gBVQJEyAFdIEXIAVMJOQB0hBNVAjrIAVUCO8gBWQY8yAFBBD3IAV0KPsgB
779=QQQ/yAFBBEDIAUUIQcgBVQJCyAFVAkMoKQBEyAFTCToAdYwQUQk7yAFZBjzIAVkGPcgBQQ
780=Q+yAFBBD/IAUUIQMgBQQRByAFVAkLIAVUCQygrADsAdpQNQQQ8yAFBBD3IAV0KPsgBQQQ/
781=yAFBBEDIAUEEQcgBQQRCyAFDBDwAd5wKQQQ9yAFBBD7IAUEEP8gBQQRAyAFBBEHIAUEEPV
782=DBeD1JAT7IAU0FP8gBTQVAyAGBBHmUDVQCDD8AeQBNAQAAAwEAAAAAABEAAA==

[Terrain]
72044=TREE01
73042=TREE02
82045=TREE03
78038=TREE04
81029=TREE05
77029=TREE06
79026=TREE07
79025=TREE08
80026=TREE09
73037=TREE10
71028=TREE11
56027=TREE12
55028=TREE13
68037=TREE06
67038=TREE05
71039=TREE04
69050=TREE05
66044=TREE06
79039=TREE07
62035=TREE07
61039=TREE08
65034=TREE09
35048=TIBTRE02
52086=TREE01
56083=TREE05
61080=TREE06
66080=TREE07
67073=TREE08
69072=TREE09
68071=TREE10
32048=TREE11
34044=TREE17
39052=TREE18
44059=TREE19
49057=TREE16
53053=TREE15
48040=TREE14
52038=TREE09
56032=TREE08
90051=TREE07
96043=TREE06
92040=TREE05
74053=TREE04
59077=TREE04

[Units]
0=GDI,MMCH,256,51,101,0,Guard,09AB1800,0,-1,0,-1,1,1
1=GDI,MMCH,256,53,101,0,Guard,09AB1800,0,-1,0,-1,1,1
2=GDI,MMCH,256,55,101,0,Guard,09AB1800,0,-1,0,-1,1,1
3=Nod,BGGY,256,72,38,96,Area Guard,None,0,-1,0,-1,1,1
4=Nod,BGGY,256,68,38,128,Area Guard,None,0,-1,0,-1,1,1
5=CivB,CAR,256,22,65,0,Sleep,None,0,-1,0,-1,1,1
6=CivA,CAR,256,37,84,64,Sleep,None,0,-1,0,-1,1,1
7=CivD,CAR,256,23,75,0,Sleep,None,0,-1,0,-1,1,1
8=CivC,CAR,256,53,78,0,Sleep,None,0,-1,0,-1,1,1
9=CivA,CAR,256,58,72,0,Sleep,None,0,-1,0,-1,1,1
10=CivC,CAR,256,55,61,192,Sleep,None,0,-1,0,-1,1,1
11=CivD,CAR,256,52,59,64,Sleep,None,0,-1,0,-1,1,1
12=CivB,PICK,256,37,63,0,Sleep,None,0,-1,0,-1,1,1
13=CivD,PICK,256,44,84,0,Sleep,None,0,-1,0,-1,1,1
14=CivA,PICK,256,29,66,192,Sleep,None,0,-1,0,-1,1,1
15=CivD,PICK,256,68,70,64,Sleep,None,0,-1,0,-1,1,1
16=CivB,PICK,256,53,61,192,Sleep,None,0,-1,0,-1,1,1
17=CivB,WINI,256,61,70,0,Sleep,None,0,-1,0,-1,1,1
18=CivC,TRUCKA,256,43,81,128,Sleep,None,0,-1,0,-1,1,1
19=CivD,WINI,256,24,67,128,Guard,None,0,-1,0,-1,1,1
20=Nod,BGGY,256,46,81,128,Guard,09A99320,0,0,0,-1,1,1
21=Nod,BGGY,256,48,81,128,Guard,09A99320,0,0,0,-1,1,1
22=Nod,BGGY,256,33,75,64,Area Guard,0A094C10,0,-1,0,-1,1,1
23=Nod,BGGY,256,71,33,128,Area Guard,None,0,-1,0,-1,1,1
24=Nod,BIKE,256,63,75,0,Area Guard,0897A030,0,-1,0,-1,1,1
25=Nod,BIKE,256,77,27,64,Area Guard,0A093CF0,0,-1,0,-1,1,1
26=Nod,BGGY,256,45,75,128,Area Guard,0A094C10,0,-1,0,-1,1,1
27=Nod,BIKE,256,26,63,64,Area Guard,09E53EC0,0,-1,0,-1,1,1
28=Nod,TTNK,256,96,59,64,Guard,09A05320,0,-1,0,-1,1,1

[Infantry]
0=Nod,CYBORG,256,46,62,4,Area Guard,128,None,0,-1,0,1,1
1=Nod,CYBORG,256,48,62,3,Area Guard,128,None,0,-1,0,1,1
2=Nod,CYBORG,256,67,33,3,Area Guard,128,None,0,-1,0,1,1
3=Nod,E1,256,63,74,2,Area Guard,0,0897A030,0,-1,0,1,1
4=Nod,E1,256,65,75,4,Area Guard,0,0897A030,0,-1,0,1,1
5=Nod,E1,256,74,25,4,Area Guard,0,None,0,-1,0,1,1
6=Nod,E1,256,75,27,3,Area Guard,0,None,0,-1,0,1,1
7=Nod,E3,256,71,41,4,Guard,0,None,0,0,0,1,1
8=Nod,E3,256,72,40,3,Guard,0,None,0,0,0,1,1
9=Nod,E3,256,72,41,4,Guard,0,None,0,0,0,1,1
10=Nod,CYBORG,256,63,63,2,Area Guard,0,0A626AC0,0,-1,0,1,1
11=Nod,CYBORG,256,62,63,4,Area Guard,128,0A626AC0,0,-1,0,1,1
12=Nod,E1,256,62,23,2,Area Guard,0,None,0,-1,0,1,1
13=Nod,E1,256,60,24,2,Area Guard,0,None,0,-1,0,1,1
14=Nod,CYBORG,256,69,27,3,Area Guard,0,None,0,-1,0,1,1
15=Nod,CYBORG,256,91,41,4,Area Guard,160,None,0,-1,0,1,1

[Structures]
1018513=Neutral,CITY06,256,49,72,0,None,0,0,1,0,0,None,None,None,0,0
1018514=Neutral,CITY04,128,49,66,0,None,0,0,1,0,0,None,None,None,0,0
1018515=Neutral,CITY05,256,55,70,0,None,0,0,1,0,0,None,None,None,0,0
1018516=Neutral,CITY08,256,60,72,0,None,0,0,1,0,0,None,None,None,0,0
1018517=Neutral,CITY02,256,27,67,0,None,0,0,1,0,0,None,None,None,0,0
1018518=Neutral,CITY01,128,19,66,0,None,0,0,1,0,0,None,None,None,0,0
1018519=Neutral,CITY18,256,34,78,0,None,0,0,1,0,0,None,None,None,0,0
1018520=Neutral,CITY17,256,36,87,0,None,0,0,1,0,0,None,None,None,0,0
1018521=Neutral,CITY11,256,43,68,0,None,0,0,1,0,0,None,None,None,0,0
1018522=Neutral,CITY15,256,53,65,0,None,0,0,1,0,0,None,None,None,0,0
1018523=Neutral,CITY12,256,41,79,0,None,0,0,1,0,0,None,None,None,0,0
1018524=Neutral,CITY13,256,43,79,0,None,0,0,1,0,0,None,None,None,0,0
1018525=Neutral,CITY16,128,56,59,0,None,0,0,1,0,0,None,None,None,0,0
1018526=Neutral,CITY07,256,42,59,0,None,0,0,1,0,0,None,None,None,0,0
1018527=Neutral,CITY09,256,50,59,0,None,0,0,1,0,0,None,None,None,0,0
1018528=Neutral,CITY10,256,34,72,0,None,0,0,1,0,0,None,None,None,0,0
1018529=Neutral,CITY22,256,27,78,0,None,0,0,1,0,0,None,None,None,0,0
1018530=Neutral,CITY19,256,66,66,0,None,0,0,1,0,0,None,None,None,0,0
1018531=Neutral,CITY20,256,66,69,0,None,0,0,1,0,0,None,None,None,0,0
1018532=Neutral,CITY20,256,68,69,0,None,0,0,1,0,0,None,None,None,0,0
1018533=Neutral,CITY21,256,65,65,0,None,0,0,1,0,0,None,None,None,0,0
1018534=Neutral,CITY15,128,18,71,0,None,0,0,1,0,0,None,None,None,0,0
1018535=Neutral,CITY17,128,58,65,0,None,0,0,1,0,0,None,None,None,0,0
1018536=Neutral,CITY14,128,34,69,0,None,0,0,1,0,0,None,None,None,0,0
1018537=Neutral,CITY01,128,59,78,0,None,0,0,1,0,0,None,None,None,0,0
1018538=Neutral,CITY02,128,50,78,0,None,0,0,1,0,0,None,None,None,0,0
1018539=Neutral,CITY05,128,40,84,0,None,0,0,1,0,0,None,None,None,0,0
1018540=Neutral,CITY02,128,60,59,0,None,0,0,1,0,0,None,None,None,0,0
1018541=Neutral,CITY03,128,59,56,0,None,0,0,1,0,0,None,None,None,0,0
1018542=Neutral,CITY09,128,28,60,0,None,0,0,1,0,0,None,None,None,0,0
1018543=Neutral,CITY11,128,52,84,0,None,0,0,1,0,0,None,None,None,0,0
1018544=Neutral,CITY08,128,23,69,0,None,0,0,1,0,0,None,None,None,0,0
1018545=Nod,NAHAND,256,63,32,0,None,1,0,1,0,0,None,None,None,0,0
1018550=Nod,NAPOWR,256,69,24,0,071A5420,1,0,1,0,0,None,None,None,0,0
1018553=Nod,NARADR,256,67,25,0,None,1,0,1,0,0,None,None,None,0,0
1018556=Nod,NAAPWR,256,69,20,0,None,1,0,1,0,0,None,None,None,0,0
1018559=Nod,NAAPWR,256,67,21,0,None,1,0,1,0,0,None,None,None,0,0
1018562=Nod,AMMOCRAT,256,71,23,0,None,0,0,1,0,0,None,None,None,0,0
1018563=Nod,AMMOCRAT,256,72,22,0,None,0,0,1,0,0,None,None,None,0,0
1018564=Nod,AMMOCRAT,256,73,22,0,None,0,0,1,0,0,None,None,None,0,0
1018565=Nod,AMMOCRAT,256,74,23,0,None,0,0,1,0,0,None,None,None,0,0
1018566=Nod,AMMOCRAT,256,75,24,0,None,0,0,1,0,0,None,None,None,0,0
1018567=Nod,AMMOCRAT,256,70,23,0,None,0,0,1,0,0,None,None,None,0,0
1018568=Nod,AMMOCRAT,256,69,23,0,071A50F0,0,0,1,0,0,None,None,None,0,0
1018569=Nod,AMMOCRAT,256,71,22,0,None,0,0,1,0,0,None,None,None,0,0
1018570=Neutral,CA0017,256,65,77,0,None,0,0,1,0,0,None,None,None,0,0
1018571=Nod,NATECH,256,62,26,0,None,1,0,1,0,0,None,None,None,0,0
1018574=Neutral,GALITE,256,29,65,0,0A22A620,0,0,1,0,0,None,None,None,0,0
1018575=Neutral,GALITE,256,45,73,0,071B0610,0,0,0,0,0,None,None,None,0,0
1018576=Neutral,GALITE,256,29,73,0,07238930,0,0,1,0,0,None,None,None,0,0
1018577=Neutral,GALITE,256,45,61,0,07238930,0,0,1,0,0,None,None,None,0,0
1018578=Neutral,GALITE,256,65,73,0,071B0610,0,0,1,0,0,None,None,None,0,0
1018579=Neutral,GALITE,256,38,73,0,09A994F0,0,0,1,0,0,None,None,None,0,0
1018580=Neutral,GALITE,256,49,85,0,0A22A620,0,0,1,0,0,None,None,None,0,0
1018581=Neutral,GALITE,256,56,61,0,0A22A620,0,0,1,0,0,None,None,None,0,0
1018582=Neutral,GALITE,256,65,61,0,09A994F0,0,0,1,0,0,None,None,None,0,0
1018583=Neutral,INGRNLMP,256,48,35,0,None,0,0,1,0,0,None,None,None,0,0
1018584=Nod,NAWEAP,256,68,29,0,None,1,0,1,0,0,None,None,None,0,0
1018585=Neutral,CABHUT,256,70,54,0,None,0,0,1,0,0,None,None,None,0,0
1018586=Neutral,CABHUT,256,74,40,0,None,0,0,1,0,0,None,None,None,0,0
1018587=Neutral,GALITE,256,74,54,0,071B0610,0,0,1,0,0,None,None,None,0,0
1018588=Neutral,GALITE,256,70,40,0,None,0,0,1,0,0,None,None,None,0,0
1018589=Neutral,GALITE,256,93,41,0,None,0,0,1,0,0,None,None,None,0,0
1018590=Neutral,GALITE,256,83,51,0,None,0,0,1,0,0,None,None,None,0,0
1018591=Neutral,REDLAMP,256,64,30,0,0A7ABC00,0,0,1,0,0,None,None,None,0,0
1018592=Neutral,REDLAMP,256,72,25,0,0A7ABC00,0,0,1,0,0,None,None,None,0,0
1018593=Neutral,GALITE,256,66,17,0,None,0,0,1,0,0,None,None,None,0,0
1018594=Neutral,CA0001,256,96,55,0,None,0,0,1,0,0,None,None,None,0,0
1018595=Neutral,CA0002,256,97,62,0,None,0,0,1,0,0,None,None,None,0,0
1018596=Neutral,CA0003,256,100,59,0,None,0,0,1,0,0,None,None,None,0,0
1018597=Neutral,CA0011,256,102,55,0,None,0,0,1,0,0,None,None,None,0,0
1018598=Neutral,CA0012,256,101,55,0,None,0,0,1,0,0,None,None,None,0,0
1018599=Neutral,CA0013,256,101,54,0,None,0,0,1,0,0,None,None,None,0,0
1018600=Neutral,CA0014,256,104,61,0,None,0,0,1,0,0,None,None,None,0,0
1018601=Neutral,BLUELAMP,256,98,61,0,None,0,0,1,0,0,None,None,None,0,0

[OverlayPack]
1=CQAAIIH//v4f/4H/gCQAACCB//5LDv+BAP7/Af//AARMDv4ABP//4gVMEIJmZv7PAf+B/4
2=BYAAAggf/qAACCZmb+/AH/Af6BZv/9AS4AAf4SBAAC/vUB/zH+//kBMwQCATQCyjACgwAA
3=AGAG/uMB/8wyCP71Af//AQIyCv8DAjEK/hAG/4EZ/v8B//+4B0gWgBgAACCB//5HAP+BGf
4=7/Af//AAZIAP63F/+B/4AmAAAggf/+IgL/gbHr9QGBr/7WC/+BsP4gAv+Brv70C/+Bs/6/
5=A/+B/4APAAAggf/+KAz/ga7+1RP/gf+ACQAAIIH//v4f/4H/gAkAACCB//7+H/+B/4AJAA
6=Aggf/+/h//gf+ACQAAIIH//v4f/4H/gAkAACCB//7+H/+B/4AJAAAggf/+/h//gf+ACQAA
7=IIH//v4f/4H/gAkAACCB//7+H/+B/4AJAAAggf/+/h//gf+ACQAAIIH//v4f/4H/gAkAAC
8=CB//7+H/+B/4AJAAAggf/+/h//gf+ACQAAIIH//v4f/4H/gAkAACCB//7+H/+B/4AJAAAg
9=gf/+/h//gf+ACQAAIIH//v4f/4H/gAkAACCB//7+H/+B/4AJAAAggf/+/h//gf+ACQAAII
10=H//v4f/4H/gAkAACCB//7+H/+B/4AJAAAggf/+/h//gf+ACQAAIIH//v4f/4H/gAkAACCB
11=//7+H/+B/4AJAAAggf/+/h//gf+ACQAAIIH//v4f/4H/gAkAACCB//7+H/+B/4A=

[OverlayDataPack]
1=CQAAIIEA/v4fAIEAgCoAACCBAP5LDgCBBP7/AQCBBf7/AQCBAf7/BQD/AAJMDv/iA0wSgQ
2=T/0QFMGICKAAAggQDqAACCBwf+/AEAhgMGAAgIBP77AQCJCAoICgcAAwAB/vYBAIQEBwoI
3=BAKBAP/5AS8AiQQABggKCggGA8giCIECAhRQBv7jAQCCBgf//gEuACQH//wBMQIyAf/3AT
4=UE/hgGAIUJCQ0JCf77AQCDCQkP//8BSRaBDv//AUkYAAH++wEA/7oBRhyAKQAAIIEA/kUA
5=AIUJCQ0JCf77AQCDCQkP//8BSQCBDv//AUkCAAH+tBkAgQCACQAAIIEA/v4fAIEAgAkAAC
6=CBAP7+HwCBAIAJAAAggQD+/h8AgQCACQAAIIEA/v4fAIEAgAkAACCBAP7+HwCBAIAJAAAg
7=gQD+/h8AgQCACQAAIIEA/v4fAIEAgAkAACCBAP7+HwCBAIAJAAAggQD+/h8AgQCACQAAII
8=EA/v4fAIEAgAkAACCBAP7+HwCBAIAJAAAggQD+/h8AgQCACQAAIIEA/v4fAIEAgAkAACCB
9=AP7+HwCBAIAJAAAggQD+/h8AgQCACQAAIIEA/v4fAIEAgAkAACCBAP7+HwCBAIAJAAAggQ
10=D+/h8AgQCACQAAIIEA/v4fAIEAgAkAACCBAP7+HwCBAIAJAAAggQD+/h8AgQCACQAAIIEA
11=/v4fAIEAgAkAACCBAP7+HwCBAIAJAAAggQD+/h8AgQCACQAAIIEA/v4fAIEAgAkAACCBAP
12=7+HwCBAIAJAAAggQD+/h8AgQCACQAAIIEA/v4fAIEAgA==

[ScriptTypes]
0=071CA150
1=06E15300
2=071BFDF0
3=06F420F0
4=06F22DF0
5=09E526B0
6=0A6223F0
7=09B64C40
8=072221B0

[071CA150]
Name=Area guard
0=11,10

[06E15300]
Name=-> H, drop, I
0=3,7
1=8,1
2=3,8

[071BFDF0]
Name=-> G
0=16,6

[06F420F0]
Name=-> M, guard
0=1,12
1=39,2
2=11,10

[06F22DF0]
Name=-> q, unload, r
0=3,16
1=8,1
2=39,3
3=3,17

[09E526B0]
Name=-> S
0=3,18

[0A6223F0]
Name=-> F
0=3,5

[09B64C40]
Name=-> V, unload, R
0=3,21
1=8,1
2=39,4
3=3,17

[072221B0]
Name=scatter
0=21,0

[TaskForces]
0=071C7590
1=06E147F0
2=0A77D790
3=06F41E70
4=06F20320
5=09E51BB0
6=0A6218F0
7=086437B0
8=071D8250

[071C7590]
Name=3 titans
0=3,MMCH
Group=-1

[06E147F0]
Name=1 drop, 3 wolv
0=1,DSHP
1=3,SMECH
Group=-1

[0A77D790]
Name=2 bug
0=2,BGGY
Group=-1

[06F41E70]
Name=3 rock
0=3,E3
Group=-1

[06F20320]
Name=2 eng, 1 carry
0=1,ORCATRAN
1=2,ENGINEER
Group=-1

[09E51BB0]
Name=4 disc
0=4,E2
Group=-1

[0A6218F0]
Name=3 mlrs
0=3,HVR
Group=-1

[086437B0]
Name=1 drop, 3 mlrs
0=3,HVR
1=1,DSHP
Group=-1

[071D8250]
Name=3 mlrs
0=3,HVR
Group=-1

[TeamTypes]
0=0A9425A0
1=06E148C0
2=0A77DA90
3=06F41F40
4=06F203F0
5=09E51C80
6=0A6219C0
7=09B64E70
8=071DC9A0

[0A9425A0]
Name=GDI titans
VeteranLevel=1
Loadable=no
Full=no
Annoyance=no
GuardSlower=no
House=GDI
Recruiter=no
Autocreate=no
Prebuild=no
Reinforce=no
Droppod=no
Whiner=no
LooseRecruit=no
Aggressive=no
Suicide=no
Priority=7
Max=1
TechLevel=0
Group=-1
OnTransOnly=no
AvoidThreats=no
IonImmune=no
TransportsReturnOnUnload=no
AreTeamMembersRecruitable=no
IsBaseDefense=no
OnlyTargetHouseEnemy=no
Tag=09AB1800
Script=071CA150
TaskForce=071C7590

[06E148C0]
Name=GDI rnf 1
VeteranLevel=1
Loadable=no
Full=no
Annoyance=no
GuardSlower=no
House=GDI
Recruiter=no
Autocreate=no
Prebuild=no
Reinforce=no
Droppod=no
Whiner=no
LooseRecruit=no
Aggressive=no
Suicide=no
Priority=7
Max=0
TechLevel=0
Group=-1
OnTransOnly=no
AvoidThreats=no
IonImmune=no
TransportsReturnOnUnload=no
AreTeamMembersRecruitable=no
IsBaseDefense=no
OnlyTargetHouseEnemy=no
Waypoint=I
Script=06E15300
TaskForce=06E147F0

[0A77DA90]
Name=Nod buggy attk
VeteranLevel=1
Loadable=no
Full=no
Annoyance=no
GuardSlower=no
House=Nod
Recruiter=no
Autocreate=no
Prebuild=no
Reinforce=no
Droppod=no
Whiner=no
LooseRecruit=no
Aggressive=no
Suicide=no
Priority=7
Max=0
TechLevel=0
Group=0
OnTransOnly=no
AvoidThreats=no
IonImmune=no
TransportsReturnOnUnload=no
AreTeamMembersRecruitable=no
IsBaseDefense=no
OnlyTargetHouseEnemy=no
Tag=09FBAE60
Script=071BFDF0
TaskForce=0A77D790

[06F41F40]
Name=Nod dest bridge
VeteranLevel=1
Loadable=no
Full=no
Annoyance=no
GuardSlower=no
House=Nod
Recruiter=no
Autocreate=no
Prebuild=no
Reinforce=no
Droppod=no
Whiner=no
LooseRecruit=no
Aggressive=no
Suicide=yes
Priority=7
Max=0
TechLevel=0
Group=0
OnTransOnly=no
AvoidThreats=no
IonImmune=no
TransportsReturnOnUnload=no
AreTeamMembersRecruitable=no
IsBaseDefense=no
OnlyTargetHouseEnemy=no
Waypoint=P
Script=06F420F0
TaskForce=06F41E70

[06F203F0]
Name=GDI engineer rnf
VeteranLevel=1
Loadable=no
Full=no
Annoyance=no
GuardSlower=no
House=GDI
Recruiter=no
Autocreate=no
Prebuild=no
Reinforce=no
Droppod=no
Whiner=no
LooseRecruit=no
Aggressive=no
Suicide=no
Priority=7
Max=0
TechLevel=0
Group=-1
OnTransOnly=no
AvoidThreats=no
IonImmune=no
TransportsReturnOnUnload=no
AreTeamMembersRecruitable=no
IsBaseDefense=no
OnlyTargetHouseEnemy=no
Waypoint=R
Script=06F22DF0
TaskForce=06F20320

[09E51C80]
Name=GDI rnf 2
VeteranLevel=3
Loadable=no
Full=no
Annoyance=no
GuardSlower=no
House=GDI
Recruiter=no
Autocreate=no
Prebuild=no
Reinforce=no
Droppod=yes
Whiner=no
LooseRecruit=no
Aggressive=no
Suicide=no
Priority=7
Max=0
TechLevel=0
Group=-1
OnTransOnly=no
AvoidThreats=no
IonImmune=no
TransportsReturnOnUnload=no
AreTeamMembersRecruitable=no
IsBaseDefense=no
OnlyTargetHouseEnemy=no
Script=09E526B0
TaskForce=09E51BB0

[0A6219C0]
Name=GDI rnf 3
VeteranLevel=1
Loadable=no
Full=no
Annoyance=no
GuardSlower=no
House=GDI
Recruiter=no
Autocreate=no
Prebuild=no
Reinforce=no
Droppod=no
Whiner=no
LooseRecruit=no
Aggressive=no
Suicide=no
Priority=7
Max=0
TechLevel=0
Group=-1
OnTransOnly=no
AvoidThreats=no
IonImmune=no
TransportsReturnOnUnload=no
AreTeamMembersRecruitable=no
IsBaseDefense=no
OnlyTargetHouseEnemy=no
Waypoint=E
Script=0A6223F0
TaskForce=0A6218F0

[09B64E70]
Name=GDI rnf 4
VeteranLevel=1
Loadable=no
Full=no
Annoyance=no
GuardSlower=no
House=GDI
Recruiter=no
Autocreate=no
Prebuild=no
Reinforce=no
Droppod=no
Whiner=no
LooseRecruit=no
Aggressive=no
Suicide=no
Priority=7
Max=0
TechLevel=0
Group=-1
OnTransOnly=no
AvoidThreats=no
IonImmune=no
TransportsReturnOnUnload=no
AreTeamMembersRecruitable=no
IsBaseDefense=no
OnlyTargetHouseEnemy=no
Waypoint=R
Script=09B64C40
TaskForce=086437B0

[071DC9A0]
Name=GDI mlrs
VeteranLevel=1
Loadable=no
Full=no
Annoyance=no
GuardSlower=no
House=GDI
Recruiter=no
Autocreate=no
Prebuild=no
Reinforce=no
Droppod=no
Whiner=no
LooseRecruit=no
Aggressive=no
Suicide=no
Priority=7
Max=0
TechLevel=0
Group=-1
OnTransOnly=no
AvoidThreats=no
IonImmune=no
TransportsReturnOnUnload=no
AreTeamMembersRecruitable=no
IsBaseDefense=no
OnlyTargetHouseEnemy=no
Script=072221B0
TaskForce=071D8250

[AITriggerTypesEnable]
0859C2E0-G=yes
0859C1E0-G=yes
0859DE20-G=yes
06FA4BE0-G=yes
09101D20-G=yes
09101A20-G=yes
09101920-G=yes
091002C0-G=yes
09101470-G=yes
085A31B0-G=yes
085A3D20-G=yes
085A4D20-G=yes
085A3680-G=yes
085A3580-G=yes
09798200-G=yes
09EF4530-G=yes
080D4320-G=yes
080D4120-G=yes
080D5C20-G=yes
080D5920-G=yes
080D5720-G=yes
080D5620-G=yes
080D6D20-G=yes
080D6920-G=yes
080D6220-G=yes
080D6120-G=yes
080D7D20-G=yes
080D7820-G=yes
09A92A20-G=yes
080E8E20-G=yes
080E8D20-G=yes
080E8C20-G=yes
080E8920-G=yes
0AA34CA0-G=yes
0AA34BA0-G=yes
080DA920-G=yes
080DA820-G=yes
0AA34360-G=yes
0AA34260-G=yes
080DA320-G=yes
080DA220-G=yes
0AA35980-G=yes
0AA35070-G=yes
080DBC20-G=yes
080DBB20-G=yes

[Triggers]
071CDEB0=GDI,<none>,Reveal,0,1,1,1,0
071CCC70=GDI,<none>,flash titans,0,1,1,1,0
06DC91B0=GDI,<none>,Flash & text,0,1,1,1,0
09AB1F70=GDI,<none>,disable flash,0,1,1,1,0
09A998C0=Nod,<none>,explain attack,0,1,1,1,0
09A9ADC0=GDI,<none>,explain unselect,0,1,1,1,0
09A9AA60=GDI,<none>,Explain shroud,0,1,1,1,0
09FB93C0=GDI,<none>,send in rnf 1,0,1,1,1,0
09B071F0=GDI,<none>,band-box text,0,1,1,1,0
071B0AF0=GDI,<none>,turn off 1,0,1,1,1,0
0A229090=Neutral,<none>,turn off 2,0,1,1,1,0
0A1E9170=CivA,<none>,set sunset,0,1,1,1,0
0A1EA7A0=Neutral,071B0AF0,turn on 1,0,1,1,1,0
0A1EA420=Neutral,0A229090,turn on 2,0,1,1,1,0
09A99850=Neutral,<none>,turn off 3,0,1,1,1,0
09A98D40=Neutral,09A99850,turn on 3,0,1,1,1,0
07238F10=Neutral,<none>,turn off 4,0,1,1,1,0
07238810=Neutral,07238F10,turn on 4,0,1,1,1,0
071FD360=GDI,<none>,Explain tiberium,0,1,1,1,0
071A5A50=Nod,<none>,det power,0,1,1,1,0
071A5370=Nod,<none>,det power set,0,1,1,1,0
0A0921F0=CivA,<none>,Rev Nod,0,1,1,1,0
0A094F70=Nod,<none>,Explore msg,0,1,1,1,0
0A7AA100=Nod,<none>,Nod light off,0,1,1,1,0
06F439D0=Nod,<none>,Det bridge,0,1,1,1,0
06F28F70=Nod,<none>,Det M,0,1,1,1,0
06F28910=Nod,<none>,Det N,0,1,1,1,0
06F284D0=Nod,<none>,Det O,0,1,1,1,0
06F19F70=GDI,<none>,Explain engineer,0,1,1,1,0
09E17F70=GDI,<none>,Explain crates,0,1,1,1,0
09E52420=GDI,<none>,GDI rnf 2a,0,1,1,1,0
0A6208B0=GDI,0A0921F0,Rev enter,0,1,1,1,0
0A626C30=GDI,<none>,GDI rnf 2b,0,1,1,1,0
09A05830=GDI,<none>,GDI rnf 3,0,1,1,1,0
09A19810=GDI,<none>,Win,0,1,1,1,0
09A1FB00=GDI,<none>,Lose,0,1,1,1,0
0996B9E0=GDI,<none>,GDI rnf 4,0,1,1,1,0
089293E0=Nod,<none>,Rev W,0,1,1,1,0
09B0D460=GDI,<none>,damage text,0,1,1,1,0
07222970=GDI,<none>,scatter,0,1,1,1,0

[Events]
071CDEB0=1,47,0,0
071CCC70=1,47,0,1
06DC91B0=1,13,0,25
09AB1F70=1,33,0,0
09A998C0=1,4,0,0
09A9ADC0=1,1,0,0
09A9AA60=1,1,0,0
09FB93C0=1,48,0,0
09B071F0=1,23,1,06E148C0
071B0AF0=1,47,0,2
0A229090=1,47,0,3
0A1E9170=1,25,0,0
0A1EA7A0=2,36,0,0,45,0,56
0A1EA420=2,13,0,10,36,0,1
09A99850=1,47,0,4
09A98D40=2,13,0,20,36,0,1
07238F10=1,47,0,5
07238810=2,36,0,1,13,0,30
071FD360=1,1,0,0
071A5A50=1,0,0,0
071A5370=1,48,0,0
0A0921F0=1,4,0,0
0A094F70=1,48,0,0
0A7AA100=1,30,0,1
06F439D0=1,1,0,0
06F28F70=1,36,0,2
06F28910=2,36,0,2,13,0,2
06F284D0=2,36,0,2,13,0,4
06F19F70=1,36,0,3
09E17F70=1,50,0,0
09E52420=1,48,0,0
0A6208B0=1,1,0,0
0A626C30=1,48,0,0
09A05830=1,48,0,0
09A19810=1,10,0,1
09A1FB00=1,11,0,0
0996B9E0=1,26,0,0
089293E0=1,4,0,0
09B0D460=1,1,0,0
07222970=1,36,0,4

[Actions]
071CDEB0=3,17,0,98,0,0,0,0,CU,17,0,1,0,0,0,0,B,4,1,0A9425A0,0,0,0,0,A
071CCC70=2,101,4,0A9425A0,0,0,0,0,30,11,0,419,0,0,0,0,A
06DC91B0=2,101,4,0A9425A0,0,0,0,0,30,11,0,419,0,0,0,0,A
09AB1F70=2,54,2,06DC91B0,0,0,0,0,A,11,0,420,0,0,0,0,A
09A998C0=2,11,0,423,0,0,0,0,A,4,1,0A77DA90,0,0,0,0,A
09A9ADC0=1,11,0,421,0,0,0,0,A
09A9AA60=2,11,0,422,0,0,0,0,A,41,0,41,0,0,0,0,U
09FB93C0=1,7,1,06E148C0,0,0,0,0,A
09B071F0=1,11,0,424,0,0,0,0,A
071B0AF0=3,52,0,0,0,0,0,0,A,61,0,0,0,0,0,0,A,54,2,071B0AF0,0,0,0,0,A
0A229090=3,61,0,0,0,0,0,0,A,52,0,0,0,0,0,0,A,54,2,0A229090,0,0,0,0,A
0A1E9170=4,56,0,0,0,0,0,0,A,71,0,1032805416,0,0,0,0,A,72,0,1045220556,0,0,0,0,A,73,0,55,0,0,0,0,A
0A1EA7A0=4,62,0,0,0,0,0,0,A,52,0,1,0,0,0,0,A,54,2,0A1EA7A0,0,0,0,0,A,56,0,1,0,0,0,0,A
0A1EA420=3,62,0,0,0,0,0,0,A,52,0,1,0,0,0,0,A,54,2,0A1EA420,0,0,0,0,A
09A99850=3,61,0,0,0,0,0,0,A,52,0,0,0,0,0,0,A,54,2,09A99850,0,0,0,0,A
09A98D40=3,62,0,0,0,0,0,0,A,52,0,1,0,0,0,0,A,54,2,09A98D40,0,0,0,0,A
07238F10=3,61,0,0,0,0,0,0,A,52,0,0,0,0,0,0,A,54,2,07238F10,0,0,0,0,A
07238810=3,62,0,0,0,0,0,0,A,52,0,3,0,0,0,0,A,54,2,07238810,0,0,0,0,A
071FD360=2,17,0,9,0,0,0,0,J,11,0,426,0,0,0,0,A
071A5A50=1,32,0,0,0,0,0,0,A
071A5370=1,22,2,071A5A50,0,0,0,0,A
0A0921F0=3,17,0,10,0,0,0,0,K,17,0,11,0,0,0,0,L,11,0,427,0,0,0,0,A
0A094F70=1,11,0,425,0,0,0,0,A
0A7AA100=3,52,0,0,0,0,0,0,A,61,0,0,0,0,0,0,A,19,0,31,0,0,0,0,A
06F439D0=3,17,0,13,0,0,0,0,N,17,0,15,0,0,0,0,P,4,1,06F41F40,0,0,0,0,A
06F28F70=3,63,0,12,0,0,0,0,M,65,0,12,0,0,0,0,M,11,0,430,0,0,0,0,A
06F28910=3,63,0,13,0,0,0,0,N,65,0,13,0,0,0,0,N,7,1,06F203F0,0,0,0,0,A
06F284D0=2,63,0,14,0,0,0,0,O,65,0,14,0,0,0,0,O
06F19F70=1,11,0,431,0,0,0,0,A
09E17F70=1,11,0,429,0,0,0,0,A
09E52420=1,80,1,09E51C80,0,0,0,0,S
0A6208B0=3,17,0,10,0,0,0,0,K,17,0,11,0,0,0,0,L,11,0,427,0,0,0,0,A
0A626C30=1,80,1,09E51C80,0,0,0,0,T
09A05830=2,7,1,0A6219C0,0,0,0,0,A,11,0,428,0,0,0,0,A
09A19810=2,1,0,0,0,0,0,0,A,11,0,432,0,0,0,0,A
09A1FB00=1,2,0,0,0,0,0,0,A
0996B9E0=1,7,1,09B64E70,0,0,0,0,A
089293E0=1,17,0,22,0,0,0,0,W
09B0D460=1,11,0,449,0,0,0,0,A
07222970=1,4,1,071DC9A0,0,0,0,0,A

[Tags]
09AB1800=0,Titans selected,09AB1F70
09FBAE60=0,GDI rnf 1,09FB93C0
071CCDF0=0,T 00:00,071CDEB0
071CCB00=0,T 00:01,071CCC70
06DCEC90=2,25 sec. loop,06DC91B0
09A99320=0,Explain attack,09A998C0
09A9AC50=0,Explain unselect,09A9ADC0
09A9A810=0,Explain shroud,09A9AA60
09A53E60=0,Explain band-boxing,09B071F0
071B0610=2,City lights 1,0A1EA7A0
0A22A620=2,City lights 2,0A1EA420
0A1EACD0=0,Sunset go,0A1E9170
09A994F0=2,City lights 3,09A98D40
07238930=2,City lights 4,07238810
071FFEC0=0,Explain tiberium,071FD360
071A5420=0,Det power,071A5A50
071A50F0=0,Det power set,071A5370
0A093CF0=0,Rev Nod,0A6208B0
0A094C10=0,Explore msg,0A094F70
0A7ABC00=0,Nod light off,0A7AA100
06F432D0=0,Det bridge set,06F439D0
06F289C0=0,Det bridge 00:00,06F28F70
06F28580=0,Det bridge 00:01,06F28910
06F28050=0,Det bridge 00:02,06F284D0
06F19B30=0,Explain engineer,06F19F70
09E17900=0,Explain crates,09E17F70
09E53EC0=0,GDI rnf 2a,09E52420
0A626AC0=1,GDI rnf 2b,0A626C30
09A05320=0,GDI rnf 3,09A05830
09A1AF80=0,Win,09A19810
09A1F990=0,Lose,09A1FB00
0996CBB0=0,GDI rnf 4,0996B9E0
0897A030=0,Rev W,089293E0
09B0EF80=0,Explain damage,09B0D460
07225EC0=0,Scatter,07222970

[Digest]
1=jdvj8sI8OjyO5w7N/8KV2PAvGGE=
