[Tutorial]
40=Reinforcements have arrived.
10000=Welcome to the Dawn of the Tiberium Age tutorial. In this mission you'll learn basic unit handling.
10001=Click on your units to select them.
10002=Once selected, left-click where you want the unit(s) to move.
10003=You can unselect the selected unit(s) by right-clicking.
10004=As you move, you reveal terrain, structures, and enemy units.
10005=If you left-click and hold, you can make a band box to select many units at once.
10006=To attack a target, select your unit(s), then left-click on the enemy unit or structure.
10007=There are some Nod buggies on the city. Select your Medium tanks and click on the buggies to attack them.
10008=Nod has taken control of the city. Explore the city and destroy all Nod units.
10009=Tiberium is a strange mineral that is collected and refined for money. It is lethal to infantry, so avoid moving your infantry over Tiberium fields.
10010=Ore is a mineral that is collected and refined for money. Unlike Tiberium, it does not damage infantry.
10011=Nod has set up an outpost to the other side of the river. Destroy the outpost to win the mission. We're giving you more reinforcements for the task.
10012=The bridge has heavy defences. It might be better to seek an alternative attack route.
10013=There it is, Nod has only two buggies watching this route. Attack the outpost and wipe it out!
10014=Excellent work, Commander!
10015=Every unit has different abilities, strengths and weaknesses.
10016=These Medium tanks are strong against vehicles and buildings, but weak against infantry.
10017=Humm-vees are strong against infantry, but they don't do well against heavily armored enemies.
10018=These Rocket Launchers have powerful long-range missile launchers, but are weak in direct combat against enemies.
10019=Destroy the Nod outpost with these units.
10020=Objective: Explore the city and destroy all Nod units.

[AITDHARV]
Owner=GDI,GDI1,GDI2,Nod,Nod1,Nod2,BaseNod,TutorialGDI

[Aboreus]
Name=Ore
Color=DarkGold
Image=4
Power=0
Value=25
Debris=CRUCRYS1,CRUCRYS2,CRUCRYS3,CRUCRYS4
Growth=1000
Spread=10000
GrowthPercentage=10
SpreadPercentage=0

[AudioVisual]
MessageDelay=1.0

[Cruentus]
Name=Gems
Color=DarkRed
Image=2
Power=19
Value=60
Debris=CRUCRYS1,CRUCRYS2,CRUCRYS3,CRUCRYS4
Growth=1000
Spread=10000
GrowthPercentage=10
SpreadPercentage=0

[GALITE]
LightRedTint=0.025
LightBlueTint=0.005
LightGreenTint=0.025
LightIntensity=0.1
LightVisibility=3000

[Riparius]
Name=Tiberium Riparius
Color=NeonGreen
Image=1
Power=40
Value=25
Growth=1000
Spread=10000
GrowthPercentage=1
SpreadPercentage=0

[TDPROC_AI]
Owner=GDI,GDI1,GDI2,Nod,Nod1,Nod2,BaseNod,TutorialGDI

[TIBSPRDA]
LightRedTint=0.4
LightBlueTint=0.005
LightGreenTint=0.4
LightIntensity=.007
LightVisibility=3000

[TIBSPRDR]
LightRedTint=0.005
LightBlueTint=0.005
LightGreenTint=0.35
LightIntensity=0.01
LightVisibility=3000

[Tiberiums]
0=Riparius
1=Cruentus
2=Vinifera
3=Aboreus

[Vinifera]
Name=Tiberium Vinifera
Color=NeonBlue
Image=3
Power=17
Value=40
Debris=VINCRYS1,VINCRYS2,VINCRYS3,VINCRYS4
Growth=2500
Spread=1500
GrowthPercentage=1
SpreadPercentage=1

[Preview]

[PreviewPack]

[01000006]
Max=0
Full=no
Name=Initial Medium tanks
Group=-1
House=TutorialGDI
Script=01000024
Whiner=no
Droppod=no
Suicide=no
Loadable=no
Prebuild=no
Priority=5
Waypoint=A
Annoyance=no
IonImmune=no
Recruiter=yes
Reinforce=no
TaskForce=01000007
TechLevel=0
Aggressive=no
Autocreate=no
GuardSlower=no
OnTransOnly=no
AvoidThreats=no
LooseRecruit=no
VeteranLevel=1
IsBaseDefense=no
OnlyTargetHouseEnemy=no
TransportsReturnOnUnload=no
AreTeamMembersRecruitable=no

[01000007]
0=3,MTNK
Name=3 Medium tanks
Group=-1

[01000024]
0=50,10
Name=Flash

[01000025]
0=4,JEEP
1=3,E2
Name=3 Humm-vees
Group=-1

[01000026]
0=50,20
1=3,8
Name=Flash and Move to 8

[01000027]
Max=0
Full=no
Name=Humm-vee reinforcements
Group=-1
House=TutorialGDI
Script=01000026
Whiner=no
Droppod=no
Suicide=no
Loadable=no
Prebuild=no
Priority=5
Waypoint=B
Annoyance=no
IonImmune=no
Recruiter=no
Reinforce=no
TaskForce=01000025
TechLevel=0
Aggressive=no
Autocreate=no
GuardSlower=no
OnTransOnly=no
AvoidThreats=no
LooseRecruit=no
VeteranLevel=1
IsBaseDefense=no
OnlyTargetHouseEnemy=no
TransportsReturnOnUnload=no
AreTeamMembersRecruitable=no

[01000040]
0=3,MTNK
Name=2 Medium tanks
Group=-1

[01000041]
0=2,JEEP
Name=2 Humm-vess
Group=-1

[01000042]
0=2,MSAM
Name=2 MSAM
Group=-1

[01000043]
0=50,20
1=3,10
Name=Flash and Move to 10

[01000044]
Max=0
Full=no
Name=Late Medium tanks
Group=-1
House=TutorialGDI
Script=01000043
Whiner=no
Droppod=no
Suicide=no
Loadable=no
Prebuild=no
Priority=5
Waypoint=J
Annoyance=no
IonImmune=no
Recruiter=no
Reinforce=no
TaskForce=01000040
TechLevel=0
Aggressive=no
Autocreate=no
GuardSlower=no
OnTransOnly=no
AvoidThreats=no
LooseRecruit=no
VeteranLevel=1
IsBaseDefense=no
OnlyTargetHouseEnemy=no
TransportsReturnOnUnload=no
AreTeamMembersRecruitable=no

[01000045]
Max=0
Full=no
Name=Late Humm-vees
Group=-1
House=TutorialGDI
Script=01000043
Whiner=no
Droppod=no
Suicide=no
Loadable=no
Prebuild=no
Priority=5
Waypoint=J
Annoyance=no
IonImmune=no
Recruiter=no
Reinforce=no
TaskForce=01000041
TechLevel=0
Aggressive=no
Autocreate=no
GuardSlower=no
OnTransOnly=no
AvoidThreats=no
LooseRecruit=no
VeteranLevel=1
IsBaseDefense=no
OnlyTargetHouseEnemy=no
TransportsReturnOnUnload=no
AreTeamMembersRecruitable=no

[01000046]
Max=0
Full=no
Name=Late Rocket launchers
Group=-1
House=TutorialGDI
Script=01000043
Whiner=no
Droppod=no
Suicide=no
Loadable=no
Prebuild=no
Priority=5
Waypoint=J
Annoyance=no
IonImmune=no
Recruiter=no
Reinforce=no
TaskForce=01000042
TechLevel=0
Aggressive=no
Autocreate=no
GuardSlower=no
OnTransOnly=no
AvoidThreats=no
LooseRecruit=no
VeteranLevel=1
IsBaseDefense=no
OnlyTargetHouseEnemy=no
TransportsReturnOnUnload=no
AreTeamMembersRecruitable=no

[AITriggerTypesEnable]
01A10CND-G=yes
01CYPHV0-G=yes
01CYPHV1-G=yes
01CYPHV2-G=yes
01CYPHV3-G=yes
01CYPHVM-G=yes
01CYPVE1-G=yes
01CYPVE2-G=yes
01CYPVE3-G=yes
01CYPVE4-G=yes
01CYPVE5-G=yes
01CYPVE6-G=yes
01CYPVH1-G=yes
01CYPVH2-G=yes
01CYPVH3-G=yes
01CYPVH4-G=yes
01CYPVH5-G=yes
01CYPVH6-G=yes
01CYPVH7-G=yes
01CYPVH8-G=yes
01CYPVM1-G=yes
01FTKHT0-G=yes
01FTKHT1-G=yes
01FTKMT0-G=yes
01FTKMT1-G=yes
01MWVFTH-G=yes
01MWVFTM-G=yes
01STKHH0-G=yes
01STKHH1-G=yes
01STKHH2-G=yes
01STKHH3-G=yes
01X0FCTE-G=yes
01X0FCTH-G=yes
01X0FCTM-G=yes
01X0HRVH-G=yes
01X0HRVM-G=yes
01X1FCTE-G=yes
01X3FCTE-G=yes
01X4FCTE-G=yes
01X5FCTE-G=yes
01X6FCTE-G=yes
02A10CND-G=yes
02X0HRVH-G=yes
03A10CND-G=yes
03X0HRVH-G=yes
04A10CND-G=yes
04X0HRVH-G=yes
074AC080-A=yes
074AC080-G=yes
074AC080-S=yes
074AC081-A=yes
074AC081-G=yes
074AC081-S=yes
074AC082-A=yes
074AC082-G=yes
074AC082-S=yes
074AC083-A=yes
074AC083-G=yes
074AC083-S=yes
074ADF20-A=yes
074ADF20-G=yes
074ADF20-S=yes
074ADF21-A=yes
074ADF21-G=yes
074ADF21-S=yes
074ADF22-A=yes
074ADF22-G=yes
074ADF22-S=yes
074ADF23-A=yes
074ADF23-G=yes
074ADF23-S=yes
074B3330-A=yes
074B3330-G=yes
074B3330-S=yes
075A52F0-A=yes
075A52F0-G=yes
075A52F0-S=yes
075A52F1-A=yes
075A52F1-G=yes
075A52F1-S=yes
075A52F2-A=yes
075A52F2-G=yes
075A52F2-S=yes
075A52F3-A=yes
075A52F3-G=yes
075A52F3-S=yes
07CC6360-A=yes
07CC6360-G=yes
07CC6360-S=yes
07CC6470-A=yes
07CC6470-G=yes
07CC6470-S=yes
07CC6580-A=yes
07CC6580-G=yes
07CC6580-S=yes
07CC66F0-A=yes
07CC66F0-G=yes
07CC66F0-S=yes
07CC6800-A=yes
07CC6800-G=yes
07CC6800-S=yes
07CC6CF0-A=yes
07CC6CF0-G=yes
07CC6CF0-S=yes
07CC6E00-A=yes
07CC6E00-G=yes
07CC6E00-S=yes
07CC6F10-A=yes
07CC6F10-G=yes
07CC6F10-S=yes
07CC7690-A=yes
07CC7690-G=yes
07CC7690-S=yes
07CC77A0-A=yes
07CC77A0-G=yes
07CC77A0-S=yes
07CC78B0-A=yes
07CC78B0-G=yes
07CC78B0-S=yes
07CC79C0-A=yes
07CC79C0-G=yes
07CC79C0-S=yes
07CC7AD0-A=yes
07CC7AD0-G=yes
07CC7AD0-S=yes
07CC7BE0-A=yes
07CC7BE0-G=yes
07CC7BE0-S=yes
07CC7CF0-A=yes
07CC7CF0-G=yes
07CC7CF0-S=yes
07CC7E00-A=yes
07CC7E00-G=yes
07CC7E00-S=yes
07CC7F10-A=yes
07CC7F10-G=yes
07CC7F10-S=yes
07CDB770-G=yes
07D5E8A0-G=yes
07D70470-G=yes
07D70D20-G=yes
07E30560-A=yes
07E30560-G=yes
07E30560-S=yes
07E30660-A=yes
07E30660-G=yes
07E30660-S=yes
07E57AE0-A=yes
07E57AE0-G=yes
07E57AE0-S=yes
07F232E0-G=yes
07F26720-A=yes
07F26720-G=yes
07F26720-S=yes
07F3D830-A=yes
07F3D830-G=yes
07F3D830-S=yes
07F3EC20-G=yes
07F3EE20-G=yes
07F3EF20-A=yes
07F3EF20-G=yes
07F3EF20-S=yes
080C70E0-A=yes
080C70E0-G=yes
080C70E0-S=yes
080C71E0-A=yes
080C71E0-G=yes
080C71E0-S=yes
080C71E1-A=yes
080C71E1-G=yes
080C71E1-S=yes
080C71E2-A=yes
080C71E2-G=yes
080C71E2-S=yes
080C71E3-A=yes
080C71E3-G=yes
080C71E3-S=yes
080CF120-A=yes
080CF120-G=yes
080CF120-S=yes
080CF220-A=yes
080CF220-G=yes
080CF220-S=yes
080D0120-A=yes
080D0120-G=yes
080D0120-S=yes
080D0220-A=yes
080D0220-G=yes
080D0220-S=yes
080D0320-A=yes
080D0320-G=yes
080D0320-S=yes
080D0820-A=yes
080D0820-G=yes
080D0820-S=yes
080D0920-A=yes
080D0920-G=yes
080D0920-S=yes
080D1120-A=yes
080D1120-G=yes
080D1120-S=yes
080D1220-A=yes
080D1220-G=yes
080D1220-S=yes
080D1320-A=yes
080D1320-G=yes
080D1320-S=yes
080D1520-A=yes
080D1520-G=yes
080D1520-S=yes
080D1720-A=yes
080D1720-G=yes
080D1720-S=yes
080D1820-A=yes
080D1820-G=yes
080D1820-S=yes
080D1920-A=yes
080D1920-G=yes
080D1920-S=yes
080D1921-A=yes
080D1921-G=yes
080D1921-S=yes
080D1922-A=yes
080D1922-G=yes
080D1922-S=yes
080D1923-A=yes
080D1923-G=yes
080D1923-S=yes
080D1A20-A=yes
080D1A20-G=yes
080D1A20-S=yes
080D1A21-A=yes
080D1A21-G=yes
080D1A21-S=yes
080D1A22-A=yes
080D1A22-G=yes
080D1A22-S=yes
080D1A23-A=yes
080D1A23-G=yes
080D1A23-S=yes
080D1C20-A=yes
080D1C20-G=yes
080D1C20-S=yes
080D1C21-A=yes
080D1C21-G=yes
080D1C21-S=yes
080D1C22-A=yes
080D1C22-G=yes
080D1C22-S=yes
080D1C23-A=yes
080D1C23-G=yes
080D1C23-S=yes
080D2120-A=yes
080D2120-G=yes
080D2120-S=yes
080D2220-A=yes
080D2220-G=yes
080D2220-S=yes
080D2620-A=yes
080D2620-G=yes
080D2620-S=yes
080D2621-A=yes
080D2621-G=yes
080D2621-S=yes
080D2622-A=yes
080D2622-G=yes
080D2622-S=yes
080D2623-A=yes
080D2623-G=yes
080D2623-S=yes
080D2720-A=yes
080D2720-G=yes
080D2720-S=yes
080D2820-A=yes
080D2820-G=yes
080D2820-S=yes
080D2920-A=yes
080D2920-G=yes
080D2920-S=yes
080D2C20-A=yes
080D2C20-G=yes
080D2C20-S=yes
080D2D20-A=yes
080D2D20-G=yes
080D2D20-S=yes
080D2E20-A=yes
080D2E20-G=yes
080D2E20-S=yes
080D2F20-A=yes
080D2F20-G=yes
080D2F20-S=yes
080D3520-A=yes
080D3520-G=yes
080D3520-S=yes
080D3620-A=yes
080D3620-G=yes
080D3620-S=yes
080D3720-A=yes
080D3720-G=yes
080D3720-S=yes
080D3920-A=yes
080D3920-G=yes
080D3920-S=yes
080D3A20-A=yes
080D3A20-G=yes
080D3A20-S=yes
080D3B20-A=yes
080D3B20-G=yes
080D3B20-S=yes
080D3C20-A=yes
080D3C20-G=yes
080D3C20-S=yes
080D3D20-A=yes
080D3D20-G=yes
080D3D20-S=yes
080D3E20-A=yes
080D3E20-G=yes
080D3E20-S=yes
080D3F20-A=yes
080D3F20-G=yes
080D3F20-S=yes
080D4320-G=yes
080D4420-G=yes
080D4D20-G=yes
080D4E20-G=yes
080D4E21-G=yes
080D4E22-G=yes
080D4E23-G=yes
080D4F20-G=yes
080D5120-G=yes
080D5220-G=yes
080D5320-G=yes
080D5420-G=yes
080D5520-G=yes
080D5620-G=yes
080D5720-G=yes
080D5820-G=yes
080D5821-G=yes
080D5822-G=yes
080D5823-G=yes
080D5920-G=yes
080D5921-G=yes
080D5922-G=yes
080D5923-G=yes
080D5A20-G=yes
080D5B20-G=yes
080D5C20-G=yes
080D5D20-G=yes
080D6120-G=yes
080D6220-G=yes
080D6320-G=yes
080D6420-G=yes
080D6520-G=yes
080D6620-G=yes
080D6B20-G=yes
080D6C20-G=yes
080D6D20-G=yes
080D6E20-G=yes
080D6F20-G=yes
080D7620-G=yes
080D7720-G=yes
080D7820-G=yes
080D7D20-G=yes
080D7E20-G=yes
080D7F20-G=yes
080D8620-G=yes
080D8920-A=yes
080D8920-G=yes
080D8920-S=yes
080D9320-A=yes
080D9320-G=yes
080D9320-S=yes
080D9420-A=yes
080D9420-G=yes
080D9420-S=yes
080D9520-A=yes
080D9520-G=yes
080D9520-S=yes
080DA220-G=yes
080DA320-G=yes
080DA820-G=yes
080DA920-G=yes
080DAE20-A=yes
080DAE20-G=yes
080DAE20-S=yes
080DAF20-A=yes
080DAF20-G=yes
080DAF20-S=yes
080DBB20-G=yes
080DBC20-G=yes
080DDBE0-G=yes
080DF140-A=yes
080DF140-G=yes
080DF140-S=yes
080E2360-G=yes
080E8920-G=yes
080E8A20-G=yes
080E8B20-G=yes
080E8C20-G=yes
080E8D20-G=yes
080E8E20-G=yes
080E8F20-G=yes
080F9470-A=yes
080F9470-G=yes
080F9470-S=yes
080FB470-G=yes
08440AE0-A=yes
08440AE0-G=yes
08440AE0-S=yes
084712B0-A=yes
084712B0-G=yes
084712B0-S=yes
08471C20-A=yes
08471C20-G=yes
08471C20-S=yes
08472A20-G=yes
08472B20-G=yes
08472C20-G=yes
08472D20-G=yes
08472E20-A=yes
08472E20-G=yes
08472E20-S=yes
08472E21-A=yes
08472E21-G=yes
08472E21-S=yes
08472E22-A=yes
08472E22-G=yes
08472E22-S=yes
08472E23-A=yes
08472E23-G=yes
08472E23-S=yes
08472F20-A=yes
08472F20-G=yes
08472F20-S=yes
084EF620-G=yes
084EF720-G=yes
084EF820-A=yes
084EF820-G=yes
084EF820-S=yes
084EF920-A=yes
084EF920-G=yes
084EF920-S=yes
084EFA20-G=yes
084EFA21-G=yes
084EFA22-G=yes
084EFA23-G=yes
084EFB20-G=yes
084EFC20-A=yes
084EFC20-G=yes
084EFC20-S=yes
084EFF20-A=yes
084EFF20-G=yes
084EFF20-S=yes
084EFF21-A=yes
084EFF21-G=yes
084EFF21-S=yes
084EFF22-A=yes
084EFF22-G=yes
084EFF22-S=yes
084EFF23-A=yes
084EFF23-G=yes
084EFF23-S=yes
084F0A20-A=yes
084F0A20-G=yes
084F0A20-S=yes
084F0A21-A=yes
084F0A21-G=yes
084F0A21-S=yes
084F0A22-A=yes
084F0A22-G=yes
084F0A22-S=yes
084F0A23-A=yes
084F0A23-G=yes
084F0A23-S=yes
084F0B20-G=yes
084F4130-A=yes
084F4130-G=yes
084F4130-S=yes
084F4230-G=yes
084F7D20-G=yes
08500120-A=yes
08500120-G=yes
08500120-S=yes
08507720-A=yes
08507720-G=yes
08507720-S=yes
085696F0-A=yes
085696F0-G=yes
085696F0-S=yes
0856AD20-A=yes
0856AD20-G=yes
0856AD20-S=yes
0856AF20-A=yes
0856AF20-G=yes
0856AF20-S=yes
085940B0-G=yes
085944D0-G=yes
085944D1-G=yes
085944D2-G=yes
085944D3-G=yes
085945B0-A=yes
085945B0-G=yes
085945B0-S=yes
085945D0-G=yes
085945D1-G=yes
085945D2-G=yes
085945D3-G=yes
085946B0-G=yes
085947B0-A=yes
085947B0-G=yes
085947B0-S=yes
085948B0-G=yes
085949B0-A=yes
085949B0-G=yes
085949B0-S=yes
08594AB0-G=yes
08595620-A=yes
08595620-G=yes
08595620-S=yes
08595720-A=yes
08595720-G=yes
08595720-S=yes
08595E20-G=yes
08595F20-G=yes
08596350-G=yes
08596450-G=yes
08596550-G=yes
08596650-G=yes
08596750-A=yes
08596750-G=yes
08596750-S=yes
08596850-A=yes
08596850-G=yes
08596850-S=yes
08596B20-A=yes
08596B20-G=yes
08596B20-S=yes
08596C20-A=yes
08596C20-G=yes
08596C20-S=yes
08596D20-A=yes
08596D20-G=yes
08596D20-S=yes
08597420-A=yes
08597420-G=yes
08597420-S=yes
08597520-G=yes
08597720-A=yes
08597720-G=yes
08597720-S=yes
08597820-G=yes
08597920-G=yes
08597A20-A=yes
08597A20-G=yes
08597A20-S=yes
08597A21-S=yes
08597B20-A=yes
08597B20-G=yes
08597B20-S=yes
08597B21-S=yes
08597C20-A=yes
08597C20-G=yes
08597C20-S=yes
08597C21-S=yes
08597D20-A=yes
08597D20-G=yes
08597D20-S=yes
08597D21-S=yes
08597E20-G=yes
085983D0-A=yes
085983D0-G=yes
085983D0-S=yes
085983D1-A=yes
085983D1-G=yes
085983D1-S=yes
085983D2-A=yes
085983D2-G=yes
085983D2-S=yes
085983D3-A=yes
085983D3-G=yes
085983D3-S=yes
08598A20-A=yes
08598A20-G=yes
08598A20-S=yes
0859A060-A=yes
0859A060-G=yes
0859A060-S=yes
0859A160-A=yes
0859A160-G=yes
0859A160-S=yes
0859A820-G=yes
0859AB20-G=yes
0859B030-A=yes
0859B030-G=yes
0859B030-S=yes
0859B130-A=yes
0859B130-G=yes
0859B130-S=yes
0859B330-A=yes
0859B330-G=yes
0859B330-S=yes
0859B430-G=yes
0859B630-G=yes
0859B930-G=yes
0859BA30-G=yes
0859BB30-G=yes
0859BD20-A=yes
0859BD20-G=yes
0859BD20-S=yes
0859BE20-A=yes
0859BE20-G=yes
0859BE20-S=yes
0859BF20-A=yes
0859BF20-G=yes
0859BF20-S=yes
0859C0E0-G=yes
0859C1E0-G=yes
0859C2E0-G=yes
0859C3E0-A=yes
0859C3E0-G=yes
0859C3E0-S=yes
0859C720-A=yes
0859C720-G=yes
0859C720-S=yes
0859C820-A=yes
0859C820-G=yes
0859C820-S=yes
0859C920-A=yes
0859C920-G=yes
0859C920-S=yes
0859CA20-G=yes
0859CB20-G=yes
0859CC20-G=yes
0859CD20-G=yes
0859CE20-A=yes
0859CE20-G=yes
0859CE20-S=yes
0859CF20-A=yes
0859CF20-G=yes
0859CF20-S=yes
0859D2C0-G=yes
0859D2CA-G=yes
0859D2CS-G=yes
0859DE20-G=yes
0859DF20-G=yes
0859E070-A=yes
0859E070-G=yes
0859E070-S=yes
0859E170-A=yes
0859E170-G=yes
0859E170-S=yes
0859E270-A=yes
0859E270-G=yes
0859E270-S=yes
0859ED20-G=yes
0859F140-A=yes
0859F140-G=yes
0859F140-S=yes
0859F640-A=yes
0859F640-G=yes
0859F640-S=yes
0859F740-A=yes
0859F740-G=yes
0859F740-S=yes
0859FD20-A=yes
0859FD20-G=yes
0859FD20-S=yes
0859FE20-A=yes
0859FE20-G=yes
0859FE20-S=yes
0859FF20-A=yes
0859FF20-G=yes
0859FF20-S=yes
085A0320-A=yes
085A0320-G=yes
085A0320-S=yes
085A0420-A=yes
085A0420-G=yes
085A0420-S=yes
085A10A0-A=yes
085A10A0-G=yes
085A10A0-S=yes
085A11A0-A=yes
085A11A0-G=yes
085A11A0-S=yes
085A12A0-A=yes
085A12A0-G=yes
085A12A0-S=yes
085A13A0-A=yes
085A13A0-G=yes
085A13A0-S=yes
085A17F0-A=yes
085A17F0-G=yes
085A17F0-S=yes
085A18F0-A=yes
085A18F0-G=yes
085A18F0-S=yes
085A1D20-A=yes
085A1D20-G=yes
085A1D20-S=yes
085A1E20-A=yes
085A1E20-G=yes
085A1E20-S=yes
085A1F20-A=yes
085A1F20-G=yes
085A1F20-S=yes
085A20A0-G=yes
085A21A0-G=yes
085A22A0-G=yes
085A23A0-A=yes
085A23A0-G=yes
085A23A0-S=yes
085A24A0-A=yes
085A24A0-G=yes
085A24A0-S=yes
085A25A0-A=yes
085A25A0-G=yes
085A25A0-S=yes
085A26A0-A=yes
085A26A0-G=yes
085A26A0-S=yes
085A2A20-G=yes
085A2B20-G=yes
085A2C20-G=yes
085A3480-G=yes
085A3580-G=yes
085A3680-G=yes
085A4230-G=yes
085A4430-G=yes
085A4530-G=yes
085A4630-G=yes
085A4730-G=yes
085A4C20-G=yes
085A4C21-G=yes
085A4C22-G=yes
085A4C23-G=yes
085A4D20-G=yes
085A4D21-G=yes
085A4D22-G=yes
085A4D23-G=yes
085A5320-A=yes
085A5320-G=yes
085A5320-S=yes
085A5420-A=yes
085A5420-G=yes
085A5420-S=yes
085A5520-A=yes
085A5520-G=yes
085A5520-S=yes
085A5A20-G=yes
085A5B20-G=yes
085A5C20-G=yes
085A5D20-G=yes
08821CF0-G=yes
08821E00-G=yes
08821F10-G=yes
08823520-G=yes
08823630-G=yes
08823740-G=yes
08823F10-G=yes
08850F10-A=yes
08850F10-G=yes
08850F10-S=yes
08ADBBE0-G=yes
08ADBBE1-G=yes
08ADBBE2-G=yes
08ADBBE3-G=yes
08B80660-A=yes
08B80660-G=yes
08B80660-S=yes
08B80760-A=yes
08B80760-G=yes
08B80760-S=yes
08BBC3E0-A=yes
08BBC3E0-G=yes
08BBC3E0-S=yes
08BBC4E0-A=yes
08BBC4E0-G=yes
08BBC4E0-S=yes
08BBCA80-A=yes
08BBCA80-G=yes
08BBCA80-S=yes
08BBCB80-A=yes
08BBCB80-G=yes
08BBCB80-S=yes
08BBCE20-A=yes
08BBCE20-G=yes
08BBCE20-S=yes
08BBCF20-A=yes
08BBCF20-G=yes
08BBCF20-S=yes
08BBE8C0-A=yes
08BBE8C0-G=yes
08BBE8C0-S=yes
08BBE9C0-A=yes
08BBE9C0-G=yes
08BBE9C0-S=yes
08BCCE20-A=yes
08BCCE20-G=yes
08BCCE20-S=yes
08BCCE21-A=yes
08BCCE21-G=yes
08BCCE21-S=yes
08BCCE22-A=yes
08BCCE22-G=yes
08BCCE22-S=yes
08BCCE23-A=yes
08BCCE23-G=yes
08BCCE23-S=yes
090EFB90-G=yes
090EFC90-G=yes
090F8D20-A=yes
090F8D20-G=yes
090F8D20-S=yes
090F8E20-G=yes
090F8F20-G=yes
090F9350-G=yes
090FA500-A=yes
090FA500-G=yes
090FA500-S=yes
090FA600-G=yes
090FA700-G=yes
090FC820-A=yes
090FC820-G=yes
090FC820-S=yes
090FD760-G=yes
090FD860-G=yes
090FD960-A=yes
090FD960-G=yes
090FD960-S=yes
090FDA60-A=yes
090FDA60-G=yes
090FDA60-S=yes
090FDB60-A=yes
090FDB60-G=yes
090FDB60-S=yes
090FDE20-A=yes
090FDE20-G=yes
090FDE20-S=yes
090FDF20-A=yes
090FDF20-G=yes
090FDF20-S=yes
091001C0-G=yes
091002C0-G=yes
09100F20-G=yes
09101470-G=yes
09101920-G=yes
09101A20-G=yes
09101B20-G=yes
09101D20-G=yes
09101F20-G=yes
09102140-A=yes
09102140-G=yes
09102140-S=yes
09102240-A=yes
09102240-G=yes
09102240-S=yes
09102C20-A=yes
09102C20-G=yes
09102C20-S=yes
09103A20-A=yes
09103A20-G=yes
09103A20-S=yes
09103B20-A=yes
09103B20-G=yes
09103B20-S=yes
09103C20-A=yes
09103C20-G=yes
09103C20-S=yes
09103F20-A=yes
09103F20-G=yes
09103F20-S=yes
0914DE20-G=yes
091F4720-G=yes
0930A240-G=yes
0930BDC0-G=yes
096E8480-A=yes
096E8480-G=yes
096E8480-S=yes
096E8580-A=yes
096E8580-G=yes
096E8580-S=yes
096E8880-A=yes
096E8880-G=yes
096E8880-S=yes
09798200-G=yes
097985A0-G=yes
09799C80-G=yes
09799F20-G=yes
09A92A20-G=yes
09EF4430-G=yes
09EF4530-G=yes
09F2E320-G=yes
09F2E520-G=yes
09F2E920-G=yes
09F2EA20-G=yes
09F2EB20-G=yes
09F30310-G=yes
09F30410-G=yes
09F30510-G=yes
09HGRA01-G=yes
09HGRA02-G=yes
09MGRA01-G=yes
09MGRA02-G=yes
0A70E220-G=yes
0A70E330-G=yes
0A70E440-G=yes
0A70F040-G=yes
0A70F310-G=yes
0A70F420-G=yes
0A70F530-G=yes
0A70F800-G=yes
0A70F910-G=yes
0A70FA20-G=yes
0AA34260-G=yes
0AA34360-G=yes
0AA34800-G=yes
0AA34900-G=yes
0AA34BA0-G=yes
0AA34CA0-G=yes
0AA35070-G=yes
0AA35980-G=yes
0AA35E20-G=yes
0AA35F20-G=yes
0AA36C80-G=yes
0AA36D80-G=yes
0AA4F100-A=yes
0AA4F100-G=yes
0AA4F100-S=yes
0AA50F20-A=yes
0AA50F20-G=yes
0AA50F20-S=yes
0AF3EF10-A=yes
0AF3EF10-G=yes
0AF3EF10-S=yes
0MWAVEV1-G=yes
0MWAVEV2-G=yes
0MWAVEV3-G=yes
0MWAVEV4-G=yes
0MWAVEV5-G=yes
0MWAVEV6-G=yes
0MWAVEV7-G=yes
0MWAVEV8-G=yes
0MWAVH01-G=yes
0MWAVH02-G=yes
0MWAVH03-G=yes
0MWAVH04-G=yes
0MWAVH05-G=yes
0MWAVH06-G=yes
0MWAVH07-G=yes
0MWAVH08-G=yes
0MWX0H01-G=yes
0MWX0H02-G=yes
0TRMTEH0-G=yes
0TRMTEH1-G=yes
0TRMTEH2-G=yes
0TRMTEH3-G=yes
0TRMTFH1-G=yes
0TRMTFH2-G=yes
0TRMTFH3-G=yes
0TRMTFM1-G=yes
0TRMTFM2-G=yes
0TRMTFM3-G=yes
0TRMTHH0-G=yes
0TRMTHH1-G=yes
0TRMTHH2-G=yes
0TRMTHH3-G=yes
0TRMTMH0-G=yes
0TRMTMH1-G=yes
0TRMTMH2-G=yes
0TRMTMH3-G=yes
0TRMTRE1-G=yes
0TRMTRE2-G=yes
0TRMTRH1-G=yes
0TRMTRH2-G=yes
0TRMTRM1-G=yes
0TRMTRM2-G=yes
1MWAVEV1-G=yes
1MWAVEV2-G=yes
1MWAVEV3-G=yes
1MWAVEV4-G=yes
1MWAVEV5-G=yes
1MWAVEV6-G=yes
1MWAVEV7-G=yes
1MWAVEV8-G=yes
1MWAVM01-G=yes
1MWAVM02-G=yes
1MWAVM03-G=yes
1MWAVM04-G=yes
1MWAVM05-G=yes
1MWAVM06-G=yes
1MWAVM07-G=yes
1MWAVM08-G=yes
1MWAVM09-G=yes
2MWAVEV1-G=yes
2MWAVEV2-G=yes
2MWAVEV3-G=yes
2MWAVEV4-G=yes
2MWAVEV5-G=yes
2MWAVEV6-G=yes
2MWAVEV7-G=yes
2MWAVEV8-G=yes
AANVLABE-G=yes
AANVLABH-G=yes
AANVLABM-G=yes
AANVLASE-G=yes
AANVLASH-G=yes
AANVLASM-G=yes
AANVLB2E-G=yes
AANVLB2H-G=yes
AANVLB2M-G=yes
AANVLB3E-G=yes
AANVLB3H-G=yes
AANVLB3M-G=yes
AANVLB4H-G=yes
AANVLS2E-G=yes
AANVLS2H-G=yes
AANVLS2M-G=yes
AANVLS3E-G=yes
AANVLS3H-G=yes
AANVLS3M-G=yes
AANVLS4H-G=yes
AIINTR1G-A=yes
AIINTR1G-G=yes
AIINTR1G-S=yes
AIINTR1N-G=yes
GANVLABE-G=yes
GANVLABH-G=yes
GANVLABM-G=yes
GANVLASE-G=yes
GANVLASH-G=yes
GANVLASM-G=yes
GANVLB2E-G=yes
GANVLB2H-G=yes
GANVLB2M-G=yes
GANVLB3E-G=yes
GANVLB3H-G=yes
GANVLB3M-G=yes
GANVLB4H-G=yes
GANVLS2E-G=yes
GANVLS2H-G=yes
GANVLS2M-G=yes
GANVLS3E-G=yes
GANVLS3H-G=yes
GANVLS3M-G=yes
GANVLS4H-G=yes
GDINAVAG-G=yes
GDINAVAN-G=yes
GDINAVAS-G=yes
NANVLABE-G=yes
NANVLABH-G=yes
NANVLABM-G=yes
NANVLASE-G=yes
NANVLASH-G=yes
NANVLASM-G=yes
NANVLB2E-G=yes
NANVLB2H-G=yes
NANVLB2M-G=yes
NANVLB3E-G=yes
NANVLB3H-G=yes
NANVLB3M-G=yes
NANVLB4H-G=yes
NANVLS2E-G=yes
NANVLS2H-G=yes
NANVLS2M-G=yes
NANVLS3E-G=yes
NANVLS3H-G=yes
NANVLS3M-G=yes
NANVLS4H-G=yes
NODNAVAG-G=yes
NODNAVAN-G=yes
NODNAVAS-G=yes
SANVLABE-G=yes
SANVLABH-G=yes
SANVLABM-G=yes
SANVLASE-G=yes
SANVLASH-G=yes
SANVLASM-G=yes
SANVLB2E-G=yes
SANVLB2H-G=yes
SANVLB2M-G=yes
SANVLB3E-G=yes
SANVLB3H-G=yes
SANVLB3M-G=yes
SANVLB4H-G=yes
SANVLS2E-G=yes
SANVLS2H-G=yes
SANVLS2M-G=yes
SANVLS3E-G=yes
SANVLS3H-G=yes
SANVLS3M-G=yes
SANVLS4H-G=yes
012345678-A=yes
012345678-G=yes
012345678-N=yes
012345678-S=yes

[Actions]
01000000=2,17,0,1,0,0,0,0,A,46,0,0,0,0,0,0,A
01000002=1,11,0,10000,0,0,0,0,A
01000004=3,11,0,10001,0,0,0,0,A,4,1,01000006,0,0,0,0,A,47,0,0,0,0,0,0,A
01000008=4,11,0,10002,0,0,0,0,A,53,2,01000010,0,0,0,0,A,53,2,01000012,0,0,0,0,A,53,2,01000014,0,0,0,0,A
01000010=1,11,0,10003,0,0,0,0,A
01000012=1,11,0,10004,0,0,0,0,A
01000014=1,11,0,10005,0,0,0,0,A
01000016=5,17,0,4,0,0,0,0,A,11,0,10006,0,0,0,0,A,53,2,01000020,0,0,0,0,A,53,2,01000018,0,0,0,0,A,53,2,01000028,0,0,0,0,A
01000018=1,11,0,10007,0,0,0,0,A
01000020=2,11,0,10008,0,0,0,0,A,53,2,01000022,0,0,0,0,A
01000022=1,11,0,10020,0,0,0,0,A
01000028=3,80,1,01000027,0,0,0,0,B,11,0,40,0,0,0,0,A,55,0,2,0,0,0,0,I
01000030=3,11,0,10009,0,0,0,0,A,17,0,2,0,0,0,0,A,55,0,2,0,0,0,0,C
01000032=3,11,0,10010,0,0,0,0,A,17,0,3,0,0,0,0,A,55,0,2,0,0,0,0,D
01000034=7,11,0,10011,0,0,0,0,A,53,2,01000036,0,0,0,0,A,17,0,5,0,0,0,0,A,17,0,6,0,0,0,0,A,55,0,6,0,0,0,0,G,53,2,01000038,0,0,0,0,A,54,2,01000022,0,0,0,0,A
01000036=1,11,0,10012,0,0,0,0,A
01000038=2,11,0,10015,0,0,0,0,A,53,2,01000047,0,0,0,0,A
01000047=3,11,0,10016,0,0,0,0,A,7,1,01000044,0,0,0,0,A,53,2,01000049,0,0,0,0,A
01000049=3,11,0,10017,0,0,0,0,A,7,1,01000045,0,0,0,0,A,53,2,01000051,0,0,0,0,A
01000051=3,11,0,10018,0,0,0,0,A,7,1,01000046,0,0,0,0,A,53,2,01000053,0,0,0,0,A
01000053=1,11,0,10019,0,0,0,0,A
01000055=1,17,0,7,0,0,0,0,A
01000057=1,1,0,15,0,0,0,0,A
01000059=1,2,0,15,0,0,0,0,A

[Allies]
IQ=5
Edge=North
Side=Allies
Color=Gold
Allies=Allies
Credits=0
ActsLike=2
NodeCount=0
TechLevel=10
PercentBuilt=100
PlayerControl=no

[Allies1]
IQ=
Edge=
Side=
Color=
Allies=
Credits=
ActsLike=2
NodeCount=
TechLevel=
PercentBuilt=
PlayerControl=

[Allies2]
IQ=
Edge=
Side=
Color=
Allies=
Credits=
ActsLike=2
NodeCount=
TechLevel=
PercentBuilt=
PlayerControl=

[BaseNod]
IQ=5
Edge=West
Side=Nod
Color=DarkRed
Allies=BaseNod,Nod,Special
Credits=10000
ActsLike=1
NodeCount=0
TechLevel=10
PercentBuilt=100
PlayerControl=no

[Basic]
Name=Tutorial Mission 1
Theme=AOI
Player=TutorialGDI
Percent=0
GameMode=Custom Map
HomeCell=98
InitTime=10000
Official=yes
EndOfGame=no
FreeRadar=yes
MaxPlayer=8
MinPlayer=2
SkipScore=no
TrainCrate=no
TruckCrate=no
AltHomeCell=99
OneTimeOnly=no
CarryOverCap=0
NewINIFormat=4
NextScenario=Maps\Missions\TUTORIAL2.MAP
RequiredAddOn=1
SkipMapSelect=yes
CarryOverMoney=0.000000
AltNextScenario=<none>
MultiplayerOnly=0
IceGrowthEnabled=no
VeinGrowthEnabled=no
TiberiumGrowthEnabled=yes
IgnoreGlobalAITriggers=no
TiberiumDeathToVisceroid=yes

[Briefing]
1=Commander, intel has just intercepted Nod transmissions from this sector. We
2=believe Nod is setting up an outpost to launch attacks on GDI forces. GDI
3=command wants you to take them out.@@Using the units provided, destroy all Nod
4=units and structures in the sector. Good luck, commander!

[CellTags]
27082=01000056
28081=01000056
28082=01000056
29081=01000056
30078=01000056
30079=01000056
30080=01000056
30081=01000056
31078=01000056
32078=01000056
41061=01000033
41062=01000033
41064=01000035
42057=01000035
42061=01000033
42064=01000035
43057=01000035
43061=01000033
43064=01000035
44057=01000035
44058=01000035
44059=01000035
44060=01000035
44061=01000035
44062=01000035
44063=01000035
44064=01000035
45061=01000033
46061=01000033
47061=01000033
48061=01000033
49061=01000033
50061=01000033
50074=01000033
51061=01000033
51073=01000033
51074=01000033
52043=01000031
52044=01000031
52061=01000033
52073=01000033
53044=01000031
53061=01000033
53073=01000033
54044=01000031
54061=01000033
54073=01000033
55061=01000033
55062=01000033
55063=01000033
55064=01000033
55065=01000033
55066=01000033
55067=01000033
55068=01000033
55069=01000033
55070=01000033
55071=01000033
55072=01000033
55073=01000033
59044=01000031
60044=01000031
61044=01000031
62030=01000031
62044=01000031
63030=01000031
63044=01000031
64030=01000031
64044=01000031
65030=01000031
65041=01000031
65042=01000031
65043=01000031
65044=01000031
66030=01000031
66031=01000031
67031=01000031
67032=01000031
67033=01000031
68033=01000031
68034=01000031
94051=01000017
94052=01000017
94053=01000017
94054=01000017
94055=01000017
95050=01000017
95051=01000017
96049=01000017
96050=01000017
97048=01000017
97049=01000017
98048=01000017
99048=01000017

[Events]
01000000=1,13,0,0
01000002=1,13,0,5
01000004=1,13,0,15
01000008=1,33,0,0
01000010=1,13,0,10
01000012=1,13,0,30
01000014=1,13,0,50
01000016=1,1,0,15
01000018=1,13,0,10
01000020=1,13,0,100
01000022=1,13,0,100
01000028=1,13,0,50
01000030=1,1,0,15
01000032=1,1,0,15
01000034=1,1,0,15
01000036=1,13,0,15
01000038=1,13,0,30
01000047=1,13,0,25
01000049=1,13,0,25
01000051=1,13,0,25
01000053=1,13,0,20
01000055=1,1,0,15
01000057=1,48,0,11
01000059=1,9,0,15

[GDI]
IQ=0
Edge=West
Side=GDI
Color=Gold
Allies=GDI
Credits=0
ActsLike=0
NodeCount=0
TechLevel=10
PercentBuilt=100
PlayerControl=no

[GDI1]
IQ=
Edge=
Side=
Color=
Allies=
Credits=
ActsLike=0
NodeCount=
TechLevel=
PercentBuilt=
PlayerControl=

[GDI2]
IQ=
Edge=
Side=
Color=
Allies=
Credits=
ActsLike=0
NodeCount=
TechLevel=
PercentBuilt=
PlayerControl=

[Houses]
0=GDI
1=Nod
2=Allies
3=Soviet
4=Neutral
5=Special
6=GDI1
7=Nod1
8=GDI2
9=Nod2
10=Allies1
11=Allies2
12=Soviet1
13=Soviet2
14=BaseNod
15=TutorialGDI

[Infantry]
0=BaseNod,E3N,256,57,28,1,Guard,64,None,0,-1,0,1,0
1=BaseNod,E3N,256,62,27,1,Guard,64,None,0,-1,0,1,0
2=BaseNod,E3N,256,59,27,0,Guard,64,None,0,-1,0,1,0
3=BaseNod,E1N,256,62,19,1,Area Guard,64,None,0,-1,0,1,0
4=BaseNod,E1N,256,56,22,1,Area Guard,64,None,0,-1,0,1,0
5=BaseNod,E1N,256,53,26,1,Area Guard,64,None,0,-1,0,1,0
6=BaseNod,E1N,256,66,25,1,Area Guard,64,None,0,-1,0,1,0
7=Nod,E1N,256,46,69,1,Guard,64,None,0,-1,0,1,0
8=Nod,E1N,256,50,70,1,Guard,64,None,0,-1,0,1,0
9=Nod,E1N,256,49,67,1,Guard,64,None,0,-1,0,1,0
10=Nod,E4,256,51,68,1,Guard,64,None,0,-1,0,1,0
11=Nod,E3N,256,29,66,0,Guard,64,None,0,-1,0,1,0
12=Nod,E1N,256,24,76,1,Guard,64,None,0,-1,0,1,0
13=Nod,E1N,256,28,68,1,Guard,64,None,0,-1,0,1,0
14=Nod,E1N,256,34,79,1,Guard,64,None,0,-1,0,1,0
15=Nod,E1N,256,63,71,1,Guard,64,None,0,-1,0,1,0
16=Nod,E1N,256,59,66,1,Guard,64,None,0,-1,0,1,0
17=Nod,E3N,256,63,63,1,Guard,64,None,0,-1,0,1,0

[IsoMapPack5]
0=Rg8AIAQGAD0AJwQAYAACBgBAAKGpAQfIAQMBAAAHAEGUAgYEAAAIAD0A/QNoBQMACAA6AC
1=etBQjBBAVhBEONBQBrAT8Ao+EEQIgBBQMAAAkAPQD2pAgCCQA7APnrATwA+ukBP+YICQCx
2=CQF5BkSVAgRoAbAJiQFBnAoDBwAACgA7/AoCCgA6APuzCQoAPvIUCgC9CgFsBbkcBGgBqQ
3=wAaAGpDAVoAbwKAwgAAAsAQfAJAgsAQgD+vwoLADv9CgvBJQVsBbEJAWgBsQkEawE+AKW/
4=IAsAP4kBAncCPQCmtwIMADjzKgwAOigpAELqDAwAsAkFBQAADAA8AKL5BkMoKAC9CgNhBE
5=CIDIwFqQwBdQI+lQ0EaAEBRwAXCIg4Ag0AOAD0oBoCDQA6APXpAUH7Mg0AN/EfDSjzAw0A
6=QOUTDdgRAwEAAA0APZkRBGgBpBOVAkQoVACtEAVhBD+ZEQhoASk5AkiEEwUBAAAOADgA8b
7=sRDgBB5xMOADrsPAIOADkA+OMEPwD/6QE35xMOADyBRgBwCaUTBWgBuBGJAUKMR4EEQ4kB
8=A2AEJzoCDgAnOAICDwA4APKrDA8AOe8mDwBB+xEPADf7EQ8AQPsnDwA2+ycPAD7xFA8o7A
9=gCDwA/ACm1OQ/cFQMBAAAPAD2JFwRpAUKJAQBoAbAUlQJEnRUHdAInvQIPKL8CEABA5BMC
10=EAA3APerFxAAOSgpAD/nExAAOO0mECi3DBAAQShUALgRAgUAABAAuREBaAGtXQRpATuZEQ
11=BpATyJAQNoAbEUCGgBJ5ECECiTAhEANesMEQBFKCgAvAoCBQAAEQCxCQRpAT2dCgdpATqB
12=XABpATuJAQJpAUGIAZUCQogBlwJAAKe+KxEAJw0CESgPAhIAM/9tEgA2KCgAJ0EOEijcBg
13=sSAEoAMwQAAAQAABIAS4kBCGkBOoFcAGkBPygoALwVgASxFANhBDyFEwVoAbAUlQJDKFQA
14=vRUBYQRBiBeUDSfpAhIo6AICEwAzAPOjOxMANigpADjlPxMoTwoTADTnlxMAPestEwBJlB
15=gBAQAAE80bBWgBrRsJaQFMgQQNaAG4HI0FO5kcBHQCpB6VAkAoVACoF5EJQpUYCGwFJxUD
16=EygXAxQAN/d7FAA842cUAD3/FRQANeFnFCikCgIUAEQALpzRAQAUAEWIAQEMAAAU1RgGaA
17=G1GApoAbUYDmgBqRcFaAG8FYsBPgCkt0QUAD+JAQNjBDkAy/UCOogBlAInFQMUKBcDFQA3
18=84IVADzzbBUANuMaFQA08UsVKNsLFQBDiBcBBQAAFcEaCWgBoRoNaAG1GAtoAaUTBGkBQJ
19=EUB2gBsRQBaAGwFIEEO5wVgQQ9iQEAYQQ+iQEDaAEBSQCxB43AFShdDBUoQAMCFgA2AO+z
20=SxYAN++fFgA0/0wWADXjnhYAOPM1FgAy80sWAEKMGwECAAAW2RwGaAG9NgpoAbUYCGgBBD
21=wAxQQAAANoAbUYBWgBtBiABLUYAXQCtRgEaQE/gRoHawFJAKWgGgIWAEoAsOgBJ7EGFihs
22=AwEXADUAz8sXADb3ZRcAMec0FwA59xgXAEQoKQBPKCgArBsBAwAAF80bB2kBOpHaAGkBO4
23=EaAWgBrRsEaQE9lAKNBUCIAYQIoRoFYAShGghrAUkAo7cYFwBKKCsASwCs9QJM+RwXKAkH
24=FyibAxgAMf82GAA1+xwYADD/NhgAL+/AGAA0KCsAMgD8pT8YKDsYGAA4nK8DAAAAGAA5iQ
25=EDaAGlHgFpATuRHwRpATeMfowFsR8FdAKxHwhpAT+QH5gGvCCZBkGVAgdgBCfxAxgo8wMY
26=AEv8IAIYAEwAqL8gGABG6VkYKB0EGCgfBBkAMvs9GQAw840ZADPzVhkALuM7GQAxKCgAJ3
27=QaAhkAPQAqp4EZADb98RncIAMEAAAZADqJIgdoASexJxkosicZALUjBWEEPIElCGgBoSUB
28=aQE4jCaQCagijAWoIo0FRvIfGQAndQQZKHUEGSh3BBkATCivAEUAraMlGQBN4EYCGQBHAL
29=T1AkiIAQMBAAAaADDjRhoAMuNGGgAx40YaAC//mRoAO/dlGgA87iYaACfIKgIaAFAAMq8m
30=GgBRiQECaAy4J5UNN4UpBHQCuScIaAG95gBpAT6RKgNoASd6KxoAJ3srGgA1jCaMBbknBW
31=0FOZQCkQlF/iAaACf5BBoo+QQaKPkEGij5BBoo+wQaAE3/TBoAROUpGij6BBoAJ/sEGwA7
32=/0wbAC//TBsAMSgpADnvJhsAPPRPAhsAQQAkoyUbACblKRsoqxsbAFIoVACwKgEBAAAb0S
33=oDaAGlKQVoASSpJgBoAbknBGgBJCE2B2kBM4jHgQQ0iAGECKQpnQo2mCeYBif5BBso+QQb
34=KPkEGyj5BBso+QQbKPsEGwBN4zAbAETjtBsATuFRGyglBRsoJwUcADnzzxwAL+9SHAAx7V
35=IcKK03HCg8EwEcADoAJQ85HAAu/5kcADgoKQAm4DACHABBAAi0LgIcAEAAIukBU+8xHABV
36=KCsAQgAl4AS8KwMBAAAcAD7+VxwAvSsIdAKxKgRpATWdKwdpATIjhScAaQEziQECaAGpLQ
37=VoAaSBhQg8gDCMBQEhAMIEIvw9AQAcAETmKRwAJ1kGHChZBhwoWQYcKFkGHChZBhwoWQYc
38=KFsGHABOKF8BQwCvsIICHABPALLoASepEBwohAYEHQBYAE4BAGMAHQAm5zQdADnvXR0AMC
39=YXJB0AJeMwHQAn7MsCHQBTABqwKgIdAEEAHOsBVQAd6wFUAB/pASjnYB0AKygoACetFh0o
40=K0IdAD8ogQBRKCkAMpA1AQAAAB3dNgVoASQ0KJQCsTUIdQIzhTQDaQE0iAGMBbkyAXUCPY
41=U0BGsBIgC+JOMiHQAgkDWMBbw2kAkBVgD3BnwkAQAdAFeJAQJ7BkQAtb8rHQBFKCkARigp
42=AEkoKQBKKCkASygpAEwoKQBNKCkATigrAEcAtukMSIgBgw9PABgk7D8CHQBDACfrAVAAKa
43=sBHgBZ4zseACf2OR4AJ+E4HiibJB4ALiZkLgIeAEEAGbM1HgBU9TkeKGYNHgAnDw0eACX7
44=Mh4ANCgoACfnPh4AUyhUALw2AwEAAB4AM4k4BGgBvDaUAiQ4RJQCJDEiAGAEuMGIAbE1BX
45=UCPp02CGsBNgCo/RUhiDiQCbQ5kQkjlQIHbQUkiQEKawFVAPW3OR4AVokBA3QCoDuJAViM
46=PJQNqDicCqg4iAGoOIgBqDiIAag4iAGoOIkBT5Q5iAGoOIgMA1AAxgcAAJUCRJQ5iQFFKC
47=kARigoAAFHABkIzAW4PQEBAAAfKPAOAh8AWQB4v3gfAFqJAQJhBCcmmS8fKNMVHwAoJiMg
48=HwAw63ofAC3vqh8AKfPaHwAh60MfAFTreh8AU+h6Ah8AQwAgozAfAFIoKQBE5K0CHwA+AC
49=bgBCd9Jh8ogSEfKMlAH8lDBWkXMiMVOgBpATUoKAC0RIAEtEScICRRJgRsBaBGlAIk/CCV
50=AjaURJUCN4gBlAK0RJAJtUQIZAi1RAtrASUAv7OCHwAekYIDdwJVAPStRx/MR5EJV5lIB2
51=MEQABYpHYCHwA/AHfrAUEAeOgBJ90nHyiJFx8oiRcfKIkXHyiJFx8oixcfAE/3vR8AUOm8
52=HyhdFx8oBy0gAFvlgSDURAEBAAAg1UQDaAEBWACBAYubIAAtJusjIAAo478gAC7/8SAAIv
53=dEIAAv90QgACD3RCAAUvjBAiAAQwAbpz8gAFPvRyAAQvf0IABQ60MgACHrhSAAIygoACeR
54=GCAoQi8gACcqWCAAJ2YYIACgRo0bM4FGBGwbrEeVAjYoVAChRgVgBCcWLyAAoEaVAjrnjC
55=AAN4BGlQI4iQEIegYkAGhDnAq0RJUNJpUCB2EEHYBGgASsR4EEH5QCgAS4SIEEVoRKgAS4
56=SIsMVAD5vEwCIABBAF6sRwIgAD8AaOkBQIgBhAgnRQkgKEUJIChFCSAoRQkgKEUJIChHCS
57=AATyaBLCAoGQkgKBsJIQBa+0ghAFeEjAMAAAAhAFiJAQJoAQFbAHoBm0ghAFyIAZcCWQCD
58=9QIiJoMhIQAt6dIhKP9XIQAj/0whADgoKQAh7ZQhKBdbIQAkJgciIQA641EhAEPv1iEAPv
59=xMAiEAPwAjo1EhAFEmNighACczIiEAL+lOISglGyEojxIhADWM1oQesUsFZB6kSokBMSOM
60=M4EEMokBA2EEIITOiQEnKCgAoEaYBqFGCGwFtESUArRElAKoQ5QCvUEBbQVViUMEawFSAB
61=29QSFxbAcj8EUCIQBAAGX3AkEAeegBJ5UIISiVCCEolQghKJUIISiVCCEolQghKN8RIQBQ
62=JvEvISjBCCEowwgiAF3gRgIiAFkAdrNAIgBaiAEBAgAAItlIAWgBuUgDaAG4SJQCuEiUAi
63=dhEiIocyoiACTvlCIAPfHaIij7USIALvdEIgAr5ZciKA9PIgA+70ciAEMm6yMiAD/wmAIi
64=AFEAHq9HIgBC/9siAEDnSiIARuZKIgAn1RsiKNVdIih9GyLYSI0bNoVKBGQeoEaJATONRw
65=d1AjAj1TEAaQExiAGdIB+YSIQIsEuYBiToI5gGsdoKeQYmKKwAtE+NBSiUAo0FKYgBjAWl
66=SgV5BlaRSwhoAbBLlQ1TnEyFCFSIAYQIJ0UJIihFCSIoRQkiKEUJIihFCSIoRQkiKEcJIg
67=BQ6ZAiKEUJIihHCSMAXOVKI8RKAQEAACPFSgNrAVcAd79MIwBYiQECdwJdAHn1Al6IAZcC
68=VgCA9wJbAILpATzj4CMALfuVIwA5KCkAKyZLJSMANPOYIwAuJkk7IyhbdCMALO1SIyjzOi
69=MAOu5SIwAnHDsCIwBAABi/TCMAQvPlIwBG9E8CIwBBACHhBD7rTiMAJOWXIyjANAIjADUA
70=oOwFvUwFfSAwgeAAaAG9TAhoAbFLBGkBMp1MB2gBsEuYBrBLjAWxSwtgBKRKgASkSoAEpE
71=qBBCOI3ZgyAyoAwwQAAIwFAVUA/gaNlCPYlZQCpEqHCEMAVruVIwBEiAGRNUUm8SQjKH08
72=IyjJCSMoyQkjKMkJIyjJCSMoyQkjKMsJIwBQJh8lIwBRJh0lIyj1CSMo9wkkAF/2TyQAvE
73=wBAQAAJN1MA2kBWZFLAGkBWokBAmgBtE+MBbRPjAW0nIwFtJyNBUTvUiQAOuNRJAAmJk9i
74=JAA86AEAASQALAD1AwAAAAAAJAA0APYDAAARAADDDgAgBwAAACQAMwD5AwBgAAIkADsA+u
75=sBJQD76AEBPgAaBHwDAwAkAEAAHesBPwAf6wEeACfpAS4oKQBGKCgACTUAoAQAAAEAACQA
76=NokBBWsBMACi9QIxiQEEdAIEMgCkBAAACGsBLwCn/woiAMLtBSOIAY0FJIkBB28FKQDD4Q
77=QqiQEGdQIriQELaAEBVAD+Bs0QVYgBhQhWiAGECARBAFQHAAADbQVCiAGECAFDAFYH2AYB
78=RQBeB98gSQC16QFKKCkASygpAEwoKQBNKCkATigpAE8oKQBQKCgABEgAuQcAAAJsEAFHAB
79=cI1w1RACLpAVKIAQYCAAAlAF4ATgGDBCUAYCgoAAFZAHkBnxUlAFqJAQNvBVsAevUCXIgB
80=lwJdAIDnCEMAgusBRACD6QFYKCsAPADxvEECJQAmAPPpASwoKwA6APT3AjMA9ukBOPNLJQ
81=An80slADkoKQAy/EwCJQAoAPz5Bi0oKQA9KCsAPwAcvEECJQAZACTpARsoKQBGKCsAVAAm
82=4QQp4VEl1U8GaSI3gVEKawEuAKHsBaFRBXcCNACj9QI1iAGMJq1SAWEEMJlTBGgBASUAwQ
83=SORyUAuFOECLlTCGAErVIHaAGtUgxoAaBRjAWgUY8FVwABoFECJQBfAAy/TCUAQIxSgA+k
84=VYAPpFWcCid4CgIlAFMAsfgGpFWYBqRViAGkVYgBpFWIAaRViAGkVYgBpFWIAaRViAGkVY
85=siUQC/qmQlACfSCiUApFUDAwAAJgBh+FMCJgBaAHazSyYAW4kBAmEEQuNRJgBcKCsAQwCB
86=7QVZ+FMCJgA8APK3RCYAOvdPJgA99E8CJgAoAPXhBDgoKwAtAPf3AjsA+OkBGeibAiYAGw
87=Abuz0mAEb/TCYAP+OeJgAa4J4CJgA+ACLtBR3rTiYAIP9MJgBVKCgAvUwLeBy9TAFpAS+J
88=TgRpATWQS4kBNokBB3UCM5mgAGkBNIgBhCmpTgV1AjGVTwhpASSUT5wKoFGRCSaUApAJtE
89=+MBbVPDXkGVpxMmAaoTpkGWJQCmwZdAAq7SCYAXogBjBCsUpkGYJhTmwYXABKwVgImABgA
90=FOgBpFWfFUQAYKubJgBFiAGbBkAAa+sMSQCj6QFKKCkASygpAEwoKQBNKCkATigpAE8oKQ
91=BQKCsAUwCl/wpUALDrAUgAtLNWJgBRiAGJLVKIAYwbJysLJwAW/Vcn3FcBAQAAJ91XA2kB
92=QftTJwBC66YnAD3rpicAO+NRJwA486MnACjsUgEnADcA2O0CJwAxAP24UwInAD4A/usBGw
93=AIq04nABrwVgEnAEYA01YnAB3nVScAHORVAicARQAg+QZW56InAC37UycAMCgpAD8oKAC5
94=UwVtGzOFVQBpAS6U9IgBpVUIdAK5UwRpATWFVQdrAScAvqaiJwCsUpAJrFKYBq1SCWwFrV
95=IOaAEDLADSBAAAkQlXgFGYBqxSmwZcAAmrOCcAXYgBgDC4U5kGX4RVjBC4U4UIYYRVhQgX
96=mFOIOKRVmQYZlAKYBgFZAB4HzRBDhFWMBbxXlw1AAGrsECfSCicAJ9IKJwAn0gonACfSCi
97=cAJ9IKJwAn0gonACfSCicAJ9MKJwBT/1cnAFQoKQBV/lcnACf9Cico/gonACf9CicoKxYo
98=ABX9VygoKwsoABcoVQA9+1MoADH7UygAOygpADD7+CgAOigrACoA/7hTAigAGwAYvEwCKA
99=BFABnpARz5UygopwooAB7tUigoIxUoAETsqgIoAD8AI+UIIfurKABXKCkAYCgrAB8AJe0F
100=I+NcKAAl61koADIoKQA5KCsAHQA3+AagXAMBAAAoADSNXQRoAaxdlgIvACKcKpQCoVwIYQ
101=QmgFyABKxdgQQolQIHYQQpiQEKaQErlFqMBaFcBXUCLZUCCWgBqFmFCF6UWoQIqFmXDVsA
102=DatOKABciQECeAa8V5AJvFePBRoAFb+vKABYiFmAD7RajQValAKDD0EAZP0KQigrAEMAef
103=cCQAB66AEnrQsoKK0LKCitCygorQsoKK0LKCitCygorQsoKK0LKCitCygorwsoAFX7XigA
104=VvleKCjZCygo2QsoKNkLKCjZCyko2QspKNsLKQAXJlchKQAY+7YpADDrsSkAOigpAD0oKQ
105=Ab864pAD8oKQBXKCgAJ68LKQAh+14pAB4mKSEpKFchKQBg77UpACDzYSkAXygpAEDnYCkA
106=JO9dKQBDKCkAWPteKQAd91opACsoKQA2KCkAQSgpAGEoKACsXQIFAAApAKBciwEyAKW/Yi
107=kAM4kBAmMEMQCm9AKsXYwFrV0IYAStXQtrASoAv6K/KQCtXQZ0Aq1dCmkBLpleDmgBAxQA
108=/QYAAJAJuF6QCaFcA2EEXYxdgQQZlVoBdAKhXARoAbRaiAy0WokMW4BciwxEAHe8VwIpAE
109=UAeOkBSfFLKSgpCykoKQspKCkLKSgpCykoKQspKCkLKSgpCykoKQspKCkLKSgoCwIpAFYA
110=qOwQJwUXKSgpCykoKQspKCkLKigoCwQqABYAewEAYwAqABeIAQMDAAAqABiJAQZpASwmKi
111=EqACcbNSoAIOO0KgAh47QqABz/VyoAQCgpAB7/VyoAJCgpAEMoKQBfKCsARgAeq0MqACMm
112=2yEqAEEoKQBdKCkAW+BcAioAHQAh+QYiKCkAQigpAFwoKQBeKCkAJudgKgAo970qAD4oKQ
113=AwhbgAfCC8V5UjNIlZBXQCqVkBaQEylVoEagEpAHBWlAK8V5UCK5UCB2MEOADKJF4iKgC9
114=Vw91Ai+JWRNpAROIWYQItFqPMRsAEKqxKgC9VwJsBbxXmBGxVgt1AkXzrioARPKuKgAnpQ
115=oqKKUKKiilCioopQoqKKUKKiilCioopgoqACeBISoopQoqKKUKKiinCioAVuhkAioAVwCs
116=s1YqAFgoKQBZ9bIqKFUWKigpCyooKQsqKCkLK9xXAQEAACvdVwRoAb1XB2kBGSYHOCsALS
117=aANwErAC4AJSssKwAmJissKwAk61krAB7/VysAIygpAEMoKQBfKCkAIP+vKwBB/1crAFso
118=KQBdKCkAH/9XKwAl41ErACf/rysARCgpAGAoKQA/71IrACHzrisAPigpAEIoKQBFKCkAXC
119=gpAF4oKAC0Wo0mMYBcjCa9VwVtJjOJWQhpASwj2SEDaAGoWYAEqFmBBDeIWZEJOIgBgQQ5
120=iQEJeAapWQJoAahZmTIVgVwMdQIalFqECKBcmREclAKNBR2JAQpvBSIAHKVgKygpCysoKQ
121=srKCkLKygpCysoKQsrKCkLKygqCysAJykLKygpCysoKQsrKCkLKygrCysAV/daKwBYKCkA
122=WSgrAFoAsq1dKyhVCysoVQsrKFULKyhVCyzUWgECAAAs1VoFaAG1WghpARkm2yEsABomiz
123=gsACYmeyAsAB/rTiwAKPWcLCgjKywAL/9BLAA8KCsAMgAvo5MsADOIAZQNtESMECSVVQBt
124=EDcjICuLARIArrT0AiwAEQCvJMNVLAArjUcBbAW5SARpAS2VAgdpAS6JAQppATiBRgZoAa
125=xHlQI6lQIOdAIBIAD4Bn/UACwAuEiEE7lIDWAErEeQFKxHgAStRwtgBAMeABoHAACJASGY
126=SIQTpEqFEyOUAoUTJIgBjBAkyEuYHCTIS4gBJMhLiAEkyEuIASTIS4gBJMhLiAEkyEuIAS
127=TIS4kBUyafViwAVCgpAFUoKQBWKCkAVygpAFgoKQBZKCsASAC2JDtELABRiAGJDFKIAZtI
128=QQAYJNNXLABCKCkAQygpAEQoKQBFKCkARigpAFooKQBbKCkAXCgpAF0oKQBeKCsARwAh4w
129=9AACPrAV8AKasBLQAZI6whAwAAAC0AGokBA2kBG4kBBmkBF+e4LQAcJostLQAY+14tACj7
130=ti0AJveyLQAn+6stACkm/ystADXuXS0ArV0FaAytXQlpATSZXg1oAa1dAWgBJCFXBGgBuF
131=6VAjiEYJUCEYRglAKwYZUCE5UCB3gGpGCUDaVgCHQCpWALawE7AMmqby0ApGCUAqVgD2ME
132=LwDN4ASwYZUNIZxilA28YpQYvWIOewYWAACrpi0AJYCpnSsdkGGEE71iDG0FH5UCEWgBvG
133=KcFbxinBW8YoUTQpRPjRBDKCkARCgpAEUoKQBGKCgAuGmYBrhpiAG4aYgBuGmIAbhpiAG4
134=aYgBuGmIAbhpiAG4aYgBuGmIAbhpiAG4aYgBuGmJAUeIZIgBrGiUI6xolAKsaJcCWAC8JJ
135=BPAi0AQQDA8ipAACVmZS0AqGSYBqhkiAGoZIgBqGSIAahkiAEBWQAfCCO6Xy0AvGIBAQAA
136=LtxiiAG9YgR0Ar1iB2kBHO3ALijrOS4AI/xiAS4AKQAlg2MuACsmrywuACwmVyEuACjyYS
137=4AJzFDLt1iBmgMvWIKaAG9Yg5oAbFhBWgBpGCJATYjVSwAdQI3iQECaQFniAGVAmiIAZQC
138=qGSYBqlkCG0FFInHA2oBOgBwYZAfvGKNBTyVAglhBC6QYYAEvGKBBDCUAoAEvGKVAiKIZI
139=kMFZBhmAa8YpEqF5QCkSokiGSABLRlgQQmlAKBBCeIAYgirGicCq1oDWQTrWgSaQEgmWkX
140=aQFCJk8gLgBDKCkARCgpAEUoKQBGKCgAJ70uLiiRIy4okSMuKJEjLiiRIy4okSMuKJIjLg
141=AnkSMuKJEjLiiRIy4okSMuKJEjLiiTIy4AQSZDWy4AR4gBgDsn6TkuKGUjLihnIy4AWCis
142=ACe3DC4AWYBnAQEAAC/NXQJoAa1dBWgBrV0IaQEcmcEAaQEdiQEDaQEeiQEGaQEh88QvAC
143=MoKQAk62QvACLrxy8AKfPELwArJus5LwAqJmcuLwAtJrctLwA06WQvKIkMLyVtJAtjD1sA
144=cCTrOS8AXIgBhRM2I1wtnRVmIxRmiQFniAGABKhkiQE4nGKEHqhklQJpKFUAZSM4LoUIE4
145=hkjCa1ZQRtEBWVAgdrAToAtPkRDiPEZpAJrGiAJa1oCm0FPZlpDmgBuGmAMLhpjAW4aY0F
146=MYRrjAUBKADTBZiVDS8AFgAABwAABQAALwAXAAARAADaDgAgAAgHAAAIAAAvABgAAgcAAA
147=MAAC8AJQAQBwAABWkBJokBCGkBJ4kBC2gBBB8AGgcAABNpASCJARhoAQJCAKMHAGMALwBD
148=KCkARCgpAEUoKQBGKCkASSgpAEooKQBLKCkATCgpAE0oKQBOKCkATygpAFAoKQBTKCkAVC
149=gpAFUoKQBWKCkAVygoAARBALQHAAABYRpHiQEAaQFIiAGVAlGIAZUCUogBlQJYiAGUAgFA
150=ABcIeCABAC8AWYgBBgEAADAAHwB2AZcCMAAgiQECdAIBHAB7AZcNMAAdiQEEdQIeiQEHaw
151=EiAH75BiOJAQV1AiSJAQppASWJAQ9pASaJARRrARsAgPsGIQCD6AEBKwAIBM8QKgAa6wEs
152=ACPrARAAJ+kBEygpADgoKQA5KCkAOigpAD8oKwAtADTkCAFbAHAEzRtciAGNG12IAY8bNg
153=Ch4QQ3iAGDBGQAouQIA2cAowQAAJUCaIgBmwZlAKb5BmaIAYAEARYArgScVwMwABQArwSf
154=VzAAFYkBCGsiMgCx4wQuALTpDDuIAYcIDQDB/QoOiAGVAg+IAYAPBDwAyQQAAAtwCQMvAM
155=0EAACVAjCIAZUCMYgBjDEBJwDTBdEfKIgBkQkpiAGZBhecbYhDqG+BBBmUAoEEGogBjDwn
156=ZQ0wKGYNMAAnZg0wACdmDTAAJ2YNMAAnZg0wACdmDTAAJ2YNMAAnZg0wACdmDTAAJ2YNMA
157=AnZg0wACdmDTAAJ2YNMAAnZg0wACdmDTAAJ2YNMAAnZg0wACdmDTAAJ2YNMAAnZg0wACdm
158=DTAAJ2YNMAAnZg0wACdlDTAoZQ0xxGsBAQAAMcVrA2gBpWsCaAGlawVoAaVrCGgBpGuYBq
159=VrBnQCpWsLaAGlaxBoAaVrFWsBIQCCu2kxACfkawIxACwAGadKMQAr5GsCMQAtAB/3AhMA
160=JOsBLgAl6QEU4mcxACeSDTEAJ5MNMQBhKIMADABkvFcCMQBdAGblCF6IAYUeX4gBlBi8bY
161=QepGuJATbmazEAsGyRH2WVAgRsG7BslCOka5kGZ5BslQIVkGyYBrxtmQYXlQIHZQgxkGyA
162=BLxtgQQzlAKBBC/+bTEAqG+LDDoAteAaqG+UAqhvgw8QAMOqejEAuGmABLhpgASsaJQCrG
163=iUAqxolDkBKgAbB4yJAjEAGwAe6AEnZQ0xKGUNMShlDTEoOQ0xKDkNMSg5DTEoOQ0xKDkN
164=MSg5DTEoOQ0xKDkNMSg5DTEoOQ0xKDkNMSg5DTEoOQ0xKDgNAjEARQCmue0xKGUNMShlDT
165=EoZQ0xKGUNMShlDTEoZQ0xKGUNMShkDQIyACcAd69dMgAoiAECAgAAMgCgZ4gBoWcHdAKh
166=ZwxoAaFnEWgBoWcWawEhAIHxCSDgZwMyAA4A/QOI0gIyABMAGLBAAjIALQAc6wEUACHpAR
167=Xj1TIALP1iMijhDDIo4gwyACd0GgIyAGcANuUIaIgBixcLAGH1AgyJAQRxFA2JAQhoAbFs
168=AWgBsGyABLBshB64aYEEN+5oMgC5aQV7BmQAqegMtGWUArRliAy8YosBLgCz7AWoZI0FO5
169=xigQ8PhGCUDbFhBmkMEZUCC2sBGADFv4MyACmMXYwFuF6RCSuVAgltBRqEYIAEsGGBBByU
170=AoMEHQAis0syAB6IAY0mH4gBmBEn4QwyKKUKMiilCjIopwoyAEPnVTIAVCgrAFMAp+sMRA
171=Co6wFGAKvoASe9GDIopAoCMgBJALXhBEooKQBLKCkATCgpAE0oKQBOKCkATygpAFAoKAAD
172=SAC9BwAAmxxRAL7oDCfFGTIqXwxHACAkhCcDMgBSACEImQYz1GUBAQAAM9VlA2gBtGWIAb
173=VlCHQCtWUNaAG1ZRJoAbVlF2gBJ5gZAjMADgD3q2QzABXvyzMAE+lkMyi3DDMAFutkMwAP
174=62QzABIoKAAnxxkzABooVQAxKCgAJx8aMwA8KFUARSgoALhpmBy4aYwbAWAAPwTcIKRrgA
175=SlawVgGqVrCWgBpWsCaAGka4AEpGuUI7hplwI1AKW/YjMANogBmAaka4kMZZBsjBCsaJUC
176=L5lpBmgMrGiTCTkAt/EJOogBmQYQjWgHbAW5aQxpAReYaZAJpWsEdQIZlAKPBSkAB7ZEMw
177=CwbJQNsWwKbQUsnW0OaAGwbIAEsGyBBB2cbYMEIAAhqdIz3G2EE7xtiBcnHyUzAFbvaDMA
178=Ve9oMwBC42czAEQoKAAn8SQzKIsXMwBBJlkyMyhUCwMzAEgAGAgjyyozAEkoKQBKKCkATS
179=gpAE4oKQBPKCkAUCgrAEsAH/EJTIgBgBqgZ5EqUYBniAGsaAEDAAA0zcsEaAG1ZQloAbVl
180=DmgBtWUTaAG1ZRhpASgmuzM0ACf4zAI0AB0A+6NnNAAP+MwCNAAeAP71Ai0mPDQCNAATAB
181=2oQwI0ABYAHusBLAAg6wESACLoAScDJzQADv9iNABIKCkATSgpAFEoKwAVACrnCE4AMyRj
182=MzQAT4kBCHUYX41oAWgBrWgCaAGtaAZoAa1oCmsBYABn8QlhiAGZJ2KIAY0FFyNFNQBsBa
183=BngQQ3jWgFdAKpZAdpATCVZQxrATgAtv0KOYgBmAa0ZZkyO4BnmAagZ4gXoWcNZAi0ZYgM
184=tGWDBDQAy/0KNYgBnAqsaIUeKphpiAytaAtwCbRliQEfiGSMBbRliQwhlAKVRFf5XjQogw
185=s0AEuMXZ0gTIgBhQhYiAGUAieMPgI0AEAAJry6AjUAIgB9JLciNQAjiAEDBQAANQAkiQEK
186=aQEliQEPaQEmiQEUaAEnSDACNQAPAPW8TAI1ABsA+ekBCuNRNQAc41E1ACwm6yM1AC3hUT
187=Uocwk1ABX7SDUAKygpADcoKQBEKCkAVSgpAF0oKQBmKCkAaygpAE2VTwFoF6xSmBytUgl1
188=AlCBBA1oAa1SA2gBrVIHaAGtUgtpAUAjhTIAaQFBiQECaAGkVYgMpVUEdAKkVYQIpFWCBB
189=gAIkRAgQQWI9QxkwkUAKisRwI1AAgAqyQeMDUAvVcIcAm8V5EUOCN8MZgGvFeRCTqIWZQN
190=vFebBi4AvCTGJDUAqFmEHqlZDn8KEgDI4wRHAMqndjUAUygoALRaiBe0WpUNNoBclA0BHw
191=D4BiN6KzUAoFyfKygACKvHNQApiAGQKrVaBmAPtFqcTCf+CjUAJ/8KNQBYKKUKWYgBAQEA
192=ADbQVogBsVYGdAKxVgtoAbFWEGgBsVYVaQEnJkg7AjYADwDzp1U2ABv/VzYACiYEIgI2AB
193=AA/OMELAAbuzI2ACv/pDYAC/FLNij9CjYoki42ACezSDYAQiisACfLFDYAaChUAKxSlBit
194=Ugp8Fa1SDmsBDABA7RANiQECdwJkAEH1AmWIAZcCYwBEJIoiNgCkVYAlpVUDeAakVYwFpV
195=UFdAKlVQhoAbhTlAK4U4UIF4VVBGAEpFWVAhWQVpUCB5BWlAK8V4AasFaVGDmQVowFpFWV
196=DS2YU5gGpFWBBC+VAgd1DRGYU4AEpFWBBBOUAoEERoRVgAS8V4kXSJUCCWUIUogBgAS0Wo
197=EEVJQCgAS0WpQCtFqHEzcAzLBhAjYAHQD1o1w2AB6IAYQpuF6dCiCEYIcTKAAGuV422F6V
198=AiqEYJwVuF6EVSfZCzYo2Qs3wFwBAgAAN9WyB2gBoVwMaAGhXBFoAaFcFmkBJyZ4IAI3AB
199=sA9L9XNwAQ41w3ABrjtDcAC+O0NwAr9rI3ACevCzcAHPtTNwBKKCkAWigoAKVVC2APuVMB
200=aAGsUokBYoBRiAGtUgNjBEAAY7NWNwBBiAGZHEKJAQRhBA2R+wBpAQ6IAZkGD4kBBnUCZY
201=gBgQRmiAGBBGeIAYMEXgCf6QxfiAGJDGCIAYkMUiMcO4QItVoFfQoYgVwIaQFdiAGABKBc
202=gQQWjF2ABKxdnAqsXYU0CYRghDSsXZgGtFqIAbRahAi0WoQItFqABLRagQQUgFycK7RajB
203=u1WgpxFEmdVw5oAbRagAS0WoEEVSiBAEWMtYEaRogBjSY2gFyENKxdjRA4lQIJfwodAPS5
204=XjfYXpknH4RghB64XpkGIYRgiBekYJ0KKZBhmAakYIEES5C5mRFMiAEFAQAAOAAgAHgkMy
205=I4ACGJAQJ0AiSJIgNoAbW9CGgBsWENaAGxYRJoAbFhF2sBCwDxp2A4ABooKQAQ4b84KIsM
206=OAAM9704ABb/YjgAESbiIjgAJ0VhOCgLVDgAKvvBOAAtJrNTOAA06mQ4ACe3IjgAUChVAF
207=coKACwYZAfsGGYHLFhBXQYsGGABLFhBHQCsWEHaAGwYYAEsGGABLBhgASkYJwKpGCcCqRg
208=mQZTkGGZBlsj9WEAfQpciAGZBlHzYTgAWigoAKhkhQhelAKHCFgAp6lvOCUMI5A1vGKRNQ
209=qIZJM1SgC+JNshOABWjF2UDaFcC2wQoVwPaAG0WpQCtFqUArRajBC0Wo0QR4BckB+1WgZk
210=CLVaCmkBOYFcDmgBoFyFCB6MXYQIoFyIF7xXjyYnAAm/ujgAKIgBAQMAADnRVgFoAbBWlA
211=KxVgR0ArFWCWgBsVYOaAGxVhNoAbFWGGkBHyaIIgI5ABoA8r9XOQAL81Y5ABb8ugI5AAwA
212=9uEEGygrABMA+PUCFSgpABngvwI5ABQA+uEEEibjODkAKu/AOQArJr8jOQAHJjdfOQBUKC
213=kAEf9XOQAwKCkAPigpAGwoKQBvKCkAECPZNwJ5HGgoKwBAAEujRjkAQYgBgAS4XogBuV4F
214=eAa5XghoAbhegAS4XoAEuF6ABLRalAKoWY0xXZVaB2UITyOJOABpAVCIAZAJrF2VOVL1Wj
215=nYXpUCWyhUALheiQxflAKAD6RgjQVZkGGAD7DEkECwYZNASACspGACOQAKALDpAUmcYoQI
216=qGSFCEuUAokXTIkBCmkXVYBnjAWsaI0FV5QCjAW8YpAUvGKQFLFhC2cIHQCiqLwCOQAnAK
217=PoAbBhmAasXZ0KKZheAwcAADoAFvtTOgAV+1M6ABnjUToAEyYzLToAF+tOOgAYKCkADfdP
218=OgAO/686ACsmhmk6ACfvdjoAByYXUDoAVCgpACzzrjoACP9MOgAb6AEKOgBEACcEAAAAAA
219=A6ABEAAJcOACAMTgAnBAAAAAAAOgBjACcEZAEHADoADwA/BAAAAXUCZygoAARBAEsEAAAD
220=dAIEPgBaBAAABGkBP4kBCGsBEABm5QgRiAGNBRKJAQZhBGiIAZUNaYgBgQRqiAGABARAAG
221=gEAAACbwVPAKHwCQNdAKMEAACLDFAApe0QUYkBBWwFA1IApgQAAIkBU4gBjQVbiAGVAlyI
222=AZcCWQCn7QVaiAGUAgFHAKwExR5IiAGNG0mJAQdrDAkAsOEECogBgQQLiAGBBAyJAQpvBU
223=oAvukMS4gBiQxMiQELYwRVAMj5HFaIAZEUV4gBjQVYiAGPBU0A0ugtAR0AogbRFB6IAY8F
224=JwCj9QIoiAGUAgEjAKQG1TkkiAGfKx8ApfUCICgpACEoKQAiKCkAJSgpACYoKAABKQAJB4
225=wxAzsADgDzA4gMAjsADwD+6wEUAP/rAVQACKg4AjsABwAZ6wFTAB/rAVEAIOsBBgAh6QFS
226=KCkAVSgrAAUAIuMECAAj6QFWKCsAWQAk9wJLACbpAQT3WjsACSgpABMoKQAWKCkALigpAD
227=goKQBYKCkAXSgpAD2YXgIBAAA7ALFhBWgBsWEJaQFAgQQNawEqAF35ESuJAQN1AiyJAQZp
228=AS2IAZkGcYkBAHUCcogBjQVziAGNBXSIAY8FFwBf/QoYiAGNBTOIAYUINIgBlQJsiAGVAm
229=2IAZcCMQBg5QgyiAGUArx4jBu9eAR4Eb14B2gBvHiABLx4gQRqnHiABLB3gQRQnHiABKRr
230=gCWlawhzCQ0Arqt6OwBKKCgAsGyMBbBsjAWxbAt5BkycYogMqGSNBU6UApQjARwAmgaPiT
231=sAHYgBmSceiQEKZwgnAJ3hBCiIAYEEKYgBgASsaIgMrGiMG6xolAKsaIgBrGiIAaxoiAGs
232=aIgBrGgDAQAAPABZ/GICPABTABqjMDwAVigrAFEAHPcCVAAd6wEIAB7pAVjvaDwAV+tkPA
233=BaKCkAW/9iPAAK/2I8AEz/YjwAButZPAAPKCkASCgpAFIoKQBVKCsAQQA07xA1AEHpATaJ
234=AQJvGxMARKubPABrKCsAFABT7QUViQEDbQUWiQEGaAG4aYQIuGmUArlpCmAEuWkOaAG4aY
235=QpuWkEdAK5aQdoAbhpmQZClWUAdQJDiAGBD0SIAYkMRYkBCWAEqG+cCqhvnAqob5wKqG+f
236=ChkAXuEaGogBiRcbiAGZBi6IAYEPL4gBgQQwiAGBBG6IAYEEb4gBgQRwiAGABLR7mBG0e5
237=QCtHuUArR7lAK0e5QCtHuUArR7lAK0e5QCtHuUDbV7BXAftXsIaAG0e4AEtHuABLR7gwRG
238=AGrxH0eIAYwFoH2NBQyceIAPtHuBDw6UAoUpSYgBgASsfoEES5QCgASoeoQ0qHqVLk+Ue5
239=BAtHuUObR7mAa1ewt0GLR7gAS0e4AEtHuABLR7iBe0e4wbtHuUArR7iAG0e4gBtHuIAbR7
240=iAG0ewMCAAA9ABDj4D0AUet6PQBYKCkACvd7PQBbKCkAWeN9PQBN6909AFL/eD0AXfx4Aj
241=0ATgAlozA9AF/pej0oSQ89KKsbPQAM83c9ABwoKQA6KCkAYCgpAGcoKAC1ewFhGhKceIgB
242=tXsDdQJBlAKFHmqIAYAErH6ABKx+lAKtfgR4Bq1+B2gBoH2IAaF9C3QCtHucCrV7BXQCtX
243=sIaAG0e4wFtHuIDLR7iAy0e5wKtXsKeAa0e5wKtHucCrR7nAq0e5wKtHucCrR7gBq0e5gG
244=tHuABLR7gAS0e4AEtHuABLR7gAS0e4AEtHuYEbR7lAK0e5QCtHuUArR7lAK0e5QCtHuUAr
245=R7lQI2kfAAZR43iAGBDziJAQZ3AkAAZyQ/KT0AOyO0LY0FPIgBjQU9iAGMBaB9lBigfYAE
246=qHqUDah6mCe8eJQCvHiVAkwjVCybBg8Az+APvXgPeRFQiXoTaAEBVAAjBSM/KT0AVYgBjx
247=tWACT1AleIAZcCUwA99AIkVCyEPyRULIg4JFQslAIkVCyVAikjgSwSdA24f4QTuX8JdAK4
248=f5QCuH+IAbh/iAG4f4gBuH+IAbh/BQMAAD4AEgD5JP8rPgAWKCsAFwD69wIbAPvpARMm2y
249=w+ABgoKQAcKCsAXQAYo30+AAomBy0+AFL3hj4AWyZPID4AKyZPID4ACeOIPgAqKCkATygp
250=AAv7ij4AUCgpAF4oKQBg840+ACzzjT4ABvONPgBjKCkAB/eGPgAIKCkAESgpAFwoKwANAC
251=njGlEANekBQOKIPgC4ioQpoYgCcCqhiAVoAax+lAKsfpQCrX4IYAStfgtoAbFhAWgBsWEE
252=aAGxYQdoAaRggASkYIAEpGCBBEucV4AEqFmBBE2UAoEETokBCnEJDoBcjAWsXYUTEJUCCW
253=AEtFqMG7RajAWoWYkBVJRanwpXAEWjXD4AWIgBgQ9ZiAGZHFqJAQx8CqRglA2kYJQCpGCU
254=AqRglAKlYBN4BqRgnAqkYJQYpGCUAqRgiAGkYIgBpGCIAaRgiAGkYAYEAAA/AFYAggGceA
255=I/ABIA9a9dPwAWKCkAL/9iPwAw710/AF0mVyw/AAvw5QI/AF4AG7dEPwAr+14/AGAoKQBQ
256=52A/AFIoKQAH710/AFwoKAAn4zg/AAzvXT8AYu9dPwAN51U/ABkoKQAqKCkANCgoACevLD
257=8AXyhVAGYoKAChXAFrIjkAWK+fPwA6iQEIdwITAGLtGxSIAZgnsVYCYASxVgVoAbBWmAaw
258=VoAEsFaABLBWgQQOI7VDAHgGsFaABLBWgASxVgtjBE8AxST2NT8AsVYGdAKxVgpoAbhTlA
259=24U4UIVYVVDmAEpFWYHKRVlA2lVQlgBKVVDWkBW5FWEWgBpFWUAqRVgA+5UxRgBLhTkAm4
260=U5wVuFOUArhTiAG4U4gBuFOIAbhTiAG4U4sBHAD2JA9EPwAdiQEDdw0bAPj0AgEoAAYHI3
261=BLAkAAHwB4q1lAACCIAQUCAABAAFcAevUCWIgBlwIhAH71AiKJAQVtBSOJAQppASSJAQ9p
262=ASWJARRrASYAgPsGVgCD6QEWJmxFAkAAEgD0r2hAAC8oKQAR98hAAC4oKwAXAPzvBTEA/e
263=kBXuvHQABgKCkACPNsQABdKCkAKyYbKkAAYigpAAzna0AAKvvMQAApJvtGQABfJus5QABh
264=KCkAZ+tvQABqKCkAaOtvQABk629AAAn7zEAAaygpAAr7aUAAFSgpAC0oKQBMKCgAJ8U6QC
265=gvU0AAbyiBADiJbwF0LqByhDShcgl1AjuBBA1oAaxzjAWsc48FDQCipnZAALBsgQQPnW0E
266=eQZOmGmUAqRrlQJQlQIHYASlawtoAaVrA2gBpGuMEKRrlESsaIxHrWgObAWtaBJpAVyZaR
267=ZrARoA9L1XQNRagQ8egFyAD6BchRMcjF2ABKxdjBsBJwAHB5m2QdheAQEAAEHZXgNoAbhe
268=lAK4XpQCuF6UArleBmwFuV4LaAG5XhBoAbleFWkBJvPEQQBZ+15BAFooKQAX52BBAC/rx0
269=EAMSgrABIA96NcQQAz48pBABX5XkEoSyVBADT7zEEAZPvMQQAp+15BACr7zEEAaO9dQQBl
270=7l1BACerUkEAY+tZQQBK/1dBAFLzVkEAZigpADb3T0EAaigpACsmFEUCQQALADemSkEAuV
271=MCdCO4U4QpuVMKdAK5Uw5oAbhTjAW4U4wFuFONMQ6FVQRtBU6JAQBoAaVVBWkBEJFWCGgB
272=pFWUAqRVlwJeAAskByJBAF+IAZUNYIgBnQphIzgunQpiiAGDBFwAM/kGXYgBlAKgXJQYoF
273=ydQVaVyBZsEARTAD4FAAAHaAGhXBNoAbRagRobgFyAD7RakBSoWYkXHZRalAKoWZkGKJRa
274=BQQAAEIAVwB2u6tCAFiJAQJ3AhwAffUCHYkBBXUCHokBCmkBH4kBD2kBIIkBFGgBuF6ECL
275=leB3QCuV4MaAG5XhFoAbleFmkBW+NcQgAV41xCAC8oKQAx67xCADPvXUIAMCb7MEIAFutZ
276=QgARJqdBQgAqJqMwQgBK67xCAGTjXEIAUeNcQgBl/7pCAEnvtUIASPdaQgBQKCkAS++1Qg
277=BG711CAGcoKQBpKCkAaygpACvnYEIATSajMEIAC+dgQgApKCkAPygpAEMoKAAnHyVCAG0o
278=VwA3AEi2ZUIAqGSULqlkC3wrvWIDaAG8YoAEBDgAaQQAAAZ0ArxijDy9YgF1Ak+IZJdEDA
279=Ck6QwNiAGQCbBhjAWwYZQCsGGQCbBhgASkYIgBpGCMBbhenEG5XhdhD1KYXowFpWAIdQJU
280=lAKLTmIARLtpQgBjiAGXDRoA87a9QgC8YpQCrF2JASYjmWYAcQkniAGPEFkAbKi8AkIAWg
281=BuqQFD3GIBAQAAQ91iA2kBYIlkAGkBYYkBAmsBXgB3t2VDAF+IAZQCrGiECK1oBmwFrWgL
282=aAGtaBBoAa1oFWgBrGiUDa1oCHQCrWgNaAGtaBJoAa1oF2kBVibEJAJDAF0AgfsRMwDxuc
283=FDKJMYQwA042dDADUmbyRDAEb3ZUMAaSgpAEv3ZUMAZ/dlQwBrKCgAJ1teQwAq7WhDKBck
284=QwBq+2lDAGbvaEMAR/NhQwBMKCkAEvdaQwAXKCkAUCgoAKxdkSo4mF6BJRMjEHaZMhSIAY
285=AwvVcFdSMLI7B0gQQMiAGYBqlZBGEEDpVaB2kBTYgBjQVOiAGNBQqEw5cCKwDGs2FDACyI
286=AZUNLYgBkAm8V5QCvVcJfAq8V5k9VYhZnDaoWYAaqFmVRGSUWpVEZYgBmAagXI0FG4xdlQ
287=0mI2QuhBO0WpUCKIBcgxpIAFb1WkmIAYcTWgBc9wJbAGbpAVyIAYMEWQB29wJKAHiqAUQA
288=pGACAQAARAClYANoAaRglAKkYJQCpWACYASlYAdoAaVgDGgBpWARaAGlYBZoAaVgBGgBpW
289=AJaAGlYA5oAaVgE2gBpWAYaQFJ52BEAFbnYEQAWSZLJUQAYigrADEA77xiAANEADMA9gMA
290=AAAAAEQANQD3AwAAAAARAADtDgAgBQBEADAA+gMAYAABRAAyACcrAC8A+/QCAWcAGgR8Aw
291=MARABpABvrASkAHOkBaygrAEYAHfUCUSgrAEUAH/UCaCgrAEQAIvUCUCgrAFsAJvcCDwAn
292=6QE7KCkAaigoAA9SADkEAAACAABEABQASwQAAANrATYAYfkGN4kBBHUCOIkBCGsBEQBo4Q
293=QSiAGZBhOJAQZgBAMMAKMEAACZBg2JAQd1AkyJAQBqAU0AYASYBgMOAKQEAACdCk6IAZkG
294=T4gBmAYECgCmBAAAAXkGC4gBgAQELgCrBAAABXcCKgC1+xErAMbtBSyIAYkMLYgBjAUEUw
295=A+BQAACnkGVIkBEWkBVYkBGGgBA2MARAUAAIEPZIkBDHUCZYgBjQVmiQEWdAIBGwDzBswQ
296=ARkA9wbNPBqIAZAqASYABgfJFyeIAYgXASgACQfEHgFHAFUH2wZIAFbvBVoAXOgBAVwAZg
297=fZMl2IAZcYVwBs+wZYAG/rAUoAgekBS4gBBgEAAEUAXgB4AYsMRQBfiQECdwIiAHv1AiOJ
298=AQN1AiSJAQZoAQEcAH0Bgw9FAB2JAQh1Ah6JAQ1pAR+JARJpASCJARdrASEAgP8KSACB6w
299=FJAILpAWMoKwBWAIP1AmIoKwAxAPWgZwJFACwA/esBKQAZrzxFAGj7aUUAaygpAEXvaEUA
300=aeBnAkUAKAAg+wZsACHrAW0AI+sBXAAk6wEqACXrAVsANekBUYhkhCm0ZYAlqGSUAqlkBX
301=AfqWQJaAGoZIAEqWQEdAKpZAdoAbxikipNAHBhgQROiAGABKRggAS4XokMDIRglwJMAKnx
302=FC2QYZQNvGKJOCucYpwKuV4LYA+4Xpw2uV4ZdAIDagBDBQAAlAK4Xow8uF6UArhejTxnhW
303=AceAYBSgBUBdFLS4gBlA2kYIElG5BhiBekYIsBJQAKp1VFACaIAY8FGAAd9QIZiAGUAqhk
304=jxtZAF/hBFqIAZcCRgBr9QJg/GICRQBhAG73Al0AcOsBWABy6wFXAHWrAUYAVpxiAwAAAE
305=YAV4kBAmgBoWcBaAGhZwNrAWQAerNWRgBliAGMBbhpjAW5aQRsBblpB2gBuGmUArlpCXQC
306=uWkOaAG5aRNoAblpGGkBG/tpRgBjKCkAIedrRgBYKCsAMQDvt2VGACzsaAJGADMA+PQCJ3
307=caRgAw9NMCRgA0AP7hBG3saAJGACgAHrNLRgBFKCkAXCgpAFHjZ0YAT+fORgBC78tGAFAo
308=KAC4aZcjEABH/AqsaJgnrWgGZB6taApoAaxogAStaAV0Aq1oCGgBtGWIAbBhiQxNnGKQNb
309=xihAi8Yo0xL5VlDGQIqGSfCikAuOUTKogBhwhSACKiXEYArGiYBqxokDWtaBpxCWeMaI0Q
310=aIgBlQ1piQENYASwbJkGa5UCGXQCpGuYPbhphAi4aYcTJQAH5FW0ZZlIJ4BniAygZ5gGoG
311=eBBBqMaIMEWgBb5whIAGTrAUYAaukBXSgpAEfvaEYASe/LRgBi7GgCRgBhAHT7BlkAdukB
312=YOgBAkcAWAB3q2RHAFmIAQECAABH0WwBaAGxbANoAbhplAK4aZUCH53QAGEEIIgBlQIhiQ
313=EGdAK8bZwKvW0FdAK9bQhpAR73ZUcAXigpAGYoKQAd/9BHAF8oKQBgKCkAHOvSRwBjKCkA
314=M+RrAkcALAD3o2dHADEoKQAV79ZHAG3300cAUedrRwBE42dHAE4oKQBu889HAC3jZ0cAQC
315=gpAE8oKwBcADSkVQJHAD8AN+kBEYRrgCWka4gBpWsHaCKlawtrAQ4AafkGD4gBjQUQiAGc
316=K7RlhCm1ZQ15BjCBZxJrASgAtuUIKYgBhAihZwRhBCuMaIAPrGiNPFOYaYAErWgUbAWtaB
317=toAaxogDusaIwQrWgOYASsaJgGrWgadQJsmWkgaAGsaIQIrGiDGkwAdb94RwBNiAGDBBsA
318=AiR2JUcAsGyRFCacbZAUsGyMEKRrnEyka5QCpGuYBic7DUcASfhpAkcAXQBxq2RHAGLzz0
319=cASO9oRwBbKCgApGuRCUf00wJIAGgATrtpSABpKCsAVgB29QJXiAEBAgAASMlvAWgBqW8D
320=aQFelXAAaQFfiAGNBWaI3ZUCZ4gBlwJkAHn9CmWIAZQCoHKcCqFyBHAJoXIHaQFU52tIAF
321=ooKQBhKCkAHuPVSABiKCgAJzcoSAAi82xIAFUoKQBgKCsAFQDzv21IADP8bQJIABYA/PUC
322=LehvAkgAEwD/9QIZKCkARONySABOKCgAJ28OSABFJmMoSABPKCkAJ/t0SAAY93BIADEoKQ
323=A7KCkAPygrADYAZKtkSAA3iAGEKahvhCmob4QpqG+EKalvCXAqqW8OawEoALTwCbxtmQYq
324=iG+YBr1tCG8FMADFJCo3SACob4APqW8FYAStaBVoAa1oG2gBrWghaQFtmWknaQFuiQEtaA
325=Gka4RKpGuAD6RrgBqka4EEGoRrlAKwbJ0VHJQCmQYdiQEKfAq8bYcTJAAIt2VIACWIAZMJ
326=IwAM9wJGAGjpAUeIAYgMsGyJAUnwbAJIAFwAc+wFvG2ABLxtAQEAAEkoZQ1JKGcNSQBq8m
327=xJALBsjAWxbAN4BrhplAK4aZQCuGmUArhplQJbjWgAeQZciQECaAGwbIwFsGyMBbBsgASx
328=bAVsBbFsCGsBYAB8r3NJAGGJAQR1AmKIAYEEY4kBDHUCWetvSQBa/21JAEj/20kAVSgpAF
329=goKQBdKCkASehvAkkAFgDxu2lJAC0oKQAXJrdDSQAY93BJAC4mPylJACvrb0kAJ/9tSQBF
330=KCkATygoACe3Q0kAUCanNkkARvdwSQAo5+RJABPzbEkALCgpADMoKQA+KCkAQygrABkANq
331=9oSQAaiAGILbh0jDG4dIwxuHSABLh0jDG4dIktKYBygDC0cJUCL4hvkAm0cIEEMZUCB3gy
332=vW0caAG9bSJoAb1tKGgBvW0uawFSAFKv1kkAU4gBhRNUiQEGYAQBTgB6BSOMPgJJAEwAfO
333=0FTYgBjxAeAAG+20kAtHCUGLRwnBW1cAtxCSIjgEKFVSWIb4kXJogBiBe1cAFtBSSAcoEE
334=RyZgKAJJAEoAgr9tSQBLiAEDAQAASgBk+2lKAGUoKQBmKCkAZygoACepG0ooQQ5KKEMOSg
335=BrKK0AbCgpAFWFawB1DVaJAQJoAahvjBCpbwN1AlgjECmNBVmIAZUCWokBBmEEXYgBgQRe
336=iAGBBF+IAYAEtHCcCrVwBXgGtXAJaAG1cA1pAVf3cEoAIedrSgAg52tKABgmPylKAC0oKg
337=AWACVrKUoARibLNUoASyaTT0oATPNhSgAr41xKAC4oKAAnMwxKAEEoVQAVJuYoSgCwYZQY
338=sGGZHDYjFFCRHzeIAYcpLwChomdKALhehx4nALf1AiiIAYQIuF6ABLleCHwgoVwpaAG0Wo
339=APtVoEdAK1WgdrAU8Ab6tZSgBQiAGdClGIAYEwTZhehAikYIUIHYxdlAK4XpUCH5QCnAqg
340=XIEEI4xdgASgXJAUtFqJFyWAXJUCSSOkQYkiSogBhAiwz5UCSP3QSyitC0sorgtLACeuC0
341=sAJ60LSyjxGUsorQtLKK0LSyiuC0sAJ68LSwBt+l5LALheAgEAAEsAuV4DaQFbI1VCAGkB
342=XIkBAmgBuF6MBbleBHQCuV4HaAG4XoAEuF6ABLhegAS4XpAJuV4GeAa5XgpoAbleDmkBV+
343=BcAksAGADyq8dLAC0mACcCSwAXAPn1AhQmK0JLABsoKQAV48pLABkoKQAcKCkAKyaxJ0so
344=xxlLAEcmqyZLAEooKQBNKCkAHfJhSwCgXI0mNCPoWo0mNYgBlQI2iAGYHKRglSMwkGGVIy
345=Qj+CWZBiWIAZgGsGGBBCmcYpsnJgC7t2VLACeIAYQpsGGIAbFhBXgnsWEIaAGwYYAPsGGc
346=CrBhnAqkYJgGuF6IAbhehAisXZUCISPgWZ0VIogBnBUBIAAeByOwXgJLAEkAYqS4AksASA
347=BlqQFMKFULTChVC0woVQtMKFULTChWC0wAJ7EyTChVC0woVQtMKFYLTACwVgIBAABMALFW
348=A2gBsVYCaAGxVgVpAVqJsQhoAbBWgASwVoAEsFaBBFQjQSQAbQVViQEEaQFWiAGBBFeJAQ
349=x0AqBcgA+hXAd0AqFcC2gBoVwPaQErJq9NTAAcJkMkTAAX57hMABkoKQAV87lMACrjXEwA
350=HSabJEwALCgpAEcmm1tMAE0mbyRMAEomQ1tMAEkm+2dMAEYmb1tMAEgmxyRMAEPzxEwARC
351=bzJEwATv/FTAAb5WBMKAkzTCjjTkwASyiBAB4j8FucK6hkhDSoZIQpqGSAJbxigTAuIxRb
352=lS4viAGQKqhkmQYmlGWYBqhkjDG8Yo0FKIhkkwkkANGgZwJMAFIAOafDTABTiAGEEwRRAE
353=AFAAAUeDK0ZZQCtGWECKxdgQ8jmF6BDx+YXoAapGCNBSGUAgMJAABNAGHnrU0AYigpAGMo
354=KAAnZSNNKF0MTShdDE0oXQxNKF0MTShdDE0oXQxNKF4MTQCxVgFsELFWBWgBsFaFE1eRVg
355=11Al2JAQBpAV6JAQRpAV+JAQhoAbVaDGkBWCOYZo0FWYgBnQpaiQEKYQRbiQEPaQFciQEU
356=aQEZ4FwCTQAcAPS7tk0AK+BcAk0AFwD29QIaJrdZTQAoKCkAGyajME0AFudgTQAnKCkAKe
357=dgTQAtJs8wTQBEJtNMTQBGKCkASSZDJE0AJP26TShjPk0AKv9XTQA6KCkASianTE0AHZRa
358=nCuhXAN7HDMASL5MTQCtXQJ0AqxdgCWsXZEqLozAhCmgXJUuMI1dB3gGoFyNBSWcV4QIsF
359=aVDU2QVo0QTokBBnkGT4kBC2kBUIkBEGgBoVwVaQFSlQIaaAEBTADxBiPyL00AtFqUDahZ
360=kAmoWYE7IpRaAQ4AAE4oVQtOKFYLTgAnVQtOKLUXTihVC04oVQtOKFULTihVC04oVQtOKF
361=ULTslZAmAPqVkGaAGpWQpoAahZhBOpWQF0AqlZBWgBqVkJaAGpWQ1oAahZjAWoWZwKqVkL
362=YASpWRBoAalZFWkBGSYzIk4AKygpABzrWU4AKCgpABr3Wk4AGCa0Ig9OACoA+wMAAAAAAE
363=4ALAD+AwARAABlDgAgBwAAAABOAEQAGQRkAQEATgBGKCsAJAAb9wIiACDrASMAIekBRSgr
364=AEMAIvcCQQAk6wFHACXrASAAJ+kBJygpAC0oKQA4KCkAPygpAEIoKQBJKCgACTMASAQAAA
365=EAAE4ANIkBA2sBLgCh9QIviQEEdAIEMACjBAAACGgBBCUA0QQAAAZpASaJAQpoAQROAEAF
366=AAAHaQFPiQEMaQFQiQERaQFRiQEWaQFSiQEbaQFTiQEgaAEBSwDxBtkRTIgBgQ9NiAGcCg
367=FKAPgG3ytIAPnoAQwhAB4HAAALAABPAGEATgGDBE8AYigpAGMoKQBkKCkAZSgpAGYoKQBn
368=KCkAaCgpAGkoKAAEVAB8AQAAA3UNVYkBB2kBVogBjRBXiQEPdQJdiQECaQFeiQEGaQFfiQ
369=EKaQFgiQEOaAEDWAB9AQAAjQVZiAGdClqJAQxhBFuJARFpAVyJARZoAQEcAPEDxx4oAPPr
370=ARgA9+sBHQD46wEeAPrrASEA/esBHwD+6QEpKCsAQQAavEwCTwAiAB7pASQoKQBC71JPAB
371=vnSk8AKygrADEAKfsGGgA16wEyAGPpATOIAYUeNIkBBGMaRACf4QRFiAGBBEaIAYAErVIF
372=bwUtAKTtBS6IAZsyLACn9QJDKCsANwC99AIBJwC+BMg4qFmILahZiDi9Vw1oDL1XEmgBvV
373=cXaAG9VxxoAb1XIWgBsFaEE7FWCHUCTpxXnwpHAPSyVk8AqVkBYQRLlFqMG7RalQJJgFwB
374=BAAAUChVC1AoVgtQACdWC1AAJ1YLUAAnVgtQACdWC1AAJ1YLUAAnVgtQAKlZAGgMqFmUDa
375=lZCHQCqVkMaAGpWQNoAalZB2gBqVkLaAGpWQ9pAU2YU50KTokBBXUCT4kBCmkBUIgBjQVR
376=iQEUdAKkYIgMpGCMEKVgDWAEpWASaAGlYBdrARwA8rxXAlAAHQD06QEh5GACUAAbAPn3Ah
377=kA/+kBKigoACdPFVAANf9XUAA9KCgAvVcBdA28V4gBvFecFbxXmBywVpQCsFaXAisAorZP
378=UACkVYktL5BWhSlBiAGNJkKIAYcIQACm+Aa0WoEPLZRahAigXJUCRChUAKxdlQI4mF6NBS
379=aYXpQCpGCVAiiUAo0QKYgBhDShXB1kHqFcImgBvFeFCEiIWYQIvFeZHEyIWZw2vFeVAkqI
380=WQMIAABRAF3jqVEAXigpAF8oKQBgKCgAJzEXUSjZC1Eo2QtRKNkLUSjZC1Eo2QtRKNgLAl
381=EAUgB2p8NRAFOJAQJ5EUmdrwBpAUqJAQRpAUuIAZ0VTIkBDHQCtWUBaAG1ZQVoAbVlCWgB
382=tWUNaAGkYIwFpWAGdAKlYAtoAaVgEGgBpWAVaAGkYIwQpGCcCqVgDmAEpWATaAGlYBhrAR
383=sA9rdaUQAd+F4CUQAaAPv1Ah/vXVEAHvdaUQAlKCkAMCgrADMAVatOUQA0iQEDawwiAHD1
384=AiOIAZQCtFqZHCyAXIgXtFqYJ6hZlQJDlVoHcwk+AKXxCT+IAY0xO+5dUQC4Xp0KQZQChA
385=i4XpUuLoxdiAy4XpUCRShXAD0AqOgMsGGIDLBhjAWkYIgBpGCQCaRghzQqAMizxFEAOSgo
386=ALhemwZGAPazuVEAR4gBAwMAAFIAXP1XUiitC1IorgtSACeuC1IAJ60LUiiJF1IorQtSKK
387=0LUiitC1IorQtSKK0LUsFcAWwQoFyYEaBclAKhXAVgBKFcCWgBoVwNaAGhXAJoAaFcBmgB
388=oVwKaAGhXA5pAVidYgBpAVmJAQRpAVqJAQhpAVuJAQxoAbBhnAqxYQd0ArBhgASxYRF0Ar
389=FhFmkBRCb/K1IAHPpTUgAnpytSAC8oVwA1AEG7PVIANogBlA2oWZAfqFmQFKhZlAKoWZUC
390=JJRahBOoWYAlsFaAGqRVkSpAkFaABLBWkQk85lVSALBWgQRClAKECKxSjQU+mFOBDymQS5
391=QCqE6VAiuUApkROIgBgASgUYEEOpQCgAS0T5UCSIBRlwJFAPe7U1IARogBAQIAAFMoeQpT
392=KHkKUyh5ClMoeQpTKHkKUyh5ClMoeQpTKHkKUyh5ClMoeQpTzVIAYA+sUowQrFKIAa1SBm
393=AErVIKaAGtUg5oAa1SA2gBrVIHaAGtUgtoAa1SD2gBrVIBaAGtUgVoAa1SCWgBrVINaAGs
394=UpwKrVIIdAKsUoAErVISdAKtUhdrAUQAHb9MUwBCJis3UwBDJv82UwBA8VZTKKYVUwAnpT
395=ZTKNMKUwAx/1dTAEEoKACoWZQYvFeAJbxXgBoEJABmBAAABHkRJYgBiyI2AGflEzeIAYwb
396=oFyYBrhTiQE97lJTAKBRlQI/jFKcIKxSgA+sUoAErFKBBCyUT4AwuFOMBbhTjAW4U40FOy
397=isALhTlAKsUpEUR5hTmAYBRQD7Bo0bVCilClQopQpUKKUKVCilClQopQpUKKUKVCimClQA
398=J60sVCilClTYUwEBAABUJU0gA2sBVgB5JKcgVABXiQECdAKwVoEESoibAgcAAFQAsVYLaA
399=GxVg9oAaBRmAahUQZ0AqFRCmgBoVEOaAGhUQRoAaFRCWgBoFGABKFRE3QCoVEYawFUAIDz
400=FEgAgekBVSgrAEcAgvUCQCYrN1QAQiYrQlQAQfNWVAAs9U9UKHkVVCikCgJUADQAMLNLVA
401=A1iAGMGwEmAEMEI8Q6AlQAMgBL4QQziAGABKVVBXwVpVUIaAGkVZQupFWRHziQVpAqAUMA
402=IgUjSztUAEScQYwFqEORCUaUAgEJAABVKJUIVSiVCFUolQhVKJUIVSiVCFUolQhVKJUIVS
403=iWCFUAsUABaAyxQANoAaA7iAGhOwd0AqE7C2gBoTsPaQFMI2EzAGgBrTwFaAGtPApoAaw8
404=jAWtPBR3AkcAfr82VQBIiAGZBkmIAZkGSogBmQZLiAGZBlGIAZUNUogBmQZTiAGZBlSIAZ
405=kGVYgBmwZCABy/NlUAH/NAVQA8KCgAJwlJVdBAiCKwQJ8gKQAzt5FVACqJAQh3GDkAP6tD
406=VQAllESYBqBGmAa0RIgBvUECeAa8QYgXvEGTCTAAafEUMYgBmQYyiQEGeAagRokMRI1HBH
407=QCoEaABKBGAwoAAFYAWCZ/JlYAWSgpAFooKQBbKCgAJy0nVihxCVYocQlWKHEJVihxCVYo
408=cQlWKHAJAlYAVgB6oztWAFeJAQJ4EbVEAWgBtUQGaAG1RAtoAbVEEGgBtUQVaAG0RJgGtE
409=SYBrREmAa0RJgGtESYBrREmAa0RJgGtESYBrREmAa0RJkGRfuKVgBCJgFIVijXEFYAKIQ/
410=nAq9QQVwFL1BCWkBK4EEDWkBOIhDjwUlAGKjO1YAJokBBGEEOZHaAGkBOokBA2kBO4gBnB
411=W8QYQIvEGYBr1BB2wFvEGcK7xBmBGwQAELAABXKBEIVygSCFcAJxIIVwAnEQhXKIURVygR
412=CFcoEQhXKBEIVygRCFcoEQhXxT8BYA+lPwNoAaU/AmgBpT8HaAGlPwxoAaU/EWgBpT8WaA
413=GkP5gGpD+YBqQ/mAakP5gGpD+YBqQ/mAakP5gGpD+YBqQ/mAakP5kGRvjMAlcARQCDvFcC
414=VwBBACa/NlcAJOuFVwBCKCgAsUAGfBWxQApoAbFADmsBLwBH5AiwQJQjsUAFYASwQJQCsU
415=AEdAKwQIgXsECAGrBAmAaxQAhvBUMAKbfIVwBEiAEDAgAAWABW93tYAFcoKAAnURBYKD0I
416=WCg9CFgoPQhYKD0IWCg9CFgoPQhYKD0IWCg+CFgAuT0DbBC5PQhoAbk9DWgBuT0SaAG5PR
417=doAbg9mAa4PZgGuD2YBrg9mAa4PZgGuD2YBrg9mAa4PZgGuD2YBrg9mQZGJtMgWAAz9TlY
418=3boLexEpADS/NlgAPSOdNQB1Aj6IAZ8rPABEo79YADCMPIwQrDyABK08BngGrDyUAq08BX
419=QCrDyfFS0AaPUNLogBkQkviAGHCEEAauEEQogBkAmlPwFzCUQAOrNAWABFiAEBBgAAWSgR
420=CFkoEQhZKFEQWSgRCFkoEQhZKBEIWSgRCFkoEQhZKBEIWSgRCFnFPwRgD6U/CWgBpT8OaA
421=GlPxNoAaU/GGgBpD+YBqQ/mAakP5gGpD+YBqQ/mAakP5gGpD+YBqQ/mAakP5gGpD+ZBkMm
422=3zJZACPnP1kANygoALk9AWUTO4w8iAG5PQN1Aj+VAgJoAbg9lAK5PQd1Aj4jhScIaAGgO4
423=QIoDucFaA7jAWgO4AEoDuTCUAAcro9WQCgO4AEoDuZBkaMPAMNAABaAFT3e1oAVSgoACf5
424=D1oo5QdaKOUHWijlB1oo5QdaKOUHWijlB1oo5QdaKOQHAloASQB7v6RaAEqJAQN5EUuJAQ
425=ZpAVGJAQBpAVKIAYEEU4gBgASohYAEoUYFbAWhRgpoAaFGD2gBoUYUaAEnHjBaACfzL1oA
426=QybwLwJaAEQAI7onWgAn6zlaAD6dNgFkCKg4mxEsAEnvBSUAVukBJogBgQQniAGfFSgAXe
427=EEKYgBgQQqiAGBBCuJAQlrDCAAYO0FIYgBjAW9QQJgBLxBhB69QQh0Aqw8iAGsPAEOAABb
428=KI0HWyiNB1sodQ9bKI0HWyiNB1sojQdbKI0HWyiNB1sojQdbKI0HW8E7AWAPoTsEaAGhOw
429=doAaA7gASgO4AEoDuABKA7gAShOwZ4BqE7C2gBoTsQaAGhOxVpAUjz8FsARCa/LlsAQSan
430=eFsANvN3WwA4KCkAQiaDblsAO+L2WwCgO40QLY08A2gMrDyUAqw8iBesPIgXrDyABKw8gA
431=SsPIAErTwKcwkiAF6vPFsAI4kBAnUCJIgBmAawQJAJsECUAq08CWwFrTwPaQFHiHoBFQAA
432=XCi5B1wouQdcKLkHXCi5B1wouQdcKLkHXCi5B1wouQdcKLkHXM08AnQNrTwFaAGtPAhoAa
433=w8DwIAAFwAUgB7AQAABQAAXABTABEAAHgOACANewEAAAgAAFwATAB9AQAAAmkBTYkBB2kB
434=TokBDGkBT4kBEWkBUIkBFmgBAkgAgwEAYAADXABEABgEZAEDAFwANgAZ6QE4KCsANQAf9Q
435=I3KCkAOSgrAD8AIOMENAAi6QE8KCsAPQAj9QJFKCsAOgAl9QJAKCsAMwAn9QJDKCgAASUA
436=VgTZHCaJAQV1GCeJAQhrASgAXeEEKYgBgQQqiAGBBCuJAQtsBQQiAF4EAAABaQEjiQEDaQ
437=EkiAGYBgMhAGAEAACIAQRGADoFAAAQYQRHiAEFFgAAXQBRAE67J10AUigpAFMoKQBUKCkA
438=VSgpAFYoKQBXKCkAWCgpAFkoKQBaKCkAWygrAEoAeeEPS4kBAngRsUADaAGxQAhoAbFADW
439=gBsUASaAGxQBdrAUkAgvEJPfFAXSg8CAJdAD8AG6wxAl0ANQAc6QE5KCsARQAd9wI3AB7p
440=AUH8QQJdAD4AIfUCQu88XQAq4ztdAC8oKQA7KCgAAUcAKgWPUl0ASIgBjBusMQERAABeKA
441=EGXigCBl4AJwIGXgAnAgZeACcCBl4AJwIGXgAnAgZeACcCBl4AJwIGXgAnAgZeALUuAWAP
442=tS4DaAG1LgRoAbUuCWgBtS4OaAG1LhNoAbUuGGsBNQAIqyJeADnwbAJeAD8AGvUCPfMqXg
443=BBKCkARCgpADTrb14AOygpADwoKQAy4zBeADPjMF4AOigpAEAoKQA4+3ReAEMoKQA28zVe
444=ADf7Ml4APigpAEIoKQBFKCgAvDaAJbw2lSNJiTgHcB8JRgBABQAAFAAAXwBP91pfAFAoKA
445=AnZQ1fKGEHXyhhB18oYQdfKGEHXyhhB18oYQdfKGEHXyhgBwJfAEoAfrteXwBLiQEFeRFM
446=iQEKaQFNiQEPaQFOiAGdFTTnNF8AOygpADLzYV8ANec0XwA8KCgAJzwTAl8ANwAjt1pfAD
447=iJAQJrDDkAJPUCOogBlAK4J4QTuScIbQVCmScBaQFDiQEGaQFEiQELaQFFiQEQaAGpLRVp
448=AUeVAhprAT0AQfUNPokBA3UCP4gBkQlAiQEJdQJBiQEMaAEHNgDxBgAAAwAAYCjdBmAo3Q
449=ZgKEEOYCjdBmAo3QZgKN0GYCjdBmAo3QZgKN0GYCjdBmDRNQFgD7E1BmgBsTULaAGxNRBo
450=AbE1FWsBSQCArzxgADLzbGAAMf9iYAAz4VxgKAkSYNgymBy4MoMPOgAtryZgADuJAQVpDD
451=yJAQpoAa0xB2gBrTEMaAGtMRFoAa0xFmgBrTEbaQFImTIgaAG4MpQNuTIEdAK4MpwKuDKU
452=DbkyDWEEQoQ0kR81hDSECLA1hQg3lAKECAE0APkGjaphKAkHYSgJB2EoCQdhKAkHYSgJB2
453=EoCQdhKAkHYSgJB2EoCQdh3DYBAgAAYdFsB2gBvTYMaAG9NhFoAb02FmkBOevSYQBJJosi
454=YQAx/9BhADDvlGEAK/+OYQAyKCgAsTUBcAmxNQZoAbE1C2kBPZ02EGgBsTUNaAGxNRJoAb
455=E1F2gBsTUcaAGxNSFpAT6VLgVoAaU0CGgBpDSIDKU0DnQCpDSZHEOZBhR0AqQ0hAikNIUI
456=OJA1hwgzAPTwNbw2gRo1iDgBBAAAYigJB2IoCQdiKAkHYigJB2IoCQdiKAkHYigJB2IoCw
457=diAEEjjSgAaQxCiQEFaQFDiQEKaQFEiQEPaQFFiQEUaAGtqgNoAbl0CGgBuT0NaAG5PRJo
458=Abk9F2kBO/t0YgA/KCsARgCBs3diAED+QWIAJ7QiAWIAMQAlyCoCYgAvACS/5mIAMut6Yg
459=Aw/kFiAKU/DHQNpT8RaQE+kUAWaAGtPB1oAa08ImgBoTABaQE0jDGULqAwiSI2jDGYHAI4
460=AGQHAGMAYgA5KCsANwBs9wI6AG+pAWMo3QZjKN0GYyjdBmMo3QZjKN0GYyjdBmMo3wZjAD
461=8jCCgDAAAAYwBAiQECawFGAHy7J2MAR4kBBHUCSIkBCGkBSYkBDGgBuT0BaAG5PQZoAbk9
462=C2gBuT0QaAG5PRVoAbg9nAq5PQl0Ark9DmgBuT0TaAG5PRhpATbvPGMANe88YwA7KCkAL+
463=DrAWMAMQAlayljADAmZyNjADn5PWPBOw18CqE7EmgBoTsXaAG9NgVrATIA9btpYwAziQED
464=dwI4AFz7MjoAausBNwB2qwFkAEomXyJkAEsoKQBMKCkATSgpAE4oKAAnZSNkKI0HZCiNB2
465=QojQdkKI0HZCiMBwJkADUAeKs4ZAA2iAEBAgAAZNk9AWgBuT0DaAG4PZQCuT0FdAK5PQlo
466=Abk9DWgBuD2QCbk9B3QCuT0MaAG5PRFoAbk9FmkBPuc0ZAA743JkADfjtGQAPCgpADAmQy
467=RkADkmSzBkADHicmQAsTUTfwoyAPO5MmTZMgR1AjSENIQTpDSPGzoAcbkyZShZBmUoWgZl
468=ACdaBmUAJ1oGZQAnWQZlKOkNZShZBmUoWQZlKFkGZShZBmXMMQEBAABlzTEDaAG1LgJoAb
469=UuBmgBtS4KaAG1Lg5oAbQumAa1Lgh0ArUuDWgBtS4SaAG1LhdpATwj7SkAaQE9iQEFaQE+
470=iAGJDD+JAQ91AkCJARRoASdPFWUAN/M1ZQAw6+hlAC4mFyRlAC8mHjBlAKwxmRwzmTIEcA
471=msMZ8VOQBV4zA4AF7oAbgyAQEAAGYoWQZmKFkGZihZBmYoWQZmKFkGZihZBmYoWQZmKFkG
472=ZihYBgFmADQAIuFDAHUNNYkBA2kBNokBBmgBuDKUArkyB3QCuTILaAG5Mg9oAbkyBGgBuT
473=IJaAG5Mg5oAbkyE2gBuTIYaAG4MoQeuDKAD7gyiAy5MhBsBbkyFWkBN++fZgA6+2lmADvj
474=Z2YAMO+fZgAu42dmADHx2mYonCoCZgAyAPKiZ2YAsTUFaAykNIcTOAB1pzRnAEjjk2cASS
475=goACdpE2cosQZnKLEGZyixBmcosQZnKLEGZyixBmcosAYCZwBGAHenl2cAR4gBAQIAAGfd
476=NgFoAb02BGgBvTYHaQE3IykhAGkBOIkBBWkBOYkBCmkBOokBD2kBO4kBFGgBrDGIDKwxkA
477=mtMQxgBK0xEWgBrTEWaQFBlGWVDUKIAZUNQ4gBlQ1EiAGVDUWIAZQNJ1UhZ8AwgRozjDGB
478=GjEjTCABAAAAaCjVBWgo1QVoKIkMaCjVBWgo1QVoKNUFaCjVBWgo1QVoKNUFaMktAXQNqS
479=0DaAGpZAJoAaktBWgBqS0IaAGoLZgGqS0GdAKpLQtoAaktEGgBqS0VaAGoLYgMqC2QCakt
480=DWAEqS0SaAGpLRdoAagtlA2oLZQNqC2UDagtlA2oLZQNsCqLFy8A9q9daAAwiAGMEKgtnQ
481=oylC4DBAAAaQBG41xpAEcoKAAnBQxpKC0GaSgtBmkoLQZpKC0GaSgtBmkoLQZpKC0GadVa
482=AGAPqS0DaAGpLQZoAaktAmgBqS0HaAGpLQxoAaktEWgBqS0WaAGoLYAaqS0JdAKpLQ5oAa
483=ktE2gBqS0YaAGoLZQNqC2UDagtlA2oLZQNqC2VDS6Y7ZUYL4gBlBioLY0QMZQukAmpLQV1
484=DTOULgMIAABqADLpLWooAQZqKAEGaigxDGooAQZqKAEGaigBBmooAQZqKAEGaigBBmrVLg
485=FgD7UuBGgBtS4HaAG1LgNoAbQukBS1Lg10ArUuEmgBtS4XaQE8mYoAaQE9iQEFaQE+iQEK
486=aQE/iQEPaQFAiQEUaAG0LpQNtC6UDbQulA20LpQNtC6VDTPiv2oAtC6VGDCAMJQYtC4DCA
487=AAawAx/StrKKsFawAzKFQAJ9kLayjVBWso1QVrKNUFayjVBWso1QVrKNUFayjVBWvJLQJs
488=EKktBWgBqC2EE6ktBHQCqS0JaAGpLQ5oAaktE2gBqS0YaAGpLQFoAaktBmgBqS0LaAGpLR
489=BoAaktFWgBqC2UDagtlA2oLZQNqC2UDagtlA2wKgEIAABsKCUFbCglBWwoJwVsADTzKmwA
490=QygpAEQoKQBFKCgAJ9UFbCjVBWwo1QVsKNUFbCjVBWwo1QVsKNQFAmwAQQB2v+ZsAEKJAQ
491=J/FTUAevUCNogBlAK4J4gBuScHbAW5JwxoAbknEWgBuScWaQE3hdkAaQE4iQEFaQE5iQEK
492=aQE6iQEPaQE7iAEBFAAAbSihBG0ooQRtKKEEbSiiBG0AJ6IEbQAnoQRtKFEQbSihBG0ooQ
493=RtKKEEbSihBG0ooQRt1SMBeBG1IwNoAbQjlAK0I5QCtCOIAbUjCGwFtSMNaAG1IxJoAbUj
494=F2gBtCOQCbUjBnQCtSMLaAG1IxBoAbQjARUAAG4oSQRuKEsEbgA190RuADYoKQBBKCkAQi
495=goACedCW4o+QRuKPkEbij5BG4o+QRuKPkEbij5BG4o+gRuAL0gBHAUvSAJaAG9IA5oAb0g
496=E2gBvSAYaAG9IAJoAb0gB2gBvSAMaAG9IBFoAbwgARYAAG8o8QNvKPEDbyjzA28AQOYebw
497=AnHgRvACcdBG8oGQlvKB0EbygdBG8oHQRvKB0EbygdBG8oHwRvADwjiUMAZRM9iQEEaQE+
498=iQEIaQE/iQEMaAGlHgNoAaQegASlHg10AqUeEmgBpB4BFwAAcCiZA3AomQNwKJkDcCiZA3
499=AomQNwKJkDcCiZA3AomQNwKJkDcCiZA3AomQNwzRsBbBCtGwVoAa0bCWgBrRsNaAGtGwRo
500=AawbgAStGw50Aq0bE2gBrBsBGAAAcShDA3EAN/82cQA4KCkAOSgoACdhB3EoxQNxKMUDcS
501=jFA3EoxQNxKMUDcSjFA3EoxwNxADojRUsAeRE7iQECaAGgO4gBsR8GdAKxHwpoAbAfAQ4A
502=AHIo6QJyKOoCcgAn6QJyKLEGcijpAnIo6QJyKOkCcijpAnIo6QJyKOkCct0VAWAPvRUDaA
503=G8FYgBvRUHdAK9FQtoAbwVAQ8AAHMokQJzKJACAAVzADoATgEAAAAAAHMAOwBOAQAAAAAA
504=cxEAAPYAPwIDADwATgEAYAADcwA9AE4BZAEBAHMAPigpAD8oKQBAKCkAQSgpAEIoKQBDKC
505=kARCgpAEXrAXQAOSgpADooKQA7KCkAPCgoACc5AnQoOgJ0ACc6AnQAJzoCdAAnOgJ0ACc6
506=AnQAJzoCdAAnOgJ1ACfiAXUAJ+EBdSgdBHUoHQR1KOEBdSjhAXUo4QF1KOEBdSjhAXUo4Q
507=F2KIkBdiiJAXYoiQF2KIkBdiiJAXYoiQF2KIkBdiiJAXcoMQF3KDEBdygxAXcoMQF3KDEB
508=dygxAXgo2QB4KNkAeCjZAHgo2QB54AQOAAB5AD8ATgEAAAAAAAAAAAARAAA=

[Lighting]
Red=1.000
Blue=1.000
Green=1.150
Level=0.032
Ground=0.000
IonRed=1.500
Ambient=1.000000
IonBlue=0.700
IonGreen=1.000
IonLevel=0.032
IonGround=0.000
IonAmbient=0.500

[Map]
Size=0,0,60,62
Theater=TEMPERATE
LocalSize=2,4,56,52

[Neutral]
IQ=5
Edge=North
Side=Neutral
Color=Grey
Allies=Neutral
Credits=0
ActsLike=4
NodeCount=0
TechLevel=10
PercentBuilt=100
PlayerControl=no

[Nod]
IQ=5
Edge=North
Side=Nod
Color=DarkRed
Allies=Nod,BaseNod,Special
Credits=0
ActsLike=1
NodeCount=0
TechLevel=10
PercentBuilt=100
PlayerControl=no

[Nod1]
IQ=
Edge=
Side=
Color=
Allies=
Credits=
ActsLike=1
NodeCount=
TechLevel=
PercentBuilt=
PlayerControl=

[Nod2]
IQ=
Edge=
Side=
Color=
Allies=
Credits=
ActsLike=1
NodeCount=
TechLevel=
PercentBuilt=
PlayerControl=

[OverlayDataPack]
0=BQAAIP4AIACABQAAIP4AIACAHwAAIP5CGgCBAf79AQCEBAAABP77AQCGBAYGBAAD/rsBAI
1=CsAAAg/j8AAIgEAAAGAAQABP75AQCIBAcEAAQIBgT++AEAhwMABgAHAAj++wEAhwYHBgcG
2=BgH++AEAhgEABgAABv78AQCEAQAAAf7aAwCHAQADAAAAA/75AQCHBAAGBwQHBP75AQCHBA
3=gGAAYABP75AQCJAwAGAAQAAAYD/vkBAIYGBwAGBgT++AEAhgMGBgAHCP77AQCIBgAABAcG
4=BAH++AEAgQH+BAAAgQT+2AMAgAUAACD+ACAAgAUAACD+ACAAgAUAACD+ACAAgAUAACD+AC
5=AAgAUAACD+ACAAgAUAACD+ACAAgAUAACD+ACAAgAUAACD+ACAAgAUAACD+ACAAgAUAACD+
6=ACAAgAUAACD+ACAAgAUAACD+ACAAgAUAACD+ACAAgAUAACD+ACAAgAUAACD+ACAAgAUAAC
7=D+ACAAgAUAACD+ACAAgAUAACD+ACAAgAUAACD+ACAAgAUAACD+ACAAgAUAACD+ACAAgAUA
8=ACD+ACAAgAUAACD+ACAAgAUAACD+ACAAgAUAACD+ACAAgAUAACD+ACAAgAUAACD+ACAAgA
9=UAACD+ACAAgA==

[OverlayPack]
0=GQAAIP4/FP+BtP7+Af+DtLS0/v8B/4G0/r8H/4AqAAAg/jAC/4K0tP7+Af+CtLT+AgT/gb
1=T+9BX/grS0/g8A/4W0////tP7BAf+AqgAAIP4qAP+BtP4PAP+FtP///7T++wH/hbT///+0
2=/vsB/4W0////tP77Af+FtP///7T++wH/hbT///+0/uwB/4K0tP4NAP+FtP///7T+7QH/gb
3=T+DQD/hbT///+0/vsB/4W0////tP4ZAv+BtP77B/+BtP7tAf+BmP4QAP+DtLS0/uoB/4SV
4=//+Y/hEA/4G0/ukB/4aXm5qa/5z+DQD/grS0/hAA/4K0tP6aAf+ADQEAIP4/AP+Il///nf
5=+c/5X+CgD/grS0/hIA/4G0/toB/4ialZj/nJ2bk/74Af+Hm/+V/5z/lf77Af+HlJecmZqW
6=lv4VAP+CtLT+4QH/hpv/lv//nf4YAP+BtP7jAf+ElP//mf4VAv+DtLS0/sIB/4dw/2////
7=9s/g0A/4K0tP4mAP+BtP7DAf+HaP9pZmZnZ/4NAP+BtP7rAf+HaWht/2j/Z/4GAP+FtP+0
8=tLT+7gH/iW3/bP9v//9oZv4HAP+BtP7xAf+GbGz/cGpm/vgB/4ZwZ3D/a2b+NgD/grS0/s
9=MB/4hn//9raWtsbP40AP+BtP7DAf+BcP4EAP+Baf4hAP+CtLT+/QH/g7S0tP61Af+AVwAA
10=IP5HAP/+BAC0/tAB/4O0tLT+KgD/g7S0tP7RAf+BtP4MAP+BtP7/Af+CtLT+GgL/grS0/v
11=8B/4G0/gQE/4K0tP7/Af+BtP70Af+CtLT+/wH/gbT+vQv/gAUAACD+ACD/gAUAACD+ACD/
12=gAUAACD+ACD/gAUAACD+ACD/gAUAACD+ACD/gAUAACD+ACD/gAUAACD+ACD/gAUAACD+AC
13=D/gAUAACD+ACD/gAUAACD+ACD/gAUAACD+ACD/gAUAACD+ACD/gAUAACD+ACD/gAUAACD+
14=ACD/gAUAACD+ACD/gAUAACD+ACD/gAUAACD+ACD/gAUAACD+ACD/gAUAACD+ACD/gAUAAC
15=D+ACD/gAUAACD+ACD/gAUAACD+ACD/gAUAACD+ACD/gAUAACD+ACD/gAUAACD+ACD/gAUA
16=ACD+ACD/gAUAACD+ACD/gA==

[ScriptTypes]
0=01000024
1=01000026
2=01000043

[Soviet]
IQ=5
Edge=North
Side=Soviet
Color=DarkRed
Allies=Soviet
Credits=0
ActsLike=3
NodeCount=0
TechLevel=10
PercentBuilt=100
PlayerControl=no

[Soviet1]
IQ=
Edge=
Side=
Color=
Allies=
Credits=
ActsLike=3
NodeCount=
TechLevel=
PercentBuilt=
PlayerControl=

[Soviet2]
IQ=
Edge=
Side=
Color=
Allies=
Credits=
ActsLike=3
NodeCount=
TechLevel=
PercentBuilt=
PlayerControl=

[Special]
IQ=5
Edge=North
Side=Special
Color=Grey
Allies=Special
Credits=0
ActsLike=5
NodeCount=0
TechLevel=10
PercentBuilt=100
PlayerControl=no

[SpecialFlags]
Inert=no
FogOfWar=no
IonStorms=no
MCVDeploy=no
Meteorites=no
Visceroids=yes
FixedAlliance=no
TiberiumGrows=yes
InitialVeteran=no
HarvesterImmune=no
TiberiumSpreads=yes
TiberiumExplosive=no
DestroyableBridges=yes

[Structures]
0=BaseNod,HAND_AI,256,57,24,64,None,1,0,1,0,0,None,None,None,0,0
1=BaseNod,GUN_AI,256,58,28,64,None,1,0,1,0,0,None,None,None,0,0
2=BaseNod,GUN_AI,256,62,28,64,None,1,0,1,0,0,None,None,None,0,0
3=BaseNod,SAM_AI,256,52,30,64,01000058,1,0,1,0,0,None,None,None,0,0
4=BaseNod,NUK2,256,57,20,64,None,1,0,1,0,0,None,None,None,0,0
5=BaseNod,NUK2,256,57,18,64,01000058,1,0,1,0,0,None,None,None,0,0
6=BaseNod,NHPAD,256,62,22,64,None,1,0,1,0,0,None,None,None,0,0
7=BaseNod,NHPAD,256,64,22,64,01000058,1,0,1,0,0,None,None,None,0,0
8=BaseNod,BRIK,256,69,24,64,None,1,0,1,0,0,None,None,None,0,0
9=BaseNod,BRIK,256,69,23,64,None,1,0,1,0,0,None,None,None,0,0
10=BaseNod,BRIK,256,69,22,64,None,1,0,1,0,0,None,None,None,0,0
11=BaseNod,BRIK,256,69,14,64,None,1,0,1,0,0,None,None,None,0,0
12=BaseNod,BRIK,256,69,15,64,None,1,0,1,0,0,None,None,None,0,0
13=BaseNod,BRIK,256,69,16,64,None,1,0,1,0,0,None,None,None,0,0
14=BaseNod,BRIK,256,69,21,64,None,1,0,1,0,0,None,None,None,0,0
15=BaseNod,BRIK,256,69,20,64,None,1,0,1,0,0,None,None,None,0,0
16=BaseNod,NUKE,256,54,25,64,None,1,0,1,0,0,None,None,None,0,0
17=BaseNod,HQ,256,63,17,64,01000058,1,0,1,0,0,None,None,None,0,0
18=Neutral,TIBSPRDR,256,36,58,64,None,1,0,1,0,0,None,None,None,0,0
19=Neutral,TIBSPRDA,256,67,49,64,None,1,0,1,0,0,None,None,None,0,0
20=Special,BBOARD16,256,46,94,64,None,1,0,1,0,0,None,None,None,0,0
21=Special,CITY22,256,48,85,64,None,1,0,1,0,0,None,None,None,0,0
22=Special,CITY10,256,39,78,64,None,1,0,1,0,0,None,None,None,0,0
23=Special,CITY11,256,39,74,64,None,1,0,1,0,0,None,None,None,0,0
24=Special,CITY09,256,46,83,64,None,1,0,1,0,0,None,None,None,0,0
25=Special,CITY09,256,47,83,64,None,1,0,1,0,0,None,None,None,0,0
26=Special,CITY13,256,41,78,64,None,1,0,1,0,0,None,None,None,0,0
27=Special,CITY14,256,40,84,64,None,1,0,1,0,0,None,None,None,0,0
28=Special,CITY15,256,46,78,64,None,1,0,1,0,0,None,None,None,0,0
29=Special,CITY17,256,46,74,64,None,1,0,1,0,0,None,None,None,0,0
30=Special,CITY18,256,41,73,64,None,1,0,1,0,0,None,None,None,0,0
31=Special,CA0002,256,49,90,64,None,1,0,1,0,0,None,None,None,0,0
32=Special,CA0001,256,63,68,64,None,1,0,1,0,0,None,None,None,0,0
33=Special,CA0013,256,41,86,64,None,1,0,1,0,0,None,None,None,0,0
34=Special,CA0013,256,41,85,64,None,1,0,1,0,0,None,None,None,0,0
35=Special,CA0007,256,42,87,64,None,1,0,1,0,0,None,None,None,0,0
36=Special,CA0009,256,32,74,64,None,1,0,1,0,0,None,None,None,0,0
37=Special,CA0009,256,33,74,64,None,1,0,1,0,0,None,None,None,0,0
38=Special,CA0009,256,34,74,64,None,1,0,1,0,0,None,None,None,0,0
39=Special,CA0010,256,32,77,64,None,1,0,1,0,0,None,None,None,0,0
40=Special,CITY01,256,24,74,64,None,1,0,1,0,0,None,None,None,0,0
41=Special,CITY02,256,27,74,64,None,1,0,1,0,0,None,None,None,0,0
42=Special,CITY03,256,47,69,64,None,1,0,1,0,0,None,None,None,0,0
43=Special,CITY04,256,47,67,64,None,1,0,1,0,0,None,None,None,0,0
44=Special,CITY20,256,64,66,64,None,1,0,1,0,0,None,None,None,0,0
45=Special,CITY20,256,63,66,64,None,1,0,1,0,0,None,None,None,0,0
46=Special,CITY20,256,63,64,64,None,1,0,1,0,0,None,None,None,0,0
47=Special,CITY20,256,64,64,64,None,1,0,1,0,0,None,None,None,0,0
48=Special,CITY21,256,59,67,64,None,1,0,1,0,0,None,None,None,0,0
49=Special,CITY05,256,26,68,64,None,1,0,1,0,0,None,None,None,0,0
50=Special,CA0005,256,35,77,64,None,1,0,1,0,0,None,None,None,0,0
51=Special,CA0006,256,34,77,64,None,1,0,1,0,0,None,None,None,0,0
52=Special,GALITE,256,46,87,64,None,1,0,1,0,0,None,None,None,0,0
53=Special,GALITE,256,49,80,64,None,1,0,1,0,0,None,None,None,0,0
54=Special,GALITE,256,49,73,64,None,1,0,1,0,0,None,None,None,0,0
55=Special,GALITE,256,38,80,64,None,1,0,1,0,0,None,None,None,0,0
56=Special,GALITE,256,38,73,64,None,1,0,1,0,0,None,None,None,0,0
57=Special,GALITE,256,31,76,64,None,1,0,1,0,0,None,None,None,0,0
58=Special,GALITE,256,28,70,64,None,1,0,1,0,0,None,None,None,0,0
59=Special,GALITE,256,50,66,64,None,1,0,1,0,0,None,None,None,0,0
60=Special,GALITE,256,62,71,64,None,1,0,1,0,0,None,None,None,0,0
61=Special,BBOARD01,256,58,61,64,None,1,0,1,0,0,None,None,None,0,0
62=Special,CA0014,256,86,65,64,None,1,0,1,0,0,None,None,None,0,0
63=BaseNod,GUN,256,54,29,64,None,1,0,1,0,0,None,None,None,0,0
64=Special,INBLULMP,256,71,94,64,None,1,0,1,0,0,None,None,None,0,0
65=Special,INBLULMP,256,74,78,64,None,1,0,1,0,0,None,None,None,0,0
66=Special,INBLULMP,256,85,78,64,None,1,0,1,0,0,None,None,None,0,0
67=Special,INBLULMP,256,101,65,64,None,1,0,1,0,0,None,None,None,0,0
68=Special,INBLULMP,256,104,55,64,None,1,0,1,0,0,None,None,None,0,0
69=Special,INBLULMP,256,69,32,64,None,1,0,1,0,0,None,None,None,0,0
70=Special,INBLULMP,256,52,37,64,None,1,0,1,0,0,None,None,None,0,0
71=Special,INBLULMP,256,44,24,64,None,1,0,1,0,0,None,None,None,0,0
72=Special,INBLULMP,256,36,89,64,None,1,0,1,0,0,None,None,None,0,0

[Tags]
01000001=0,Init 1,01000000
01000003=0,Init 2 1,01000002
01000005=0,Init 3 1,01000004
01000009=0,Medium tank(s) selected 1,01000008
01000011=0,Unselection hint 1,01000010
01000013=0,Reveal hint 1,01000012
01000015=0,Group selection hint 1,01000014
01000017=0,Reveal buggies 1,01000016
01000019=0,Attack hint 1,01000018
01000021=0,Reveal objective 1,01000020
01000023=2,Repeat objective 1,01000022
01000029=0,Humm-vee reinforcements 1,01000028
01000031=0,Reveal tiberium 1,01000030
01000033=0,Reveal ore 1,01000032
01000035=0,Reveal Nod outpost 1,01000034
01000037=0,Bridge warning 1,01000036
01000039=0,Begin final reinforcements 1,01000038
01000048=0,Late Medium tank reinfs 1,01000047
01000050=0,Late Humm-vee reinfs 1,01000049
01000052=0,Late MSAM reinfs 1,01000051
01000054=0,Destroy outpost notification 1,01000053
01000056=0,Reveal weak route 1,01000055
01000058=1,BaseNod destroyed - win 1,01000057
01000060=0,GDI all units lost - lose 1,01000059

[TaskForces]
0=01000007
1=01000025
2=01000040
3=01000041
4=01000042

[TeamTypes]
0=01000006
1=01000027
2=01000044
3=01000045
4=01000046

[Terrain]
6061=T01
7060=T05
9063=T06
10060=T06
11063=TC05
11066=T01
12062=T07
15066=T05
17048=TC02
18051=T07
19048=T16
20052=TC01
22051=T06
23071=T01
25062=T02
26039=T10
27040=BR2
28039=T12
28042=T11
29083=T01
30042=T03
31040=T17
31041=BR9
31044=T17
32043=T15
33042=T10
33082=T02
33085=T05
34079=T12
35034=T06
35043=T15
35078=BR1
35085=T08
35088=T16
36042=T14
36078=T17
36079=T13
37035=T01
37043=BR6
38043=T12
38045=T03
39038=T08
39073=T15
39078=T05
39084=T01
40036=T05
40070=T13
40082=T06
40088=TC01
40093=T06
41039=T02
41045=T10
41046=BR2
41078=T07
41089=T02
42048=T15
42058=T14
42064=T10
42065=BR1
42067=T11
42069=T12
42075=T16
42080=T02
42096=T16
43056=T15
43062=T14
44046=T14
44048=T15
44050=T12
44053=T10
44054=BR1
44073=T06
44078=T01
44094=T06
45056=T17
45071=T01
45076=T05
45082=TC03
45084=TC05
45087=T05
45098=T05
46049=T13
46052=T11
46058=T06
46074=T07
46101=T14
47043=T16
47083=TC01
47094=T16
47098=T15
47100=BR9
48082=TC04
48085=T08
49050=T01
49062=T02
49067=OREMINE3
49075=TC01
49091=T06
49096=T17
49099=T11
49102=T13
50038=T07
50047=T01
50054=T05
50073=T16
50081=T02
50094=T03
50098=T10
51058=T07
51094=BR6
51096=T14
52032=T02
52036=T16
52057=T08
52074=T02
52089=T01
53049=T02
53055=T16
53079=T08
53086=T16
53093=T15
53095=T14
54029=T01
54043=T05
54089=T08
54092=BR8
55053=SROCK06
55058=T06
55065=T16
55092=T12
56029=T05
56070=T06
56077=T01
56094=T10
57046=SROCK01
57048=SROCK03
57049=SROCK07
57062=T05
57089=T07
57092=T13
57100=T03
58027=T16
58036=TIBTREE
58066=T01
58073=T16
59043=T06
59056=T16
59059=T02
59070=T01
59080=T16
60019=T05
60027=T06
60052=T01
60076=T02
60085=T06
60092=T12
60093=BR7
60095=T11
61031=BR1
61048=T06
61069=T08
62014=T07
62019=T06
62053=T08
62064=T01
62068=T02
62072=T02
62073=TC03
63017=T02
63038=T14
63043=T17
63046=T16
63052=T05
63056=T02
63076=T16
63079=T06
63092=T13
63094=T12
64014=T08
64034=T12
64036=T15
64072=TC04
64073=TC02
64091=T05
65012=T01
65027=BR8
65042=T13
65070=T16
65072=TC01
65075=T07
65094=T14
66032=T03
66035=T17
66041=BR7
66054=T01
66079=T17
66085=BR1
67034=T10
67041=T03
67067=T05
67074=T06
67078=T13
68031=T12
68043=T12
68057=T07
68069=BR7
68072=BR2
68077=T15
68083=T12
68093=BR2
69054=T02
69069=T13
69071=T12
69075=T08
70034=T15
70035=T11
70036=T15
70037=T15
70038=T11
70039=T15
70040=T11
70041=T15
70042=T15
70052=T08
70068=T10
70074=T14
71059=T06
71067=T03
71075=BR9
71078=T14
72062=T05
72076=T13
73054=T01
73065=BR6
73066=T15
74075=T17
75059=T14
75067=BR2
76064=T16
76067=T14
76074=T14
76076=T02
77055=T05
77061=T15
77075=BR1
78058=T02
78071=T10
79073=T13
79077=T01
80032=T12
80055=T01
80063=T03
81033=BR1
81034=T13
81059=BR2
81060=T17
81066=T10
81068=T11
81073=T11
82032=T11
82053=T05
82063=T12
82065=BR1
83031=BR2
84029=T15
84031=T14
84037=T12
84052=T06
84057=T13
84060=T15
85054=T07
86060=T14
87040=T10
87041=BR1
87053=T16
87056=T02
88041=T17
88061=BR1
89056=T08
89061=T10
90043=T15
90060=T17
91042=T14
91055=T06
91068=T12
92053=T05
92069=T14
92070=T03
93042=BR2
93043=T13
93062=T11
93064=T03
94062=BR1
94064=T15
95042=T11
95054=T01
95064=BR2
96040=T10
96043=T12
96062=T12
96064=T14
98047=T16
98064=T13
100063=T15
100066=T11
101046=T06
101065=BR2
102067=T17
104065=T13
105067=BR1
105069=T10
107068=T12

[Triggers]
01000000=Neutral,<none>,Init,0,1,1,1,0
01000002=Neutral,<none>,Init 2,0,1,1,1,0
01000004=Neutral,<none>,Init 3,0,1,1,1,0
01000008=Neutral,<none>,Medium tank(s) selected,0,1,1,1,0
01000010=Neutral,<none>,Unselection hint,1,1,1,1,0
01000012=Neutral,<none>,Reveal hint,1,1,1,1,0
01000014=Neutral,<none>,Group selection hint,1,1,1,1,0
01000016=Neutral,<none>,Reveal buggies,0,1,1,1,0
01000018=Neutral,<none>,Attack hint,1,1,1,1,0
01000020=Neutral,<none>,Reveal objective,1,1,1,1,0
01000022=Neutral,<none>,Repeat objective,1,1,1,1,0
01000028=Neutral,<none>,Humm-vee reinforcements,1,1,1,1,0
01000030=Neutral,<none>,Reveal tiberium,0,1,1,1,0
01000032=Neutral,<none>,Reveal ore,0,1,1,1,0
01000034=Neutral,<none>,Reveal Nod outpost,0,1,1,1,0
01000036=Neutral,<none>,Bridge warning,1,1,1,1,0
01000038=Neutral,<none>,Begin final reinforcements,1,1,1,1,0
01000047=Neutral,<none>,Late Medium tank reinfs,1,1,1,1,0
01000049=Neutral,<none>,Late Humm-vee reinfs,1,1,1,1,0
01000051=Neutral,<none>,Late MSAM reinfs,1,1,1,1,0
01000053=Neutral,<none>,Destroy outpost notification,1,1,1,1,0
01000055=Neutral,<none>,Reveal weak route,0,1,1,1,0
01000057=Neutral,<none>,BaseNod destroyed - win,0,1,1,1,0
01000059=TutorialGDI,<none>,GDI all units lost - lose,0,1,1,1,0

[TutorialGDI]
IQ=0
Edge=West
Side=GDI
Color=Gold
Allies=TutorialGDI,Special
Credits=0
ActsLike=0
NodeCount=0
TechLevel=10
PercentBuilt=100
PlayerControl=yes

[Units]
0=BaseNod,AIBGGY,256,67,22,64,Guard,None,0,-1,0,-1,1,0
1=BaseNod,AIBGGY,256,67,16,64,Guard,None,0,-1,0,-1,1,0
2=Nod,BGGY,256,40,83,64,Guard,None,0,-1,0,-1,1,0
3=Nod,BGGY,256,41,83,64,Guard,None,0,-1,0,-1,1,0
4=Nod,AIBGGY,256,28,76,64,Guard,None,0,-1,0,-1,1,0
5=Nod,AILTNK,256,32,70,128,Guard,None,0,-1,0,-1,1,0
6=Nod,AIBIKE,256,24,70,64,Guard,None,0,-1,0,-1,1,0
7=Nod,AIBIKE,256,64,65,192,Guard,None,0,-1,0,-1,1,0
8=Nod,AILTNK,256,87,63,64,Guard,None,0,-1,0,-1,1,0
9=TutorialGDI,MTNK,256,59,107,224,Guard,01000009,0,-1,0,-1,1,0
S=Spawn1,BARLU,256,0,0,64,Unload,None,0,-1,0,-1,1,0
T=Spawn2,BARLU,256,1,0,64,Unload,None,0,-1,0,-1,1,0
U=Spawn3,BARLU,256,2,0,64,Unload,None,0,-1,0,-1,1,0
V=Spawn4,BARLU,256,3,0,64,Unload,None,0,-1,0,-1,1,0
W=Spawn5,BARLU,256,4,0,64,Unload,None,0,-1,0,-1,1,0
X=Spawn6,BARLU,256,5,0,64,Unload,None,0,-1,0,-1,1,0
Y=Spawn7,BARLU,256,6,0,64,Unload,None,0,-1,0,-1,1,0
Z=Spawn8,BARLU,256,7,0,64,Unload,None,0,-1,0,-1,1,0
10=TutorialGDI,MTNK,256,60,106,224,Guard,01000009,0,-1,0,-1,1,0
11=TutorialGDI,MTNK,256,61,105,224,Guard,01000009,0,-1,0,-1,1,0
12=Special,CAR1G,256,27,70,64,Sleep,None,0,-1,0,-1,1,0
13=Special,CAR2A,256,25,75,64,Sleep,None,0,-1,0,-1,1,0
14=Special,CAR2B,256,41,80,0,Sleep,None,0,-1,0,-1,1,0
15=Special,CAR2D,256,42,80,0,Sleep,None,0,-1,0,-1,1,0
16=Special,CAR2F,256,49,84,0,Sleep,None,0,-1,0,-1,1,0
17=Special,CAR2G,256,48,84,128,Sleep,None,0,-1,0,-1,1,0
18=Special,CAR2B,256,41,84,128,Sleep,None,0,-1,0,-1,1,0
19=Special,CAR1D,256,47,76,0,Sleep,None,0,-1,0,-1,1,0
20=Special,CAR1C,256,48,76,0,Sleep,None,0,-1,0,-1,1,0
21=Special,CAR1G,256,46,76,0,Sleep,None,0,-1,0,-1,1,0
22=Special,CAR1B,256,49,68,64,Sleep,None,0,-1,0,-1,1,0
23=Special,CAR1D,256,33,79,64,Sleep,None,0,-1,0,-1,1,0
24=Special,TRUK,256,47,80,64,Sleep,None,0,-1,0,-1,1,0

[Waypoints]
0=106060
1=113059
2=60038
3=51069
4=85043
5=32063
6=25067
7=21072
8=93049
9=37091
10=49086
98=108059
99=108060

[Digest]
1=taVuSSY6uYitnSm0k+oT7D5CHdU=

