[General]
IonLightningDamage=50

[INGRNLMP]
LightVisibility=2000
LightIntensity=0.01
LightRedTint=0.01
LightGreenTint=0.7
LightBlueTint=0.01

[INBLULMP]
LightVisibility=2500
LightIntensity=0.01
LightRedTint=0.01
LightGreenTint=0.01
LightBlueTint=0.7

[SpecialFlags]
TiberiumGrows=yes
TiberiumSpreads=yes
TiberiumExplosive=yes
DestroyableBridges=yes
MCVDeploy=no
InitialVeteran=no
FixedAlliance=no
HarvesterImmune=no
FogOfWar=no
Inert=no
IonStorms=yes
Meteorites=yes
Visceroids=yes

[Basic]
RequiredAddOn=1
SpeechSide=GDI
NextScenario=GDI2A.map
AltNextScenario=GDI9C.MAP
Name=Tiers of Sorrow
NewINIFormat=4
CarryOverCap=0
EndOfGame=no
SkipScore=no
OneTimeOnly=no
SkipMapSelect=no
Official=yes
IgnoreGlobalAITriggers=no
TruckCrate=no
TrainCrate=no
Percent=0
MultiplayerOnly=1
TiberiumGrowthEnabled=yes
VeinGrowthEnabled=yes
IceGrowthEnabled=no
TiberiumDeathToVisceroid=yes
FreeRadar=no
InitTime=10000

[Lighting]
Ambient=0.790000
Red=1.000000
Green=1.000000
Blue=1.000000
Ground=0.000000
Level=0.014000
IonAmbient=0.500000
IonRed=1.620000
IonGreen=1.250000
IonBlue=0.340000
IonGround=0.000000
IonLevel=0.000000

[Preview]
Size=0,0,128,60

[PreviewPack]
1=EA8AIAWQdFCQdFCQdJUAcJQAOEUAiCpoAEwBICy8AAZgVEBIQDCAaEggNwgAAmxIUExAIA
2=lzAVBEOEgABkhEOEA8MHBcQCcIAAJgVDhYTCtEACdoACcjAFBIOEgAIAOtAZAqDwV4WJAp
3=VAV0LQJ4UJh4UCuMACAJvAACeFhYUEAr7AAgAnwBAlhMQGBY6jBsUC0LA4hsSEgALVAAKD
4=gAObwABXBQiHBQUEw4SBJAPcgGNb8AWEw4WC5IAA5APDhgXFhgaGhYZHBoZFhwYCgUBkgw
5=SwB4YEBIACfYBScgAAQwNChAODCANXwB1A+ETWAuTC7oAGwu7AEoaAC0MLQnLHQAfgV4UE
6=QaA5h8WJiAYEsnaFxIrAEDkHhYYFRIpAInKAF8BSwEAWgDL3wBKxQGnBQqzAJIMEgAMHQD
7=KowArAFPLoh0WFAOYgFwUFAvRAtUYEABTBasBDAUAEwEDDAwKHBkUFhkeFBYYFBgcF4vSF
8=x0AHQwj2FoYFhULUgwSAAPUEQoWFAwUEgoSEQgSEgoaFQ4UAtUZjBkAaQCUBdIALwXJ3wK
9=UBTMASqcBbRdMEYAdFB8BUQpWS58XSxAUC9EZQNwZEhYVEBqA3hYWAFIAEYdeGhjH3hkSC
10=APfwFoWEBEVrwUWEwMWFAoMDgIMDwIQDwYaFg4rBm0AFAgKEQAJ9QJTF5cFEkYeJQVnHFY
11=E7wvRAtME0AlvAu8CLQAAigsKEBAxF8GUFhoWGh4QFBgSDCsAQZYaHBQYHhgaHhANFAOWC
12=5XEjg8EHQAAkAQODgYTDFTUEhEMFwLSGkwfAEqRAB4T1goUBRUAOgAYCjsAWAELHQARAJw
13=SlAyiABUXUhdSC1IAFhMUA5YAURfQy54ZFBQL0gAxC/sCj98ASq/AGBQQCcsFQM4QBBASB
14=C0JDAXBlBQKEiETBB4E6QvhA6YAYqrdFBEI0QUyQBMXDsBQHhoSEgVQDFIAFglTA1AK0Rf
15=QC5NXlBZXmBASHQwrAFYXicIALwvAygwCCg0CLQAQDFIAKAEYAoBUEAwLFRjN9wZkilQkK
16=SAKpwFKiwAXCxAGeQC1CdGX4BgTC5eL5h8eMR0AFACTQGAUV9YrGFfj3BgSCp8AV7XcGQr
17=XBgtRAB8Cy88AlQYR3pARBBIAHUwRCsUBgNYVDBYVCh8MizPC2hgSEgAWCtMEFhAYAECZE
18=hwYFBQAkgAUAJIAERiQG1MB0yCXDJwJgJIOEhAOEiNajBYaEjAVG9IAKQCrCu0AFBfTI5Q
19=PlgB3i84EFwvtGC9klhWCUQwVEi0DEANMfwLWSt0Wbg4ZCOULa8iaFw4SxtARBhcAlQGUC
20=lcNUgABpiEYIh4WKCIaEldmJQtwDGcJkQFUlB4bNBfQB9IBmgAlANIBkwBWlg4RHOJMEAI
21=TgFITEArdAzGDkgQVAO0NkAiRIZ+VkxATHxJAEBVYERgBGyRhzKAaFBQDlApZSxgRSxIQC
22=JIBkQCtABAAWgDUi9kUEwBSAC8AlMCaFxATAFLAHBcSEgkqABMAQMoKCg4NDBIMFguXFxI
23=Y2wKXShAYABMAUgAXC9In0ABSABYjk8xYFAgSwBAQCBLADg8CEhFtDMCUFBIUFAxFAxIIW
24=gAjFvcIAFIEEhQUDhMBwQIUEwoYFgwtIFAHFwvSABQF0wBRBdUAEAfWCtAAbQARH1AAWAK
25=Si18WEAoREpEBaQIpC92A3RQjBPELyosAGwQ9g9YWCI4KlwvXCBYT1y/pC9IMEQvUA5MSU
26=geQB9MAVwmQA1IAFhnWAFYEERcdSpgeItQLFxxSCFABGSMAmBISEQ4TAq0BlQDUAJUAEwN
27=VCRILVQDRBdUAANIWGhIVGBYK0gATAR4UpzvWAFLACAggEsAABCASABAAUgAUC9IAEgDSw
28=BAPCBIYEABaQBgTJ0BODg4KFMIWFA4lM8ilCW0IbQAvCBIG0xSKuQFtANQGlAvVHVcL6gA
29=WB9YHFAsSAB9X3gj+TB4uF4iDClUA0QaQAekCLcwgGxITTpIVTxM1DysAcQOhHGsAVwgUS
30=BQIwQuTA1IAMQvKUckaFQwTCJUDGYpYEBUAKgASC1QFFgHSANAB0gAQHZEEVAsUDK0MEQR
31=RGtABEgGSANfBWBYQFQAJfwjnCxQX2pgWEByEUw4VABwKYgDQAFYLi0IAEgwSABIA0sAYG
32=AgSABAAUgAQDFcREABSAAqLACsIrwjbE/sIkQCQEmgK6wEpBQrLABMJWC+I/wjgF5cHUwu
33=dgBkSEQIaACEa2ABUAWEm6QIpCxYmly2vD60XbQDvAUCMDQwSEgigC0n5wtAUCBIAFApJw
34=gAWAFIAFwpTChMK1wCSCpMAVTqTAFILVwpQAFIAFgZSBhMBEQCfAWYjmwBXpVcQEYCYFAi
35=3ChAAVxTSBhwXwJAMEhAMERWUAJAOnwCBUw4ICAwSERYLdgFLTgASDAnCABALkgAUC9IdY
36=UdEKTFUAJIAKQdJ9QVfLCMr1iXaACEv9QwtCdaKHRQXIxYSXyJJJ4pfFi1vYAjjC0wvAC0
37=DFQAkCB8X6zKXw5oXDC8BaQCTARIAGohWEhUJ0wfQNBQNVjuaAAj5ClA5UgAUClUKiTMI0
38=xYR3pIQChYLkgnXBpIAykIAHTDSNJAXlQDUAWoA0wxSAxQNVACrJFIA1yPIv0jUCLQJVwC
39=dDCElaMEQEAwrMG4Ky3YBTM4AKQFSBJIAE+LKDgItDCs9LxNKuQLrAF0APywfCwndB78WU
40=QpRO9IA1wgVh5gXHTeTAFYT1ACTCjIACm8AMwNjFhIkERKpAK8BXo9QCBYMVAIQKVcCEge
41=RF9I2GQvhNpISEBJVCRIAFwmVOS0Bl+GaFQ4RLxcAkwBVFqkLLQAWBNAAUgtXgJ4ZCIIKl
42=gBSABcAkgGfAigl0ViWGSYpAhEL0gDVABOCkhAaGNAKEgSSDBYQ0CRXAKsKzPYBS1QAEwH
43=SABIdUgAVag4JrwwKpQEvLBmL0wQRDUnFBi0hKQdvAW8X0iNSACBGVBEdEgbWAFIAEMTaF
44=RAtAC8BdwsjGdEAkw3VAAoCACMNFguXCNUBlROpFBEC0gAKM4dOAhYAUgASDNEI0gAQIJc
45=DlQGUAJIAJDhAyAYOBhAbGD3RAIgAwgAWAdQLEArSA9MClAvtABQO1wCTGRUAFQMWNBMBE
46=gAWAFABHLCZFgkFDwgAxQGUC8nCAAk1CRASVhJUCBUIUBzQFKdYgi0MEh+RAJUA2gApI+U
47=JFgBXAVMFqgARPJIAE8BgHBYXC9YSVwvtFdeTVhYdMBcBaSMKxQG9AlACrxfSIpdCGhVsW
48=AiHChciUQLiQBARDJA2UgAXAtUJEgkRAVIIVwgAyAwIFBgQKcvAJAASAAxzAUnRDzg90wN
49=SACkBUgJSCpEIEydtABcC1QMA3hkQIBkQEgDbgFoSFwvQARYAVQAUF+88iIkKlxSmA8twA
50=tbAUBgwEgAQAFIALMvYGBAaAApBE94HyJUOCOdL0wi5Ckr5AU2xAojzEdEF1wjUyxYVEBI
51=AHgBSthYSLRXQDFIMEMEYFQ4tAzUMLQ55AuoA2w0hAJyCFhIVJlQgwNgXFBoZFBAskBeaj
52=BUQKy4SANAUlgiSACsKFguJwgAXGiwAlQAYQdUMdQtSANIAAN4aEBYiDi8BQVYhDBYgDBo
53=hHAFSD9YEEAESC1AAUBhrAFYAUgARB1QGm4cZHi0YKwrUCw5CACsBEghJ7wwRIxMwUQ+XF
54=ykX6SP3OD8U2QjrAEp3AS0XbxWXBFQFECOSyRAODAh5ERUFUsAcGxgWB9IFVAOxF8pBAHE
55=Amj5JnxVKXQAvy9waFiwO1wIUAtYInFWbCJkK0ABRINcDkANSAAn8AVAAb+PYFBAIewkA4
56=B0SGiYOEwBXCa8LFAFJwgAXC8DaJQ4QHAgSAACOJAgYJQi8ClEXKRfWNNca0sPSEg4fT5o
57=YNx8PknzTEzNInROJFxItDAw8AUqXBIk1CS0MCT8IyR0MLhPtAAwnBcnlASgBGwxlFS4AV
58=SBRCBQcXAjKZQuoBxEL1wCpAXUALw4KQQBNnwBTGdEHVALaAAjxDpMXk8oiGxQIXAuSANM
59=AbQMtABYLicIAKQCVJNMBEAQSwAgQABIAHgBMvxfA3h0SDiMILQGQHZMLmwBUI8jXEhE3U
60=gPZALsl6wBJHQ8tJAsnAUiRDa8LLcAQFBASACsAbQAUO9IAKwBKwQEpFD0JHUteCJgRyuM
61=APQDaCqcBSSULrQSWFJKAFhUIhRUVDNYKCvsAJwFJ0QAOXwBWC5IIUAfUCZCCohwbE9QAi
62=fkBVACSANIYLwOJ/AFQAGkArcAODgwIukiWFBcAyhAhCA4YNwstAMwRAxQX1wvWJpMdkwN
63=SADEBbAvnMhcTVgEWDpUALy/BBgcOEBAYGhgANQAvAJEaLAsVAAkzDVE70zuvF9QAkgATA
64=1Ih3ApmFJsIoABJ0QAQAEihk2AYEQFQBZYAScIAEQCWBBAJUghvBSsXlgEQAGsiEgYdDDs
65=CjN8AVhDSAC0mbILeGwiQDFMrEwuSABIDFQASAlALkwBWDFIAEBhSDyI3yLLRWBQIFAvSA
66=CkESoUAFA1SAAEWHwwOJQgACkAACqMAFwLXClUAFAaXAJkGoCdTAEtCABcDid0YKWPYCOO
67=ZkhYIqROUzBgYGC8YiSMWlAsSABAXkgATPVIAJW9ELYzeGxg3FAOXD5QFEAQKhwErFUknC
68=9ILUQgpAJUJGQpjGFMB0gDYS5YOIRfNZwX1Am8Yqw0rQpYIhRsXO9IMEAuVBJUDEkAeCP0
69=LrQAuCJALjMIALQDtAApyAUrKAC0A1RFwAFEvCOATipEACdoACcgACp0YM4uZFhAMSq0BU
70=EuaCKUVSKMZrwsJLQppF8k/C8kpGa4CioUBnEdWGCIWIhUKlgBTARMWEIugHAi8FBAItwm
71=pCasK+wBSDMtdAAwRABICXAC6AasWKQCUAtcLExnVFFcIFQPWAEkCCRERKwBvAUz2AUnUA
72=C08EQXSAAr0AUpMABIAyAMCABEj11iWCOceqRcWC5AAVQtJwgAX/VAQDgnOAAtIAC0MKfv
73=WEwwSACgEERfSABcHUIcQDwi4GZIe0wfTGFMW2QjJpxHTARIDCUkKYxVdANEKSksAEwEbA
74=fkAnQtnMhIDFwCRAsIeGhQkHBQkHRQkHQRAACpDgAgClCQdFAAkAAAkAAggCBIAAZgVEA4
75=PDiIbEhIAEwBAlBQQFBMawCAaEhIAAYgMCBQYEAAkAA/CABQBUkAACkDAGBYQEgAA2hcSG
76=hYQClZAABYBEsAcGRIWA1DBHBgSEgATwR4YEBUAEgDSABQEUgAQAFIAAZYSDhIQDhwXEBI
77=AAVoaGhgYGBwYGwBXxRYUEBABEgAKowAAlBIOEBASAYBMEBAMEgGaACcBWEBXNwFTAEDaF
78=g4WEwwVABGFFhYeB9YEEgJAXhoUIBIAAVsUHhkSHhkUFgBSBVQJmgABXhQmHhQkHhYbQF0
79=ZCknIQCIKTsA8AAAJwgAXAUDYFxIeGhIpAV9KWQrPAVIHlwgXA5IAEgeSACoMEgbUBRQAk
80=sAQFBASABAAUgANiAGAxg4GEBsMCqcBVwgSABDCoBsUCpcAFgBXAgqCABCH1BMZCwtaABM
81=B0gAsAICWFA4SERsBFQSRC8nzAK8CKQpVDlYBL4FYFhzBVBEOKAZVAaoALwFTD0GWFAoOE
82=AQQEQQRCxLMGBYSFQVVCGYLkQmAVCAcFhfL3BgUEoAkHyMLirlBXDcL0QvRA5YBydcBifw
83=BUABuC50ACm9AJCMAaQpSGBIAFwOUBpcIFQVQAFYAbwUtAAFeHRIOIwgQHBoALwsA3hoQF
84=iIOFwOoARUAGU7YNRLKrQFKiwAKrwASAYnCABfDmBUOHgBVE6YYWwBQXBsSFF4cNoBaEik
85=LKwQWBZIAKwBWFgDUEwgQDwYQAEDWFQwUEwozAGEXFAybDeUYKgJrAQGMDgIMDwIUFAoQG
86=pUMFkQaFVsZHxxTAEnCABEMgOYgGCIdFi8JnApJ7QLhCknRABMMUwBWC4nCABYASsIAJwF
87=WBZIALwvtACsBEBAXBSkFDAUAAJYzDhY0MQsCFCUMEC8MECwKHB4xAIwvACkLzBfAEhIQF
88=RXS05YTDikDlQeWAFQAlRgYUBEjjFoSFAUSACkLCocAawWtABABEgAtAMCSEQgWFBYjgEg
89=QEAgQFtIAKQszDGEaKQFWARmPmxQQxBAUCBIAAF4ZEB4SD9zL0B4bE1eSF1ZiFglhF9MMS
90=iEC1ACnC90LaSS5AJ6KHBQJ/AFQAGkAnYAdFBcBawWMBQAoAQDWFRAMDQwpBS0AFh/SACs
91=AQJYhDBYiNQDzAEvfApQBUgAvAW0ALQwtADeX2xQSy1APDBILaQOVIFEbkwcSABIA1ytzA
92=c73BmsBLxuRAhcibwLrAFoMFQwjCsqFAa0BkErgIjeVABEDkgApAJYAUgARAhEEVheRBFh
93=AWh4MXwvjCisJSsUALQwKnQSgDRMBEwuVAAnCAAw5AWkAqMEODg4UI+kFCoUAEDeSAC0Gy
94=pcACosAAJgfDBodNxWSDBLAICAYEgApC+0ACq8AKwBQB9IAFDLSABYMUi0rGG0A0BbSACn
95=FGBQIEgArAG0ADA8AlBofDhMiP7sOERkjENhQEgQtL2kC1giuAdcFCrkBVQDRAJMEEQRRC
96=9AClguWGFQBVgB3I8qnAWEX1AXSACsKMwEhDVHd0hwOFxoyAMm5CO8F7QAQBxIAGANAlRA
97=cGRQUCBMDVgQKwgAKZwLpCm0AKwELT8RWExAKgQBpAW0ALwFKnQApAJQJkgAWBAtCACkFD
98=AUALgEJ+4AcFxEtiLsJFCnXAhIGFQAdipoSKRfpC92AEgQtwaIeFhYEEgtSABcXFSQYC5W
99=NmxIXF9IGERfXAJcCFzCWApMCkgARAJYAVApWDdUACcIAG5wZEC4AawTtDCkF6QCtABISE
100=gAvAK0ALQGUlA4PNRXpBS0ACrcBKwBKhQArARAQ0QUAmiIOHCEeJdYMSqMADAsALQGKhQA
101=rBO8ESADFAAq7ABHF2BQQFe3gGRARBFaAXhoIvQiSupgVCJ4KVzytDB2ADgIrAdAKFwvvF
102=x1AGBE+yK/JHhkUKhRJBAoXC9E/lsKODgwIQwstCqkJiosAAOAdEhomDikAiAD/AKsBLQe
103=2g1MQEworBMqFAAw9AQqRACkBUhCZOkCeDhYaEBUCUxJKowAMCwAtAY2XAC0A2RKJjQlVn
104=hAbNzOrBZIJ7gEVACoJFgu+CgiaDBQAlgBVABABEgAZl9EELTzWAFIAEgDSAAk1CokLCQk
105=FCRIA0gASF0uHBYpzBpMDVAyVgBoVMxeA4h0SHCkQFwUVI2sKyADFAC8OFwIJ+QLUHFIAC
106=p0A1ARSAA2rARQBUgAMHQAMEQAXDJMFm0iXCssNiqkAEANLQgAUAtIACo8AipcBrMFUEw4
107=XFNQPlSQTBmNYUiAhS4UDCqEBUTsXPW8MnYASBAkjCSsCtQAKdQVMEQAUA5EVkwoSGmkXw
108=NglDhgkDBEAkgAvC+0RVgBSACsAbQApDVQVkgAQD1cCDB8ASpkBEgnSABMKExGKlwApCMq
109=RAA2LAB1DEgjvjBsSDCMALQPUBFEEUgAeU9IIiQgKiwAUAJIAKQFtgBoYFi+IxE9VCNBK1
110=h0b0gwR7lgVDhsPWQCfMK0LSr8BaxeZpI8CHcAOAhAI6QkMRUGaCsAMqgPVAC0fgNAfCg4
111=kCgkZDQDYORAaOhIrCu8LLwyUC8oCACc9VAUQCJaGUhEPfQurCVUS0gAqFGkArQAWBBIAK
112=wBKhQAUAInCAAqXAAqLAAngABAAaQvJZQ0I/QiTCgtCABXA1BIQEwWUAVIBkgARAJ6AVRI
113=QENEGkxDSAZILawBUINIAEwBSABMJV8CaFQwXDJAB0oAaFhdOyBmX0QQfy88CEAjLDxQ40
114=gAQAQ0CAAvRAwJWIg4SGgwWHw4YHRAfF8LmDhgiDhApCA4lCBQgDBPc2BcSFAUBmBUSGBc
115=UHBkWFgBRMtIFVwvqQxAKWxBvFm8ArQAKsQEPCwAvAVMNEgArAEwvAAwfAFQBUgAA1hMQD
116=AwKFQnSACkR7x3KhQASANIAFApWBlIGFQASwBAPDBcgFwsVF1UA1iOWO4GQEAwYFA4cFhA
117=VABMBERHVgBIRMTIrBNYMVyPrC6kAioUAEgSSAAwtAIqjACsASUcOgAFkChgbEhYWEBQhD
118=hAgChIbChYVChAXCisBDAUAFALqgCAZDf8CyrUANAFKfQHrCsqjAAqLAC8BawEKhQAKowA
119=KiwAUCNQJkgnTCg8/AVXe0BoMKwEtABIBicIAIViOFdLSEg4SABEZUQCSDZEC0tRODgoTD
120=FYAVg3KvQBMZwFKaQDK6QArJEpdwBYfDBIXSoEASJlOoDOPYhwIlhPJ3YAmHwoOEUnLABM
121=JVQwXEFYFkgAVNgi6CuIq0AHVBVIALwCMScCcECASAApPAJaalhUK/wvKtUAeJwXUCBYVS
122=pcAFAjJ/wLsCkq5AusASq0BTBEALQG1AAjnEdEL1wvKkQASthISCXEIlIaSEDUJCokAiAV
123=LAAqHEZ8LwKIMFCEMFAdA5B0SKCAUEgAQDGlC6ApCAZeAqCExDJUeFB0RC9DAVBEMFwjRB
124=RYpkQvSACsByoUACrEAb0CWJywJCQsSAZIKrwC1gBsSEgzIk40bEhAE0CFWA1IDEgkUOxI
125=AESJpCysKyoUALwCpCm8X7QDpAIgDxQASOEixiJ4WGIQUEBQQUATpMhEAvQV2CJYAUghVA
126=NUVEgAWAEnCAADYIw4UKA43I8jHExABEAuSC1AAagAsAV9LHx0MKABcAIpxAp5AWgiwCZU
127=DEwBfi9IOKSqRAJbAXBkUEBhSAO0/KQOKn8BcGxgqBhTBSBAAEgAJMc9MCwoVCpAB0gAJF
128=wzWC5IgUQaRAWkAsS/hFa0KjAUADCEBbQwKlwAXHdIACpEACssAJwLpAJcL0sAmIRgIQg8
129=WBBOHJB4IjxKTAFJAGCEMkBDTJRYMUBJTAEnCADUHin0BAI4kCBglCsMFyiRBWhwj0gGtC
130=d8AkxhnF9QArg0XDVQI0gAR1BIPDB8AiIAPij0B0jYVA9EF7AIRAWoALxrAnhoQGiUI1Up
131=aH/7YFhIKvQfSBtYK7RXtAAkXGNQAkJtUEQj8FMBPDA4NMTvMOQFpAJINkAQIAMIAEgwSA
132=A8vABQL0sAmIBYUkSYfFUAUFwvSABULVhDSANUY6RHSDBcSkgAVDBYH0Rl1ACUqC0dBFgs
133=NF7WLYBQfyxwSJghgE4KfFCQcEhwYFBQWFhYVCKUPUQIVMBEBUwESD8nnAtcAicIAEgSSA
134=ZIMGQCnD42vSRoRAtxR0BUMLT/rC6sKHgHWBaECEyOTBlaLjg4KyQdpAUwFAA35AUpVAvM
135=BDBEACo0K5QDRCxIALxfQAFGL4BwItRLQAFYHEgAQDFIGIgAIrgrVMZQI1BlUC9UGEhUvE
136=dMAUgARFBHL0BgIEgAWAFIAFApJ7QFTAFcBUArSACoXQw4TGAYMEgYLEAoOEBIUFBMK6wE
137=QAdIAEy4VOecViIUIUg/UAJIAEAQVBJIAERBSABM9GSAJkxArAG0AFAFJwgAKiQFrDGpAy
138=hekkA4VDBIALwCtCcqvACsAbwCtAAihkdoSEhIQAFwXCN4a6gDVAAwRABQAjMIACRMNCf8
139=C0Au1jBsUFwdVDBUJwNgXFBoZFC8X0RQXOBkF0AERbNcI5lsXGgzXAtcL2SASEuIALxZSF
140=q/7FhcYEgJAxg0UChEYE8BWFxYTAEDGDBQEChASAADKDxQMDxIXNBIDHo9VEBIclARBGBw
141=gHCAmECAAFQtRBR1D2hg6EQUrAG8JqhCrCW0AFg9SAC0A6QCtACkAkAuRF9cOGgAI/BltD
142=ZAGUgApAW0ALwFpIlALlAOXEdIAFILgGQihEdcBSoKAIBoUbBAvAUqXABcMkgAKkQAQBxI
143=ALxfQB9Y0EwuSABTLHhoSCROPXBoTIQi3DRfFHhsUH4CWEBYXlwFXBcqNApQI0gAVBJoAC
144=mcEVguCWBcWCA0UBg0WDBASFRdQC4DGCxICCA4QAEDCCQ4ECQ4Xy8oOFBEL1QMBhgcOEhE
145=aAAQgEgAIlR+vB90AAEwUExYUA5AxEwxSABIIUgAtCQ8FAB0ByOIfwoggCAggCAggCCAaE
146=iAEQAAeQsAGgAFaEhYVEhgWEhISDhIRDhQRDhYTDhwYEBMAQYYOBhAaDBwXEAzCAACiGxI
147=gGTLA3hgQEgAVAYnpAB2A2hAJ4AAJ1wAoAFQBUgAvAUJkHBQkHRQmIBYkHhYQAEDkHhQeG
148=hISAACWFBAeGRMEwFAcGBIQAFKAFBMbAG0AHkBSF0USFwUBnBkSGBUQIBoSEsAaFhASwCA
149=bFBPAYhwSJgQfAIADGBcWFBUUAgkOBAkOAggOBAoQBgsOCAwKCgwGCg0CFsBECRARA4PaF
150=xIkHxgcICYeISYiHxgABCALQgAtBUDWFRAMDQwSAxLACCAIEsAAJAAOQgAQARIAFAFJwgA
151=WAFIAGQsAmwwaGBQUBpIAE0ZUJcwYFQ4RBoCQEAwYFBSFCBI6DBSJoBoUCDbLvAAACcJAH
152=jsMaQsKxUAYNwFKFAAKUQAbC5cLwWEYIh4WIBwUFAgTyt4aFBMKEQvVAAGUFBAIDAgUGRA
153=UAJQFLwFWARqAExARAJAAVwmJ2gDLSIAYFh0M1gZXAi8LLQwpC8DMDgYMDwgTAEDGCxAKD
154=hISAkw/wVAYMBIAKAxtA9WJFhMxD64DVApSAA2CAasBLQASBVERCooBEcCYFhAJ5wCSBVI
155=AEwEWDFUAEwfKv0FiFwv+DEn8AVAAXwy/AIocAEgAkQARBoFiHRQgHBYeGTUAEQCSABcDk
156=4ugGhsQ0gbJwgATzSIcFBUFWwlAoBgkIBgTARIG1QYRAJAAWgAnF+sBAl4dHB4gIhwfJCI
157=fGhYGVw1tDAFICwgKDQQKDiWADAYXy8wPEhAK0gAWE8DGBw4SEhorC4qFABAE0gAXAhIJG
158=ANkG5AAUBtSABAAUgAMBQGVEhcAqgAtCpECCgIAAJcQEhAOFsBSEAwVwBAPDBMH0wuqB6w
159=KURfSACsAScUAFguJwgAJ1AAoAFQBUgAKCwALXQML/wLUBpoAAJ4UJh4UKCRtA+0AFx9SB
160=isAUwTXDICmIBgiHRIlnwFSCFEL3oHdFCsAUQvSACkAmYpRGi0AFCbXAtELCf0CliOAwgg
161=MBgsMFAyvGJbH0hEMFApVG8q5AWsAW6NIIBEC0xGTCVUObQqXA5IAFQGSABIFVACtBWsMV
162=gBSABAClIvcFyOplxAXAVlfWR4o0ABVBJIA1UAaFkxRHgxRB1UMKwotABIKkgAvLZEAifw
163=BUABWAEwCABQBagAOXQMTBloAJTApC96AXRQKvwCRBdaW5B8YMR2G3BYKnQArAG0ALeHYG
164=yAWF6sLivcBIjMXCZMH0DBTC5cL1QApC9AAVgBVOFYPU4HQEAx/Be0CbcMQEAgSABEJlQ5
165=QApcm1hAUCBILScIALQSuAFUGFwveCtVXVxsnVC2RN3FAlhVYDBYJVorWFDU8FQJKwgAKd
166=wKKlwAWCtIAEAHKlAATAFUCUgMQAFIADEsHpQJtC3UALUwdGTypAK8R7QArBkwXAAqdABY
167=LlSNAyAgMFBMWKxVpCa0AFglSACskaQm1jAoQEQvSGZQAkxkVABMJUgAtAYqFACtCkCAAK
168=z0QvFISHBZJ/wFVB5IPKwurBa87KUCUCJ5I0hQC1RdQqmAbHjTUDgnCgBYTHBfUO9QJiAG
169=CABEDipcGCfUAF8CcFg4JzgAMyAAJEQhtCrcX5QwbhZwOKwrIAMUAKwuBoB8cHCAiEBQIE
170=gArAow9ASsBFQDTIhD30hIOE9eUEhAfWt4fP5UikQRUFm0AKwuvAi/O2BwgCGMJFg0TAR0
171=Nkn8WCL4JFBZUCxwAiY8JliRSABQAicIAEQOQAd0eEzHntRoYHgxUAKoAEw3SABYoDG4BI
172=RWKlwARCzIAC2EF6TvNbwAKgQBXCAqCABMIio4ACAD5AWsBCqUBKwlNhQATIsGSERoYHSQ
173=aHiIgFkioCsBeGhQmCQMJiPoJW36bETRaABYIlglbStsImwsJy8AgHhoSBUDYFxQaGRQUF
174=9UNkwERLlIAFBZWCJYKEgAfVxsIyQslC0nIAYnIAB2jVBATEBMrEwNSAZXAGBUODA8ESrc
175=BCosAEwNSAAgA7wAQxNAQDhA/XxrlDMn/AtkL4RfVE5cGqgArCsgAxQApH0gAxQGtLesxA
176=GAhIh4QgBkSFwvJAwmWFVQg6xSpAJMMUwrA4h4aIB0YFQSVABEL0iHfGUEdFBwaFhYWCKc
177=MkwEfi9oUEAoUIwqFAxINie0BSogAEiNRMJEBXRdAmBIaFRARAJIAKQpXDJAMSqcBcwBnC
178=bMATWcCzB0AFgTQA0CWEwwaFhQy5UASEExOEQaaACkL+S/bDGMAbQqNvwFYAeYBFwFpAW0
179=AKw6NvwLvAKkNcQIKfQBTCVIilTAUCzUA1CSUS9waJNIVEgAA4iEeIB8gFg0KAoAZFBMAV
180=A4UOlAAUwESABEX1hSA1hQKEBQQEgAKuQFrAFD9zAwKKwlQDGoAERToAFMVXRgpCwgGhQA
181=RC9eOFhUTOINKDhAEEBIEDA4CDA8CFBQKEA9TBxUJ18dmHhQvCZEAmgAKUwERBpMIqwrtA
182=B2w2wwRGVMOnAFVDApvABcAlACvCwwFABIA0gAvMVAAWgAI1wktA9EYlgrvLyk9awBvmVw
183=ZEy1aC2BAUi0ALBlUBRhAWRojVBoVCdPMWBQIEgApB2sLrQAQARIAEhdVM+8L20BRCIIQk
184=ABWCJQAkABXCZAAUgAXDhIAEABNAgAL0QMUAVIAEwQVI1AAUxAWBBIAFjiSAB2MEQQpBF4
185=H1QnqAAp/C+8AqAcVDNkEWwfAUiYfFgj8i9QgEBSI7w8QApIALwFtACsWzDkBbwCtDOkBS
186=cUAGxAjBC382BweFTDXA5UQgNwgJBgeJBDjmBcSCGsQHAsTIVNAVwirENQLECOUC9YviLF
187=Q3AitERAH0AlRH2vHGBgQEgArAEqFABIMEgAXIxAXlwFPwgARClIALQzP7AAQARAEEi9UB
188=FKADhEbF5nXzgIQFZgRBC0QsQgtFe8UJwgXB1MIpEsWEwuXC/OAYBYQK9YXlB9SB5YhUw0
189=TAG0V1QJVAa8LCr8BaQCK+QFpg50UFwFzAeVD0AjVC8khCOkL0wKSABAEFS6QA1IME3lcE
190=COfC/sqZyqXBFQI0QyWDG8faQddB78fSr/BUA8GEgkzrJQOFwLUCZLAFhUQCE8JkgJTAEr
191=CAAvnAs9dACcBQIwNChAOGO+UEwgKjwCSCdQEUgbKAgA7CJHAoh0WCFESGcmeFh4IuEhUF
192=zgaQZsfLBYkVgxWBxYrEhLSABIBmgAKQQBWAFsK5Q5TAFoACx0ADBEAFwF3F8CbIBYbHi0
193=MHgEAXRQODhcI1zjYBlEPlgxpCxsKwU4CEhEIFhQMFACJwgAQCtcHXUDPFxNQR8gUB0nCA
194=Ao7gA8CG0EONSxTI5MVSdEBiAGXAwrFAYvphhQUFkWOCrHAUBEEEgA3F8qTASEUNRRhFNA
195=LlBKVABQyEABWE9sMSK6Ikh4I/wsJ1wAVCRUJ6SGJwQBUAIrLAAvfAE2vABXwHh4eLQAaj
196=xUQEBeUG5YFif8Gm0BRMzZpFlQL1AdSBJIAKgtbAT83awEvCB+AkQQKhwWvAVYkUgAZDL8
197=ZSt0EpxZKrQFWJFIACpEACosAFARQDrEDoyOfA78EdwvKnwKjC5wJvACtGCkX1sfoIBYTB
198=xYMawEXFBIAKwBKxQALxwZJ3QAbDTwCydQANQwtDMsdABcBUcOODw4WBxU2LSotBi0J6QC
199=ZiY4CKwotAAgA7wAtGZAZ0B5Vo1gVHBrVGa8AlgcqAlUACsUBi+EC0wNSABECCfwBaQvUA
200=InzAKsCrRyrAG8Cyd8CkQdzAEqHAS0YzBEAKQ1NnQAICa8ACJCLlBAUKdMAFAgSAAq/AJf
201=JmBUOCoUAEAEaABEpExzKggAMEQAPHQANbwA1DAvFAww5AV4ECeIATA0AQhsUIBoSIBoSI
202=BoSBEAAA==

[Map]
Theater=TEMPERATE
Size=0,0,65,60
LocalSize=2,4,61,49

[Waypoints]
0=70041
1=55098
98=60056
99=60056

[IsoMapPack5]
1=UA4AIAABQQABAP//AAAABgBAAAIA//8AAEkBQSgpAEIoKwA/AAPhBEAoKQBBKCkAQigpAE
2=MoKwA+AAT5Bj8oKQBAKCkAQSgpAEIoKQBDKCkARCgrAD0ABfEJPigpAD8oKQBAKCkAQSgp
3=AEIoKQBDKCkARCgpAEUoKQA8QCDdID0oKQA+KCkAPygpAEAoKQBBKCkAQigpAEMoKQBEKC
4=kARSgpAEYoKwA7AAftGzwoKQA9KCkAPigpAD8oKQBAKCkAQSgpAEIoKQBDKCkARCgpAEUo
5=KQBGKCkAR0kBTUxAVBICOgAIAD6pATtIAckiPCgpAD0oKQA+KCkAPygpAEAoKQBBKCkAQi
6=gpAEMoKQBEKCkARSgpAEYoKQBHSQFKuRFIyAEDAQIAOQAJryYCADpIAXwVAQICADvIAQED
7=BgA8yAFBGj1IAdUYPigpAD8oKQBAKCkAQSgpAEIoKQBDKCkARCgpAEUoKQBGKCkAR0gBfB
8=UBAgYASMgBAQMCAElIAYwQAgIAOAAK6Rc5KCkAOigpADtIAWIaBQJVGAqMMU0bPdQCTRs+
9=SQFAqSI/yQEBf3gKAEG1AkFUAmgBVQJCSQE/tQJDSAGPEAYARCgpAEUoKQBGSQFGrQVHyg
10=EBAlQYJ70CSVQChwgCAEooKwA3AAvhGjgoKQA5KCkAOkoBfAJAC2c0CwB2qQE8VALRCT1I
11=AcUePkgBbBtFHj/IAVknQEkBQWEIAkkcC04AAABVAkJUAmwbTQVDyAFVI0RIAWwFRT9FyA
12=FdIEZIAWwbTQVHSAHZEUhIAdkRSUgB2RFKKCkASygrADYADPkcNygpADgoKQA5KCkAOkkB
13=e7kcO0kBcqkBPEkBdKkBPUgBwQ8+SAHBDz8oKQBASAHRFEFIAc0FQkgBzQVDSAFwH1VERE
14=gBZB5NG0XIAVUjRkgBzQVHSAHZEUhIAdkRSUgB2RFKKCkAS0gB1Q1MSAHHCDUADfEfNigp
15=ADcoKQA4KCkAOUgByRc6SAHVDTsoKQA8KCkAPSgpAD5IAdkRPygpAEBIAcUIQSgpAEJIAd
16=EUQ0gB0RREKCkARUgBzRBGSAHdCkdIAdEJSCgpAEkoKQBKKCkASygpAExIAdUNTUgB1A0C
17=NAAOAIC1OTVJAXipATYoKQA3KCkAOCgpADlIAc0QOigpADsoKQA8KCkAPSgpAD4oKQA/KC
18=kAQCgpAEFJAXetEEJJAXWpAUNIAd0VRCgpAEVJAX+hBEZIAdkGRygpAEhIAdEUSUgBwQRK
19=SAHVAksoKQBMSAHBBE1JAXq9Ck5IAcMPMwAP7Uc0KCkANSgpADYoKQA3SgH2A2R9XKQn2Q
20=A5VALdFTpIAc0QOygpADxIAc0QPUgBwQQ+KCkAPygpAEBJAXmxFEFIAdEUQkgByQxDSAHZ
21=PURIAcEERSgpAEYoKQBHKCkASEkBgb0KSUgB2QZKSAHdCktIAcEPTEgBwQRNKCkATkkBfq
22=UIT0gBwwQyABD5JzMoKQA0KCkANSgpADYoKQA3SQHz5ykQAO6pATlUAt0KOkgBxRM7SAHB
23=RjxIAcEEPUgBwQQ+SAHdKz9IAdUYQEgBzQVBKCkAQigpAENIAckiREgBzQVFKCkARigpAE
24=coKQBIKCkASSgpAEooKQBLKCkATEgB1XBNSAHVcE5IAdFAT0gB1TlQSAHMEAExABEAIrwj
25=AQECADJJAfS1IzNJAeypATQoKQA1KCkANigpADdJAeqtBThJAfGpATlIAckMOigpADtIAd
26=2vPEgB2RE9SAHNBT4oKQA/KCkAQCgpAEEoKQBCKCkAQygpAEQoKQBFKCkARigpAEcoKQBI
27=KCkASSgpAEooKQBLKCkATCgpAE0oKQBOSAHBGk9IAc1HUEgBwRpRKCgAAjAAEgBMRHoBAA
28=YAMcgBli4SANlTM1QCxSk0KCkANSgpADYoKQA3SQHtqS04SAHVDTkoKQA6KCkAO0gB3Vc8
29=SAHRVj1IAdkGPigpAD8oKQBAKCkAQSgpAEIoKQBDKCkARCgpAEUoKQBGKCkARygpAEgoKQ
30=BJKCkASigpAEsoKQBMSQGApYFNSAEnVgsSACdWCxIAJ9UFEv2DUUwFzRtSKCsALwATeC8C
31=AAAGADBIAW0xAm0xE5kyA2VgEyguBhMAJywGJykANVgG1QI2KCkANygpADhIASeFERP5ET
32=pUAtkROygpADwoKQA9KCkAPigpAD8oKQBAKCkAQSgpAEIoKQBDKCkARCgpAEUoKQBGKCkA
33=RygpAEgoKQBJKCkASigpAEsoKQBMKCkATSgpAE5IAdFLT0gB2TJQSAHVe1FIAdEfUigpAF
34=MoKwAuABT5Mi8oKQAwSQFOfAJmNBQAaAGXZRQA97leM0AEzTE0KCkANSgpADYoKQA3SQHv
35=uQY4KCkAOUgB1Zw6SQHwoQQ7SQHyqQE8SAHJFz0oKQA+KCkAPygpAEAoKQBBKCkAQigpAE
36=MoKQBEKCkARSgpAEYoKQBHKCkASCgpAEkoKQBKKCkASygpAEwoKQBNKCkATigpAE9IAdmV
37=UEgB0TVRSAHRNVJIAcUeUygpAFQoKwAtABVwMm1oLigpAC8oKQAwKCkAMUgBfDYBBAYAMs
38=gBAQUCADNIAcGeNEgByTg1KCkANkgByZs3SAHZETgoKQA5SQH5pTQ6SAHBBDsoKQA8KCkA
39=PSgpAD4oKQA/KCkAQCgpAEEoKQBCKCkAQygpAEQoKQBFKCkARigpAEcoKQBIKCkASSgpAE
40=ooKQBLKCkATCgpAE0oKQBOKCkAT0gBJ94GFQAn3AYnKQBSQAQlbS9TSAHVOVRIAdUjVSgr
41=ACwAFuk4LSgpAC4oKQAvKCkAMCgpADFJAU9gB3Y5FgBoAUFyM1QCJzUHFummNVQCwTs2SA
42=EnNQcW5aI4VQKkcAkiB0MWAJypATpVApqpATtIAckXPCgpAD0oKQA+KCkAPygpAEAoKQBB
43=KCkAQigpAEMoKQBEKCkARSgpAEYoKQBHKCkASCgpAEkoKQBKKCkASygpAEwoKQBNKCkATk
44=gBJSE2T0gByThQKCkAUSgpAFIoKQBTKCkAVEgBweBVSAElfTFWSAHDJSsAF3AnbXMsKCkA
45=LSgpAC4oKQAvKCkAMCgpADEoKQAySAFsPFF3M0gB0a40SAHBqTUoKQA2KCkAN0gBzao4SA
46=EnLRwX5T86VQKfeBQiDUQX5T88VQKetQI9SAHBGj4oKQA/KCkAQCgpAEEoKQBCKCkAQygp
47=AEQoKQBFKCkARigpAEcoKQBIKCkASSgpAEooKQBLKCkATCgpAE0oKQBOSAEnLRwX+XRQVA
48=LZPVEoKQBSKCkAU0gBJQ0jVEgB0R9VKCkAVigpAFcoKwAqABhkJnk9KygpACwoKQAtKCkA
49=LigpAC8oKQAwKCkAMSgpADJJAWNlCwZPtRgAUqkBNFQCaAEBAQYANUkBULUCNsgBRYE3SA
50=HVRDhIAdl/OUgB0UA6SQGleAZnPxgALKkBPFUCiCSFJz1JAS21Aj5IAd2DP0gB3YNASAHV
51=REFIAcElQkgBJak8Q0gB1QJEKCkARSgpAEYoKQBHKCkASCgpAEkoKQBKKCkASygpAEwoKQ
52=BNKCkATigpAE9IAdFAUEgBJbU4USgpAFIoKQBTSAElOS5USAHJF1UoKQBWKCkAVygpAFgo
53=KwApABlkJnFAKigpACsoKQAsKCkALSgpAC4oKQAvKCkAMEgBmDIiziUZAJgydL0nKQAzQQ
54=SGczUGADRIAZA1f0EZAKJ3EAYANlQCaENVhjfIAUn+OEgByUM5SAHBiDpIASWhJTtJAYV8
55=CiKkV8MaAwA9VQIxfwoCAD5IAZsRAgA/SAGDDwIAQEkB+CQhIEFIAd2OQkgB1U9DSAHVT0
56=RIAd0rRSgpAEYoKQBHKCkASCgpAEkoKQBKKCkAS0gBJak8TEgBwQ9NSAHVDU5IAdUNTygp
57=AFAoKQBRKCkAUigpAFMoKQBUKCkAVSgpAFYoKQBXKCkAWCgpAFkoKwAoABqzbAYAKUgB3T
58=YqKCkAKygpACwoKQAtKCkALigpAC8oKQAwSQEweDJ1RBpgAQIAAAcAMlQCjQEHVYYaWAFQ
59=AXdEGgAuRQEAd0QaAKGpATZMBSJgKFUCN8gBQYg4SAHNJjlIAQGXAQAAVQI6yQECdoYaAI
60=APdETAD3REJykAPkwFZgwAA1ZEGgDNR0BUAsFGQUgBwVFCSAHBUUNIAcFGREgB1TlFKCkA
61=RigpAEdIAdFWSEgB3RVJKCkASkgByUNLSAHdCkxIAdUNTUgB1QJOSAHRCU9IAdEJUCgpAF
62=EoKQBSSQFXUBtdr1NJAVRIAVknVMgBVQJVSQFTtQJWyAFVAlfIAU0FWMgBVQJZyAFVAlrI
63=AVcCJwAbfAdtiShJAYNgcm1HG7tIBwAqVQIpawQHACsoKQAsKCkALSgpAC4oKQAvKCkAMC
64=gpADFIAYxSbkcbAIQ0b0cbAImhDzRABIzAb0cbAJtgD2aMGwCPwAYAN0AEeEhRjThIAWFG
65=AyI+KRsAaQEEIkRsqAEBBQMAO0AEixcDADxIAYAPbEfBDwNEjNAfbEcnKQBATAXZSEFIAZ
66=sGAgBCSQGYuVNDSAHFSkRIAcE7RSgpAEZIASX9K0dIAc08SCgpAElIAcFGSkgBxQhLSAEl
67=KU1MSAHZBk1IASXlM05IAdUCTygpAFAoKQBRSAFiRgIGSvgbAGgBAQMGAFNUAiNrVQYAVE
68=gBbCpRQFVIASNzKgYAVkgBIyUxBkoGGwDJAVgoVQBZKCkAWkgBI6sxBgBbSAHTCSYAHIQB
69=XQonKCkAKEkBg6E7KUkBKGgEZUocsUsIRUocXJRZAghEAicpAC1MBZ02CFyIJ1UAL1QCgU
70=YIQYIcsY0HXX0cVAhECGVKHFwFiQEzTAWIOHWRHLxMBwYANQAcAC4CAAARAADIDwAgAAIA
71=BgA2ABwALgIAAAEGADcAHABjAEMABgA4SAEFlwEAAAYGADnIAQEHBQA6yAEBCAQAO0kBKU
72=gFAQAEADxJAS2pAT1JASprAQMAPkkBLKkBP0kBhkgMAQADAEBIAZsGAwBBKCkAQkkBmFQN
73=AQQCAEPIAQEFAgBESgH3A0sIAgBFSQHvqQFGKCkAR0kB7rUCSEoB//+NBUlJAfO1AkpJAe
74=2pAUtIAcEETCgpAE0oKQBOKCkATygpAFAoKQBRSQFbRAxBJVJIAUQBWiMAU0kBe28bBgBU
75=SQF0qQFVSQFyqQFWKCkAVygpAFgoKQBZKCkAWigpAFtJAXalCFxIAdcNJQAdhAFdNiYoKQ
76=AnKCkAKEkBg7kGKUkBKHcFBwAq6wEIACtIAZsyCQAsSQGHbwUJAC0oKQAuSAGXOQkAL0gB
77=lzkIADDrAQcAMUkBMn8KBgAySQGMZwgGADMoKQA0SQEuoQQ1aAFBBAN+TB0AfUwEfEypAQ
78=V/TB0Aoq0FOUwFaU4KfkwdAGoBCwVdTB1UE0UEBV1MHUQZSwEEAD1NBTFEAUVKPkkBMKkB
79=P0gBjRsEXkwdAJ1MBFxMJykAQkEEmV5MAAVeTB0AaAFVOURVAlBlCAZeTB0AaAEBAQIARl
80=QCwUZHSQH1uUhISAHVAklIASefCR0A6qEES1QCzVJMSAHNBU1JAVmpDE5JAVKpAU/IAU0Q
81=UEgBcEsBAgYAUcgBTSZSSAFoBVk9U0gBJ58JHQByUCpVAlVUAskBVigpAFcoKQBYKCkAWS
82=gpAFooKQBbKCkAXEgByU5dSAHDDyQAHoQBVQ0lKCkAJigpACcoKQAoSQGDpRMpSAEn9gke
83=AIgBd08eAIRgBHRP3QoKXDsnKQAuWQaKoQQvSAEn9QkepD93Tx4AiWAEd08eAKRsE3dPHg
84=CcqQE0WAbJATVJAZ61AjZIAXVPB3VPHoFRCHdPHgCfoQQ5QQSYqQE6SAHZBjtIAZgRdU8e
85=SF9EBHdPHgCHbRAEVZweWBeVAj9MBZgcdU8eVGtVAgVVTx6jUQUAQkAEaU4CdE/FHgZUnC
86=cpAEVABHZPBAZVTx6AUVmgR1QC3UxISQHsvUxJSAHJTkpIAdGjS0kB8aEETEgBJ/cJHgBf
87=VBFJOE5UAmQBSQFPKCkAUEkBfGAadk8eANGYUlQCyQFTSAHdTFRJAXetBVVIAdUCVigpAF
88=dIAcEEWEgBwQRZKCkAWigpAFsoKQBcKCkAXUgBwVFeSAHfFSMAH4QBSRckKCkAJSgpACYo
89=KQAnKCkAKEgBJ00KH6BRZKLIAW1SH0SdSAtvUh8AjWwbZKInKQAuRAicmWWiH6BRZKLIAW
90=1SH6hDbVIfvEFtUh+zQAYANEQIj6oGADVJATFoDGSiWAZIAVl/N1QCyVk4SQGbVBFZHDlJ
91=AZ2pATpJATJoAWaiHwCYEW1SH7WnBUSi1SMFTFJcCm8FBAA/WAaQo2xS2BxtUh9ctUQEbl
92=IfAJVEBkSixAhsUicpAEVFCE5IBVkRRsgBUaNHSAHJ80hIAcFRSUgB2e1KSAGfCgIASygp
93=AEwoKQBNSAFsUlEfTkgBZAxJDE8oKQBQSQF/VCNVAlFIAcVKUigpAFNJAXWhBFRIAcUIVU
94=gB2QZWSQF5oQRXSAHBBFhIAcEEWUkBcqEEWigpAFsoKQBcKCkAXUgB1Q1eSAHRCV8oKwAi
95=ACCQAl0VIygpACQoKQAlKCkAJigpACcoKQAoSAEnpQogKKQKyAFnVSAAMnEMCEFLIEj5TQ
96=EIWE0nKQAuRQgrUgIACEVaILREZVUguFNlVSBcBUUEB0AJ1AJlVSBA/FQCZVUg+as1UAll
97=VQNkVUwFQCVBkzfUAoz32xEFADlVAo5ABEHrOkgB2VM7SAGUWmZVIACIWWRVwCVlVSBEGU
98=EPBUVVIP2kQFgGjPdkVcQTZFXYBmRVJykAREwFXAciJSZFKCkARkgBcFZdFUfIAUGpSEgB
99=walJSAHRVkpIAc2qS0gBJ+0eIL9iAgBNVQJebwwGAE5IAWQBTTxPKCkAUCgpAFEoKQBSKC
100=kAU0kBfXQjIowoJ+kCVVQClzkFAFZIAdknVygpAFhJATN7DQUAWUgB1f9aSAHRYVsoKQBc
101=SQFyqQxdKCkAXkgBwalfSAFsCUkXYCgrACEAIZACVQIiKCkAIygpACQoKQAlKCkAJigpAC
102=coKQAoSQGDrRApSAGM4WWtIahZfVch9acsQQQyaQ8HXVEhqVkHQFYnKQAvQASJWQdIUydV
103=ADFUApBLfVchTFhICH5XIQAlGSo04ARnrSEAplwDTRs2VAJpWQd2/yEAaAGX/yEAi3wVfV
104=chJCghIu4pIQCU/2WtIflTPEUIiK0FPUgBkLl9VyFAbUwMfFfPEAUAQEAEmBF9VyEopBUn
105=qQVDQARQBnFWRCgpAEUoKQBGSQFPZwQGAEfIAVGuSEgB0a5JSAHJ/kooKQBLSAEn9R8hKP
106=4KIQB8V4StJw0CT0wFZAxVI1AoKQBRKCkAUigpAFNIAcmmVEkBen8gBgBVSAHZJ1ZIAcF9
107=V0kBmmMLBQBYSQGFbAV/VyEAgWsBBgBaVAJ8A0EPWygpAFxIAcFcXUgBwVxeSQFyuQZfSA
108=HJWWBIAcUIYSgrACAAIpACXQohKCkAIigpACMoKQAkKCkAJSgpACYoKQAnKCkAKEgBJ1UL
109=IqhZdFrIAXVaIihUC8gBdVoi+VMuRAidQQZRRSLlVTBUApV7BlCzyBd1WiKsUnRa1AJ0si
110=cpADVYBpwcdbIiiVkKdFongQA4QAQjaDR1WiJUa1QFdVoi6Vk7QAQjTCB3siIAzCK7KAYA
111=PVQC1Tk+SAFRBgBRuT8oKQBAKCkAQUgBwTtCSAGMBXSyJw0CRChVAEUoKQBGKCkAR0gBYF
112=xBtEjIAUG0SUgBJdEgSigpAEsoKQBMKCkATUgBIsE0AXSyJ+EBT1QC2RFQKCkAUSgpAFIo
113=KQBTKCkAVCgpAFVIAdknVkgBwX1XSQGhYAt1WiJYOEwBdVoiJLkoBVRaJykAW0wFgzsFAF
114=xJAYG9V11IAVAGbX5eSAHZaV9IAc1dYEkBeK0FYSgpAGJIAd9tHwAjgAhBXCAoKQAhKCkA
115=IigpACMoKQAkKCkAJUgBJZkvJkgB1Q0nSAHFayhIASetCyMorQsjpB5tXSNQtFgQIgUiI7
116=hebV0jJtEgLkQIWAN5HC8oKQAwSQEveAJtXSOkoiKtLCNIX1gCbl0jACOESG1dI7BWZLgn
117=xQM2RAhEBX0KNygpADgoKQA5SAHdNjpIAcFcO0kByqFcPEkBw6kBPUgBzQU+SAHNPD9IAY
118=gMZLjAD2S40B8iBCLIFyL8NsAEIqwsJykAReQIIvw2J1UAR1QCJVVNSEgBJe0/ScgBAQEG
119=AEpJAVNnDwYAS8gBVQJMSAFgXAECBgBNyQEDbF0nXQFPVAJ0Bl1BUCgpAFEoKQBSKCkAUy
120=gpAFRJATJ9BgVFuCO0kSIEIsM7BQBXQQSloQRYSAGPBQQAWUgBkZgETF3fIAQAW1QCgDtt
121=XSPxYV1UAiMZNQVDzyMAlCTFRV9UAmgBAQEFAGBIAWQMSRdhKCkAYigpAGMoKwAeACSIBU
122=0FHygpACAoKQAhKCkAIigpACMoKQAkKCkAJUkBgbFsJkgBgwsGACdIASV9JihJAYOhBClI
123=AYwbdb0kJokiK1QCJV0iLEgBJTEiLUgBhUoGWWMk6VkvVAKTSwYAMEgB1Q0xSAGUp2RgzR
124=sHTWIk/cU0QAScCmRgwAR0vScpADdABNEJOCgpADkoKQA6KCkAO0kByblePEgBJwQMJzEB
125=PlQCwb8/SAGcCmdgJACgbAFlYCQmQSRCQASIF2RgJwUBRFQCaAVFNEUoKQBGKCkARygpAE
126=goKQBJKCkASigpAEsoKQBMKCkATSgpAE4oKQBPKCkAUCgpAFEoKQBSKCkAUygpAFRIAcUe
127=VUgBiBdkYMAaZGDPMQQAWEAEjDFlYCQksD1lYCSkomRgyUMEVL0nKQBdWAaVRARFYCSEYA
128=EDBABfVAJlYARkYLQCAQUGAGFVAkFzEAYAYsgBAQEGAGNJAUK1AmTIAVcCHQAlbAJ5oB4o
129=KQAfKCkAICgpACEoKQAiKCkAIygpACQoKQAlKCkAJigpACdIASdeDCUAJ10MJeVVKkAEkY
130=IGWWMlTFhTEwYALFQClYYGQbklpIx8YieBAC9ABCUNTzBIAVAGYRoxSAGcbXxiJ60AM1QC
131=zQU0SAHNBTUoKQA2KCkANygpADgoKQA5SQHOpWA6SQHCqQE7SQHFqQE8SAEnXAwnfQU+VA
132=KIeiJtLyVEGUgPf2IlAKFFAQB9YiVIHUwBZcMlRHyJAUNYBkABYRpEKCkARSgpAEYoKQBH
133=KCkASCgpAEkoKQBKKCkASygpAEwoKQBNKCkATigpAE8oKQBQKCkAUSgpAFIoKQBTKCkAVE
134=gBxR5VSAEluTNWSAGQmH1iJbz8fWIlJMA0fWIlJGg/fGLJQwNEw8U/A11iJVhDUyIDAF1Q
135=CZ1iA11iJZ5iBgNcYqoBBwJEw6oBCAJeYiUAfmICAlxiqgEDAl9iJQBCTAkBAgIAZFEJQk
136=gBVQJlSQFDSAEDAQIAHAAmQAFLAAYAHSgpAB4oKQAfKCkAICgpACFIASVtJCJIASXdUyNI
137=ASWZJCRIAdUCJUgB1QImSAHVAidIASWFSChIAclZKUgBg4gGACpJAS9My114K2gBTBRJpi
138=xIAcEELUkBorUCLkgBxQgvSAHBBDBIAXwDWQYxKCkAMkgBzQUzSAHNBTRIAc0FNSgpADYo
139=KQA3KCkAOCgpADkoKQA6SQHPqWQ7SAHRCTxJAc21Aj1JAcipAT5IAcEEP0gB2atASQGleA
140=J3ZSYAhVAfQWdCVAJwAlUYQygpAEQoKQBFKCkARigpAEcoKQBIKCkASSgpAEooKQBLKCkA
141=TCgpAE0oKQBOKCkATygpAFAoKQBRKCkAUigpAFMoKQBUKCkAVSgpAFZJAYq5HFdIAZhpdW
142=UmoIh1ZSa3pwMAWkAEkDV0ZdBWdGXBBAJVZSahZwJVZSaWZQkCVGWpAQp1ZSap0gJUZcQI
143=dGUnKQBjSAyILXRlJ1UAZShVAGYoKwAbACeIBVkyHCgpAB0oKQAeKCkAHygpACBIAcFnIU
144=kBcnMfBgAiSAHRYSNIAYELBl7YJwDByiUoVQAmSAEl7T8nSAHFCChIASVZMilIAWFnBm5o
145=JwBpAQdlzieokGXOJyb5Zy1NBZl4DWTOJ0EDL1QCcAJNGzAoKQAxKCkAMigpADMoKQA0KC
146=kANSgpADYoKQA3KCkAOCgpADkoKQA6KCkAOygpADwoKQA9KCkAPigpAD9IAYxHZs4nAMmx
147=QVQCJWEzQkgBwRpDKCkARCgpAEVJAaRkBCItMickACciNEknSAQCSAAnAAARAAC3DgAgBg
148=AAAAAGAEkAJ1wASAABBgBKACcpAEsoKQBMKCkATSgpAE4oKQBPKCkAUCgpAFEoKQBSKCkA
149=UygpAFQoKQBVKCkAVkkBMVQRAQAFAFdJAS2pAVhJASprAQQAWUoBiQJPAQMAWkgBQAECAA
150=ADAFsoKQBcSAGHCAIAXUgBhwgCAF5JAaBzBQIAX0kBmKkBYEkBmakBYUgBZAEBAAIAYigp
151=AGMoKQBkKCkAZSgpAGYoKQBnKCsAGgAojAkBAAYAGygpABwoKQAdKCkAHigpAB8oKQAgSQ
152=F/exwGACFJAXepASJJAXKpASNJAXSpASRIAdUCJUgB1QImSAHVAidIAcUIKEkBdbkGKUkB
153=L0gBAQwGACrIAQENBgAryAEBDgYALMgBAQ8GAC1JAaNrGgYALkkBmqkBL0gBZAFZHDAoKQ
154=AxKCkAMigpADMoKQA0KCkANSgpADYoKQA3KCkAOCgpADkoKQA6KCkAOygpADwoKQA9KCkA
155=PigpAD8oKQBAKCkAQSgpAEIoKQBDKCkAREkBLkAlWRxFyAEBAQYARsgBAQIGAEdJAaZjIQ
156=YASEkBLUwFQQRJyAFBBEpIAXwDRQhLKCkATCgpAE0oKQBOKCkATygpAFAoKQBRKCkAUigp
157=AFMoKQBUKCkAVSgpAFYoKQBXSQGKUBQBAAUAWEgBJ2UNKEBBWBRnaygAMkQBUWFbQQQzqQ
158=FcSAFkAV1tXUkBi2QIZmsoAIhDZ2soAJtnBAIAYEEEnakBYUgBZAFRCWIoKQBjKCkAZCgp
159=AGUoKQBmKCkAZygpAGgoKwAZACmYClEqGigpABsoKQAcKCkAHSgpAB4oKQAfKCkAICgpAC
160=EoKQAiSAHVcCNJAXJnHgYAJCgpACUoKQAmSAHFaydIAYkTBlYVKQDFCClVAnilCCpJAXap
161=AStIAXVwFH5tKQBpARV8bakBFn9tKQCfdwkGAC9NBZ6pATBIAWQBUR8xKCkAMigpADMoKQ
162=A0KCkANSgpADYoKQA3KCkAOCgpADkoKQA6KCkAOygpADwoKQA9KCkAPigpAD8oKQBAKCkA
163=QSgpAEJJAaB7GAYAQ0gBzRtESAF8bQEDBgBFyQEEfm0pAHUCBX5tKQBwbFUCSEAEaAFVAk
164=nJAQZk2aAEAQcGAEtUAmQMQSVMKCkATSgpAE4oKQBPKCkAUCgpAFEoKQBSKCkAUygpAFQo
165=KQBVKCkAVigpAFdKAZUBVBB+bSkAaQEBZNmpAQJ8baoBAwJE2UQ/SAVVZVxZBo50RGTZUB
166=+1Al5UAmQBQQRfKCkAYCgpAGEoKQBiKCkAYygpAGQoKQBlKCkAZigpAGcoKQBoKCkAaSgp
167=ABhBhVVzEAoAGUkBVKkBGsoBAQpW3ioA1QIcKFUAHUkBU60FHsgBTQUfSQFStQIgyAFVAi
168=FJAVC1AiLIAU2qI0gB2WkkSAHBciUoKQAmKCkAJ0kBengndHCMnCK9IylUAngKXUEqSQF9
169=oQQrSAFpbxp1cCqVcBt0cKkBHHdwKgClfAZ0cCcxATBYBnACUQkxKCkAMigpADMoKQA0SQ
170=FYcwUKADVIAcUeNsgBRR43SAHRKjhJAVGtBTnIAVEfOkgBcAJVDTtKAcwDUwEGADxIAUAB
171=bRs9KCkAPigpAD8oKQBAKCkAQSgpAEJIAc0bQ0gB0QlEKCkARUgBaG9ZaUbJAQh1cCqUcE
172=kBSFQCdHABCQYASckBCnRwoQQLdHAnzQRMQATJDE0oKQBOKCkATygpAFAoKQBRKCkAUigp
173=AFMoKQBUKCkAVSgpAFYoKQBXSAFpbwR1cCqUcAEFBQBZ1AIBBgIAWskBB3Rw3xUCAFxUAp
174=wVdHAnVQBeKFUAXygpAGAoKQBhKCkAYigpAGMoKQBkKCkAZSgpAGYoKQBnKCkAaCgpAGko
175=KQBqKCsAFwArjBQBAAoAGCgpABkoKQAaKCkAGygpABwoKQAdKCkAHigpAB8oKQAgKCkAIS
176=gpACJIAXh0AQQKACPIAUmxJEkBe6VrJUkBcqkBJkgBJ4UcK7wVbHMnKQApQASYAiJFKiv9
177=5itUAtHlLEgBeXQhbXMrmXQibHOpASNscycxATBMBdEJMSgpADIoKQAzKCkANEkBPHAFb3
178=MrAM5nawoANlUCxqkBN0kBxKkBOEoBAARTBQoAOcgBj3MrAMJjBAYAO1UCw6kBPEgBRAWs
179=cydlAj4oVQA/KCkAQCgpAEEoKQBCKCkAQygpAEQoKQBFKCkARigpAEdJAaZkDyJFKiuZdA
180=1sc6kBDmxzqQEPbnMrAM0FTFgGdAZFjE0oKQBOKCkATygpAFAoKQBRKCkAUigpAFMoKQBU
181=KCkAVSgpAFYoKQBXKCkAWEgBeHRNiVnJAQpsc9gnbHMnKQBcQAScFWxzJ1UAXihVAF8oKQ
182=BgKCkAYSgpAGIoKQBjKCkAZCgpAGUoKQBmKCkAZygpAGgoKQBpKCkAaigpAGsoKwAWACyY
183=FVl0FygpABgoKQAZKCkAGigpABsoKQAcKCkAHSgpAB4oKQAfKCkAICgpACEoKQAiSQFOdB
184=BmdiwAaAFdVyRUAsHrJUgBJbU4JkgB0XcnSAHVcChIAWAIVUQpKCkAKigpACtJAYGtfixI
185=AdFLLUkBL1UCKGR23CBkdicpADBABN0KMSgpADIoKQAzKCkANEgBZnYCBlXpLFPgAAADZ3
186=YsAD5rCAoAN0EEz3dwCgA4SAFldgJkdlQNUHcBAwYAOlUCxWAEZ3YsAMepATxUAmAITRs9
187=KCkAPigpAD8oKQBAKCkAQSgpAEIoKQBDKCkARCgpAEVJAVdMDEn+RkgBdKddQUfJAQFndi
188=wApEAETRBJVAIjrEJmdiwAJd09S1QCfANBBEwoKQBNKCkATigpAE8oKQBQKCkAUSgpAFIo
189=KQBTSQFdYwsGAFRJAUKpAVXIAUUTVkkBQLUCV8gBVQJYSQFHdQICVOkBLAD//0wBZHZILU
190=UBAGR2JykAXEwFcAJVAl0oKQBeKCkAXygpAGAoKQBhKCkAYigpAGMoKQBkKCkAZSgpAGYo
191=KQBnKCkAaCgpAGkoKQBqKCkAaygpAGwoKwAVAC2EF1E1FigpABcoKQAYKCkAGSgpABooKQ
192=AbKCkAHCgpAB0oKQAeKCkAHygpACBJAX5AZ0EPIUgBkxAKACIoKQAjSAF8eFHwJMgBUfAl
193=SAGPBQYAJkgB3fEnSAHR8ChIAcEEKSgpACooKABKxACiZAQiVSwtme0tZO+pAS59eC3pxy
194=8o2QAwKCkAMSgpADIoKQAzKCkANCgpADVIAWh6SRc2SQE+QA9VezfIAVV7OEkBSFQCWV45
195=SAFkAUkBOigpADsoKQA8KCkAPSgpAD4oKQA/KCkAQCgpAEEoKQBCKCkAQygpAERIAXB3TY
196=lFyAFFE0ZIAZteCgBHSAFoek0xSMgBQRpJSAElET9KSQGWbBdm7y0AJc07TFQCcAJBGk0o
197=KQBOKCkATygpAFAoKQBRKCkAUkkBRWsIBgBTygEBAl54LQB8eAECAgBVVQJCQAQBAwIAVk
198=kBQEgBAQICAFfIAVUCWEgBlBh9eC0oHA/YXnx4JykAXEwFQggAAGTvJ1UAXihVAF8oKQBg
199=KCkAYSgpAGIoKQBjKCkAZCgpAGUoKQBmKCkAZygpAGgoKQBpKCkAaigpAGsoKQBsKCkAbS
200=grABQALpAYRWsVKCkAFigpABcoKQAYKCkAGSgpABooKQAbKCkAHCgpAB0oKQAeKCkAH0kB
201=fKl6IEgBj+wKACFIASP0VnZ7LgCY7Xf0LgBLexQKACRABGgBUa4lSAGECHZ7LgCHCAYAJ1
202=QCyQEoSAGSCQYAIuxAkAkiXi0uACXFRStABCPwW3V7LpV7M3R7qQE0dHvUI3T0JykAMFgG
203=dBFFVTEoKQAyKCkAMygpADQoKQA1KCkANigpADdIAWB9SWQ4SAHdCjkoKQA6KCkAOygpAD
204=woKQA9SQEyfQYFRf8uJKslBQA/VQIztQJASAFkAV0VQSgpAEIoKQBDKCkAREkBPXMFCgBF
205=SQFBqQFGyAFB9kdIAcmQSEgBxSlJSAEj3FN29C4AI9xTdHsnzQRMQARsCU0QTSgpAE4oKQ
206=BPKCkAUCgpAFFIAd3xUkgBdHtFdlNIAdl0VCgpAFUoKQBWKCkAVygpAFgoKQBZKCkAWkgB
207=hBN0e9wVIsw7JykAXSiBAF4oKQBfKCkAYCgpAGEoKQBiKCkAYygpAGQoKQBlKCkAZigpAG
208=coKQBoKCkAaSgpAGooKQBrKCkAbCgpAG0oKQBuKCsAEwAvlBxBfRQoKQAVKCkAFigpABco
209=KQAYKCkAGSgpABooKQAbKCkAHCgpAB0oKQAeKCkAH0gBk/AKACBJAXK5fyEoKQAiSAGI82
210=1+L4x+WcwkVAJsfgEDBgAlSAElkS4mSAGECG1+L/l/KChUACIUUZAJbX4vJIReInZnLwAn
211=zQ8vjX45bX4vJsApUH/o0lgDryYGADBcCo8BBgAxKCkAMigpADMoKQA0KCkANSgpADYoKQ
212=A3KCkAOCgpADkoKQA6KCkAOygpADwoKQA9SQEqfBFsfsE7BUx+JT9qBQBAQAR8A11tQSgp
213=AEIoKQBDKCkAREgBbH5NqkVIAW1+AiK2WS8AaAFVLkdUAtEJSEkBpWwBIiw9wA9sficpAE
214=tABHwDQQ9MKCkATSgpAE4oKQBPKCkAUEgBdHtZBlHIAQEBAgBSSAHBfVMoKQBUKCkAVSgp
215=AFYoKQBXKCkAWCgpAFkoKQBaSAGQFGx+yBdsficpAF0ogQBeKCkAXygpAGAoKQBhKCkAYi
216=gpAGMoKQBkKCkAZSgpAGYoKQBnKCkAaCgpAGkoKQBqKCkAaygpAGwoKQBtKCkAbigpAG8o
217=KQASRFiHHgoAEygpABQoKQAVKCkAFigpABcoKQAYKCkAGSgpABooKQAbKCkAHEgBi/MKAB
218=1IAZPwCgAeKCkAH0gBkHdlgTCwd3b/MAAj3D12/zAAkHdngTAAT2wXdP+oAUVVJUQIcAJB
219=RiZIAZiKZIHQCSJUTScpAClABJAJZIEIMAAAAAAAAAYAKwARAACLDgAgATAAnwBAAAQGAC
220=wAMACeRAEBAAYALUkBLKkBLkoBiAJPAQYAL0kBLUQBQQQwSAFkAUkBMSgpADIoKQAzKCkA
221=NCgpADUoKQA2KCkANygpADgoKQA5KCkAOigpADsoKQA8KCkAPUkBMX8RBQA+SQEpqQE/SQ
222=EwqQFASAFkAV0VQSgpAEIoKQBDKCkARCgpAEUoKQBGKCkARygpAEgoKQBJKCkASigpAEso
223=KQBMKCkATSgpAE4oKQBPSQFddxQGAFBJAUVIAQECAgBRSgH//24BAFIoKQBTKCkAVCgpAF
224=UoKQBWKCkAVygpAFgoKQBZSAFUCgIAAAIAWigpAFsoKQBcKCkAXSgpAF4oKQBfKCkAYCgp
225=AGEoKQBiSQEjb0cCAGNIAdUNZCgpAGUoKQBmKCkAZygpAGgoKQBpKCkAaigpAGsoKQBsKC
226=kAbSgpAG4oKQBvKCkAcCgqABEAhEcCAAAKABIoKQATKCkAFCgpABUoKQAWKCkAFygpABgo
227=KQAZKCkAGigpABsoKQAcSQF7dyMKAB1JAXKpAR4oKQAfKCkAIEkBdaEEIUgBhykKACJJAY
228=G1AiNIAdUCJEkBT0wBAQQKACXIAQEFBgAmSAGXDQYAJ0gBlw0GACgoKQApKCkAKkkBdn8K
229=BgArSQGlUAlBZyxIAdGCLUgBh2sGAC5IAX4DAAdfgzEAi7kGMPUCBkAB3ysGADJQAY8FBg
230=AzKCkANCgpADUoKQA2KCkANygpADgoKQA5KCkAOigpADsoKQA8KCkAPSgpAD4oKQA/KCkA
231=QCgpAEEoKQBCKCkAQygpAEQoKQBFKCkARigpAEcoKQBIKCkASSgpAEooKQBLKCkATCgpAE
232=0oKQBOKCkAT0kBS3wnfoMxAGkBAX6DMQAnfBAnKQBTTAXVAlQoKQBVKCkAVigpAFcoKQBY
233=SAFkDFGCWSgpAFooKQBbKCkAXCgpAF0oKQBeKCkAXygpAGAoKQBhKCkAYkkBJGBGf4MxAB
234=2pAWRVAhmpAWVJAR+pAWZIAcUTZygpAGgoKQBpKCkAaigpAGsoKQBsKCkAbSgpAG4oKQBv
235=KCkAcCgpAHEoKQAQRFiPEAoAESgpABIoKQATKCkAFCgpABUoKQAWKCkAFygpABgoKQAZKC
236=kAGigpABtJAXx/IAoAHEgBkHd2hjIAygEeACcpAB8oKQAgSAEn1RAyhBdVnCJUAo8BCgAj
237=KCkAJEkBTXgCdoYyAGkBAXeGMgB/YA93hjIAd6kBKE0FcqkBKUgB1QIqKCkAK0kBeqEELE
238=kBhakBLUgBZAxJhS4oKQAvSAEn1RAynANRjTFUAowBdIYnVQAzKFUANCgpADUoKQA2KCkA
239=NygpADgoKQA5KCkAOigpADsoKQA8KCkAPSgpAD4oKQA/KCkAQCgpAEEoKQBCKCkAQygpAE
240=QoKQBFKCkARigpAEcoKQBIKCkASSgpAEooKQBLKCkATCgpAE0oKQBOKCkAT0gBaYUCdYYy
241=lYYDdYYyKNQQJykAU0wFJ9QQJ1UAVShVAFYoKQBXKCkAWEgBkzUCAFkoKQBaKCkAWygpAF
242=woKQBdKCkAXigpAF8oKQBgKCkAYSgpAGIoKQBjKCkAZEkBIn9MAgBlSAHZEWYoKQBnKCkA
243=aCgpAGkoKQBqKCkAaygpAGwoKQBtKCkAbigpAG8oKQBwKCkAcSgpAHIoKQAPXN6HEwoAEC
244=gpABFIAYDrIgciMwCGdxgKABNUAskBFCgpABVIASMPLgoAFkgB0QkXKCkAGCgpABlIAdWG
245=GkkBeL0KG0kBcqkBHCgpAB0oKQAeKCkAHygpACAoKQAhSAEjeCAiBSIziBBZiiNUAo8BCg
246=AkSQFObAFuiTMAaAGMicwFbIknKQAoTQWBexEGAClIAQWXAQAAAQYAKsgBUVYrSAGcICKE
247=MiVYMSKEMscIBwAuQARwDVmKL0gBI7chBgAwSAEl3TIxSAGMJmyJ2AYiBCInKQA0QASHCA
248=YANSgpADYoKQA3KCkAOCgpADkoKQA6KCkAOygpADwoKQA9KCkAPigpAD8oKQBAKCkAQSgp
249=AEIoKQBDKCkARCgpAEUoKQBGKCkARygpAEgoKQBJKCkASigpAEsoKQBMKCkATSgpAE4oKQ
250=BPSAF0OUG0UMgBIwUiMygsEScpAFNABCcsESdVAFVUAostAgBWKCkAVygpAFgoKQBZKCkA
251=WigpAFsoKQBcSQEnb0cCAF1IAd0KXigpAF9IASUBMmBIAcEEYSgpAGIoKQBjKCkAZEkBJr
252=0KZUgB2QZmKCkAZygpAGgoKQBpSAHZEWpIAdkGaygpAGwoKQBtKCkAbigpAG8oKQBwKCkA
253=cSgpAHIoKQBzKCsADgA0kA1VcA8oKQAQKCkAEUkBg2AaZow0AJGNC0eMNACHdwILABRABI
254=tkCwAVSQGJdAJkjCddARdUAo8MCgAYKCkAGUkBga0FGkgBwQQbSAEj0CAitiI0ANGNHVQC
255=yQEeKCkAHygpACAoKQAhSAEjVCFnjDQAdKoMIwAnKQAkSAEjgCFljDSEjAEECgAmVAJ5Uw
256=VljDSUEUVVKFQCeYoDZow0AGkBBGSMqAEBBQcAK0AEI8lAB0UjNFiQRwcHAC1UAogiZIzM
257=JiKNMzREA4EEMEAEQQEAXY4xSAHdjjJIAZgGZIwnDQI0VAKMBWSMJ1UANihVADcoKQA4KC
258=kAOSgpADooKQA7KCkAPCgpAD0oKQA+KCkAPygpAEAoKQBBKCkAQigpAEMoKQBEKCkARSgp
259=AEYoKQBHKCkASCgpAEkoKQBKKCkASygpAEwoKQBNKCkATigpAE8oKQBQSAF0OVE1UcgBAQ
260=UCAFJIAdmKUygpAFRIAZ8rAgBVKCkAVigpAFcoKQBYKCkAWSgpAFooKQBbKCkAXCgpAF1J
261=ASFjUQIAXkgBJYUyX0kBGrUCYEgBzRBhKCkAYigpAGMoKQBkKCkAZUgB1YZmSAHFCGcoKQ
262=BoKCkAaSgpAGpJASWhD2tIASXtNGxIASXBNG1IAdEJbigpAG8oKQBwKCkAcSgpAHIoKQBz
263=KCkAdCgpAA1M5J8KCgAOKCkADygpABAoKQARSQGDcBR/jjUAhGgBfY41gggADF+ONQCKtQ
264=IVTAUn3BHDBAoAF1QCkAV8jidVABkoVQAaKCkAGygpABxIASO0QyKVNDXpkB5UAsmQH0gB
265=xYwgSQF1bxAKACFIAdUNIkgB0ZgjSAHBBCRJAaJkBH+ONQBjqQEmVQJTqQEnyAEBAQoAKE
266=gBco0GCkmKNZyOAQcJACrWAggIXY41RANdBghdjjW5ighYACUURHyOJcBUfI4nVQAwRAiH
267=jAcAMUgBXAdpkDJIASUZNTNIAZUCBlU2NYQBWaA1KFUANigpADcoKQA4KCkAOSgpADooKQ
268=A7KCkAPCgpAD0oKQA+KCkAPygpAEAoKQBBKCkAQigpAEMoKQBEKCkARSgpAEYoKQBHKCkA
269=SEkBMncbBQBJSQErqQFKSAEjYycFAEtIAXACUR9MKCkATSgpAE4oKQBPKCkAUEgBgzsGAF
270=FJAVBpCAZejjUAaAEBAQIAU1QCyZBUSAF9AwB8jsgtImQjJykAVyiBAFgoKQBZKCkAWigp
271=AFsoKQBcKCkAXUkBIHhTf441ABepAV9UAifcESe1AWFUAtkRYigpAGMoKQBkKCkAZSgpAG
272=YoKQBnKCkAaCgpAGkoKQBqKCkAaygpAGwoKQBtKCkAbigpAG8oKQBwKCkAcUkBV0AWAQEG
273=AHJJAVJIAVE1c8gBVQJ0yAFVAnXIAVcCDAA2ZAUiyVYNKCkADigpAA9IASOQIyKdNTYmRT
274=URVAIj1FJ3kTYAL2wId5E2AI1wKiIXJDYALrUCFUwFhPoiFCQnBQEXVAKIb3SRJw0CGVQC
275=dAYBAAoAGigpABsoKQAcSAHNiR1IAd2OHkkBdWMPCgAfSAHFCCBJAX21AiFIAdUCIigpAC
276=NJAYGhBCRIASNwVnSRJzkCJlUCoH8GCgAnSQGYqQEoSQGaqQEpSAFhkwp1kTaCkwsJVZE2
277=TI9FBAlWkTYAiLF0kd0KCEQjJXRFdZE2XAVPBQcAMFAJjCZ0kcAEIpw1xCkiFCTECHSRJy
278=kANVgGXQcAQTs2KCkANygpADgoKQA5KCkAOigpADsoKQA8KCkAPSgpAD4oKQA/KCkAQCgp
279=AEEoKQBCKCkAQygpAEQoKQBFKCkARigpAEcoKQBISQEqZBp0kdscBQBKVQIotQJLSAFkAU
280=UeTCgpAE0oKQBOKCkATygpAFAoKQBRSAGcjnWRNpaRBAZUkagBAQUCAFRABIgMdJHMEHSR
281=JykAVyiBAFgoKQBZKCkAWigpAFsoKQBcKCkAXUgBJzUSNig2EjYAJzQSJ7UBYUwF2RFiSA
282=ElkSNjSAHVAmQoKQBlKCkAZigpAGcoKQBoKCkAaSgpAGpIAd0Ka0gB3QpsKCkAbSgpAG4o
283=KQBvKCkAcEgBaJABAgYAcckBA3aRNgAj60QGAHNVAnR/bQYAdEkBdqkBdUgBlw0GAHYoKw
284=ALADeQAkWBDCgpAA0oKQAOKCkAD0kBg3MJCgAQSAGblQsAEUgBJU02EkgBkI1tlDdQckgL
285=bZQ3JtE2FUAEzQUWSAHNBRdIAZB3bJQnOQIZVAJcB2mmGigpABsoKQAcKCkAHSgpAB5IAS
286=UdJR9IAZ8gCgAgSAHFlyFIAd0KIigpACMoKQAkKCkAJUkBpHAFIqc2NwCbqQEnVALJASgo
287=KQApSAHZlSpIAZz8bZQ3WJBcBm2UNyiMEtgcbZQ3JDwpbJQlBFgiL0g3AIxoLSI0asQIbp
288=Q3ACMsJ2yUxAhslCcpADVAD0wNrJQnVQA3KFUAOCgpADlKAc4DVwUGADpJAcKpATtJAcSp
289=ATxIAVgDcQk9KCkAPigpAD9JAdCtBUBIAWxSAQEKAEFJAVF/BgoAQsgBAQEGAENIAXACTY
290=lEKCkARSgpAEYoKQBHKCkASEgBkNoJBQBJADcAKQAAAAAFEQAAmg4AIAoASgA3ADAAAAAA
291=BQBLSQEAYwAGAEwoKQBNKCkATigpAE8oKQBQKCkAUSgpAFJJAU2xCVPIAQEBAgBUSAFwAg
292=EAAgBVKCkAVigpAFcoKQBYKCkAWSgpAFooKQBbKCkAXCgpAF1KASACUwwCAF5JARypAV9J
293=ARqpAWBIAVkDAE0QYUkBJ7UCYkgB1QJjSQEltQJkSQEfqQFlSAHBBGYoKQBnKCkAaCgpAG
294=koKQBqKCkAa0kBI7EJbEgB0QltKCkAbigpAG8oKQBwSQFfcwUGAHFJAXxnCAYAckkBcqkB
295=cygpAHRJAXW1AnVIAXQGAQAGAHYoKQB3KCsACgA4nAMBAAoACygpAAwoKQANKCkADkkBLH
296=cFCgAPSQEwqQEQSQGEdw0LABFIAXACAQAMABJJATFvAQsAE0gBjwULABRIAXACQQQVKCkA
297=FkkBiqUIF0gBmwYKABhJAS1zBQoAGUgBZAFRFBooKQAbKCkAHCgpAB0oKQAeSQF/fwoKAB
298=9JAXepASBJAXmpASFIAd0KIigpACMoKQAkKCkAJSgpACYoKQAnKCkAKCgpAClJAaVjCwoA
299=KkkBi3cNCQArSQGmdwIJACxIAZscCAAtSAGbHAgALkkBKmMEBwAvSQGJewYGADBJAaB3Ag
300=YAMUkBmKkBMkkBm6kBM0kBnqkBNEgBZAFZPTUoKQA2KCkANygpADgoKQA5KCkAOkoByQNP
301=CAYAO0kBw6kBPEgBTQIAXQo9KCkAPigpAD9JAVdEBAECCgBAyAEBAwoAQUkBT1QCXTZCyA
302=EBAQYAQ0gBcAJRCUQoKQBFKCkARigpAEcoKQBIKCkASSgpAEooKQBLKCkATCgpAE0oKQBO
303=KCkATygpAFAoKQBRKCkAUkkBTncUBgBTyAGEl9RlZJcnKQBWQARoBU2JVygpAFgoKQBZKC
304=kAWigpAFsoKQBcKCkAXUkBJmQ/ZJcniQFfKFUAYEgB1Q1hKCkAYigpAGMoKQBkKCkAZSgp
305=AGYoKQBnKCkAaCgpAGkoKQBqKCkAa0gBxRNsSAHNEG0oKQBuKCkAbygpAHBIAWSXRT9xSQ
306=F7bBtmlzgAJ+QSJykAdEAE1QJ1SQF0rQV2SQF2qQF3SAGDDwYAeCgrAAkAOZACXUwKKCkA
307=CygpAAwoKQANKCkADkkBg3wKfZk5UHJTCAsAEFQC2ZURSAFNAgBZlRIoKQATKCkAFCgpAB
308=VJATJzBQsAFkkBLqkBF0gBZAFRqxhIAYx+fZk5XH5fAgoAGlQCQQEASRcbKCkAHCgpAB0o
309=KQAeKCkAHygpACAoKQAhKCkAIigpACMoKQAkKCkAJSgpACYoKQAnKCkAKCgpACkoKQAqSA
310=GUGH+ZOQCIeCd8mcEaCV0aOVCeSBp8mcgBfpk5ACc/EzkAn1wDWX8xUQmZqQEySAFkAVUC
311=MygpADQoKQA1KCkANkkByqGTN0kBwqkBOEkBxKkBOUgB0Qk6SQHNtQI7SQHHqQE8SAHBBD
312=0oKQA+KCkAP0kBPWQEf5k5AD6pAUFVAtBnCAoAQkgBapsECl6ZOQBoAQEFBgBEVAJoBVUY
313=RSgpAEYoKQBHKCkASCgpAEkoKQBKKCkASygpAEwoKQBNKCkATkgBnfEGXA/DMAYAUChVAF
314=FJAYZnNAYAUkgBmMx+mTkAaJsBBAYAVFQCaQEFfJnPaAIAVlQClxgCAFcoKQBYKCkAWSgp
315=AFooKQBbKCkAXCgpAF0oKQBeKCkAXygpAGAoKQBhKCkAYigpAGNIASXFJGRIAcUTZSgpAG
316=YoKQBnKCkAaCgpAGkoKQBqKCkAaygpAGwoKQBtKCkAbigpAG8oKQBwSQFecBAiJiY5ACc9
317=EzkoPBMnKQB0TQVyoTB1KCkAdkgBJX0md0gBbAlBRngoKQB5KCsACAA6nANdgwkoKQAKKC
318=kACygpAAwoKQANKCkADkgBJ5cTOgCEeRELVJzfCgwAEUAEjAwi1CYnVQATKFUAFCgpABVI
319=ASM4I3SczwULABdVAjJoCCLXJjoAjGgMdpw6AJigdJzPBQoAG0wFaAVBGhwoKQAdKCkAHi
320=gpAB8oKQAgKCkAISgpACIoKQAjKCkAJCgpACUoKQAmKCkAJygpACgoKQApKCkAKigpACso
321=KQAsSgGVAVAXdpw6AGkBAXScqQECdJypAQMi1SY6KJYTOgAnlBPfIAYAM1AJSAkiSSU0KC
322=kANSgpADZIAcWXN0kBxX2OBk/eOgDAqQE5VALBnjpIAdEJOygpADwoKQA9KCkAPigpAD9I
323=AXScSfNASQE+SAgBAgYAQckBA3ecOgD+tQ1DVAJcA30VRCgpAEUoKQBGKCkARygpAEgoKQ
324=BJKCkASigpAEsoKQBMKCkATSgpAE5JAS9kD3SceLlMAXacOgCX9AYAUUAElE90nMhOd5w6
325=AEtIBUVrVEAEaQEBdJzAMHScJykAV0AEaAUBAAIAWCgpAFkoKQBaKCkAWygpAFwoKQBdKC
326=kAXkgBJeE4X0kBG3NhAgBgSAHJDGEoKQBiKCkAY0kBJK0FZEkBGakBZUkBHakBZigpAGdI
327=Ad0KaEgB3QppKCkAaigpAGsoKQBsKCkAbSgpAG4oKQBvKCkAcEgBdJxJQ3FIASeVEzoolB
328=MnKQB0QQRycxQGAHUoKQB2KCkAd0gBJS0neEgBJS0neUgBixcGAHooKwAHADuQAl2DCCgp
329=AAkoKQAKKCkACygpAAwoKQANKCkADkkBg2QTIoYnOwCZSAtNnztYb1QMIsQ61A1snycpAB
330=NYBlgDIt0nFEkBMm8BCwAVSAGcmWyfzAVunzsAhKJsn9QCbJ8nKQAaWAZgCEEaGygpABwo
331=KQAdKCkAHigpAB8oKQAgKCkAISgpACIoKQAjKCkAJCgpACUoKQAmKCkAJygpACgoKQApKC
332=kAKigpACsoKQAsSAFhngRtnzuOnwUJWLuqAQYGTCupAQdtnzso7xM7AJZ3HwYAMkQIJfE6
333=M0kBmrUCNEgBZAFZdDUoKQA2KCkANygpADhIAcWiOUgBJS0nOkgBxQg7KCkAPCgpAD0oKQ
334=A+KCkAPygpAEAoKQBBSQE+VAkBBQYAQkgBRAFhnkMoKQBEKCkARSgpAEYoKQBHKCkASCgp
335=AEkoKQBKKCkASygpAEwoKQBNKCkATigpAE9JAYVoWWyf0UsHTJ/UT2yf1AJtnzuMn1G5VF
336=gGbZ8DbJ/ABGyfJykAV0AEmBxsnydVAFkoVQBaKCkAWygpAFwoKQBdKCkAXigpAF9IASW1
337=OGBIAckMYSgpAGIoKQBjKCkAZEgB2QZlSAHZBmYoKQBnSAHBBGhIAcEEaSgpAGooKQBrKC
338=kAbEkBJ3snAgBtSAHZBm4oKQBvKCkAcEkBPGQEIoYnOwAjCEkixjo7ACMLSQYAc0EEcnMJ
339=BgB0KCkAdSgpAHYoKQB3KCkAeCgpAHlIAdmgekgBcA0BAAYAeygqAAYAhBAiXTgHKCkACC
340=gpAAkoKQAKKCkACygpAAwoKQANKCkADkgBmKBlojy5oApGojwAJWEoEUAEmBFkos8QDAAT
341=KFUAFEgBgJ5kosAEZKInKQAXQAQjiDhmojwAI9QxZKLABCI0KCcpABtMBZcNCgAcKCkAHS
342=gpAB4oKQAfKCkAICgpACEoKQAiKCkAIygpACQoKQAlKCkAJigpACcoKQAoKCkAKSgpACoo
343=KQArKCkALCgpAC1IAQOVAQAACQpFojyRowpnojwApHAbZqI8ACW1TjFMBckBMkgB0aMzSA
344=EljSg0SAF0Bl1BNSgpADYoKQA3KCkAOCgpADkoKQA6KCkAOygpADwoKQA9KCkAPigpAD8o
345=KQBAKCkAQSgpAEIoKQBDKCkARCgpAEUoKQBGKCkARygpAEgoKQBJKCkASigpAEsoKQBMKC
346=kATSgpAE5IASfMOyVYUmeiPACOoXJRQAQjJDtkotRPZ6I8AEx0KiLMO6gBIzQowFFkoicp
347=AFdECGgFIzQoJ1UAWShVAFooKQBbKCkAXCgpAF0oKQBeKCkAXygpAGAoKQBhKCkAYigpAG
348=MoKQBkKCkAZSgpAGYoKQBnKCkAaEgB1ZxpSAHVGGooKQBrKCkAbCgpAG0oKQBuKCkAbygp
349=AHBIAWQhAQICAHHJAQNlojwkZERlojz9pHRABN2kdUgB3aR2KCkAdygpAHgoKQB5SAElUT
350=x6SAGIF2SieA5TAQYAfChXAAUAPUgCSQAKUGQnKQAHKFUACCgpAAkoKQAKKCkACygpAAwo
351=KQANKCkADigpAA9JAYNxSwpepD0AlKci5Sg9t6cLABJABFARIrkoE0kBMmwBIq1jPVSBTA
352=F9pD1cAEgAfaQ9JqFRF0wFk6MLABhIASN4THykzAV8pCcpABtABFwHecEcKCkAHSgpAB4o
353=KQAfKCkAICgpACEoKQAiKCkAIygpACQoKQAlKCkAJigpACcoKQAoKCkAKSgpACooKQArKC
354=kALCgpAC1JAU94GH6kPQBpAQF8pNgcfKQnKQAxTAVoBUU8MkkBn2wBItU8PSYtPTRUAnAC
355=QQQ1KCkANigpADcoKQA4KCkAOSgpADooKQA7KCkAPCgpAD0oKQA+KCkAPygpAEAoKQBBKC
356=kAQigpAEMoKQBEKCkARSgpAEYoKQBHKCkASCgpAEkoKQBKKCkASygpAEwoKQBNKCkATkgB
357=hFUi1DzAUXykJ30FUSiBAFJIASNgM32kPZykI+QoqAEj5yg9AKBsLX+kPQCeqQFXWAZkAZ
358=yk3woCAFlUAoO0AgBaSAEjg1gCAFtIAY9dAgBcSAHZBl0oKQBeKCkAXygpAGAoKQBhKCkA
359=YigpAGMoKQBkKCkAZSgpAGYoKQBnKCkAaCgpAGkoKQBqKCkAaygpAGwoKQBtKCkAbigpAG
360=8oKQBwKCkAcUgBbJcBBQIAckgBIlAxVadzyQEDIucoPQBiYCEi1zw9AHtnjAYAdkEEcqkB
361=dygpAHgoKQB5SAEnnBTULnykJykAfEAEeApdYgS4s3WGBSgpAAYoKAAEBwA+AAAAABEAAM
362=oOACAGAAAKAAgAPgAAYAACCgAJAD5gAXUCCigpAAsoKQAMKCkADSgpAA4oKQAPSQEvbwgK
363=ABBJATOpARFIAZcCCwASSgGNAlsCCwATSQEuRAEBAAsAFEgBZAFJARUoKQAWSQGDrQUXSQ
364=EqZwQLABhJATFrAQoAGUkBLakBGkgBZAFBGhsoKQAcSQFdewIKAB1JAT+pAR5IAWQBTQUf
365=KCkAICgpACEoKQAiKCkAIygpACQoKQAlKCkAJigpACcoKQAoKCkAKSgpACooKQArKCkALE
366=oB//9PEwoALSgpAC5JAU9QAgEECgAvyAEBBQYAMEgBUAICAAAGADEoKQAySQGjewIGADNJ
367=AZ2pATRIAWQBTQU1KCkANigpADcoKQA4KCkAOSgpADooKQA7KCkAPCgpAD0oKQA+KCkAPy
368=gpAEAoKQBBKCkAQigpAEMoKQBEKCkARSgpAEYoKQBHKCkASCgpAEkoKQBKKCkASygpAEwo
369=KQBNKCkATigpAE8oKQBQKCkAUSgpAFIoKQBTSAF4MlEqVMgBAQECAFVJAaVvLQIAVkgBAZ
370=cBAABVAlfIAQECAgBYSQGGd1oCAFlJATCtBVpJAaZrAQMAW0gBg1wCAFxIAYNcAgBdSAF8
371=AwEAAgBeKCkAXygpAGAoKQBhKCkAYigpAGMoKQBkKCkAZSgpAGYoKQBnSQEnsRRoSAHBD2
372=koKQBqKCkAaygpAGwoKQBtKCkAbigpAG8oKQBwKCkAcSgpAHIoKQBzSAF8kQEFAgB0SQFf
373=cxAGAHVJAXtnEwYAdkkBcqkBdygpAHhJAXe1AnlJAXmpAXpIAWAIUTV7KCoAAwCIgmGeBC
374=gpAAUoKQAGKCkABygpAAgoKQAJKCkACigpAAsoKQAMKCkADSgpAA5JAaJ/EQoAD0gBZAFV
375=kRBIAZ+kCgARSQGMaRcKSqY/AMkBEyhVABRIAdmrFUkBLGsICwAWSAGHSgsAF0kBiWQIaK
376=bZHAtJpj9YhVMFCgAaQASTSwoAG0gB3aQcSQFIXANBJR1IAWAHAQIGAB7IAQEDCgAfSQFi
377=YwQKACBIAWQBSRchKCkAIigpACMoKQAkKCkAJSgpACYoKQAnKCkAKCgpACkoKQAqKCkAKy
378=gpACxIASfKFD8AyQEuVQJjaRMKS6Y/AFKpATBUAmoBAQpPID8AU7UCMlQCaAFVAjNJAVC1
379=AjTIAQEBBgA1SAFwAkkiNigpADcoKQA4KCkAOSgpADooKQA7KCkAPCgpAD0oKQA+KCkAPy
380=gpAEAoKQBBKCkAQigpAEMoKQBEKCkARSgpAEYoKQBHKCkASCgpAElJAVhzGwoASkgBfCBV
381=OUvIAUkiTEgBySJNyAFJIk5IAXQGSSJPKCkAUCgpAFEoKQBSKCkAUygpAFRIAXanBAZKpj
382=8AfaQDaKaoAQEEAgBXQAR2AgUDS6Y/ACl5DQNIpicpAFpABJxXa6Y/ADJgBGqmPwAjVCFo
383=pnRXWAJopicpAF9YBk0CAEGpYCgpAGEoKQBiKCkAYygpAGQoKQBlKCkAZigpAGcoKQBoKC
384=kAaSgpAGooKQBrKCkAbCgpAG0oKQBuKCkAbygpAHAoKQBxKCkAcigpAHMoKQB0SAFoplE1
385=dUgBJ8sUPwByc4IGAHdVAnWpAXhIAYsiBgB5KCkAeigrAAIAQJwDSUMDKCkABCgpAAUoKQ
386=AGKCkABygpAAgoKQAJKCkACigpAAsoKQAMKCkADSgpAA5IASNkI2umQACYYBIilCknKQAR
387=QATVAhJJAZyhBBNJAZqpARRIASM/KQoAFUkBhHAfaKbNGwxJpkBAg1AFaqZAAJT0aqZAAJ
388=1MC0qmQACMqmumQABOSAVJIhxQCWgBSS0dSAGIkGimuncFBkumQAA9rQUgQATVpyFIAXAC
389=RQgiKCkAIygpACQoKQAlKCkAJigpACcoKQAoKCkAKSgpACooKQArKCkALEgBkBQilSlAKM
390=gUJykALyiBADAoKQAxKCkAMigpADMoKQA0SAFqhQQKSqZAAGgBUR82VAKbHAYANygpADgo
391=KQA5KCkAOigpADsoKQA8KCkAPSgpAD4oKQA/KCkAQCgpAEEoKQBCKCkAQygpAEQoKQBFKC
392=kARigpAEcoKQBIKCkASUkBXmQaaKYBQADOA08BCgBLVQLEqQFMSAHdK01IAXwgSSJOyAFJ
393=Ik9IAVAGIukuUCgpAFEoKQBSKCkAUygpAFRIAZDaaaZAiKYBBgYAVlQCfqQHBUimtgIIBE
394=mmQKmmBEim31cEAFpMBSMYNWimyFlopsRgaKYnKQBeTAWTFAIAXygpAGAoKQBhKCkAYigp
395=AGMoKQBkKCkAZSgpAGYoKQBnKCkAaCgpAGkoKQBqKCkAaygpAGwoKQBtKCkAbigpAG8oKQ
396=BwKCkAcSgpAHIoKQBzKCkAdEgBaKZR2nVIASfJFEAoyhRAACU9KXhABJQjaKbMJgIGAAEA
397=QZACSXoCKCkAAygpAAQoKQAFKCkABigpAAcoKQAIKCkACSgpAAooKQALKCkADEkBfH+ZCg
398=ANSQF0qQEOSQF6qQEPSAHVpxBJAZZ4FCKXKUEAmakBElQCZAFJFxNIASMLMwoAFEgBJ8oU
399=QQAjcCpqpkEAJRE/F0EEK3wGaqZBAMkBGVQCkPBppkEoyhRBACXRKxxABGimXWIdyAFdYh
400=5IAYBnaaZBiKZNqiBVAmFrDAoAIUgBZAFRFCIoKQAjKCkAJCgpACUoKQAmKCkAJygpACgo
401=KQApKCkAKigpACsoKQAsSAGEE2mmQSjIFCcpAC8ogQAwKCkAMUgB3RUyKCkAMygpADRIAX
402=wgQRo1yAFFHjZIAZgGaKbHSgYAOChVADkoKQA6KCkAOygpADwoKQA9KCkAPkkBMmALIoQz
403=0DVm90EAIyQxZFIntQFCTAVoBVFhQygpAEQoKQBFKCkARigpAEcoKQBIKCkASUgBaaYBaK
404=YnzQRLVQLJ66ZBAMKpAU1VAv+pAU7IAUkiT0gB2RFQKCkAUSgpAFIoKQBTKCkAVCgpAFUo
405=KQBWSAFppgpppkGCqQsFSaZBvfwFSqZBAJykaKbIAWmmQSR4IGmmQSR4IGim2AYilCnYJ2
406=imJykAYFQNixcCAGEoKQBiKCkAYygpAGQoKQBlKCkAZigpAGcoKQBoKCkAaSgpAGooKQBr
407=KCkAbCgpAG0oKQBuKCkAbygpAHAoKQBxKCkAcigpAHMoKQB0SAFopkU0dUkBf3CNImE+Qf
408=2kd1QCkx8GAHgoKwACAEKQAlleAygpAAQoKQAFKCkABigpAAcoKQAIKCkACSgpAAooKQAL
409=KCkADEgBkLlyo0IAI9MrCgAOVAKQECI8KSc5AhBUAt2kEUgBJ3AUJ4EAE1QC2QYUSAGEoi
410=I9KUImjT4WVAKbaQoAF0gBn20KABhIASURPxkoKQAaSAGcpCI/KUIAoWMLCgAcVQJNqQEd
411=yAFdKx5IAYiQcaNCq5AGACBUAmRrRSkhSAF0BkkBIigpACMoKQAkKCkAJSgpACYoKQAnKC
412=kAKCgpACkoKQAqKCkAKygpACxIAYQTcKPHEwoALihVAC8oKQAwKCkAMUgB3RUyKCkAMygp
413=ADQoKQA1SAF8pF3FNsgBXcU3SAGECHCjxzQGADkoVQA6KCkAOygpADwoKQA9KCkAPkgBjH
414=5wo9AJc6NCAChsDHCj1AJkUicpAENYBnwDXaREKCkARSgpAEYoKQBHKCkASCgpAElIASV1
415=MEpJAT90CSI/KUIAzbmgTFUCxakBTUgBcKMBAgoATsgBAQMGAE9IAXQGTRBQKCkAUSgpAF
416=IoKQBTKCkAVCgpAFUoKQBWSAGXOQYAVygpAFhJAYp0e3GjQihxFEKkonGjQiTDKQMAXEwF
417=I8M0AwBdSAElLVNeSQGIZAhxo0KnrQIAYFQCiBdwo9MqAgBiKFUAYygpAGQoKQBlKCkAZi
418=gpAGcoKQBoKCkAaSgpAGooKQBrKCkAbCgpAG0oKQBuKCkAbygpAHAoKQBxKCkAcigpAHMo
419=KQB0SAFwo1kydUgBmBxwo9gcIgs+QgCCaCICBgADAEOcA1F3BCgpAAUoKQAGKCkABygpAA
420=goKQAJKCkACigpAAtIASVhKAxJAXJ0DXmgQygYFCfhAQ9ABJMQCgAQKCkAEUkBpXgCIiRS
421=J60AE1QCcAJdFRQoKQAVKCkAFkkBg7UNF0gBJdU8GEkBoHwGIvFmQyYRPxpUAiXlPhtIAd
422=GuHEkBTK0FHcgBmaBD7Z8fVALFVSBIAXmgASKPKEMAorkGIlQCZAFRFCNIASN/XQoAJEgB
423=1QIlKCkAJigpACcoKQAoKCkAKUgB3QoqSAHFCCsoKQAsSAGYEXig0BR4oCcpAC8ogQAwKC
424=kAMUgB0QkyKCkAMygpADQoKQA1SAEi0ExBGjbIAUkiN0gBhAh4oMQ0eKAnKQA6KIEAOygp
425=ADwoKQA9KCkAPkgBhHZ5oEOoenqgQwAjXFl4oCddAUJMBcEPQygpAEQoKQBFKCkARigpAE
426=coKQBIKCkASUkBPVQJQRpKSAF4oAECBgBLyAEBAwoATEgBiw8KAE1IASWRWk5IAVQGIi09
427=TygpAFAoKQBRKCkAUigpAFMoKQBUKCkAVSgpAFYoKQBXSQEybAwijShDQNtMAXmgQ6yfIo
428=8oQwCHb10EAFtMBY2fBFmgQyTkM3iggRcAWXxeQARcB2kBX0gBiC15oEPlomFUAoAEeKDb
429=BgIAYyhVAGQoKQBlKCkAZigpAGcoKQBoKCkAaSgpAGooKQBrKCkAbCgpAG0oKQBuKCkAby
430=gpAHAoKQBxKCkAcigpAHMoKQB0SAF4oEE7dUgBjBt4oMwbAgYABABEkAJVWgUoKQAGKCkA
431=BygpAAgoKQAJKCkACigpAAtIASWxJwxJAXJ4MmGeRCjAEye1AQ9ABIUPCkCeJ1UAEShVAB
432=IoKQATKCkAFCgpABUoKQAWSAElNSgXSAElWScYSQGfbAxinkQAJd09GlQCyQEbSAEnwRNE
433=UlwAAFH7HVQCbZ8DIh1RRCjAEycpACBBBGC9CiFIAckMIkgBJbFTI0gBfANRKiQoKQAlKC
434=gAASYARAARAAC5DgAgBwAAAAAACgAnAERcAEsACgAoSQGkRAEBAAoAKUkBm6kBKkkBmqkB
435=K0gBZAFBBCxKAf//UwEKAC0oKQAuKCkALygpADAoKQAxSAFRBgBFCDIoKQAzKCkANCgpAD
436=UoKQA2SQFPXAYBBAoAN8gBAQUGADhIAVACAgAABgA5KCkAOigpADsoKQA8KCkAPSgpAD4o
437=KQA/KCkAQCgpAEEoKQBCKCkAQygpAEQoKQBFSgHOA0MSBgBGSQHEqQFHSAFMAnEUSCgpAE
438=lJAcyhBEpIAcEES0kBP0wBTRtMSQFDSAEBAQYATUgBRAFlCE4oKQBPKCkAUCgpAFEoKQBS
439=KCkAUygpAFQoKQBVSQEyYwsFAFZKAY4CTwEFAFdJAS5EAQEABQBYSAGDBAQAWUkBM3cCBA
440=BaSAFkAUEEW0kBinsGBABcSQExewIDAF1JAYZ3AgMAXigpAF9JAS2hBGBIAY8FAgBhSAGX
441=AgIAYkgBfAMBAAIAYygpAGQoKQBlKCkAZigpAGcoKQBoKCkAaSgpAGooKQBrKCkAbCgpAG
442=0oKQBuKCkAbygpAHAoKQBxKCkAcigpAHMoKQB0SQFfexgGAHVIAWQBW1MFAEWEAVleBigp
443=AAcoKQAIKCkACUkBfHknClcFRQB0qQELVQJyqQEMKCkADUkBdbUCDkgBjwwKAA8oKQAQKC
444=kAESgpABIoKQATSAHVDRRJAXaxCRVIAdEJFkkBpG8BCgAXSQGcqQEYSAHdgxkoKQAaKCkA
445=G0kBma0FHEkBS6kBHcgBVVoeSAGDiAYAHygpACBJAWBMBQEBCgAhSQGjSAFVICJJAZ2pAS
446=NIAWQBVQIkSQGmbwEKACVIAWQBVQImKCkAJygpACgoKQApKCkAKkkBpX8GCgArSAFkAUUI
447=LEgBhBNqm0UAyQEuKFUALygpADAoKQAxSAHFCDIoKQAzKCkANCgpADUoKQA2SQFNfAZpm0
448=VSfQAAVSM4VAJwAk1HOSgpADooKQA7KCkAPCgpAD0oKQA+KCkAPygpAEAoKQBBKCkAQigp
449=AEMoKQBEKCkARSgpAEZJAcull0dIAdEUSCgpAElJAc+hBEpIAcEESygpAEwoKQBNKCkATi
450=gpAE8oKQBQKCkAUSgpAFIoKQBTKCkAVCgpAFVJAYtoWWqbRQCURGubRQAyfREESptFAJSc
451=a5tFAC+1AlpYBtWcW0gBjJRpm0Vc4UUEBEibJykAXkAEh5cEAF9JAYl3DQMAYEgBRwUAAA
452=NKm0UAjBBom9h/a5tFAKJnBAIAZO8FAgBlKCkAZigpAGcoKQBoKCkAaSgpAGooKQBrKCkA
453=bCgpAG0oKQBuKCkAbygpAHAoKQBxKCkAcigpAHMoKQB0SAFom1hTZNxwGFVlB1DdyQEIKC
454=kACUkBf2gic5hGAHKpAQtUAskBDCgpAA1IAScRE0aMCV0KD1QCwZMQSAHZoBFIAc2UEkgB
455=kwUKABNJAXupDBRIAckMFUkBerUCFkgBzQUXKCkAGEkBLHsCCgAZSAGXOQoAGkgBcAJNEB
456=tJAaFvAQoAHEgBcJgBAgoAHcgBAQMGAB5IAZyDcZhGq4UGACBVAl65BiFIAWQBUQkiKCkA
457=IygpACQoKQAlKCkAJigpACcoKQAoKCkAKSgpACooKQArSAGPXQoALEgBhBNwmMUTCkheJy
458=kALyiBADAoKQAxSAHdFTIoKQAzKCkANCgpADUoKQA2SAEifCZZHDfIAVVEOEgBkAkifCbD
459=OwYAOihVADsoKQA8KCkAPSgpAD4oKQA/KCkAQCgpAEEoKQBCSAGHawYAQ0gBwQ9EKCkARS
460=gpAEZJAcmtlEdJAcapAUhJAcipAUlIAcUISigpAEsoKQBMKCkATSgpAE4oKQBPKCkAUCgp
461=AFEoKQBSKCkAUygpAFQoKQBVSAGLkAUAVkgBmFNymEYAkI1ymEYAiPNymEYAI5AuIn8mRg
462=CDe14EAFtYBoNcBQBcSQGHdQIFUphGANEJXlUCKnwccphGAIgBc5hGADJ0AiJ9JkZQRkwB
463=cJjIOHOYRgCfUQIAcJjAD3CYJ4EAZlwKfANBBGcoKQBoKCkAaSgpAGooKQBrKCkAbCgpAG
464=0oKQBuKCkAbygpAHAoKQBxKCkAcigpAHMoKwAHAEeAE0VVCCgpAAkoKQAKSAHFlwtJAXJv
465=JgoADCgpAA0oKQAOSAHBkw9IAc0FECgpABEoKQASSAHNBRNJAXe9ChRJAXmpARVIAYsTCg
466=AWKCkAFygpABhIAYDVeZVHuDJ5lUezQAoAG0AEJZkkHEgBwXIdyAFBch5IAZCCeZVHKLoS
467=RwB4lSPMJSd1BCJMBdkRIygpACRIAZBsIswlJ60AJlQCzQUnKCkAKCgpACkoKQAqKCkAKy
468=gpACxIAYQTeJXEE3iVJykALyiBADAoKQAxKCkAMkgBzRAzKCkANCgpADUoKQA2KCkAN0gB
469=YCUBBAoAOMkBBXiVzBt4lScpADtABIsMBgA8KCkAPSgpAD4oKQA/KCkAQCgpAEFJAaBrCA
470=YAQkgBI4AseJUniQFEVAIlDTlFSQHCtZFGSQHHqQFHSAFgCAEABgBIKCkASSgpAEooKQBL
471=KCkATCgpAE0oKQBOKCkATygpAFAoKQBRKCkAUigpAFMoKQBUKCkAVSgpAFZIASNfOAUAV0
472=gBkJh5lUe8jnqVRwAj4C15lUcouxJHAIRwYXiVxT8GWJUBRwCVAU0eBVRUqQEBeJWpAQJ4
473=lakBA3qVRwCcK3uVRwCYVAZJkGNNEJapAWRIASPcMnuVRwCetQJmVAJkAU0FZygpAGgoKQ
474=BpKCkAaigpAGsoKQBsKCkAbSgpAG4oKQBvKCkAcCgpAHEoKQByKCkACEg7mxEKAAkoKQAK
475=KCkAC0gBzZQMSAHdjg0oKQAOKCkADygpABAoKQARKCkAEkgBJfklE0gBwQ8UKCkAFSgpAB
476=YoKQAXKCkAGCgpABkoKQAaKCkAGygpABwoKQAdSAHJbx7IAUlvH0kBWnMQCgAgyAGBk0hs
477=AiLdSCJUAo8BCgAjKCkAJEgBhEpgkyetACZUAs0FJygpACgoKQApKCkAKigpACsoKQAsSA
478=EnYRJIqKZgkycpAC8ogQAwKCkAMSgpADJIAc0QMygpADQoKQA1KCkANigpADdIASVdODjI
479=AUW4OUgBkAlgk9scBgA7KFUAPCgpAD0oKQA+KCkAPygpAEBJASxcbV0KQUgBI7A9YpNIAJ
480=TIYJMniQFEQATBD0VIASWBN0ZIAdUCRygpAEgoKQBJKCkASigpAEsoKQBMKCkATSgpAE4o
481=KQBPKCkAUCgpAFEoKQBSKCkAUygpAFQoKQBVKCkAVkgBlJFhk0i3kQUAWPQCYpNIACPsSm
482=OTSAAwcBsiHSVIKGASJ0kEXVgGYZMEYZNIjJQBBQUAX9QCAQYCAGDJAQdhk0gmxSRiVALV
483=kWNIAYzAIhwl3ApgkycpAGZABGgQgJMnVQBoKFUAaSgpAGooKQBrKCkAbCgpAG0oKQBuKC
484=kAbygpAHAoKQBxKCsACQBJiRAAIig3JykACyhVAAxIASX1NQ1IAdWRDigpAA8oKQAQKCkA
485=ESgpABJIAScIEieJARRUAocPCgAVKCkAFigpABcoKQAYKCkAGSgpABooKQAbKCkAHCgpAB
486=1JAWNvDAoAHkkBVakBH0gBaZACaJAnOQIhVAJ8A10gIigpACMoKQAkKCkAJSgpACZJAaJ/
487=BgoAJ0gBZAFFCCgoKQApKCkAKigpACsoKQAsKCkALUgB1ZEuKCkALygpADAoKQAxKCkAMk
488=gBwQ8zKCkANCgpADUoKQA2KCkAN0kBTHwGIm4kSQBoAUmFOVQCcQIAaJDVIwZIkCcpADwo
489=gQA9KCkAPigpAD9IAXyOAQMGAEDIAQEEBgBByAFNwEJJASpAk0kMQ8gBQQ9EyQECIgpVSQ
490=BgBEUIRlQC2RFHKCkASCgpAElIAYMwBgBKSAHNBUsoKQBMKCkATSgpAE4oKQBPKCkAUCgp
491=AFEoKQBSKCkAUygpAFQoKQBVKCkAVigpAFdIAdWRWEgBJXk2WUgBJXk2WkkBpmMWBQBbSQ
492=GFaCIibCQnqQVdVAJ8A0ElXkgBdpEJBkmQSZWRCmmQSSR0MGqQSQDdjmJMBckBY0gBJwgS
493=3ApokCcpAGZABIsMAgBnKCkAaCgpAGkoKQBqKCkAaygpAGwoKQBtKCkAbigpAG8oKQBwKC
494=kAClg1gw8KAAsoKQAMSAEnshFKACewEScpAA9ABNUCECgpABEoKQASSAEnsRFKhAxBchRU
495=AowBcI0nVQAWKFUAFygpABgoKQAZKCkAGigpABsoKQAcKCkAHSgpAB4oKQAfKCkAICgpAC
496=EoKQAiKCkAIygpACQoKQAlKCkAJkgBmPhxjUokeCsiXG8nQQMpQATZHCooKQArKCkALCgp
497=AC0oKQAuSAHdji8oKQAwKCkAMSgpADIoKQAzSAHVDTQoKQA1KCkANigpADdJAUxQBVGuOM
498=gBVXs5SAFQAiLtazooKQA7KCkAPCgpAD0oKQA+SAHNfj9IAXGNBnKNSgBpAQdwjakBCCK9
499=I0okgFgivSNKmIpNBURYBmSMTQVFyAFNBUbIAVFsR0gBI6gxIiE2SiSpMQZWV0oAmGlwjd
500=cuBgBLTAXVGEwoKQBNKCkATigpAE8oKQBQKCkAUSgpAFIoKQBTKCkAVCgpAFUoKQBWKCkA
501=VygpAFgoKQBZSAHJkFpJAYiljFtIASPoI3CNJxUDXVQC1RheSQFObAFyjUoAaQEBcI3MBX
502=KNSgCAUSIiNkoAJck1Y1gGI2gpIrwjJ60AZVQCbAkBAAIAZkkBVm0BBlKNSgBoAUG/aFUC
503=U7UCacgBVQJqyAFNn2vIAVUCbMgBVQJtyAFVAm7IAVUCb8gBVQILQDN4Cll/DEgBJUU1DU
504=gBwYgOSAEloUYPSAHVAhAoKQARKCkAEkgBJ1gRIqRYRwsKABRUAkABIt0yFSgpABYoKQAX
505=KCkAGCgpABkoKQAaKCkAGygpABwoKQAdKCkAHigpAB8oKQAgKCgACSEASwAAAAAAAAoAIh
506=EAAHMPACABAEsAAGMACgAjKCkAJCgpACUoKQAmKCkAJygpACgoKQApKCkAKigpACsoKQAs
507=KCkALSgpAC5KAf//UxAKAC8oKQAwKCkAMSgpADIoKQAzKCkANCgpADUoKQA2KCkAN0gBgx
508=0KADjIAQEBBgA5SAFYDgIAAAYAOigpADsoKQA8KCkAPUkBpHMFBgA+SQGZqQE/SAEFLAIA
509=AAkGAEDIAQEKBgBByAEBCwYAQkgBaAVJDEMoKQBESQEqWAYBDAYARcgBAQ0GAEbIAQEOBg
510=BHSQGjfwYGAEhJAZupAUlJAZapAUpJAZqpAUtIAWQBAQAGAEwoKQBNKCkATigpAE8oKQBQ
511=KCkAUSgpAFIoKQBTKCkAVCgpAFUoKQBWKCkAVygpAFgoKQBZKCkAWigpAFsoKQBcKCkAXS
512=gpAF4oKQBfSQFOUBsBBAYAYMgBAQUCAGFIAVACAgAAAgBiKCkAYygpAGQoKQBlKCkAZkkB
513=VlwGAQIGAGdJAXxAME0maEkBdKkBaUkBdqkBakgBSAVpQ2soKQBsKCkAbSgpAG4oKQAMSD
514=CbBgoADUkBgXMJCgAOSAHVAg9JAXu1AhBJAXKpAREoKQASSQF1tQITSAHZBhQoKQAVKCkA
515=FigpABcoKQAYKCkAGUkBLGsICgAaSQEtqQEbSAFkAQEACgAcKCkAHSgpAB4oKQAfKCkAIC
516=gpACEoKQAiKCkAIygpACQoKQAlKCkAJigpACcoKQAoKCkAKSgpACooKQArKCkALCgpAC0o
517=KQAuSAEnAhFMAMkBMChVADEoKQAyKCkAMygpADQoKQA1KCkANigpADdIAWGIAmCIuWwDYY
518=hMgClZSDpBBCN/NgYAO0gBmwIGADxIAdUCPUgB1QI+SAHVez9JAZ54AmKITABsiUWBQVQC
519=aAFFgUJIAXwDSQxDKCkARCgpAEUoKQBGKCkARygpAEgoKQBJSAHBD0pJAZ1hCwZVV0xgAW
520=1dTFQCjwEGAE0oKQBOKCkATygpAFAoKQBRKCkAUigpAFMoKQBUKCkAVSgpAFYoKQBXKCkA
521=WCgpAFkoKQBaKCkAWygpAFwoKQBdKCkAXigpAF9JAWNkGmOITABUqQFhVAJqAQEGQ4hMAF
522=O1AmNUAmgBVQJkSQFStQJlyAFVAmZJAVy1AmdJAX+5PWhIAZ94BgBpSAGTdwYAakgBaAVd
523=NmsoKQBsKCkAbSgpAA1QLYwFaYVNhAFNcw9UAosMCgAQSAGLDAoAESgpABIoKQATSAGTmA
524=oAFEgBk5gKABVIAZcJCgAWKCkAFygpABgoKQAZSQGDYBprhU0AMX8GCgAbVALVhhxIAc2J
525=HUkBiK0FHkgBwQQfSAF0BkkXICgpACEoKQAiKCkAIygpACQoKQAlKCkAJigpACcoKQAoKC
526=kAKSgpACooKQArKCkALCgpAC0oKQAuSAHdgy8oKQAwKCkAMSgpADIoKQAzKCkANCgpADUo
527=KQA2SQFGdx8KADfIAUFGOEgBcAJRQDkoKQA6SQEieScGSIXYPWqFTQDVAj1ABNkGPkkBK6
528=0FP8gBXQpAyAFF2UFIAc0FQigpAEMoKQBESQFXRAQBAQoARUgBYFxFNEbIAVUCR0gBj10K
529=AEjIAVUCSUkBUFgGTQVKyAFBD0tIAXACQRpMKCkATSgpAE4oKQBPKCkAUCgpAFEoKQBSKC
530=kAUygpAFQoKQBVKCkAVigpAFcoKQBYKCkAWSgpAFooKQBbKCkAXCgpAF0oKQBeKCkAXygp
531=AGAoKQBhKCkAYigpAGNIASX9IGRIAYtvBgBlSAGLbwYAZkgBwSVnKCkAaEgBlP9qhU0AJ6
532=gQJxEIa0AE2QZsKCoADgAiDCRfAgoADygpABBIAZAJcoJOAN2DElQCyQETKCkAFEgBlA1w
533=gicxARZUAlUKAE08FygpABgoKQAZSQEvZARzgk4AM6kBG1QC3YMcSQEwtQIdSAFkAQEACw
534=AeSAHBBB9IAd2DIEgBgwQKACEoKQAiKCkAIygpACQoKQAlKCkAJigpACcoKQAoKCkAKSgp
535=ACooKQArKCkALCgpAC1IAcWBLigpAC8oKQAwKCkAMSgpADIoKQAzKCkANCgpADVJAV1/HA
536=oANkgBcIJZdDdIAXACQWc4KCkAOSgpADpJASShfTtJAR2pATxJARepAT1JAR+pAT5IAdEJ
537=P0gBfYMFIv4gTgBpAQYiADKpAQciADLbPQYAQ00FV1wGAQIKAETJAQNwggFOAPQDWwIKAE
538=ZVAu6pAUdIAUwCaUNIKCkASSgpAEpIAXyDAQQKAEvIAU0QTEgBmAYi/CAn4QFOKFUATygp
539=AFBJAaBzBQYAUUkBmKkBUkgBJWEzU0gBcAJNJlRIASX1NVVIASXFJFZIAcEEVygpAFhJAa
540=J7AgYAWUgBZAFFCFooKQBbKCkAXCgpAF0oKQBeKCkAXygpAGAoKQBhSQGArTFiSAHZf2NI
541=AYtvBgBkKCkAZUkBea0FZkgB2RFnSAHBiGhJAXehBGlIAc0FakgBzQVrKCsADwBPkAJFdh
542=BIASf5D08o+g9PAJMJCgATQATJARRIAZwKeH8nBQEWVAKXCQoAFygpABgoKQAZKCkAGkgB
543=xYEbSQGMfBUi+TBP8YIdVAIjeCB6f08Aj34LAB9VAipvDAoAIEkBMmkBCVh/2wYJACJUAn
544=ACQRojKCkAJCgpACUoKQAmKCkAJygpACgoKQApKCkAKigpACsoKQAsSAHNfi0oKQAuKCkA
545=LygpADAoKQAxKCkAMigpADMoKQA0SQFFexgKADXIAVHlNkgBcAIBAAYANygpADhJASN4Jy
546=L4MMwxIvxBJykAO0AE2QY8SQEmrQU9SAHVAj4oKQA/KCkAQEgBeH8j/UFPhIEj/EEnXQFD
547=QQRgaAh7f08A+KF9RVUC6qkBRkkB8akBR0gBaAVZMkgoKQBJKCkASkkBY2QEeX9PQHhPAQ
548=oATFUCUUQBUR9NSAFEASJRMU4oKQBPKCkAUEgBJS0yUUgBJYlDUkgBJYlDU0gBxYFUSAGT
549=SwYAVUkBhqkiVkgBn0wGAFdIAd2DWEgBJWEzWUgBzRBaSAHdbVtIAdX0XEgBwQRdKCkAXi
550=gpAF8oKQBgKCkAYSgpAGJIAZdwBgBjSQFypRNkSAGY7SJMICcBBmZUAtUNZ0kBga0FaEgB
551=1QJpKCkAaigoAAEQAFAAJR0wEUgB3XgSSAGYBmB9YLFQASLwLycpABUogQAWKCkAFygpAB
552=goKQAZSAGIsX/8UACYTAlFPxtUAoStYn1QACV1MB1UAoSBY31QAC5sBWJ9UAAnoA/IAWJ9
553=UACMBWF9UKuFCQAjRAiDtAoAJEgBYAhVDSUoKQAmKCkAJygpACgoKQApKCkAKigpACsoKQ
554=AsSQHOqVktSQHEqQEuSAHZfy8oKQAwKCkAMSgpADIoKQAzSQFddxQKADRIAWB9Rfo1SAFw
555=AlV7NigpADcoKQA4SAHF+jlJAR25PTpJARupATtIAcUIPCgpAD0oKQA+SQElrQU/SQEZqQ
556=FAKCkAQUgB0QlCSAHRCUNIAWF9AWB9Jz0IRVUC+b0gRkgBjwUKAEcoKQBIKCkASSgpAEoo
557=KQBLSAHNfkxIASXNME3IAVUNTkgBJX0xT8gBVQJQSAFwgk08UcgBAQEGAFJJAZ9zEAYAU0
558=gBxXZUSAGARmB9w0YGAFZUAiM8KWJ9UADZf1hUAskBWUgBxYFaSAGXZQYAW0gBwXJcSAHN
559=fl1IAXwOXTZeKCkAXygpAGAoKQBhKCkAYkgBJ6EPULjtfPwnKQBlQAQlISBmSQF6sTVnSA
560=HVDWgoKQBpKCkAEaynIqElEigpABMoKQAUKCkAFSgpABYoKQAXKCkAGEgB3XgZSAGAqWt6
561=UQCZcBAiPj9RAICpanpRACfrLlEAMqEEHlgG0fsfSAGUe2/3UQCJYBpqelEAkHdrelEAhb
562=UCI0wFlDlqelEAm7YKACVUAngKRT8mKCkAJygpACgoKQApKCkAKigpACsoKQAsKCkALUkB
563=z6lZLkgBJ0sPUQDKtQIwVALNfjFIAcEEMkgBwQQzSQH/rQU0yAFNUjVIAZ8VBgA2KCkANy
564=gpADgoKQA5KCkAOkkBIHwgIj4/UQDBcjxUAtEJPUkBJ6EEPkgB1QI/SAHdg0BJARyhBEFJ
565=AR6pAUJIAc0FQ0kBX2wBaHqQaWFGRVQCcAJdK0YoKQBHKCkASEgB0R9JSAHNBUooKQBLKC
566=kATCgpAE0oKQBOSAEldDB0/CV1MFBUApnaCkABdvcAAFknUlEBpWwMaHoBUQCXAZUCVFQC
567=aAFJplVIAYhOaHrBUQdP91EAh2ceBwBYQASfeAcAWUgBi04GAFpIAXgKRXZbSAHVe1xIAS
568=N7KwYAXUgByW9eKCkAX0gBzX5gSAHFCGEoKQBiSAEnSw9RAHJsEGh6JykAZUAE2fhmSAHF
569=CGcoKQBoKCkAEkSagAR88YijZTQUKFUAFSgpABZJAaRwBSLjLVIAnKkBGFQCIxckCgAZKC
570=kAGkgBkKNxd1K06XJ3UgDZdB1ABNl0HkkBprEJH0kBMmsBCQAgSAGABHJ3UgCENHJ3UgAn
571=8g5SACMkJnJ3UgDNECVYBt14JkgBbAldTCcoKQAoKCkAKSgpACooKQArKCkALEgBwVEtKC
572=kALigpAC9JAcmhcjBJAcCpATFJAcKpATJJAcWpATNIAXF3An7xUgBoAQEDBgA1VQLQYARz
573=d1IAIbU5N1QC3eY4KCkAOSgpADpJARetBTsoKQA8SAHdeD1JAY10HyLib1IAaAFNXT9VAm
574=21AkDIAVUCQUkBcLUCQsgBVQJDSAFwd03hREgBfANFKUUoKQBGKCkAR0gBwSVIKCkASSgp
575=AEpIAcUISygpAEwoKQBNKCkATkkB92siCgBPSAElmS9QSAHdeFFIAX54BApBAVKEdkUpU1
576=ABZHYBBAYAVMgBAQUHAFVJASllDwdd8VKox3F3UrnBCFN3UgCKZClxd1IkBFlxd1IkMDh8
577=8d9iBgBcUAlsCUl6XUgB1XBeSQFyZwgGAF9IAclvYEgBzQVhKCkAYkgB2QZjSAHZBmQoKQ
578=BlSAEjrCwiME4n4QFnVALTCRMAU0SHUAEi2yxTAEBEAVkyFVQCaAFRNRbIAVUCF8gBVQIY
579=SQFBrQUZyAFVAhpJAT+1AhtIAdV7HEgBJQUtHUkBk2eiCQAeyAEBAgkAH0gBzXMgSQEyZw
580=gIACFIASOvTQgAIkgBI0AkItssUwCURAgBAAkAJFQCagEBCU3sU6t6CgAmVAJgCF0VJ0gB
581=xYEoSAHVAikoKAAGKgBTAAAAAAAAEQAAVRAAIA8KACsAUwBdAAAAAAoALABTAD5EAUkBLU
582=oB//9PAQoALkoBygOJAS9JAcCpATBJAcWpATFJAcepATJJAf2pATPIAQEBBgA0SAFcBwIA
583=AAYANSgpADZKASQCXwIGADdJARypATgoKQA5SQEXtQI6SAHBBDtIAdUCPEkBGqEEPUkBjU
584=4JAgZGGFMAaAEBAwYAP1UCbbUCQMgBVQJBSQFwtQJCyAFVAkNJAV5UAlEfREkB9LUYRUkB
585=7qkBRkgBfANBBEcoKQBISAHBJUlIAcEESigpAEsoKQBMKCkATSgpAE4oKQBPSQHztQ1QSQ
586=HtqQFRSQFjYwsKAFJKAZcBQSkKQgFTAGgBAQcJAFRQAWgBAQgIAFVJASlvBQgAVkkBLakB
587=V0kBpakBWEkBi28mBwBZSAFwAgEABwBaSAGXAgYAW0kBgGMEBgBcSQF0qQFdSQFyqQFeKC
588=kAXygpAGBIAc0FYSgpAGJIAdkGYygpAGRJAXmxCWVIAY8QBgBmKCkAFEkaQFgCVTkVyAFF
589=NBbIAVUCF8gBVQIYSQFBrQUZyAFVAhpJAT+1AhvIAQEDCgAcSQGTWCdJAR3IAQEECQAeyA
590=EBBQgAH0kBK1gGAQAIACBJAS6pASFJAS+pASJIAcEEI0kBlHMJCAAkyAFRCSXIAQEFCgAm
591=SAHZaSdIAWAITUcoKCkAKSgpACpJAURkBGJyVABoAUFnLFQCZAhFHi3IAUkXLkkB+6lDL8
592=gBAQEKADBJAfy1AjHIAVUCMkgBYHJFCDNIAWUMAGJyVACIemNyVADCewYGADZBBMipATdI
593=Ac0FOCgpADlJASa9NjpIAcEEO0kBILUCPEgBJ0MOVAB5ZARgcqgBQRo/QAR0AlkRQEkBVl
594=gnWRFBSAFgcgEEBgBCyAEBBQYAQ0gBYHJVGERJAfdnEwoARUkB6qkBRkgBzXNHSAFwDV0r
595=SCgpAEkoKQBKKCkASygpAEwoKQBNKCkATkkB+KkMT0gB1Q1QKCkAUUkB8KEEUkkB8qkBU0
596=gBdXAKYXJUjnMLCUJyVACVcAlDclQAiWMlCABXTAWfFQgAWEgBiG9hclSQAoNyVAAxcAFg
597=csQIY3JUAHtnCAYAXVgGxWteKCkAXygpAGAoKQBhKCkAYigpAGNIAdVwZEgBcA1NMWUoKQ
598=AVUBfVAhYoKQAXKCkAGCgpABlJAXylExpJAXapARtIAXRwVTkcSAFobwEGBgAdygEHBkpv
599=VQB2AggHSW9VTNFdDQdLb1UAjGcIBwAhTAXJASJIAYtvBwAjSAFqbwYHSm9VAGgBUQkl1g
600=IIBklvVV7AAABdTCdUAmxoQWcoSAFohVVEKcgBUUsqSAF8bU0FK0gBRBBcq03hVYQBSSIt
601=VAJkCFUYLkgBaG9NBS/IAVGNMEgBaG9VAjHIAVUCMkgBiwgGADMoKQA0SQHNYEZqb1UAnO
602=Zobye1ATdABNkGOCgpADkoKQA6KCkAO0gBJ+oNVQDF5D1VAh94J2lvVZRwRWs/VAJob1UY
603=QEkB6a0QQUkBTrVwQsgBWXRDSQGocRAKR5FVAKqpAUVUAtVwRkkB8WcICgBHSAF8A1EqSC
604=gpAEkoKQBKKCkASygpAEwoKQBNKCkATigpAE9IAScuHFUA1Q1RVQIyeQ0JT+FVAI57HAkA
605=U1UCM7UCVEgBwQRVSAGEuGtvVQAqYARqb1UAgQQHSm9VAIAEaG/AMGzhJykAW0QIjHNrb1
606=UAf3QNa29VAHepAV5ABMkBX0kBcrUCYCgpAGEoKQBiSAHdbWNIAXQRUUtkKCkAFkSE1QIX
607=KCkAGEkBgL0KGUgByQwaKCkAG0gBxe8cSAHJbx1IAWVrCnFsVpJsCwZRbFZQUVEMBlFsVl
608=wASABwbCcpACJZBjJSAgAGUWxWhmsJBlBsqAFRCSVBBKChBCZJAZ6pASdIAclkKEkBQVQC
609=UWEpyAFRYSpIAVACZWsrKCkALCgpAC0oKQAuKCkALygpADBJAclpTgZDo1YAw6kBMlQC3Q
610=ozKCkANCgpADUoKQA2SQEhpSk3SQEbqQE4SAHFCDlIAcEEOkkBGaEEO0gB0do8SQGMcwUG
611=AD3IAVVlPkkBc7UCP8gBVQJASQFYpWtBSQHlvRVCSAF8bUkiQ0gBcGxNBURIAXBsTSZFyA
612=FZlUZJAal8CnBsxzQKAEhVAqS1AklJAZqpAUpIAWQBVXBLKCkATCgpAE0oKQBOKCkAT0kB
613=+WcTCgBQSAGHPwkAUUgBnGJzbFYA9mAEcmxWACMUJH3bVqBnf9tWAPqhBFZZBopsJnFsVr
614=xtcWxWv20GAFlABId2BgBaKCkAW0gBlA1ybFYA0UtdVQKaZxoGAF5IAWQBTVJfSAHB4GBJ
615=AXJ3DQYAYUgBxWtiSAHNBWMoKQAXQO7VAhgoKQAZSAHJehpIAdEJGygpABxIAdV7HUkBeL
616=UNHkkBeqkBH0kBhakBIEgBiAx5aVeEAVn4IlQC2fgjSAEjICB5aVf5HCVVApl0BWzW2wYG
617=ACdUAnACRR4oKCkAKSgpACooKQArKCkALCgpAC0oKQAuKCkALygpADBIAd3QMUkBxWk4Bk
618=M1VwDGqQEzVQLEqQE0SAHZETVJASWlHjZIAcXON0kBF7UCOEkBHakBOUgB1QI6KCkAO0kB
619=HqEEPEgBeGlZXj3IAV1iPkgBeGlVAj/IAVUCQEkBV/tpVwDipRNCVQLbqQFDSQHdqQFESA
620=FwbEVrRUgBZGsBBQYARkgBeGldCkfIAVFsSEkBYnMbCgBJSQGhqQFKSAFkAZlpV4QBSQFM
621=KFUATSgpAE4oKQBPSQEydQUJWWlX6WRRVAIjPCl7aVcA73AUemlXACMQKXppVwAjECl5aV
622=dQMEgIIv82VwA2RAFZSFdECIkBBkzW3Ap6aVcAJc0lWkEEdrEqW0gBzWhcSQGWZAhu1lcA
623=yQFeVALZtl9IAcVgYEgBzWhhSAF0BlVPYigpABhID9UCGSgpABpIAcFyG0kBda0QHEkBLH
624=AFIrMnWACItQIeVALJAR9JATChBCBIAWQBWRwhKCkAIigpACNJAYulCCRJAZ9zBQYAJUgB
625=J+EMWGwCbcsnVAKPAQYAKCgpACkoKQAqKCkAKygpACwoKQAtKCkALigpAC8oKQAwKCkAMS
626=gpADIoKQAzSQHJbDwinjVYAM1oNVQCxRM2KCkAN0kBJq0bOEgBwQQ5SAElWSc6SAHRzztI
627=AcEEPEkBdWwBftBYAGgBTV0+VQJaqWQ/SQFVqQFASQHnuRFBSQHRqQFCSQHTqQFDyAFFCE
628=RIAc1oRUgBxQhGSAF4aV1BR8gBTQVISQFgbBBjZ1gAo6kBSlUCnKkBS0gBn0wKAExIAZ9B
629=CgBNSAGTQAoATkgBh6IKAE9JAYl8IGFnWOHKUVQCmAZgZ9hIYWdYJkU1VEAEnG0i4UNY9W
630=VWVQI2bRAGVVdYtHBhZ1j1ZVlBBHJ0DXzQWCepAVtUApQYf9BYAJulCF1VAp2pAV5IAWQB
631=XSBfKCkAYCgpAGEoKQAZUN3NBRpIAdFsG0gB0WwcSQGFoQ8dSAGPBQcAHigpAB8oKQAgSQ
632=EyZwQGACFJAY25BiJIAdXpI0gByegkSAHVGCVIAc1+JkgBjDFty1loCXVlKFQCjwEGACko
633=KQAqKCkAKygpACwoKQAtKCkALigpAC8oKQAwKCkAMSgpADIoKQAzSAEniwxZAMOhUTVUAt
634=kRNigpADcoKQA4KCkAOUkBIL0gOkkBF6kBO0gBJVknPEkBdVQJVb09yAFVyD5JAVm9Yj9I
635=ASV9JkBIASdtGVkobhlZAGhkRQhDQARoAUUIREkB3r0VRUkB4akBRkgBaGRNBUfIAU0FSE
636=kBYE0QAWpkWQCLWQoASlQC2V5LSAHVAkxIAYSiaGTFNAtKZFkAI0glamRZACMoIWlkWayq
637=IqomWQCYBmtkWQD2eBEibFDYBm3LWSQkJmhkywEHAFZUDZxta2RZAIC5J1hVAnKpAVkoKQ
638=BaKCkAW0gBJakxXEkBdq0FXUgBVhwAACKoJssXBgBfKFUAYCgrABoAWogFTQUbKCkAHEgB
639=JzAMwARwYScpAB9ABJwGInFAWrwgcWFap4EGACJBBH65ESNIAYwFIqAlxAh/xVoApXgCIq
640=AlJ1UAJyitACgoKQApKCkAKigpACsoKQAsKCkALSgpAC4oKQAvKCkAMCgpADFJAc5kNCKh
641=JVoooyVaAMW1AjRABCcwDCeRAjZUAtkGN0gBwco4SAF8GUUpOUkBILEfOkgBJzMMWgAatA
642=ICPABaAI9wBXzFqAFFuD5UAnBWRQg/yAFVAkDIAVUCQUkB5qUTQkgB2V5DSQHgtQJESAFk
643=CFleRcgBWV5GyAFFCEfIAV0KSEkBX2wQc2FaAINkE3Bh1zkKAEtABIhZfcVaJBQkcWFaJJ
644=Q/fcVasLlxYVpoCSLRYlBYBiN3JQoAUUkB7GQTIqJcWgAl+VxTVQKVbH5yYVoAaQEBcGGp
645=AQJwYakBA3NhWgCiZAt9xVomrU1ZRAjdYlooKQBbKCkAXCgpAF1IAd1iXkgBbAldIF8oKw
646=AbAFuQAlUCHEgBI0Q1IpkkWyZhPh5UAoQEIkxMzAV4XicpACFABCVBJCJIASX5JSNIAcEP
647=JEgBhAh4XtgGeF4nKQAnKIEAKCgpACkoKQAqKCkAKygpACwoKQAtKCkALigpAC8oKQAwKC
648=kAMSgpADIoKQAzKCkANEgBJS0yNUkByGg4IkxMJ70CN1UCy7UCOEgBzRs5SQEke0gGADpI
649=ASfbC1sAGrUCPFQCeF5ZUz3IAU08PkgB0VY/yAFVAkDIAU0FQcgBVQJCSAHVDUMoKQBESA
650=FkCEk4RcgBQVxGyAFFCEfIAUUISEgBeF6OwFsAlJx4Xs0bC1leW+1dTEwFmPh5XlskiDh6
651=XlsAjPd4XtgGIrg+JykAUVgGJaVMUkgBJ9kLW41dBHheqQEFInwxqgEGBkzAqQEHe15bAK
652=V8HHleWyjaC1sAJ9gLJykAW0gM1QJcKCkAXUgBJWUjXkgBbAlXIxwAXIQBSQEdSAHNXR5I
653=ASO0TiI8SsAEY1xcADJ0BX26XKB9fbpc+REjWQZyoTskSAHd0CUoKQAmKCkAJ0gB0WEoSA
654=F4Ck0QKSgpACooKQArKCkALCgpAC0oKQAuKCkALygpADAoKQAxKCkAMigpADMoKQA0KCkA
655=NSgpADZIASddF1wmFSQ4VALdFTkoKQA6SAHJvDtIASeAC9gnfLpk8kMHCgA+QAQjI2EKAD
656=/IAVVPQEkBU1wDAQAKAEHIAVUCQkkBUbUCQ8gBSVlESQFVa6YGAEUoKQBGKCkARygpAEhI
657=AWhRUQlJSAGMPGFcXLyZfbpcJNhjf7pcAKS1DU1MBSP8NmJcXADFuE9UAsW4UCgpAFFJAe
658=94f366XAAlQWZTVAIj1zwKAFRIAXy6AQkKAFXJAQphXFwmxS9XVALBRlhIAdlIWSgpAFoo
659=KQBbKCkAXEgB1VpdSAFkF1tIHQBdhAFJAR5IAYQeaVldpB4iaVVdpB5pWV3tECJMBcEPIy
660=gpACQoKQAlKCkAJigpACdIASVZPShIAYQPIrwuJw0CKihVACsoKQAsKCkALSgpAC4oKAAD
661=LwBdAAAAEQAA1A4AIAUAAAAGADAAXVwASAACBgAxAF1cAEsABgAyKCkAMygpADQoKQA1KC
662=kANigpADdKAc8DhQg4SAFAAWkMOSgpADpKASQCXwIGADtJAR6pATxIAUwCbQU9SQFfbwEK
663=AD5JAfRzCQoAP0kB7KkBQEkB8qkBQUgBaAUBAAoAQkkBY28BCgBDSQFSqQFEyAEBAQoARU
664=kBVLUCRsgBVQJHSQFbVAIBAgoASMgBAQMKAElJAaZUAl0KSkkBL6kBS0kBLqkBTEgBZAFB
665=BE1JAaNvAQoATkkBnqkBT0kB87EUUEkB7akBUUgBfANZBlJJAfW1AlNIAdUCVEkBTm8BCg
666=BVyAEBAQYAVkkBf6ElV0kBcqkBWCgpAFkoKQBaKCkAW0kBea0FXEgBeApbPR4AXoQBSQEf
667=SAGPGwYAIEgBjxsGACFJAXu5BiJIAdUNIygpACQoKQAlKCkAJigpACdIAcEPKEgBmw0GAC
668=koKQAqKCkAKygpACwoKQAtKCkALkgBjzEGAC9IAdEJMEkBoGwBclZeAJQuc1ZeACy1AjNB
669=BIi1GDRJAS21AjVJAaSpATZJAZqpATdIAWQBSSI4SAHdCjlIAcEEOkgBwQQ7KCkAPCgpAD
670=1IAXBWRUo+SAHFPz9JAfGtPEBIAYcICgBBKCkAQigpAENIAc1dREgBzV1FSQHupQhGSAHF
671=CEdJAfa1AkhIAdUCSUgB1QJKSAGPJgoAS0gBwQRMKCkATSgpAE5IAcEPT0kB6r0KUCgpAF
672=FIAdkRUkgBwQRTSAHFE1RIAckMVUgBflcEClFWXkBiAwAABQYAV1QCxUpYSAHFSlkoKQBa
673=SQF1sTVbSAGQCQEGAB8AaCpQAXhTJykAIVQC0WEiSAHRCSMoKQAkKCkAJSgpACZIAc1SJ0
674=gBVApxjSgoKQApKCkAKigpACsoKQAsKCkALSgpAC4oKQAvSAHNRzBJAZlsDHlTX+1SMlUC
675=MLUCM0gBZAEBAAcANEkBMW8BBgA1SAHFVTZJAZ+1AjdJAZipAThJAZupATlJAZ2pATpIAW
676=QBXVc7KCkAPCgpAD1IAZR+b6pfAPmtPD9UApsGCgBAKCkAQSgpAEIoKQBDSQH3uQZESAHR
677=QEVJAe+1AkZJAfCpAUdIAcEESEgBzUdJSAHRYUpIAcEPSygpAEwoKQBNKCkATkgBwQ9PSA
678=HVDVBIAckMUSgpAFIoKQBTKCkAVEgBxVVVSQFPZA96U18AaAFZq1dUAsVKWEkBd6FRWSgp
679=AFpIAc9HIABgfAdtRyEoKQAiSAHBXCNIAc1SJCgpACVIAcFcJkgBiwgGACcoKQAoKCkAKS
680=gpACooKQArKCkALCgpAC1IAclOLkgB1UQvSQGWbwwGADBJAZmpATFIAdW9MkkBM7UCM0gB
681=iKZiUWAAlU8HQ1FgAIm9IDZABJ/bBgA3SAHRCThIAWAISU45KCkAOigpADsoKQA8KCkAPU
682=gBYFGcpMQpcPsnKQBAQAScCnykJ1UAQihVAEMoKQBESQH5qU5FSAHZBkYoKQBHSAHJsUhI
683=AdHwSUgBzQVKKCkASygpAEwoKQBNKCkATigpAE8oKQBQSAHJDFFIAc1SUigpAFMoKQBUSA
684=HFYFVIAc0QVkgBYFFJplfIAUmmWEgBgwQGAFkoKwAhAGGQAlUuIkgB0VYjSAHRViRIAdVP
685=JSgpACZJAXq1OSdIAYsIBgAoKCkAKSgpACooKQArKCkALEgB3eYtSAHJkC4oKQAvSAEnyg
686=lhAMEEMVQCJ2seYQCDrRAzVAKAUWpOYQAj2CFqTmEA2aA2QASAUWtOYQClYxYGADhUAmQB
687=UR85KCkAOigpADsoKQA8SQFacwUKAD3IAYtOYQD2oUY/VAJ9AwBsn9AqaE4nKQBCKIEAQ0
688=oB//9XBQoAREgBQQEAWQZFKCkARigpAEdIAdmVSEgB2T1JSAHZBkooKQBLKCkATCgpAE0o
689=KQBOKCkATygpAFBIAckMUUgBxaJSKCkAU0gBwQ9USAHBD1UoKQBWSQFMeQIKSvNhAGgBWa
690=BYVAJwAl8rIgBihAFJASMoKQAkSAHJTiVIAcWiJkgBkAV/mWIAgq08KChVAClJAVZnBAoA
691=KsgBTTErSAElkS4syAFVAi1JAVCtBS7IAUUTL0gB0UAwSAEBlwEAAFUCMckBAiLdJ2JEnV
692=8GBgAzVAInPxNiAId4EXFLYumbNkAE3Uw3SQGGYARzS2IAmL0KOVQCSAlpvDpIAckXO8gB
693=URQ8SAFxSwJyS2IAJfEkPlQCxYw/SAGECHBLxClwSycpAEIogQBDSAEncgliAMkBRVQCxQ
694=hGKCkARygpAEgoKQBJKCkASigpAEsoKQBMKCkATSgpAE4oKQBPKCkAUCgpAFEoKQBSKCkA
695=UygpAFQoKQBVKCkAVkgBZEpVI1fIAQIDBgAjACNwNnEqJCgpACUoKQAmKCkAJygpACgoKQ
696=ApSAFsMV0KKkgBl5EKACtJAZxnJQoALEgBkY0KSD3VDQpWi2MAZEpZqy9ABGxHWREwyQEE
697=In4mYwB0AgEFBwAyVQIpcQkHWUhjpEpslNEJCFniY6+UBwA2KK0ANygpADhIAXhIXQo5yA
698=FRuTpIAckXO0gBzTw8SAFwDU2JPUgByXo+SAEnGAnAD3hIJykAQUAE2QZCKCkAQygpAEQo
699=KQBFKCkARigpAEcoKQBIKCkASSgpAEooKQBLKCkATCgpAE0oKQBOKCkATygpAFAoKQBRKC
700=kAUigpAFMoKQBUKCkAVSgpAFZJAU18HAMKACQAZAAl5T4lyAFVcCZJAVWhBCdIAc2JKMgB
701=QQQpSQFcoQQqSAGQgmJGZAAjXDhhRmRERUQEYUZkXABIAGFGZEgPiQEvWAZqQwYKTUFklk
702=QHCUBAqgEICEJGZACBRghARicpADRYBpjXYUZkXFJRCQhARieBADdABNkGOEkBmVyOAQAJ
703=ADnIAUkXOkgByRc7SAFcB2XOPCgpAD0oKQA+SAElBSI/SAEltS1ASAEl0StBSAHFCEIoKQ
704=BDKCkARCgpAEUoKQBGKCkARygpAEgoKQBJKCkASigpAEsoKQBMKCkATSgpAE4oKQBPKCkA
705=UCgpAFEoKQBSKCkAUygpAFQoKQBVKCsAJQBllBxZaSYoKQAnSAHFPyhIAZW9Ck02ZfFAKl
706=QCI0w2aEPFCAtPNmUAimTDaUNlWAFIC2lDZeFGL1gGTAJ5MjBIAXVECmlDZZZECwlJQ2VY
707=DEkECUhD2wYJADRNBSpRAgBrQ2UAKKkBNlQCkxQJADdIAYtDCQA4SAFpQwJoQ8cTCgA6VA
708=J0BlkcOygpADwoKQA9KCkAPkgB2Yo/SAElpSBASAEleSBBSAHRCUIoKQBDKCkARCgpAEUo
709=KQBGKCkARygpAEgoKQBJKCkASigpAEsoKQBMKCkATSgpAE4oKQBPKCkAUCgpAFEoKQBSKC
710=kAUygpAFQoKwAmAGaIG0ElJ0gBI8EpCkUuZlwxQANwQMMECwAqQARPAgAAC0DKJ1UALFQC
711=I6QgcUBmSIBIBHFAZkiAiQEvQASAfX6DZgAjITYKUgNmACPdSApRQGZMAEwFcUBmTNGJAT
712=RYBpwKcEDcCn6DZgCQFHNAZgCMdE9wQNwVcEDEE3BAJykAO1AJVAphUTwoKQA9KCkAPigp
713=AD8oKQBAKCkAQSgpAEIoKQBDKCkARCgpAEUoKQBGKCkARygpAEgoKQBJKCkASigpAEsoKQ
714=BMKCkATSgpAE4oKQBPKCkAUCgpAFEoKQBSKCkAUygrACcAZ4QiRT8oSAGQKnk9Z+U/KlQC
715=hAR4PcwFbH4nKQAtKIEALigpAC9JAYt4Mns9ZwCjaAh7PWcAmakBMuAEeD3QCWx+JykANU
716=AEaAVVvTYoKQA3KCkAOEkBhWgMeD3YBng9JykAO0AEhwgKADwoKQA9KCkAPigpAD8oKQBA
717=KCkAQSgpAEIoKQBDKCkARCgpAEUoKQBGKCkARygpAEgoKQBJKCkASigpAEsoKQBMKCkATS
718=gpAE4oKQBPKCkAUCgpAFEoKQBSKCsAKABomCBNPClIAc08KkgBI1xDcLnABGE7aKW4C1W3
719=aEwARQcLUHEngQAvWAaAcmA7wARjO2gAoUgFSQwy4ARgO8AEYDvHCAkANUAEaAWAOydVAD
720=dUAt26OEgBmMxgO8AEYDsnKQA7QASECGA7J1UAPShVAD4oKQA/KCkAQCgpAEEoKQBCKCkA
721=QygpAEQoKQBFKCkARigpAEcoKQBIKCkASSgpAEooKQBLKCkATCgpAE0oKQBOKCkATygpAF
722=AoKQBRKCsAKQBpjB9JLSpIAdU5K0gB1TksSAGUAmk4aUw3WAVoONkGC0WnaaStaDjABGk4
723=aST0QGixzQUKVYBpULRECGk4aSQgIGk4aatDCQA2VA1ZAwBVOTdIAcFyOEgBlwIKADkoKQ
724=A6KCkAOygpADwoKQA9KCkAPigpAD8oKQBASAElSTBBSAHJDEIoKQBDKCkARCgpAEUoKQBG
725=KCkARygpAEgoKQBJKCkASigpAEsoKQBMKCkATSgpAE4oKQBPKCkAUCgrACoAapgVXTYrSA
726=GENCJdLWpMLEADfObABHA1JykAL0wFJyMVagCmSAVFCDFUAmQBSQEyKCkAMygpADQoKQA1
727=SAGEdnE1auk4N1QC0Ww4SAHRCTkoKQA6KCkAOygpADwoKQA9KCkAPigpAD9IAcU0QCgpAE
728=FIAckMQigpAEMoKQBEKCkARSgpAEYoKQBHKCkASCgpAEkoKQBKKCkASygpAEwoKQBNKCkA
729=TigpAE8oKwArAGuMFFEqLEgBxTQtSAHFay5IAYQEbWhrvGJtaGuwYWxoJwUBMuwFbGgnVQ
730=A0KFUANSgpADYoKQA3KCkAOCgpADkoKQA6KCkAOygpADwoKQA9KCkAPigpAD8oKQBAKCkA
731=QSgpAEIoKQBDKCkARCgpAEUoKQBGKCkARygpAEgoKQBJKCkASigpAEsoKQBMKCkATSgpAE
732=4oKwAsAGyELU0xLUgBzTEuSAHNMS9JATJoBGEwbLScYDAn2QAyQAR8A0UIMygpADQoKQA1
733=KCkANigpADcoKAALOABsAAAAAAAACgA5AGwRAACKBZgMCQAAAAAAAAoAOgBsAIMACgA7KC
734=kAPCgpAD0oKQA+SQGgcwUKAD9JAZqpAUBJASypAUFJAS2pAUJJAaapAUNIAWQBAQAKAEQo
735=KQBFKCkARigpAEcoKQBIKCkASSgpAEooKQBLKCkATCgpAE0oKwAtAG2cDkEPLkkBL3MBCg
736=AvSQEuqQEwSAFkAUEEMSgpADIoKQAzKCkANCgpADUoKQA2KCkANygpADgoKQA5KCkAOigp
737=ADsoKQA8KCkAPSgpAD5JAaNoE2stbQCdqQFAVgKDAk8BCgBBSQExRAFJF0JIAdUuQ0kBor
738=UCREgBZAFBBEUoKQBGKCkARygpAEgoKQBJKCkASigpAEsoKQBMKCsALgBuhAxJDC8oKQAw
739=KCkAMSgpADIoKQAzKCkANCgpADUoKQA2KCkANygpADgoKQA5KCkAOigpADsoKQA8SAHFVT
740=1IAcVVPkgBgBZyKm4A0VZAVQIweAJwKsMaCwBCVQKLqS1DSAHNMURJAZ6tBUVIAWQBUR9G
741=KCkARygpAEgoKQBJKCkASigpAEsoKwAvAG+MCVEJMCgpADEoKQAyKCkAMygpADQoKQA1KC
742=kANigpADcoKQA4KCkAOSgpADooKQA7KCkAPEkBn2MSCgA9SQGWqQE+SAHFKT9IAcFRQEgB
743=hSkLTlJvAIBReidvANlTQ0EEiKUpREgBgwQKAEVIAd2DRkgBZAxRH0coKQBIKCkASSgpAE
744=ooKwAwAHCUBlkGMSgpADIoKQAzKCkANCgpADUoKQA2KCkANygpADgoKQA5KCkAOigpADso
745=KQA8SAEnowRwAJtjEgoAPlQCxXY/SAEnowRwAChgBGElcLQjYSVw7SZDTAV+AwALXKTABG
746=AlwwQKAEbjBAoARygpAEgoKQBJKCsAMQBxjAlVIzIoKQAzKCkANCgpADUoKQA2KCkANygp
747=ADgoKQA5KCkAOigpADsoKQA8SQGhaA9tR3HxbD5VAoaxQD9IAd1tQEgBlLJrInEAK3gGai
748=JxAIO0CwBDQQQydAJrx3EAjKUIRVQCgARoIieZA0dUAmgFRR5IKCsAMgBykAJVAjMoKQA0
749=KCkANSgpADYoKQA3KCkAOCgpADkoKQA6KCkAO0kBpHMMCgA8SAHFPz1IAcU/PkgByWQ/SA
750=GHYAsAQEgBzRtBSAHNG0JIAZ0gClEfcrwgcB8nFQNFQARwDUEaRigpAEcoKwAzAHOcA0EE
751=NCgpADUoKQA2KCkANygpADgoKQA5KCkAOigpADsoKQA8SAGAGm48cwDVOT5UAsFcP0kBKn
752=QQexxzAIm9NkFUAs1+QkgBxQhDSAGIIngcJ+kCRVQCYAhVGEYoKwA0AHSQAlUCNSgpADYo
753=KQA3KCkAOCgpADkoKQA6KCkAOygpADxIAYBRYxp0ADNwDH54dACXAgsAP0AEiE5hGnSwd3
754=7FdADVWkJBBDi5BkNIAYwFYBonvQJFVAJ8A4kXdYQBSgE2ACcpADcoKQA4KCkAOSgpADoo
755=KQA7KCkAPCgpAD1IAZwVaRd19WU/VALRS0BIAc0bQUgB1U9CSAHdFUNIAYgTaBcnZwI2AH
756=aQAl0VNygpADgoKQA5KCkAOigpADsoKQA8KCkAPSgpAD4oKQA/KCkAQEgB1RhBSAHFE0JI
757=AZAQfGIpOQJ3kAJGEzgAJykAOSgpADooKQA7KCkAPCgpAD0oKQA+KCkAPygpAEAoKQBBKC
758=kAQigrADgAeO0QOSgpADooKQA7KCkAPCgpAD0oKQA+KCkAPygpAEAoKQBBKCsAOQB59Q06
759=KCkAOygpADwoKQA9KCkAPigpAD8oKQBAKCsAOgB6/Qo7KCkAPCgpAD0oKQA+KCkAPygrAD
760=sAe+UIPCgpAD0oKQA+KCsAPAB87QU9KCgAAQAAAAARAAA=

[Terrain]
109058=TIBTRE01
72081=TIBTRE02
72050=TIBTRE03
50052=TIBTRE01
39079=TIBTRE02
51086=TIBTRE03
100063=FONA01
93064=FONA02
99074=FONA03
94072=FONA04
85070=FONA05
87082=FONA01
83079=FONA02
94081=FONA03
78070=FONA04
95067=FONA11
96080=FONA12
100064=FONA13
81079=FONA14
90081=FONA15
20058=FONA01
25058=FONA02
25067=FONA03
29071=FONA04
25075=FONA05
26069=FONA11
26073=FONA12
25056=FONA13
19068=FONA14
18073=FONA15
90051=FONA06
91055=FONA07
83047=FONA08
84053=FONA09
82049=FONA10
86049=FONA08
71069=FONA06
70071=FONA07
68073=FONA08
65075=FONA09
55058=FONA10
57055=FONA08
58057=FONA07
37059=FONA06
35060=FONA08
43058=FONA07
43055=FONA09
43054=FONA10
74017=TREE01
71015=TREE03
70020=TREE04
72019=TREE05
78020=TREE06
55032=TREE07
53035=TREE08
57031=TREE09
54037=TREE10
54033=TREE11
93037=TREE12
93039=TREE13
95038=TREE14
87029=TREE15
89074=TREE15
108066=TREE16
110068=TREE17
79091=TREE18
81091=TREE19
81093=TREE20
80091=TREE02
78099=TREE03
80099=TREE04
84093=TREE05
83095=TREE06
48040=TREE06
49042=TREE07
49038=TREE08
42042=TREE09
44044=TREE10
50042=TREE11
45039=TREE12
57115=TREE12
57114=TREE12
58114=TREE13
59116=TREE14
55114=TREE15
31082=TREE01
22080=TREE02
30086=TREE03
31090=TREE04
29087=TREE05
19078=TREE06
30084=TREE07
33090=TREE08
40071=TREE09
15062=TREE09
14064=TREE10
15067=TREE11
18059=TREE12
15063=TREE13
16064=TREE14
14071=TREE14
14073=TREE15
15073=TREE16
17075=TREE17
74058=TREE18
76063=TREE20
63066=TREE21
61057=TREE22
66070=TREE23
52066=TREE24
58073=TREE25
98067=BIGBLUE3
82072=BIGBLUE3
20063=BIGBLUE3
20072=BIGBLUE3

[Structures]
1019610=Neutral,INBLULMP,256,72,20,0,None,0,0,1,0,0,None,None,None,0,0
1019611=Neutral,INBLULMP,256,63,20,0,None,0,0,1,0,0,None,None,None,0,0
1019612=Neutral,INBLULMP,256,72,82,0,None,0,0,1,0,0,None,None,None,0,0
1019613=Neutral,INBLULMP,256,67,98,0,None,0,0,1,0,0,None,None,None,0,0
1019614=Neutral,INGRNLMP,256,86,51,0,None,0,0,1,0,0,None,None,None,0,0
1019615=Neutral,INGRNLMP,256,50,72,0,None,0,0,1,0,0,None,None,None,0,0
1019616=Neutral,INGRNLMP,256,52,50,0,None,0,0,1,0,0,None,None,None,0,0
1019617=Neutral,INGRNLMP,256,81,72,0,None,0,0,1,0,0,None,None,None,0,0
1019618=Neutral,INGRNLMP,256,58,109,0,None,0,0,1,0,0,None,None,None,0,0
1019619=Neutral,INGRNLMP,256,79,39,0,None,0,0,1,0,0,None,None,None,0,0

[OverlayPack]
1=CQAAIIH//v4f/4H/gGoAACCB//5DAP+Df39//vcB/wH5Af0gAf70Af9B+v//AUQC//oBQQ
2=LJPgL/9QFHBv8CAj0GyUEK//EBSwrIPgT/+QFFAHwH/vkB/wH7//0BRxA8Cv79Af//AAJH
3=FP/yAUsM/w8CORj+twP/gf+ApAAAIIH//k8A/4Fm/v4B/4JmZv/9AVAAAf//AAJQAv7+Af
4=//AwJPAv76Af+BZv/9AU0EMfz/+wFPCiIB//4BTwr/4QFNEMpSEoJ+ftI+Cv/cAVISyVMU
5=gX4AAf/xAUAEyFAWEgDKPRbLTxb/1QFQFshNFjH/YgHNTRL/1QFPFshKGhH7g7Kyssg/GH
6=HyAAj/2AFOFsovHIKyp8g/HMhLHBoF/6cBWBqA9gAAIIH/7QAAgWYAAQAGAAqHfn6ysrJ+
7=fnAbQAsQIiAmECX+0gH/Yd+BfiABAAdB/hANYCEgCf7WAf8D2THiMgFB+FAIEB0gBP7ZAf
8=/KVAAUAFQIYgASAf7bAf9WAlHkyT0EyCwA/tkB/8s2CDIAyT0AzTQK/tAB/81VCiIAgafO
9=Sgr/2AFaCtE0DP/sAUcKIdrJWg7NRQj/3wFTDs9aAM5EEMdSAv7kAf/GQwT/7wFOEkHxM/
10=rLShT/3gFVBMpEAsZBBMpNEkAF/soB/9BbGHIB1Bga/84BWhbOXRrQPBrLWhj/zwFcGMsp
11=GsVABspBHMssHv+jAV0cgM4AACCB/+cAAIFmIAFQDoF+yTkAyiIAyUYA/s4B/8orABH4g7
12=KysspCADAi/tgB/wHayi4ChP9+sqciAM1EAv/cAVICyi4AJAACCcslBhIp/tcB/84tAslE
13=BP/VAVgA0CIIyjAAyiIKJiT+3AH/2lEE/98BUATlKgz+3gH/LATTOw7/4AFPBkfh1VAORf
14=//3QFSEMwsBNQ9Ev/aAVMS2k8UcgD/2QFUFN4wFhYj/9gBTgpT2//fAVIO3BcS0zQagX/+
15=4gH/EfrVLxyBf/+4AUgcgFQAACCB/+oAAIJmZhADzzMAg39/f/7lAf8B/NAyAAH+EAH++Q
16=H/If3//QFGAkQC/wICTAT++AH//wACRwj/BgJCAv/8AU0KAgL+9Av///8BSxD/wQFMDoCa
17=AAAggf/8AACBfzAB/vgB/4F/QgEAB/71Af9B/P/2AUIAgWYUAP/7AT8AgWYCAWIA//MBSg
18=QSAFH+//EBSAgB/oJmZnH+/+sBSQoh+jAGIgH/8QFBBiX5MgAyDP/xAUYKA/9yATQA/ukB
19=/yP+Yf7FOQT+6wH/yDkQQf/+7wH/yTMO/vYB/1IBwTsG/vQB///+ATYWyDIc/sAB/4H/gA
20=8AACCB//UAAIJmZv7EH/+B/4AJAAAggf/+/h//gf+ACQAAIIH//v4f/4H/gAkAACCB//7+
21=H/+B/4AJAAAggf/+/h//gf+ACQAAIIH//v4f/4H/gAkAACCB//7+H/+B/4AJAAAggf/+/h
22=//gf+ACQAAIIH//v4f/4H/gAkAACCB//7+H/+B/4AJAAAggf/+/h//gf+ACQAAIIH//v4f
23=/4H/gAkAACCB//7+H/+B/4AJAAAggf/+/h//gf+ACQAAIIH//v4f/4H/gAkAACCB//7+H/
24=+B/4AJAAAggf/+/h//gf+ACQAAIIH//v4f/4H/gAkAACCB//7+H/+B/4AJAAAggf/+/h//
25=gf+ACQAAIIH//v4f/4H/gAkAACCB//7+H/+B/4AJAAAggf/+/h//gf+ACQAAIIH//v4f/4
26=H/gAkAACCB//7+H/+B/4A=

[OverlayDataPack]
1=CQAAIIEA/v4fAIEAgK8AACCBAP5DAACDBgcG/vcBAIIGBgADhgcICwoIBP70AQCCBgoQAY
2=YACgsLCwj+9AEAgQcB+YELAgIQBoEI//MBRgCDBgoAEgIQAYUACwoHA/7xAQCBCFH/JAL+
3=8gEAAgA1/wAIgwcAAf7wAQCDAwYHDfuBByIB//UBSARKB4UICAoLB/76AQAJ+IIICv/4AU
4=YAVAP+/gEAwD4C/v4BAP/1AUgCyDwa//EBTAz+xgMAgQCAIgEAIIEA/k8AAIEE/v4BAIMH
5=CAf+/AEAhQQICgcD/vwBAIIICv7+AQCDCAoG/vwBAIQGCgsI/voBAIUEAAgLC//5AVAIiA
6=MHCAoKAAsL/+kBUQKCDg4ABYENyEQKgwgKCwAB/+gBUQqICDEwGQAHMhnJRAICAYIKCP/c
7=AVIMgQTJUACFDQwAABHKIhQCAIMIAAT/2wFSBIEGyFIOhwgxMRoIMhjKRAKCCAf/3wFQAM
8=hQAoUHMSkMDgQDyEQSyVAGgQb/1AFRFgHjgQhB2IQOCDIxAAFYAIIBBAAcyFEEggcK/9MB
9=Ug6BAxniO+GEBzEqMgAHgTB2AAH/x0kAwE4E/9UBUhACAcRRDIMKMTEABnwAggMGW/nBTw
10=KDBwAIVCn+nAEAgQCA7wEAIIEA7QAAhwcKCwgAAAQACoIJMgAFgjIYcBuBDDAHiAYKCwoI
11=BgYEICX+0gEAhAcKCggAAYsEDQYxMDIxJwANDTAYhA0IMBkgCYIICgABEAmBAf7WAQCDCA
12=ALAAGMBzIABAMDCTIfMjAkEgKDBzEqNAyBBgH9gwoKBv7aAQAF4AABhAgJBDAB8IwEAAUK
13=MDEaDg4AFzIQEAASggcHAiKBB/7bAQCBCBIAB+OBA0AQiQswLDEyKzIwG1AhAiEIJP7ZAQ
14=CBByIAgQc37hAQgzIwMAAHR/80IQIf/tkBABQAggoINe4r+IMKMi4AB4ExUBEiIIILCP/W
15=AVwAA9+ECAgHCMhYBoQGMCoyFACCMhrKLAYsA/7UAQCBBhfcggQLcBGGCTIoCzIwDgtwIh
16=YC/9gBWgqBA1/ZU/CIABYyGgMDCzFgECoC/9wBVwQj5YExafCCMR0ABoISMmoRJAH/3AFY
17=CDABgQ7DQwKBDsJLAoIHMm3/FiLKNg7+1gEAhAgxMCUR7YIyLC36gQVwGsBSBgAFgQTFPA
18=j+xQEAgQHMXBjATACCAxYt84ELyEoWYgIgLv/NAVwYgQDKWxKBBw//gwYwKBYCgwgwJHH4
19=xjsI/9EBWRqCBAfLWQqHDgAMFzEyJQICgRfHQACBB8paDv+jAVsSgHIBACCBAOcAAIYGCA
20=gIBwZQDo0IMioyMDEyMjIaFDIcYCSDBwoIYCKEAAMEA/7OAQCDCAoKceCECzIhMAAHhDIe
21=MCnIIQCECgsKB/7YAQCHAwQACAsLClIBgwMAFRIAhRoKMRkaciOCCwsEJYEE/tgBAIIHCw
22=HgYewUAIUxGDADBcklBgQA/9oBVQQD33QBggcwAAGBHAQIySQG/9oBUgIAAYEEEgCBC2Hi
23=ggUFBhPJIwoYI/7dAQCCBwrJMAYB74IxGchDCoIHCAoifAD+1AEAEgHJUQwH+4EYyiYIyT
24=MM/tQBAIIIAMgyCnABgwEDBCweggsA/9wBUQwJ6xQB01IOggYIFh3/3QFQDoQEBwcAEgDT
25=VgYl/wYfyFEA/tABAMEtAtZRAsEvBIEKwC0AAAH/2AFWBiHj1DUWgwMGB8AvACH6/9YBVQ
26=aBAyfigQjLQgj+6QEAgQEJ/BIA0zQY/+MBNBqBAwHkCADSMhzHLwD+rgEAgQCAgQAAIIEA
27=6gAAhQQGAAcG0BsAgwcKCP7lAQCBAwID0BwAhQgKCwoI0TIA/uYBABIAgQACAtIxAP7lAQ
28=CDBwoLEAGBCv/5AU0EgQgiAIILB/74AQAWAwAB/+YBSADXMgiBCNAxAv7nAQCDBAgI//sB
29=SwQiAv70CwD//wFLEIIEB/+/AU4IgPcAACCBAPwAAIcICAgHBwcE/vgBAIQEAAoLAAGECA
30=AGBv71AQCMBAcHCgALCwoKCAcD/vEBAAHyAAOBCBQBggsK/vMBAIEHJfRCAP/yAUkChwcK
31=BwAABggoAf/yAUcIgQQB+YQIAwcKB/wSAv/rAUgGhwMGBwYDAAcR9YMHBgcGBQIFhAsIBg
32=H+6QEAggYIBfkR9YELC/cSDBIA/u0BAIEDX/kCAYIGAAYG/+sBSAqBA8JIAgHzJgFEEv/s
33=AUkKgQfAQQCCCAj/8AFDDMopEAv2FgCCCgj/9wFGAIEIDfbBQwQIB/71AQAf/cg7FP7zAQ
34=AKAA38/8IBPxqADwAAIIEA9QAAggYG/sQfAIEAgAkAACCBAP7+HwCBAIAJAAAggQD+/h8A
35=gQCACQAAIIEA/v4fAIEAgAkAACCBAP7+HwCBAIAJAAAggQD+/h8AgQCACQAAIIEA/v4fAI
36=EAgAkAACCBAP7+HwCBAIAJAAAggQD+/h8AgQCACQAAIIEA/v4fAIEAgAkAACCBAP7+HwCB
37=AIAJAAAggQD+/h8AgQCACQAAIIEA/v4fAIEAgAkAACCBAP7+HwCBAIAJAAAggQD+/h8AgQ
38=CACQAAIIEA/v4fAIEAgAkAACCBAP7+HwCBAIAJAAAggQD+/h8AgQCACQAAIIEA/v4fAIEA
39=gAkAACCBAP7+HwCBAIAJAAAggQD+/h8AgQCACQAAIIEA/v4fAIEAgAkAACCBAP7+HwCBAI
40=AJAAAggQD+/h8AgQCACQAAIIEA/v4fAIEAgA==

[AITriggerTypesEnable]
08594AB0-G=yes
085949B0-G=yes
085948B0-G=yes
085947B0-G=yes
085946B0-G=yes
085945B0-G=yes
074AC080-G=yes
074ADF20-G=yes
085945D0-G=yes
085944D0-G=yes
085940B0-G=yes
08595F20-G=yes
08595E20-G=yes
090EFC90-G=yes
090EFB90-G=yes
090F8F20-G=yes
090F8E20-G=yes
090F8D20-G=yes
084EFF20-G=yes
08595720-G=yes
08595620-G=yes
084EFC20-G=yes
084EFB20-G=yes
084EFA20-G=yes
084EF920-G=yes
084EF820-G=yes
084EF720-G=yes
084EF620-G=yes
08596D20-G=yes
08596C20-G=yes
08596B20-G=yes
080DF140-G=yes
08596850-G=yes
08596750-G=yes
08596650-G=yes
08596550-G=yes
08596450-G=yes
08596350-G=yes
084F0B20-G=yes
084F0A20-G=yes
08596050-G=yes
08597E20-G=yes
08597D20-G=yes
08597C20-G=yes
08597B20-G=yes
08597A20-G=yes
08597920-G=yes
08597820-G=yes
08597720-G=yes
080DDBE0-G=yes
08597520-G=yes
090F9350-G=yes
090FA700-G=yes
090FA600-G=yes
090FA500-G=yes
080AB180-G=yes
08598F20-G=yes
08598E20-G=yes
08598D20-G=yes
08598C20-G=yes
08598B20-G=yes
085988D0-G=yes
085987D0-G=yes
085986D0-G=yes
085985D0-G=yes
085984D0-G=yes
085983D0-G=yes
085982D0-G=yes
085981D0-G=yes
085980D0-G=yes
08599F20-G=yes
08598A20-G=yes
0AAC5B20-G=yes
075A5EC0-G=yes
075A53F0-G=yes
075A52F0-G=yes
07E8CCB0-G=yes
07E8CBB0-G=yes
07E8CAB0-G=yes
07E8C9B0-G=yes
084712B0-G=yes
08471C20-G=yes
08472F20-G=yes
08472E20-G=yes
08472D20-G=yes
08472C20-G=yes
08472B20-G=yes
08472A20-G=yes
0859AB20-G=yes
090FDF20-G=yes
090FDE20-G=yes
090FC820-G=yes
090FDB60-G=yes
090FDA60-G=yes
090FD960-G=yes
090FD860-G=yes
090FD760-G=yes
0859A160-G=yes
0859A060-G=yes
0859BF20-G=yes
0859BE20-G=yes
0859A820-G=yes
0859BB30-G=yes
0859BA30-G=yes
0859B930-G=yes
084F4230-G=yes
084F4130-G=yes
0859B630-G=yes
074B3330-G=yes
0859B430-G=yes
0859B330-G=yes
0859BD20-G=yes
0859CF20-G=yes
0859CE20-G=yes
0859CD20-G=yes
0859CC20-G=yes
0859CB20-G=yes
0859CA20-G=yes
0859C920-G=yes
0859C820-G=yes
0859C720-G=yes
0AF3EF10-G=yes
0859B130-G=yes
0859B030-G=yes
0859C3E0-G=yes
0859C2E0-G=yes
0859C1E0-G=yes
0859C0E0-G=yes
0859DF20-G=yes
0859DE20-G=yes
080E2360-G=yes
07E8BE50-G=yes
07E8BD50-G=yes
07E8BC50-G=yes
07E8BB50-G=yes
084756C0-G=yes
07E8B410-G=yes
07E8B310-G=yes
07E8B210-G=yes
084F7D20-G=yes
0859D2C0-G=yes
07D5E8A0-G=yes
09100F20-G=yes
07F232E0-G=yes
09101F20-G=yes
0859ED20-G=yes
09101D20-G=yes
07D70D20-G=yes
09101B20-G=yes
09101A20-G=yes
09101920-G=yes
091002C0-G=yes
091001C0-G=yes
07D70470-G=yes
09101470-G=yes
0859E270-G=yes
0859E170-G=yes
0859E070-G=yes
0859FF20-G=yes
0859FE20-G=yes
0859FD20-G=yes
07EF8B30-G=yes
07EF8A30-G=yes
0859F940-G=yes
0859F840-G=yes
0859F740-G=yes
0859F640-G=yes
0859F540-G=yes
0859F440-G=yes
0859F340-G=yes
0859F240-G=yes
096E8880-G=yes
09102C20-G=yes
09103F20-G=yes
096E8580-G=yes
096E8480-G=yes
09103C20-G=yes
09103B20-G=yes
09103A20-G=yes
085A0420-G=yes
085A0320-G=yes
09102240-G=yes
09102140-G=yes
085A0F20-G=yes
085A0E20-G=yes
085A0D20-G=yes
085A1BF0-G=yes
07E30660-G=yes
07E30560-G=yes
085A18F0-G=yes
085A17F0-G=yes
085A1F20-G=yes
085A1E20-G=yes
085A1D20-G=yes
085A13A0-G=yes
085A12A0-G=yes
085A11A0-G=yes
085A10A0-G=yes
0856AF20-G=yes
07E57AE0-G=yes
0856AD20-G=yes
085696F0-G=yes
07ECC820-G=yes
07ECC580-G=yes
07ECC2E0-G=yes
07ECC040-G=yes
085A26A0-G=yes
085A25A0-G=yes
085A24A0-G=yes
085A23A0-G=yes
085A22A0-G=yes
085A21A0-G=yes
085A20A0-G=yes
085A2C20-G=yes
085A2B20-G=yes
085A2A20-G=yes
085A3B80-G=yes
07EA54C0-G=yes
07EA53C0-G=yes
085A3880-G=yes
085A3780-G=yes
085A32B0-G=yes
085A31B0-G=yes
085A30B0-G=yes
085A3F20-G=yes
085A3E20-G=yes
085A3D20-G=yes
085A4F20-G=yes
085A4E20-G=yes
085A4D20-G=yes
085A4C20-G=yes
085A3680-G=yes
085A3580-G=yes
085A3480-G=yes
085A4730-G=yes
085A4630-G=yes
085A4530-G=yes
085A4430-G=yes
097985A0-G=yes
085A4230-G=yes
09798200-G=yes
09799F20-G=yes
09799C80-G=yes
07FC5650-G=yes
07FC53B0-G=yes
07FC5110-G=yes
07FC4E50-G=yes
085A5D20-G=yes
085A5C20-G=yes
085A5B20-G=yes
085A5A20-G=yes
080CF220-G=yes
080CF120-G=yes
080C71E0-G=yes
080C70E0-G=yes
085A5520-G=yes
085A5420-G=yes
085A5320-G=yes
080D0C20-G=yes
080D0B20-G=yes
080D0A20-G=yes
080D0920-G=yes
080D0820-G=yes
080D0720-G=yes
080D0620-G=yes
080D0520-G=yes
080D0420-G=yes
080D0320-G=yes
080D0220-G=yes
080D0120-G=yes
080D1F20-G=yes
080D1E20-G=yes
080D1D20-G=yes
080D1C20-G=yes
07F26720-G=yes
080D1A20-G=yes
080D1920-G=yes
080D1820-G=yes
080D1720-G=yes
080D1620-G=yes
080D1520-G=yes
080D1420-G=yes
080D1320-G=yes
080D1220-G=yes
080D1120-G=yes
080D2F20-G=yes
080D2E20-G=yes
080D2D20-G=yes
080D2C20-G=yes
08597420-G=yes
0859F140-G=yes
080D2920-G=yes
080D2820-G=yes
080D2720-G=yes
080D2620-G=yes
080D2520-G=yes
080D2420-G=yes
080D2320-G=yes
080D2220-G=yes
080D2120-G=yes
080D3F20-G=yes
080D3E20-G=yes
080D3D20-G=yes
080D3C20-G=yes
080D3B20-G=yes
080D3A20-G=yes
080D3920-G=yes
080F9470-G=yes
080D3720-G=yes
080D3620-G=yes
080D3520-G=yes
08500120-G=yes
0914DE20-G=yes
09EF4530-G=yes
09EF4430-G=yes
080D4F20-G=yes
080D4E20-G=yes
080D4D20-G=yes
09F30510-G=yes
09F30410-G=yes
09F30310-G=yes
09F30210-G=yes
080D4820-G=yes
080D4720-G=yes
080D4620-G=yes
080D4520-G=yes
080D4420-G=yes
080D4320-G=yes
080D4220-G=yes
080D4120-G=yes
080D5F20-G=yes
080D5E20-G=yes
080D5D20-G=yes
080D5C20-G=yes
080D5B20-G=yes
080D5A20-G=yes
080D5920-G=yes
080D5820-G=yes
080D5720-G=yes
080D5620-G=yes
080D5520-G=yes
080D5420-G=yes
080D5320-G=yes
080D5220-G=yes
080D5120-G=yes
080D6F20-G=yes
080D6E20-G=yes
080D6D20-G=yes
080D6C20-G=yes
080D6B20-G=yes
080D6A20-G=yes
080D6920-G=yes
080D6820-G=yes
080D6720-G=yes
080D6620-G=yes
080D6520-G=yes
080D6420-G=yes
080D6320-G=yes
080D6220-G=yes
080D6120-G=yes
080D7F20-G=yes
080D7E20-G=yes
080D7D20-G=yes
080FB470-G=yes
09F2EB20-G=yes
09F2EA20-G=yes
09F2E920-G=yes
080D7820-G=yes
080D7720-G=yes
080D7620-G=yes
09F2E520-G=yes
09A92A20-G=yes
09F2E320-G=yes
080E8F20-G=yes
080E8E20-G=yes
080E8D20-G=yes
080E8C20-G=yes
080E8B20-G=yes
080E8A20-G=yes
080E8920-G=yes
07F3D830-G=yes
080D8920-G=yes
07F3EF20-G=yes
07F3EE20-G=yes
080D8620-G=yes
07F3EC20-G=yes
08507720-G=yes
08B80760-G=yes
08B80660-G=yes
091F4720-G=yes
0930BDC0-G=yes
0930A240-G=yes
0AA4F100-G=yes
0AA50F20-G=yes
08BBE9C0-G=yes
08BBE8C0-G=yes
08BBCF20-G=yes
08BBCE20-G=yes
08BBCB80-G=yes
08BBCA80-G=yes
080D9520-G=yes
080D9420-G=yes
080D9320-G=yes
08BBC4E0-G=yes
08BBC3E0-G=yes
080DAF20-G=yes
080DAE20-G=yes
0AA34CA0-G=yes
0AA34BA0-G=yes
0AA34900-G=yes
0AA34800-G=yes
080DA920-G=yes
080DA820-G=yes
0AA34360-G=yes
0AA34260-G=yes
0AA35F20-G=yes
0AA35E20-G=yes
080DA320-G=yes
080DA220-G=yes
0AA35980-G=yes
0AA35070-G=yes
0AA36D80-G=yes
0AA36C80-G=yes
080DBC20-G=yes
080DBB20-G=yes
09EEBCD0-G=yes
08440AE0-G=yes
08440950-G=yes
08440850-G=yes
08440750-G=yes
08440650-G=yes
08440550-G=yes
07CC6F10-G=yes
07CC6E00-G=yes
07CC6CF0-G=yes
07CC6580-G=yes
07CC6470-G=yes
07CC6360-G=yes
07CC6250-G=yes
07CC6140-G=yes
07CC6030-G=yes
07CC7F10-G=yes
07CC7E00-G=yes
07CC7CF0-G=yes
07CC7BE0-G=yes
07CC7AD0-G=yes
07CC79C0-G=yes
07CC78B0-G=yes
07CC77A0-G=yes
07CC7690-G=yes
041CFAE0-G=yes
07CC6BE0-G=yes
07CC6AD0-G=yes
07CC6800-G=yes
07CC66F0-G=yes
08850F10-G=yes
0A70E440-G=yes
0A70E330-G=yes
0A70E220-G=yes
0A70FF10-G=yes
0A70FE00-G=yes
0A70FCF0-G=yes
0A70FA20-G=yes
0A70F910-G=yes
0A70F800-G=yes
0A70F530-G=yes
0A70F420-G=yes
0A70F310-G=yes
0A70F040-G=yes
07CDB770-G=yes
08823F10-G=yes
08821F10-G=yes
08821E00-G=yes
08821CF0-G=yes
08823740-G=yes
08823630-G=yes
08823520-G=yes
08860D10-G=yes
08860C00-G=yes
08860AF0-G=yes

[Triggers]
097CC0D0=Neutral,<none>,Ion Storms,0,1,1,1,0

[Events]
097CC0D0=1,51,0,3600

[Actions]
097CC0D0=1,44,0,300,0,0,0,0,A

[Tags]
097CCA70=2,Ion Storms,097CC0D0

[Digest]
1=FatZkUdU5lMKtc/IuDytR9cdYi4=
