[ENGINEER]
Cost=300

[General]
IonStormWarning=0
IonLightningFrequency=100
IonLightningRandomness=0

[IonWH]
Verses=200%,200%,200%,200%,200%

[TIBSPRDR]
LightRedTint=0.005
LightBlueTint=0.005
LightGreenTint=0.10
LightIntensity=0.005
LightVisibility=2500

[Actions]
01000000=1,16,0,0,0,0,0,0,A
01000002=1,17,0,99,0,0,0,0,A
01000004=2,27,0,450,0,0,0,0,A,23,0,0,0,0,0,0,A
01000006=1,44,0,108000,0,0,0,0,A

[Events]
01000000=1,8,0,0
01000002=1,8,0,0
01000004=1,1,0,4
01000006=1,14,0,0

[Tags]
01000001=0,Reveal 1,01000000
01000003=0,Reveal Hill 1,01000002
01000005=2,Timer 1,01000004
01000007=0,Total Destruction 1,01000006

[Triggers]
01000000=Neutral,<none>,Reveal,1,1,1,1,0
01000002=Neutral,<none>,Reveal Hill,0,1,1,1,0
01000004=Neutral,<none>,Timer,0,1,1,1,0
01000006=Neutral,<none>,Total Destruction,0,1,1,1,0

[Preview]
Size=0,0,106,61

[PreviewPack]
1=yAsAIAXQ5PDQ5PDQ6JQATAEE6PDQ4PDI4JgBTAFEAkgAJyAATAG0AydEAEABpAJIA0wBVA
2=BIACcgAEwBtAMnRABAAaQCSANMAVQASAAnIABMAbQDJ0QAQAGkAkgDTAFUAEgAJyAATAG0

[Basic]
Name=Dustbowl (King of the Hill)
Author=ReFlex
Percent=0
GameMode=standard
HomeCell=98
InitTime=10000
Official=yes
EndOfGame=no
FreeRadar=no
MaxPlayer=4
MinPlayer=2
SkipScore=no
TrainCrate=no
TruckCrate=no
AltHomeCell=99
OneTimeOnly=no
CarryOverCap=0
NewINIFormat=4
NextScenario=
SkipMapSelect=no
CarryOverMoney=0.000000
AltNextScenario=
MultiplayerOnly=1
IceGrowthEnabled=no
VeinGrowthEnabled=no
TiberiumGrowthEnabled=yes
IgnoreGlobalAITriggers=no
TiberiumDeathToVisceroid=yes

[CellTags]

[IsoMapPack5]
0=og8AIAQIADcAxgIAYAACCQA3AL3rATYAxKgBAgoANwC86wE4AMeoAQILADwAPnAGBAAADg
1=AxAMa0AgIPADEAuukBLyhVADL7BhAAL/AJAhAAMQC/rAUCEAAwAMGrAREAMvwKAhEAMADA
2=9QJB+BECEQBCAMW0AgMSADYAiwGTEBIAN4gBBQMAABIAQgC+owQTACzwCQITAD0Ag68FEw
3=A+iAEBAwAAE8UIAWgBpQgEawE1AI3tBULgGgITAEMAw/0KROwQAhMAMgDv9wIxAPCrARQA
4=NOMPFAA6KCgArBABAQAAFM0QBGkBP5kRB2gBrRAFaAGsEI0FNpgRjQVC7yYUAET2IxQAJ3
5=QEAhQAMgDsrxAVADHjDxUAMygoALAfAgUAABUAoQ8IaAEDQACEAQAAlAK0DYsBNQCQvyAW
6=AD+ABAIBAAAWAK0FBmgBoASVAjaNBQN3AjQAkfkGRfFAF8QIAQIAABfFCAdpAUGdCgxrAT
7=AAj7sGFwAxiQEDdAKxCQFpATWdCgRrATIAku0FM4gBnQpF9yMXAETgRgIXACkA0asiFwAq
8=iAEBBgAAGM0QCGgBrRANaQFCmRESaAGtEARpATKZEQdoAa0QBWgBoQ8DaQE0jBCUAgMwAK
9=ABAACYBqEPAWAEoA+FCCuMEJUNR+xHARkAMwCsFAMAGQA3AOGQWgEAGQA4iAEFAwAAGQA5
10=ABCnHhkAOokBAnQCrTEJaAG1GA5oAQNCAIgBAACYBqkXCHUCL4UTAWgBsRQFaQExlAKFCC
11=jzNRkAOygoALQYlA20GJAJtBgDDgAAGgAzZA1nFhoANCgoALUYAWAEtRgEaAG0GJQCtRgD
12=dQJBnBWUAqgXjQVDlQIHYASpFwJoAakXBmgBqRcKaQE7+3QaACjwmAIaACcAwrcqGgA853
13=YaACXtGxrIQ4wQrRsJcAmsGwEPAAAbKG0DGyhtAxvFNAJgBK0bBWkBRIxHiAG0GIgBtRgI
14=YASpFwdoAakXC2sBMgCioEYCGwAnALu/FRsAOygpACXrphsAKONcGwA8KCkAJvenGwA6+V
15=4bzRsEaAytGwpoAawbBRAAABwANgATp0ocADeJAQJ1AkOVGAFoAaEaBmkBMZAUlAK9FQV1
16=AjOVAglpASb0kQYcAFAAzgIAAAd1AlGJAQ5oAa0QC2gBrBADEQAAHQA9iVkAaQE+iQECaA
17=GlEwFoAaUTA2gBpBOABKUTB3UCRZ0VDGkBL5yDkQkwgHKJATGIAZgGqRcGbAWpFwppATSV
18=GA5pAULrQx0AT4gXjBChGghgBKAaAw8AAB4AR+9dHgBIKCkASuStAh4AOgD6dGJtBTuJAQ
19=NpATyJAQZoAbEfAWgBsB+ABK0bCHQCrRsNaQFGmRwSaQEuha0AaAGkHoUIMJEfBHQCpB6Q
20=Cb2kBXQCpR4LaQFC50oeAEPp8x7FHgJgBKUeCWgBpB4BEAAAHyjFAx8oxwMfACPnHh8ANS
21=goALEfAXgGsR8EaAGxHwdrATgAErdPHwA5iAGMBbEfCWAEsR8OawFGAIe/mR8AKomxAHUC
22=K4kBA2gBqCKFCC+UI5QCqSIFYwQsAJT1DS2JAQJ1AjH/gx8AMv2DH91XCmAEsR8RaQFSnE
23=EBGAAAIME7AmgBrRsFaAGtGwhpAUWdFQFoAakXBGkBR5UCB2gBqBeVAiyUGJUCKIkXAGEE
24=KZBWiQEqiAGUDakXA2EELpQYgQ8x64UgADLzgiAAMOWBIMEaC3gGoRoSaAGhGhlpAVOMGw
25=MgAAAhADqFgQBpATuJAQJoAbUYBWgBtRgIawEnAI6yKiEAtBiUArUYAWIEKQAi/SADaAG0
26=GIkBK4AakwlKAJ/lCEuIAZUNTIkBBHsGSAClpT8h1RgMdAK1GBNoAbUYGmkBU5UYIWsBNw
27=DUo6khADiIAYEPOYgBAQYAACLZHAFoAbkcA2kBTZFsBWgBrBuBBCiZHAR0ArwVlAK8FZgG
28=vBWZBkecFYAEqBeZBkmVAgdkCKkXFGgBqRcbaAG8FZgGvBWYBrwVAwcAACMATIUTAWgBsR
29=QGaAGlEwVpASeZ+ARoAaAPlAKhDwh1AkqNEAtoAbUNAmgBtA2MBbQNAwgAACQARfx4AiQA
30=OQARpzQkADqJAQJgBLgRiAG5EQd1Ak6RFAxpASaZEQFoAaUTBWkBKJUCCWkBHZA1mQYeiA
31=EDDgAAJQAq4w8lAFYoKACtEAFgBK0QA2gBoQ8IaAGhDw1pAU+NEBJoAa0QAmgBrRAGaAGt
32=EAppARf3vSUASSgpAByYEZQNsBSIDLEUD3sGQADVs0slAEGIAZkRQogBBQYAACYAOQDmo7
33=8mADqJAQJ0Ar0VCWgBvRUOaQFPkYIDaAECKQCZAQAiGigmAL0VB3QCvRULaQFJ+7YmABfj
34=fSYAFuN9JgBK8pgmALQYgA+0GIAPtRgQcAm1GAFoAbUYBGgBtBgBBwAAJ9UYAWsBOgANs0
35=AnADuJAQN1Ak6IF4AEtRgEdQJQlAKFCCiAGoAErBubBioAnKt6JwBK4xonACT3GCcAGO8x
36=JwAl99MnAEsoKAChGgp0DaEaEWkBH502GGgBrRsCaAGtGwVoAa0bCGsBUwDtqjgoAKwbAQ
37=EAACjNGwRpATyZHAdrAVEAhb4VKAC5HAV0ArkcCGkBKYAahAisG4cILQCjJFsnKAAYJm8k
38=KAA47BsCKAAnAMjvEEIAzekBQ4kBA3wKuRwLaAG5HBJoAbkcGWkBIIUeIGkBP4mbAGkBQI
39=gBhQhBiQEGdQIhJm06KShsOgMpAD0A9AAj2Tcp0B8CBQAAKQCxHwhpAVCRHwFoAb0gBGkB
40=UpUCB2gBsR8CaAGwH4cIKwChryYpACycIIQIqCKBBC6VAgl5BjjrWSkANyYjKykAJSaxPS
41=koaggpACdXQikAJu5dKQC4J4gMuCeRFESEKZAUpSkMdA2lKRNoAaUpGmgBpSkhaAGkKZAJ
42=pCmQCaQpkwkhAOuzNSkAVSb/NioAPIQpAQEAACrRKgZpAT6VAgtoAbknBWgBuScIawFTAI
43=mjJSoAKowmhAi5JwRhBCyVAgdoAbgnnAq5Jwp1Ai+FKQ5oAScPLioAN+pOKgCoIoAPqCKA
44=D70gFHgGvSAbaAECTwDPAgAiMysqAFCIAZUNWyPFOgBhBFyIAZQCoSUCdAKgJYgMoCWLDC
45=IA7qMlKwAZ8bkr1CMCBwAAKwC1IwxpAVKdIAFoAakiBGkBVJQCjQVViQEKdwIwAJqvJisA
46=HSOlIAB1Ah6JAQJpAR+IAYQIsCqUArEqBWAEsSoIaQEtnSsLaAGwKogBsSoPdwIgAMr1GE
47=6IIpAUoCWIDKAlkRRRgASTFFYA0PgGuCeYBrgnjQVdhCkDDQAALAAiZC5lxizVIwh0ArQj
48=gQQ/mUgSdwIgAIazxCwAVigoAK0mBWAErCaECK0mC3UCHCMJSQBpAS+ZJwFoAaUpBGkBMZ
49=UCB2gBsCqABLEqA3QCsCqIDL0gAnQCvCCUArwggA+8IIEPTJgcgQ9NiQEGeAaoIoQIqCKY
50=BqkiDmMEVwDTuycsAFiIAQEBAAAtKKMELQBC5Uot2UgOYAShJRNpAR+UI5gGrSYDdQJVKF
51=QAuCeUArQjjQUdgSUEbAW1IwVoAbUjCGkBMpS9mwZXAJ6jUS0AI4lOAGEEJIkBAmkBJYgB
52=kQlQmHSJASEjJCaFCEj33i0ASf+ZLQBY6k4tALgnhBO5Jwd9Ck6FKQ1oAaQpkAmlKQl0Aq
53=QpAw8AAC4AVCJEIXBLAi4APQDiYAF1Aj6JAQNpAT+JAQZpASaQbJQCvSAFdQIcI2U5AGkB
54=MZEfAWgBvSAEaQFWnCCUAqgilQJYlQIHYAS0I4AEtCOIDLQjiQxPlCOABKAllQJRlQIJZQ
55=ggjCaABLgniQwilAKJDEkmA0guAErpxy4o0yAuAB6MJpUYH4gBhB69KwJoDL0rCGgBvSsO
56=aAG8K5QNvSsKdAK8KwMQAAAvAFTzdy8AVSgrAEAA4KstLwBBiQEDbQVCiQEGaAGtMQFoAa
57=0xBGgBrTEHawFPAHokzCUCLwBWAHvpASWENJgGsDWZBieUApkGKIkBCmYIGwAi9TUAaAGo
58=OJkGHZQ5mwYzAJu+Vy8AoTsCbAWhOwVoAbQ5iAG1OQh1AjuYMoQIsDWAGrA1gQ9SgQQObA
59=WwNYQIsDWFCCOdNgthBEnj1S8AJCZsJAIvAFsAy7t/LwBZjKqZJ1qIAZQNtDmAGrQ5kR8g
60=gTsNfAqgO5gGoTsJdAKhOw9oAbQ5jBC0OQERAAAwKDUHMCg3BzAANvKNMAChOwFsBaE7BG
61=gBoTsHaAG1OQVoAbU5CGgBtDmZBlCAO5gGoDuVAleMPJUCKSMIM4QIrDyIAaw8kAmtPAt8
62=Cqw8hQgcmT0DdAKsPJkGGSOdQAB1AhqJAQJpATKEP5gGsECBDzSUApYYGAAlF1swADqUOY
63=wFpD+dCjyVAglwCaQ/mBGlPw93AlMAqyT/KzAAJCaDQjAAIybHRTAAJeOeMABe5z8wAFiM
64=PJQNpD+EE6Q/hRNbgQQKaAywQIAasECUI7FADmAEsECECLBAmAawQAMQAAAxADjxozHBOw
65=J0AqE7BWgBoTsIaAG8NpUCOpE1AHUCTygoAKg4gwRVAH6ndjEAVogBnQoogTsBeAatPAZo
66=AbkyA2kBG4Q0hwg1AJeuczEApDSUAqQ0mREXhDSQCbA1gQQZlQIJcAmwNYgMsTUKdQI9nT
67=YOaQFShDSECLA1hQhUlAKFCF4mezYxACMmky4xACXndjEAXya/LjEAIuM7MQBg4zsxABzh
68=OzHAO5wgoDuUDaA7gBqhOwtkE6A7iCKgO5gRoTsPYAS0OYwFtTkRdQITJlQ3AjIAOAADv6
69=8yADkoKQBM/3gyAEIjYD4DAAAAMgBDiQECaQEjI4hDlQIkiAGUArk9AWEEO5k9BGgBpD+V
70=AlAoVAC5PQNhBFeFPwVoAaQ/kAmlPwd1AiqdQQxpATSYPZAJpD+JDDaUAo0FN4kBCm0FPo
71=gBiAywQJwKsUAGYASwQIwFpT8LdAKlPw9oAaQ/mAakP5gGpD+ZBlWRQA5tBV/j6zIAHP94
72=MgBgKCkAIia7dTIAQOfvMgAbJmcjMgA/KCkAHetDMgBBKCkADfdEMgBhJpU/MigNGDLM94
73=givEGQFL1BEHEUEyZPNjMAC+08M8w8AwEAADMAQyM9PwBpAUSJAQNoAbg9gAS4PZQCrTwF
74=YASgO4sBTgB9q3ozAE+IAY0FOYw8nQo6iQECeAatPAhoAa08DWkBK5k9EmgBrDycCqw8jA
75=WtPAthBD2MPIQTuT0EdQI/lQIHaQFAiQEKaAGkP5QCpD+FCDgjYDORFBojgGOECA5VAKsB
76=AAAPAAAzAFYAqwEAABEAAE4PACAHEwAAMwANAMACAGMAMwAdKCkAIigpAEEoKQBfKCsAUw
77=DG+AYJMwDPAgAAAwAAMwA0iQEGaAEEHwDRAgAAC2kBIIkBEWsBFADu+AYBPAAJCnwOAwA0
78=ACcAPoQBAQA0AGMoKAABIgAJAZsCNAAjiAEDAgAANAAkiQEEaAEEQwANAQAAAWkBRIgBlQ
79=JFiQEHdAIDTwB9AQAAlQJQiAGUAgE6AH4BnxU0ADuJAQVtBU2JAQBpAU6IAZcNTACA7BAE
80=KQCEAQAACWEEKokBDmgBAysAhgEAAIwFAz4AlwEAAJEJP4kBCGEEQIkBC2sBNwCh/RU4iA
81=GFEzmIAYcTGQCi4QQaiAGRCRuIAYEPQYgBmwZTALykKQI0AFQAwesBDgDC6wEPAMfpAVUo
82=KQAyhDSMJrw2kAm8No0QNYEECn0VUfA1AjQAPAAB8TU2/zY1AFLwNQM1AEYA6QCeIDUAvD
83=YBAQAANd02A2gBvTYFaAGwNYgBsTUIdAKkNIgBoDCZBk+MMYwFrDGdCk2ZMgR5BiqAMJQC
84=rDGbBiwAiaw8AjUAFgCPqzg1ABeIAYMEGACS9QIZiQECcAmkNIgBpDSAD6Q0hRM6kTULbA
85=WlNAZoAaU0CmkBHIU0DmkBQIgBhBO8NpEJQpUCCWMESgCk7RBLiAGFEw7zbDUAVCgpAEf+
86=bTUAqDiQFKg4nAqoOJAUqDiTFFUA7bNANQA+9DkCNQA7APD0AgE8AP8Jk2w1ADbsPAI1AD
87=0ACLs9NQA/+z02ADD7PTYAOSgpAE8oKQBFkEABAQAANt1BA2sBIgD8hAwBADYAI4gBlQIk
88=iQEGYwQeAAO/IDYAH4gBgQQgiAGBBCGJAQlsBaU/BWkBTpFACGkBK5g9gA+lPwR1Ai2VAg
89=dpAS6JAQprAUAAjvQNvEGNBRiIQ4wFvEGNEBqIQ5cNFQCU+QYWiQECcwkUAJW8TAI2AF8A
90=n+EEYIgBgQRhiAGIDLVEC3gGvEGMG7xBhRNDiUMOYASoQ4AaqEOFCEyURJEUR/t/NgBI+3
91=82AEngfQI2ACgA1K88NgApiAGBGiqIAYEPUOhDAjYAPADv7wU9AP28QQI2ADYA/usBPwAC
92=vEECNgA+AATrATUABekBOigpADfsRwI2ADsACqMENwBbYMR7QDcAXCgpAF0oKQBR+EgCNw
93=AlAOdkBQIAADcAJokBAmgBuUgBaAG5SARoAblIB2gBuEiABLhIgAS4SIAEuUgKbwVFAAqz
94=NTcARogBiwwcABL1Ah2IAZMJYgCHrDwCNwAvAIjoAb1MBXAJvUwIaAG9TAtrAV4AjfAJqE
95=6RCUGUT4QTqE6YBqVKA3kGF5BLnQoTkEuYBrxMmQYVlAKDGk0AnvgRtE+MBbRPkAm0T5AJ
96=vEyEE6RKlAKkSo0QSPGNN8xHkAmsR4APrEeDDzsA7KNGNwBP74k3AD3jRjcAN/iKAjcAOg
97=AA8UA+KCsANQAD9QI45EoCNwA5AAb3AjwAB6kBOCjtCDgo7gg4ACfvCDgAPe1HOMxHAgEA
98=ADgAoUYCaAGhRgVoAaFGCGgBoEaABKBGgASgRoAEoUYLbAWgRpwKoUYDdQImI60hAGkBJ4
99=gBlQJhgEaMBa1HBGEEY5UCB2kBLphIgASkSoEEMJQCgASsR4EEX5hIgASsR5AUvEGIAbxB
100=nRVMnEGYBqhDmQZOlAKdCleUkZ0VWIgBkR9ZiAGPBUAAoCTEJAI4ACwAxKw8AjgALQDF6Q
101=E0IywnhQg1iQEGYBqwjZAJoEaEE6BGhRM890Q4AD7njDgAOvdEOAA48884ADvjiDgAT/DP
102=ATgAPwDNiTkoPwg5ADrmPzkAJwMROQBFI4woAwAAADkARokBAmkBR4kBBGgBvTYBaAG8Np
103=UCKIk4B3cCTAB5s3c5AGQjsScFdQIxiTgDaAGgO5QCoTsIdAK0OZQCtDmVAlaIOJgRtDmD
104=BFwAkekMXZjMgQReiAGcFag4jAWoOJAJqDiIF6g4mBGoOI0FP4g4gAS0OZUCQZUCCXMUWg
105=Clt4Y5AC33yDkALurHOQCsPIQIrDyJIjaZPQ1lCEImKyE5AFDrxzkAOPt/OQA74zs5AE/g
106=OyLIINfIOQA97345ADzvfjkAN+9+OQA58EACOgApAOQkaSk6wDsBAQAAOsE7A2gBoTsFaA
107=G0OYgBtTkIdAK0OZkGTYA7gQRjgDuUAq08Bm0FMIw8lAK5PQR1AjKVAgdoAbQ5gQRXgDuA
108=BLQ5lQJdgDuUArQ5kRRfgDuAD6U0AnAJpDSAD6U0CnUCWYQ0kAmwNZEJW5QCjRBr73M6AG
109=zvczoAFiaPKDoAIygrADgAy7F3OsA7gA+gO5QjoTsOYQ874zs6AE/3OToAOfc5OgA99zk6
110=AE7zNToAOiixBlDrATsAGu9zOwBhKCkAKJQ5BQEAADsARgDmv/w7AEeJAQJ3AikADL9iOw
111=AqiQEDdAK9NgZpAU6JOAppAUsjdTAAaQFMiAGFCDOBOwV0Aqw8lAKtPAd1AmWBBAxoAaw8
112=jAWtPAh0AqA7lQJdlDmJAVWIOJUNVogBnAqoOJwKqTgLZQhUnW0EaAGk74gBtDmQCbQ5lQ
113=1cgDuZBhbjcjsAbCgrACMAv6s4OwAi5z87ABfnPzsAbfF3O8w8jCatPAlsEK08D2kBOv+v
114=OwA9//E7AFDjOzsAO+9zOwA3JlknOyibDjsAOCiMByd3MDsAUu+1PAAxJlknPMw8AgEAAD
115=wAoDuIAaE7BHUCK408B2sBRwAUs888AEiIAZQCuT0LYAStPANoASS5PgVpATKUOZwKpT8G
116=dAK5PQhoAbk9DWkBZo0FEmgBqDiRCVeUOZEJU5w2kAmoOJUCVZUCCXgGJOgugASgO4AEJO
117=gugAQk6S4AbAUkoCWJDBcmdSU8xDSQH6U0CmwFpTQQawE4APok4y08AFAoKAAnZy48ADrv
118=czwAPygoACfPJTwAO+M7PABSKCgAJ+suPABP4Ts8KM8lPABR67E8AED77T0AMvc5PQBOKC
119=kAKOh6Aj0ALQDgv3g9AC6IAQMDAAA9AC+JAQZrASwA6qW4Pcl6BXQCpT8IaAGkP5QCpD+U
120=ArU5B2EENJ02DGgBoTsJaAGhOw5rAWYAhbPaPQA/hXYAdQJAgDuJAUGJAQJ3AhYAluwFuD
121=2UArg9nBW5PQpsBaw8lAKsPJUCRCamNj0AuT0BbAW5PQRoASRcLYkXIed2PQAi+HQCPQAl
122=AM2rej0AJogBjCa9QQtkCL1BEWkBPfNAPQBP8Xc9KI8dPQBQ7Tw9KB8lPQBS6HoieCzF7z
123=0oHA8CPQBNAAskiy0+AA31OT7UOQEBAAA+1TkEaAG1OQdpASuUOYAEoTsDdAKxNQhoAbE1
124=DWkBNZ02EmkBZYQ0mAawNZ0KZ5QCnQpNjOyRCT6B6wB4BrQ5mQZAgDuYBrQ5jQVCgTsFbQ
125=UVgDuMBaw8jQUXlAKIDAFWAJwBI+tPPgA6I9AriQw7iQECZQg8iAGYBrxBmAa9QQtgBLBA
126=iAG4PYAPuD2QH6A7jBCgO5EJJ4w8kAkDRwDOAgAAiQFIiQEOfQpqJh8lPgBS+D0CPgBPAP
127=ulgT4odyU+AFDvfj4APSYbNT4AUfu2PgA293s+ADfpej4owx4+AFPnuD4AOeN9PwBE80A/
128=AFgoKAC0ewECAAA/3UEFaAG9QQhoAaU/CWgBpT8OaAGsPI0FZ4w8jQVMjTwBYAS5PQRpAU
129=6VAgdpAWgjoUYDaAGwQI0FP5xBjwU3AJAkeiA/ALxBiQw4kUAAeQY5iAGcFbBAgASwQIwQ
130=ARgAmgGTQD8AVZxBiAyoQ4gMqEOUAqhDmBGoQ5EJNYD2lQI9KCgAuD2ABLg9lQ0ojDyNGy
131=mIAZUjRogBiAy8QYwFvUEPdRhsJndGPwBT/0E/AFH7fz8ANuc/PwBPKCkAVOA7Aj8AUgAM
132=t3tAAC4j5DMDAAAAQAAviQECaQEwiQEEaAGtMQVoAa0xCGkBT+8xQABniQEBdAKkNJkGaZ
133=UCB3UCaokBCmgBsDWQCbA1mQY4nTYDYASkNIkBOpA1jQUXmDKMBaQ0iQwZlAKIDLA1iBew
134=NZkGV4ixjQU0jDGECKQ0lQI2lAKFCDyIAYAEvDaBBD6UAoEEHZh0gSUeiAGRFCfyNUAAtD
135=mUI7U5D2AatDmEE7U5CXQCtTkQaAEnSw9AAFHzd0AAUygpAFTnuEAAUCZfLUEAMvdwQQBL
136=KCgAtDkBAQAAQdU5A2gBtTkFaQFrI0lcAmkBTpgyjAW1OQR1AlCVAgdpAVGJAQpoAaA7hA
137=ihOwh0AqE7C2gBuDKABLgygQQajGiNEFaMMZQNuDKNBViVAglkCLgylAK4MoUIN4AwiAy4
138=MoAEuDKBBD8ogQBZ9+lBAFom/ytBAEYmujNBAKg4jBCoOIUeH5Q5hB60OZQjtDmEE7U5EH
139=AUqDiIIqk4EXUCSZFAGGkBFiMlPABpAReJAQZpATkmi0NBAFT7dEEAUu9zQQBV73NCABsm
140=HyVCADzjO0IAbigrAC4ACLecQgAviAEDBAAAQgBslekFaQFqjTwBaAG5PQNoAaw8gAStPA
141=h0Aq08C2kBVonoAGkBGZw2hAioOIgMvTYGYAS9NgppAVmJOA5rAR0AoySTLkIAUpgygw9G
142=AL0kOCMCQgBaAL7oASezMkIARf82QgBLKCkAI+s4QgBMKCkAJfc5QgA0KCgAtDmMG7Q5jB
143=uoOJAUqTgRcRQq8jVCALQ5kB+1ORJgBLU5GWkBSo0FIGgBoDuIIqE7B3UCGI08DWkBVOd2
144=QgBVJktcQgBT5HYCQwBcAOEkKyxDAF2IAQIDAABDALU5AWgBtTkFawFEABCvPEMARYkBAn
145=UCa4w8jAW5PQZ0Arw2lQJXiTgEdQJUlacAaAEkbDqECKA7iAGgO5UNGyPkapgRoTsLeQYc
146=lDmcCqA7jQUelQIJYQRRjDyABLg9gQ9TlQIHYwRMALq4PQJDADQAu+kBWigpACMmHztDAE
147=brQ0MAJSZLO0MAJCb/YkMAWSb7ckMAM/dEQwA160NDAE0mBy1DAFsoKACwQIAasUASZBOx
148=QBlpASvtPEPdQQx0Ar1BE2gBvUEaaAG9QSFoAbxBhCm9QQh0ArxBAw4AAEQAZeV2RMU/AX
149=QCpT8EagFeACUrY0QAX4kBAncCQQD6t0REAEKJAQN1AkOJAQZpAT0jwWsAaQE+iAGBBD+I
150=AYEEQIkBCWMEOwAFu0hEADyIAY8FOQAG9QI6iAEAAQMAAEQALgAIAQAAAgAARAAvAAgRAA
151=A4DwAgAAIBAAAGAABEAEQAEAEAAAEAAEQARYkBA2gBBGsAhAEAAAJpAWyJAQdpAW2JAQxo
152=AQRXAJEBAAAFaAEDVQCSAQAAmQZWiAGXAhoAof0KG4kBBG0FHIgBkwkdAKPtEB6JAQphBB
153=+JAQ5rAVIApekMU4kBCHUCVIkBC2gBAkYAugIAYAACRABMAL7rASQAwOkBNSgpAFkoKwBH
154=AMXjBEoAyOgBAygAzgIAAI0bKYkBE2kMKokBGmkBK4kBIWkBSIkBFGkBSYkBG2gBARYA0Q
155=LdIBeJAQl1AhiIAQMPAABFAG9wJHwVA0UAXADhAJ8rRQBdiQEFYAQBXgDnAIwxAkUANwDy
156=ZAV1AjiJAQJrAUEA+uEEQokBBHUCQ4kBB2sBPQADty5FAD6IAYEEP4gBgQRAiQEKbwU7AA
157=XtBTyIAY8FOQAG9QI6iAGXAi4ACK88RQAviAGQCQFfAA0BlxRFAGCJAQN8CqFGCGgBoUYN
158=aQFujUcSawEgAJfwCbREjBu0RJwgtESFCB2BRgt4BrREiAG0RJAqJxAIAkUATAC7tDkCRQ
159=BHAL/rAU0Aw+sBSwDE6QFO8EACRQAxAM31AjKIAZQYsUAUYA+xQBtoAaw8iCKsPIQprTwQ
160=YAQBSAAJCokiRii4BwJGAB0APpACAwBGAFoA4+kBW4gBAwMAAEYAXIkBBmsBLwDm4QQwiQ
161=ECdAKwQIwFsECUArFABWAEsUAIaAGwQIAEsECABLBAgASxQAttBVSdQQBpAVWIAYkMVogB
162=mRFXiQEJYASgRpwKoEacCqBGlAKgRpUCUoxHnQpTiAGdCliIAZUCWYgBlAK5SAFoDLlIBG
163=kBYYVKB2sBNgAPo0ZGADeIAYQTvEyEE71MDm8FbgCJ7QUfnEycCqhOnQohlAKdCiKJAQp5
164=Bk7jiEYARuxHAkYARQDBq0NGABvvR0YARCgrABwAx+AEuEiUDbhIlQ0zhEqVDV2IAZEfXo
165=gBkx9wANDkCKRKmDKlShFlE3SAiJkGdYgBkx9IAAH/TEsABesBTAAG6wFNAAqoAQJHAGYA
166=4KdKRwBniAEDAwAARwBoiQEGaAGtUgFoAa1SBGgBrVIHaAGsUoEEQo1SAHUCQ4kBAmsBYg
167=DqvJkCRwAwAPf1DTGIAZAJvEyECLxMlAK8TIgMvUwKcwljAAS7ikcAZIgBiQxliAGYBrBL
168=kAmwS5QCsEuUArBLlAKlSgV8CqVKCGkBNZhIjAWwS4wFsEubEVAAEu0QUYgBjQVtkEuIAb
169=xMmQZvlAKZBnCIAZQYqE6AD6hOgA+pTgtvECMAm6dVRwA+lN6TCU4Avb9BRwBF7FICRwAZ
170=AML1Ak33T0cAGvZPRwCoTpQNqE6UDahOnBWoTokMX5RPnBWwS4AEsEuVAnadTA1wFAFIAP
171=4JmDkCRwBLAADnSkkABOkBR/dPRwBK9U9IyE4BAQAASMlOBGgBqU4HaAGpTgJoAalOBWgB
172=sEuZBmGESogBsUsDYwQ0AO+WEQBI3EyABLxMhQgyiU4JbAWoTogMpEqMBaRKkAmkSpgGpE
173=qMBaRKlAKkSpQCpEqXAkMADKtDSABEiAGQCaRKjAWkSo8FOgB/7wU8AIDrAXEAhiR2JUgA
174=uEiMBblICGgXuUgLaQEilESIF6BGhSkklAKFKT2MR4AEuEiRCT+UAp0gTiabJEgAGedKSA
175=BFJkMkSABP5+RIAFAoKQBR5OQCSABsAMa2T0gAuEiIDLhInRVgIxUkDnwVpEqcIKRKgASk
176=SoMEVQDU8QlWiAGZJ1eJAQZnCEsA/6tOSABH605IAEninkgAJ5QTAkgARgAHolFIACfDE0
177=kAQfntScBRAQIAAEnBUQVoAaFRCGgBpUoBaQE1kUsDaAGlSgZoAaVKCmkBM5FLDmgBsECY
178=BrFABHUCRZ1BB2sBOAB9uz1JADmIAZwKvEGZBjuIQ5gGqEOVAj2URJUCcJRElAKgRocIcg
179=CHt4ZJACWY15QCqEOMG6hDjBu8QZQYvEGVGECIQ5UYGSbHJEkAbP6OSQAnLxxJAFH3REkA
180=GP+OSQBrKCkAGvdESQBC90RJAF6cQYkXX4gBmBG1RA90I7REiBe1RAl0ArREgwRMANO3RE
181=kATYgBkAmsR4gBrEeAJaxHlS5imUgAcQljiAGJDGSIAZ0gSfBLAkkARwADrEcCSQBKAAir
182=AUoAUO9HSgBonNsDAAAASgBpiQECaAGxQA9oAaU/BWgBpT8IawFGABSlNErFPwR1AjqRQA
183=doAaQ/mQY8kECYBqQ/lQI+kECVAnGZPQF4BqQ/kQlzlAKRCSSQQIAEvEGBBCaUAoEEJ4kB
184=CmcIQQCc5BO9QQt0ArxBgRpUiEOHCDcApL9XSgA4iQEDbwVCALy7MkoATigpAGwoKQAa40
185=ZKAE/rQ0oATOtDSgBD79ZKAG0oKgBHACUhNkrMR4gtrUcJYA+tRxBoAaxHkBSsR4wbrEeA
186=BLREhAi0RJAqtESQKrREjCa0RJAJtESNJkryjUoAJ0MvSwBCJv82SwAq90RLAHwoKACgRg
187=MBAABLAGmJhQBpAWqJAQRpAUWIQ4AEtESVAkeVAgdgBLVECGgBuT0FaAG4PZUCdCOBIQN0
188=Arg9gAS4PYAEuT0LYQRAmD2UDaQ/lA0DKACiAQAAiQFTmD2ABKQ/kQlVlQIJZAiwQIAEsE
189=CZBjmcQZ0VTO/LSwBP78tLAH3/g0sATfNASwB+KCkARPo9SwCtPAp0Da08EWkBYZWGGGgB
190=rDyAGqw8gASpOAJgBKg4iBeoOJ8gUgDtp1VLAEomDyNLAEj7f0sASSa3IksAO/fISwA854
191=FLAD4mKzdLAEsmMy1MACTzQEwAJSgpAEMoKQAa/0FMAF0oKAC8QQIBAABMAL1BBWkBa4lD
192=CWgBvEGUAr1BCHcCUgB+t3BMAFOJAQJ1AjojLD2NBXOcQZwKqUMEYQR1lQIHaQF2iQEKaw
193=FCAJq6f0wAqEOQCahDkQkniEOQCbRElQIplAKQFLVEBnAJtESdClaBRg50ArREmAa0RJcY
194=TAC4rzFMAE3nzkwATygpAH7vR0wAUCbLNUwASibTK0wASyZfIkwATigpAC//TEwAMPNLTA
195=BF841MAEgoKQBR8I0CTABEAMn4EbVPC2gXtU8SaAG1TxlpAWKBUSBrAT0A6/gGAT4A/Qkj
196=HypMADzrhUwAP+9HTQBZIuxMZQRNKMEITSjDCE0AbSOoRwMAAABNAG6JAQJoAalDBmgBqU
197=MKaQFslUQOaQFRlMiZBlKJAQN0AqhDiQFUlUQFdQI5lUQBaAGgRp8KdwCIskBNAKBGjAWh
198=RghsBaFGC2kBV4jHnQpBjEeQCblIBGEEQ5UCB2sBJwCguopNAKxHlA2sR5UYKphIlBisR4
199=gMrUcPZQh+74lNAEXrQ00ASO/LTQBKJokiTSi/T00AMOfOTQBQKCkASfVETSi7Pk0ARvNA
200=TQB/KCkATiM8NJEqT4gBhB6pQwxkE6lDE2gBqUMaaAGpQyFpAUcmED8CTQA+APqrQ00APP
201=+OTQA/KCkAPf2OTSjfEU0AQO9HTgBa70dOAD/jiE4ARigpAHMoKAC4SAIBAABOALVED2kB
202=biMZKgBpAW+JAQNrAUgAEa+JTgBJiQECdwJRAHv0AqVKBHUCU5FLB2gBuEiMBbhIlQI7kU
203=sMYQR2hEqMELBLhQh4lAKNBVaYSIAEpEqBBFiUAoEEWYkBCnAJsUsFaAGxSwhpASaQS4QI
204=vEyBBCiVAglgBL1MC2kBRJxMiQxcgJOJAUz7SE4ASvdETgB+KCkAR+uFTgBN6EMCTgBFAM
205=qufk4AtESMELREnQpQgEaUGLVEFGwQtUQbaQE8I/QqjTE9iAGFCFXviU4APuOITgBA6gFP
206=AKg4AgEAAE8AqTgEaQFwlTkHaAG0OYAEtTkDdAK0OZUCUoA7mAa1OQhgBKg4iAGpOA11Aj
207=yVORJpAXkj1TECaAG1OQVoAbQ5mAaoOJQCqDiUAqk4C2wFsDWECLE1BnQCsTUKagFaACJo
208=YJ0VQ5A1nBW8Np0KRZUCCW0FW4g4gAS0OYEEXZQCgAQnp1dPAEb4wQFPAEsAJT4pTwCwNZ
209=gGsDWdFUDluE8oAwZPAFQmM0NPAEH7dE8AVSgpAEL7dE8AViZPIFAAJeNyUAA3KCgAAXEA
210=9AAjiGQCUABHAAezbFAASIgBAwQAAFAASYkBCGgBrTwFaAGsPJQCqDiXAlAAfOUIUYkBA2
211=wFtTkJaAG1OQ5pAXiJOAFoAbQ5jwV6AIqgvwJQAEMAjvEJKYS4gwQ8AJ7gBL02B2QIvTYL
212=aQFZnDacCqg4lRhblAKMBak4BmwFqTgKaQFGlDmEE6g4gASoOIEEXpQ5gQR06zhQAHXn+l
213=AAIpDwiQwjiAGNBT7vqlAAVOBnAlAAQAACJCk3UCK8LukBPybDSlAAV+88UAA9Jt8nUABY
214=9zlRAEz/r1EATSgpAHCUOQIBAABRAKE7BmkBcpUCC2gBrDyABK08BXQCrTwJaAG9NgRpAV
215=KJOAdpAU+B9gBpAVCJAQJpAU4jXDiVAnmcNpwKqDiFCHuUAoQItDmBBESAO4EEKIA7lAKs
216=PJUCKpQCmQZfiQEDdQ07hD+MBbBAjQU9lAKMBaQ/hBOkP4wbpT8IZQhckECcIKQ/iAGsPI
217=gBrTwPbQV1//xRAEbzrlEAdvOuUQBqjKqRH2uIAZEUIYQ/kBS8QYAPvEGdClTn71EAVybf
218=SFEAP+tDUQBT5T9RKEsPUQBW93tRAEEmxi9SAKw8AgcAAFIArTwMaAGtPAJoAa08BmgBrT
219=wKaQE7ka4AaAGtPAhoAaE7A2kBUY08BWgBrTwBaQFPmT0EaAGgO5gGtDmNBSuE5IQItDmV
220=AiqIOI0FXogBkAmgO5EJYJQClBigO5gGoDuZBkOI6I0FTCNUN4kXTYgBlQ11JmUuUihfZF
221=IAM/t0UgBFKCkANOR2AVIASwAlxVBS1DmEE7Q5lQ1sgDuEE6A7kCqhOwl8IKE7EGkBWiM4
222=WoUTW4gBly6BAO+r81IAQec/UgBT/7pSAFcoKQA/Jts3UgBU/4NSAEDnP1IAWCgpAFnrvF
223=IAQvCCAVMAZwAlBm9TAKhDAQgAAFPJQw1pAXOFgRJoAbVEA2gBtUQHaAG1RAtoAbVEAWkB
224=PIFGBGgBsUAFaQFQnEGJDCqEP4wFsECNBSyUAp0KLYkBCngGpD+ECKQ/hQhhIxhADQMAAF
225=MAQgCgAQAAAQAAUwARAAA+DwAgD0MAoAEAAAUAAFMARACgAQAACWgBBEwApAEAAAFpAU2J
226=AQRpAU6JAQdoAQI0ALoCAGAAAlMAdQC86wFLAL3rATUAw+sBSgDE6wF2AMXrATYAx+sBVQ
227=DL6AECawDNAgC5EWyJAQh0DQQiAM4CAAAKaQEjiQERaQEkiQEYaAEBWgDRAt0VW4gBkRRc
228=iQENYwQ9ANTpDD6JAQN1Aj+JAQZrAUUA8OAEAUEAAQpoGwEAUwBTKCkAWSgrAFcAAuMEVg
229=AFqAECVABXAD6UBgMAVABxAO3oAQlyAPQAAAAOAABUAHOJARNoAQFIAAsBhwRUAEmJAQR1
230=AkqJAQhoAQE8AHsBnCACVAA6AH7tBTuJAQJjBE8AhOMEKwCX6QEsiAGFCC2JAQtsBQQuAJ
231=gBAAADawFgAJyjO1QAYYgBgQ9ChD+cCr1BBmwFvUEKaAGxQAVoAbBAiQxL5D8CVAA0AMC7
232=J1QAdigrAGYAxvUCTPg9AlQAXgDM9AKgO5AUoTsSaAyhOxlpASWNPCBoAaw8kBSsPIwQrD
233=ycK608AWwFrDyMG608B3QCAVMA/QnVLkGZSQB1AlYoKQBZKCsAVQAE4TtAKI8HVAAG9wJY
234=AAfrAVEACasBVQBM80BVAHKQQAIDAABVALk9AWgBuT0FaAG5PQlrAXAAD6c0VQBxiQEGdw
235=I5AHynP1UAOogBkAmwQIkBPJxBkwk4AIDtBU6IQ5QNtESRCS2QQJQCvUEEaQwvlQIHaAGp
236=QwJoAahDnQpilESUDahDjAWpQwtsBQNFAKIBAACTCWYAu6M7VQBl735VAGfvflUAKf5BVQ
237=ClPwxkCKU/E2gBpT8aaAGlPyFoAaQ/jBCkP4wmpT8PYASkP4gXpD+IF6U/CGMEVgD6pz9V
238=AEDzQFUAVSgrAEEA/uEEUSgoACfPD1UAU+9+VQBS60NVAFDwQAJVAFcACPNAQgAKqwFWAD
239=L/QVYAQigpAFMoKACoQwECAABWxYEGaAGpQwppAW+dQQFoAbVEBGgBtUQHaAGoQ5UCO5RE
240=lwI2AH2/QVYAN4kBA28FNQB/9AKgRp0KOYxHhAisR5gRrEeRCVCFSgxkCK1HBWgBrUcIaQ
241=Ew9URW2IqcCqxHnQpElESUAqBGhQhGlQIJZQgp48pWAGfgiAJWACoAwadKVgAr4ohWAKFG
242=FHgGoUYbaAGoQ4wmqUMQdAIn5wdWAFXjO1YAVygpAFkoKQBA+H8CVgBSAAPpOD77f1YAVC
243=gpAD/ngVYAWCgpAFoo5wdDAAukCAFXAFIAsBgEAFcAbgD2AJVlV9CCAQMAAFfFPwdoAaU/
244=C2gBpT8CaAGlPwVrAXoAeKs4VwB7iAGBBHyJAQRjBDQAeuAEvUEIdAKwQIEEOJxBlA29QQ
245=FhBDaIQ4AEvEGVDTqIQ4QIvEGIAb1BDXkGUYlDEmsBQgCR4w9DAJTpAUSIAZMUYwCat5xX
246=AC+ARoAPrEeAD7yOjAWsR48QWACf8QlZiAGBBFqIAZgGpUoGbBClSgppAUeRSw5pASnjk1
247=cAKiaLIlcAKO6UVwCsR5QurUcReAYnqxBXAFT0/3T8y0NXAFb3RFcAQeU/WCi4BwJYAEoA
248=5oDOAQBYAEuIAQECAABY0UAFaQFvnUEJaAG1OQNoAbQ5gAS1OQF1AjWBOwRpAXmBfQBpAX
249=qIAZgGoTsIdAK0OYUIN4A7lwIzAIGmKVgAtDmAD7U5DnkGW5Q5mwZBAI7sBaA7jRBDjDyN
250=EFWIAY8QVgCS7QVXiAGYHKQ/hRNFkECdCmKQQJAJvEGRCWSVAgdsEKhDhAioQ5gGsECYBr
251=BAnAqwQIMEMQChsktYALFAC3MJUQCl9QIq+4pYAFTzuVgAQOs4WABT87lZADrhtFnIOAEB
252=AABZ3TYGaAG9NgppAXCJOA5rAUsADb8gWQBMiQEDdAK9NgVpAXkjWScAaAG9NgRpAXuJOA
253=doAaQ0lQ00kDWBBFqYMpQCpDSMEKQ0lQJCkDWMBaQ0lA2kNIEEVpA1gASkNIUTWJA1jQVT
254=hDSFE1SJAQJ5EWUjECmMBbA1jAWxNQhhBDCULogMoDCJDDKUAoEaUIAwgASsMYEEUpQCgQ
255=SDI4QniQGEiAEDDgAAWgCH4jBaAKktC3cCcAD3u2laAHGJAQR0ArUuAWgBtC6VAk2BMAd3
256=AnQAFbJAWgCgMI0FeowxjAWhMAhtBXiBngBoAaEwBWkBNYwxgAStMQJ0AqwxiQxchTQMdA
257=KsMZsGQACPv0FaAEGJAQNgBKwxgASoLZUCVZQulQJklC6QFKAwkRRmlAKVDWeJAQpwCaAw
258=mBGgMIQIoDCdFTOMMZgnoDCABKAwgQRTjDGBBEgmfyZaAIKMMYwQpDSMBaQ0Aw8AAFsAf+
259=Q0BFsATgDpAABu3FsApTQBYASlNAVpAXKRNQloAaQ0lAKlNAh1AnOENJgGsTUEdQJ1lQIH
260=aAGwNZkGdiPRKwB1AneJAQJoAbw2hQh5iDiECKQ0iAylNA1tBV2RNRJpAUCAZ5AJpDSZBk
261=KQNYAPoDCAD6AwkAmhMAtlCGiFlwNrAUgAvqP9WwBD5ylbAHsjHDuJDHyIAYwFvCuIF7wr
262=lCO9KxBzCTIA0vEJM4kBBnUCNIkBDGkBNYgBlRg2iQEYdwKAAO27BlwALuc0XABNhDQBAQ
263=AAXNE1A2gBpTQGaAGlNAppAXORNQ5oAa0xBWgBrTEIaQF2gWcAaAGgMJEJeIwxjAWgMIkB
264=eowxmAatMQl4BqwxiwxdAIeuc1wArDGQFKmbBGwFrDGFCGeILYAEtC6BBGmVAgdvBW4Aoy
265=QvMlwASOv+XABD+DICXABHAML1I1L3/1wAUyaHMlwASSaVKVzcNpQNvDaVDX2IOJQNvDaM
266=Jr02EW0QhYFnGGgBqDiECKg4mAapOA1gBKk4E2gBqTgZawGCAO+yFF0ArDEFDwAAXQBNAA
267=mviV0ATokBAnUCT4kBBGgBuTIBaQF3hDSVAmyBMAB1AlyILYAEtC6BBF6VAgdgBLUuBWkB
268=PpzFmQY/kMSJAUCIAYAPoDCMBaEwCHkGapGNA2kBbYwxlA24Mo0Fb5UCCWEEQ+c0XQBT5z
269=RdAEf39F0AdPM1XQBC8zVdAETzNV0AdfI1XQCkNIgMpDSZEXmMMY0beokBDmAPvTYLaAG9
270=NhJoAb02GWkBho0FIGgBqDiEHqg4nAqoOJAJqTgUbAWoOAMaAABeAGPpb17dNgF0Ar02A2
271=gBvTYFaAGwNYkBdY1oAHQCtZwCaAGoOIUIbZU5BHQCqDiYBqk4CHcCXwCJumleAKg4mQY/
272=lDmZBjyIOIkMPYgBiAygO4UTQZQCnQpplDmECKA7hQhrlQIHdA2hOwZoAaE7CmkBcI08Dm
273=sBOwCqs1ZeAFP7PV4ARO88XgB0KCgAJ0MOXgBU7zxeAHiMMYwQtDmYHLU5D2gMtTkMaAG1
274=ORNoAbQ5jDG1OSF0ArQ5mBy1OQl0ArQ5kAm1ORV0ArQ5BRsAAF8ATQATtxhfAE6JAQJ1Ak
275=uV0wNpAXQjRTUAaQF1iAGUAqg4iAG9pAVgBKg4iQFulTkIdQJziAGFCF6JOAF0ArU5BGkB
276=YJUCB2kBYYkBCmgBoDuQCbQ5lQ0+6jhfAKg4nBWoOIwFqDiBD2yVOQtxCXGIAYQItDmUAr
277=U5D2AEtDmFEzyAO5EJVOs4XwBA+3RfAEHpOF/IOIwQqTgJcAmpOBBoAb02FGgBvDaULgF+
278=AM8CI9dSXwB/iQEGYASoOIgiqDicIKg4kAmpOBZsBag4BRwAAGAAPgADJOcoYAA/KCkAbS
279=gpAG4oKQBvKCgAJ6FGYNFAAXAJsUADaQFKkECUAr1BBHUCTJUCB2gBvEGVAnaIQ5QCuD2Z
280=BnSEP4EEYoixnAqlPwVkCKU/CGgBpT8LaQFwkDWECLw2hQhylAKIDKU0Bm0FPZE1CmkBQf
281=I1YACsMZQCrTERYQR7nW0YaQF9lC6IDKwxiAysMYkMgIAEhAi4MpwVuDKQFLgynAq5Mhd8
282=CrgyAR0AAGEoLgZhACcuBmEAJy4GYQAnLwZhAEPvqmEASSNNTANlCEqJAQZoAaEwBWgBoT
283=AIaAG0LogBqC2BBHWULpUCYZUuAWwFoTAEaQFjlQIHaQE+I6xClA21LgJ0ArQukAm0LpEJ
284=c4EwC2AEoDCECKAwlQJfJvFbYcAwlAKhMBJ4BqEwGWkBfI0xIGgBrDGAD6wxgA+sMYAPrD
285=GRCU0jNSgMeQZOiAGdCk+JARh1AncmrWNiKH8FYgBw+15iAEiQKgEBAABiyS0EaAGpLQdr
286=AUQAFqeiYgBFiQEDdAK5JwVoAbknCGkBPZgnkAmkKZMJZACeoNUCYgBsAMkkvSNiySIMeA
287=apIhNoAakiGmgBqSIhawFxAND5BkuMG4kMTIgBkBS9IA1sBbwgkAm9IBl1AnYmrCwJYwBH
288=AAEBAAAIAABj0R8CaAG9TAVoAaUeAWgBpR4EaQFGkR8HaQE/IxkqA2gBpB6ECKQehQhjhB
289=6ECLAfhQhllAKFCFQmvyNjAF0oKQBVJpMjYwBeKCsAbgDKsh9jAKElFGAPoSUbaQFqjHOZ
290=EWuJAQZ1AmzuJmMArCaQFKwmkB+tJg5sBawmnAqtJhp3AncA1eEPeIgBiQx5iAGJDH3zKm
291=QAOeZ2ZAAiOCKDsGQARogtAQUAAGTVLglpAUiVAg1oAbwrgQQ+kSoBdAK9KwRpAUCVAgdo
292=AaQpjAWlKQh1AmIjoXIAaQFjiQEDaQFUJuhPAmQAXQC/txhkAFPv1mQAXCgpAGmMJoAPpC
293=mAD6QpgQ9sgQQKfAqkKYgMpCmAGqUpD2AEpSkVaAGlKRtoAaQpiAykKYgMpCkDBwAAZQA0
294=+ydlAHEoKAC5JwZgBLFWCmgBuScOaQFBI3FAA2gBrSYFaAGtJghoAbUjAWgBtSMEaQFkgC
295=WBD1QmX29lAFUmG3dlAFbm+mUAtSMCeAa0I4gMtCOIDLUjC2AEtCOIDLQjnBW1IxBgBLUj
296=FmgBtSMcaAG0I4gMtCOIDLQjiww6AOurOGYAPPcjZgB8KCgAtCMDCwAAZgBIIy1IAGkBSY
297=kBA2kBZSMZQAVpAUCNJgFoAbknBGkBQpUCB2kBQ4kBCmgBrCaYBq0mCHUCVuHrZsRrgASk
298=HowQpR4RbAWlHhdoAaUeHWkBOveyZwBm6bFnKA0NZ9QYAgEAAGcAtRgEaQFKgRoHaQFkgB
299=qABK0bBnQCoRoFaAEAAUIAlwEAAAgAAGcAQwCXAQAACwARAABkCLEQAAEAZwBEAJoBAAAD
300=AABnADsA7QIAYAACZwA8AO6rAWgAZ3ADdAICaABpAD5gAQQAAGgATwDn6QFQiQECdAIDSw
301=DqAAAAiAEBTAAEAYcEaABNiAGVAk6JAQRsBQRJAA0BAAAFaQFKiQEIaAEBZACEAcUIZYkB
302=B3UCZokBDGoBQwB9FQFpAUSIAZEJRYgBjwU4AMLrFzkAx+sBQQDR6QFCiQEGZwg8AOy1Am
303=nAGgMBAABpAEqUGIgBoRoDdAKgGpQCoBqUAqEaBWMEUAAMpx5pAFGIAYAEtRgIYAS1GA1p
304=AWeBGhJrAUYAl6IwaQCgGpAJoBqbBjgAvfMUNwDE6wE6AMbpAUkoKAC4HJAUuRwHaQxDhB
305=4DDQAAagA96jhqAL0VAXQCvRUEaQFSiRcHaAGpFwloAakXDmkBRZwVmAaoF5kGR5QCmQZI
306=iQEKbwVnAJ6sGwJqADgAvL8VagBJKCkAOuwbAmoAOQDD4wRKAMXrAWoAzekBa4kBA3wKA0
307=4AzgIAAJUNT4gBhBOxHwJgBLEfCGgBsB+BBD/3WmsATPwgAmsAUwDpsVZr3DYCBQAAawC9
308=IAhrAWUAgKI7awCkHoAEpB6ABKUeC20FZoUeAWgBsR8EaQFolQIHaAEDSQCiAQAAlwI6AM
309=CvG2sASigoAKQehAikHo0FbJAfhQhNhB6ABLwgjBC9IA9oDL0gA2gBvSAJaAG8IAMPAABs
310=AFKFHgFoAbEfA2sBYwB+uxxsAGSJAQJ0ArAfjQVmnSAEdwJiAIHsBbkcBXQCuRwIaQFImB
311=yYBqQegQRKlQIJYQRf+3RsAFf3WmwAWOc/bABg8ndsALwghAi8IIgMvCCQFL0gCXwKvSAQ
312=aAG8IJwVvSAKdAK8IAUQAABtAFIAB7cYbQBTiQEEdQJUiQEIawFgAH3hBGGJAQN0ArQjiQ
313=FlgSUFdAK0I4kBZ4AlhAihJQFhBGOMJosMSACgskBtALUjBmAEtSMKaQFLgSUOawFYALq3
314=RG0AX/dEbQBZ9iNtALAfmAaxHxF5BlCVRBhoAbEfC2gBsB+DBGgA0v0KaYgBjRBqiQEMbQ
315=VriQESaQFsiAGRCXDvaG4AW+1obsQpAQEAAG7FKQVoAaUpCWsBXwB8pyluAGCJAQN0ArEq
316=BGkBYp0rB2gBoCWFCGSNJgh1AkeMJogMuCeBBEmUAogMuScLbQVY4CUBbgB0ANykAm4AXg
317=DIpR5uzCaMBa0mEngGrSYZaQFRmScgaAGgJYAPoCWQFKElDWAEoSUTaAGgJQEZAABvySIC
318=aAGxSwZoAakiCmgBvSAEaQFhiSIHaAG9IAhpAV6RSwBpAV+IAZAJvCCIAbwgnAq8IJ8KdA
319=C7uxxvAHPna28AdeVrb9EfDHwKsR8TaAGxHxpoAbEfIWgBsB+UDbAfhBOxHw5gBLEfFGgB
320=sB8DGgAAcAA+6UNw3SADdAK9IAdoAb0gC2sBXgB5qkNwAL0gCHQCpB6ZBmCRHwV1AkqMy5
321=QCsB+QCbAfkQl15j9wAK0bFHgGrRsbaAGgGoQIoRoJdAKhGg9oAaEaFWgBoBqZBmMmbyRw
322=AGLkYAJxAFMA+yOMIwEAcQBUiAEFAwAAcQBVAAWjGnEAVogBlwJXABD1AliJAQJsBbEfAW
323=kBX50gBWkBSZgclAKlHgR1AkuVAgdpAUyJAQpoAaAagASgGpQCoRoQYAShGhZoAaEaHGkB
324=YibrI3IAWiLEJn0YcsAaAQEAAHLBGgRoAaAalAKgGpQCoBqUAqEaA2wFtRgGaQFggRoKaQ
325=FdiTgAaAG1WgJoAa0bBWgBrRsIaAGtGwtpAU0jWCecCrgcjAW4HIAEuRwRbAW5HBdoAbgc
326=Ax0AAHMAWib3KnMAWygpAGL5U3PFHgJsBak4BWgBpB6UAqQelAKhGgtjBF0AerY5cwChGg
327=N0ArBWjQVMiRcBdAK1GARpAU6VAgdpAUf5SHQokQJ0KJACAnQAUgAIqwx0AFOIAQIEAAB0
328=AKEPAWkBXowQlwJcAH/sBbUNBWAEtQ0IawFPAJwkJiZ0ACe7KHQAVvGjddQNAQEAAHXVDQ
329=VoAagMiwFbAHuqDHUAtA2NBV2BDwRtBU6IDJQCtA2XAlcAo6vddQBJ4JMCdQBWAL+vlHUA
330=SO+UdQBVKCgAJwsodQBY+LYDdQBhAM8CI7MydQBiiAEDBgAAdgBu9Tl21RgCdAKsJoAEqR
331=cBdQJclRgEaAGpFwVpAV6VGAhoAbQYhAi0GIMEUACduyd2AFaAGpAJrBuBBFiVAglkCCcv
332=J3YAYJAUjAWoF4APqRcHbQVjgAQBCgAAd8kXA2gBqRcHaQFbjTwAaAGpFwVrAVYAgq8xdw
333=BPhRMBdAKxFARpAVGUAoQIsRQGdAKwFJUNWZ0VDnQCsRQCaAGwFIgMsRQIdAKwFAULAAB4
334=AFIAE6MPeABTiQECdAKxFAFpAVydFQRoAbAUlQJXnRUDdAKxFAVoAbEUCGsBWgChvit4AL
335=AUlA2wFAMPAAB5AE3tPHnNEAF0Aq0QA2gBoQ8FaQFZkAmABL0KBHUCW5QCAwcAAHoAV/IJ
336=egCtBQJ0Aq0FBWgBrQUIaQFcmQYLaQFn9GUCegBjAO+/V3sAZyYIMwF7AGUAJes5ewBmJj
337=czewBeIyghAwcAAHsAX4gBAw4AAHwAZePVfABnKCkAXYEEAWAEuQYIaAG4BgIPAAB9ACfm
338=En0ArQUCdAKtBQloAawFARAAAH7BDwpoAbUCEWkBYIgMARgAAH/BBAtoAaEEEmgBoQQZaQ
339=FhjAUBIAAAgM0FDGgBrQUTaAGtBRpoAawFAyEAAIEAVP8ggQBVJp0qgdEfFGAEuAYFGwAA
340=ggBUAL6nKYMAVPOCgwBT5IEMhQBXAD4AAAAAAAAAAAAAEQAA

[Lighting]
Red=1.000000
Blue=1.000000
Green=1.000000
Level=0.032000
Ground=0.000000
IonRed=1.000000
Ambient=0.925000
IonBlue=1.000000
IonGreen=1.000000
IonLevel=0.032000
IonGround=0.000000
IonAmbient=1.000000

[Map]
Size=0,0,55,90
Theater=DESERT
LocalSize=2,4,51,81

[OverlayDataPack]
0=HQAAIP45GgCDAwYE/v4BAIIKCP79AQCEBAgKB/7DAQCAFwAAIP46AACEBwgHBP78AQCEAw
1=AAA/7CHQCAlgAAIP5PFACBA/7TAQCCAwT+CgAAgQT+GwAAhgMAAAAGB/7TAQCDBwcD/gcA
2=AIQGCAgE/hkAAIcDBgQACAoG/tIBAIIICv4IAACEBgoKCP4bAACFBggKCwf+0QEAhAcKCg
3=f+BwAAhQMABwgH/hsAAIQKCwsI/tABAIYHCgsLCgf+CQAAhAYHBgP+GAAAhwcKCwsKCAb+
4=rAEAgG8BACD+IQAAggYK/gQAC4IKB/4KAACBBP4WAACEAwYICv4FAAuCCgf+zAEAgQj+Bg
5=ALggoG/iEAAIMGCAr+BgALggoG/soBAIoGCgsKCgoLCwsI/iMAAIEK/gQAC4QKCAcE/soB
6=AIwGCAgGAAcKCwsKCAT+IAAAggYK/gQAC4EK/s4BAIEE/gQAAIEK/gQAC4MIAAT+HgAAgQ
7=j+BQALggoH/tEBAIsEBwgICgsKCggIBP4bAACEAwYICv4EAAuCCAT+0QEAhAQAAAj+BAAL
8=ggoG/h4AAIYICwsKCAb+ugEAgQP+GgAAhgYKCwsLCP4fAACEBAcICP68AQCDBgcE/hkAAI
9=UICggIB/4iAACCBgT+ugEAhAQACgj+GQAAhgYIAAAEA/4iAACBA/66AQCFAwcICAT+GQAA
10=ggQD/i0AAIED/rQBAIIHB/5JAACDBgcE/rIBAIED/kkAAIQEAAgG/vwBAIMHCAb+/AEAgw
11=MGBv6lAwCABQAAIP4AIACAZwEAIP44AgCDBgcE/vsBAIUGCAoKBv5AAACCAwT+uAEAhQQI
12=CwsI/kIAAIMIBwT+twEAhAgKCAT+IgAAgQP+HgAAhQQICAAD/rYBAIIGB/4kAACCBgf+Hg
13=AAhAcHAAP+tgEAgQP+JQAAgwYIB/4eAACCBgb+3gEAgwgKB/4dAACBA/7AAQCBBP4eAACG
14=CAsKCAcE/tkBAIUDBgcHBP4bAACHAwcKCwsLCP7aAQCEBwAKCP4dAACNBwoLCwoIBgADAA
15=AAA/7SAQCGBAgKCggG/hwAAIEI/gQAC4kKCgcABAAGBgH+0QEAhggLCwsIBP4bAACBB/4G
16=AAuFCgoICgj+0wEAhQgLCwsI/hQAAIIDA/4GAACNBAcICgsLCgoKCwsIBP7RAQCGBgoLCw
17=sI/hUAAIMGAAT+BwAAiQcICggACgsLCv7SAQCBCP4EAAuCCgf+FAAAhAQICAb+BwAAiQQA
18=BwoKCggGA/6UAQCArQAAIP48AACCBwr+BAALgwoHA/4UAACDBwoI/gkAAIQECAoK/tIBAI
19=IECP4FAAuBCv4XAACDBwgG/goAAIQHCAgE/tEBAIgGCAoLCwsKB/4XAACCBgb+CwAAgwYI
20=Bv7TAQCHBwoLCwsKB/4YAACBAf4MAACBA/7UAQCHBwoLCwsKBv76AQCGBggKCwoG/vwBAI
21=MICwj+/QEAgwYKB/7+AQCCCAj+/gEAgwQGA/66DQCAFQAAIP5VHACCBAb+/gEAhAYIBwT+
22=pwEAgCkAACD+VQAAhAQACgf+/QEAgwYHBv7+AQCBB/7/AQCCBAT+/gEAgQP+qBcAgAUAAC
23=D+ACAAgAUAACD+ACAAgAUAACD+ACAAgAUAACD+ACAAgAUAACD+ACAAgAUAACD+ACAAgAUA
24=ACD+ACAAgAUAACD+ACAAgAUAACD+ACAAgAUAACD+ACAAgAUAACD+ACAAgAUAACD+ACAAgA
25=UAACD+ACAAgAUAACD+ACAAgAUAACD+ACAAgAUAACD+ACAAgAUAACD+ACAAgAUAACD+ACAA
26=gAUAACD+ACAAgAUAACD+ACAAgAUAACD+ACAAgAUAACD+ACAAgAUAACD+ACAAgA==

[OverlayPack]
0=HQAAIP45Gv+Da2pq/v4B/4JwZ/79Af+EaGltZv7DAf+AHQAAIP46AP+EbWlmcP78Af+Ebv
1=//bP4DEv+BtP6+C/+AnQAAIP4sAv+CtLT+IRL/gWr+0wH/gmZq/goA/4Fv/hsA/4Zt////
2=a2/+0wH/g2tpaP4HAP+EZ2hnaP4ZAP+HaW1p/2tma/7SAf+CZ23+CAD/hG5paW7+GwD/hW
3=1ra25m/tEB/4RvcGlw/gcA/4Vs/25oZv4bAP+Eb21wZv7QAf+GbnBwZ2tu/gkA/4RwcGtw
4=/hgA/4doam5oZmxv/qwB/4CEAQAg/iEA/4hvaXBsZ2lob/4KAP+BaP4WAP+Lbm9na2duaG
5=xmamn+zAH/iW1nbmtvbHBub/4hAP+LaGlubGdmaXBrbGz+ygH/im5oaXBnbmZuamj+IwD/
6=iWhobWhobWxrbv7KAf+MbGlrZv9ma2dsaWdr/iAA/4doZmtubGpu/s4B/4Fu/gQA/4hqZm
7=xoaWz/Zv4eAP+IZmdpcGlua27+0QH/i3BpaWhpa2ZobW1w/hsA/4pwZ25vbW5wb2dt/tEB
8=/4pw//9nZ2pmamZo/h4A/4Zqbm5uaWv+ugH/gWv+GgD/hmhoa2hqbv4fAP+EcGxqbf68Af
9=+Db2lo/hkA/4ptZ2pvav///7S0/h0A/4JmcP66Af+EaP9nbv4ZAP+KaGf//3Bm////tP4e
10=AP+Baf66Af+Fb2hobmn+GQD/gmpq/i0A/4Fs/rQB/4Jqbf5JAP+DbXBm/rIB/4Fr/kkA/4
11=Ru/25n/vwB/4Nnbmv+5gH//gYAsP4QAP+DaGlv/ucB//4HALD+twH/gKYAACD+PgD//gsA
12=sP71Af/+DQCw/vMB//4OALCBtP7vAf+CsP/+EACw/u4B//4TALD+7QH//hYAsP7qAf/+Fg
13=Cw/uoB//4WALD+6gH//goAsIL///4KALD+6gH//goAsIL///4KALD+6gH//hYAsP7sAf/+
14=FACw/u0B//4TALCBtP7tAf/+EgCw/uoB/4W0/7T///4RALD+6wH/gbT+BAD//hAAsP6uAf
15=+AoAEAIP5DAP/+DgCw/ucB/4NqaWv+CAD//g4AsP4GAP+CtLT+3QH/hWhnamhm/gkA//4J
16=ALD+LgD/gmpt/rgB/4VsbWdrZ/4LAP/+BwCw/jAA/4Nwb2j+twH/hGtmaG3+IgD/gWf+Hg
17=D/hXBtaf9m/rYB/4JnZv4kAP+CaGz+HgD/hGZr/2n+tgH/gW7+JQD/g2tvZ/4eAP+CaWj+
18=3gH/g2dsaf4dAP+BaP7AAf+Bav4eAP+GbmxoZmdw/tkB/4VpbWltbv4NAP+BtP4NAP+HaG
19=trbmlnZv4UAP+CtLT+xAH/hGf/Z2z+HQD/jWhubWxnbW//af///2/+DQD/gbT+xAH/hmxp
20=b2twbv4cAP+ObmdvaWhpZ23/Zv9paW3+0QH/hmxvcGtnZv4bAP+Mb2xvbGpmaGpqa2Zq/t
21=MB/4VpZmxma/4UAP+CZmj+BgD/jW9vaGZmbWlvZmlqb2f+0QH/hmdubGlwaP4VAP+Dbv9v
22=/gcA/4lmb3Bt/21scGj+0gH/h2ZsaXBpaGj+FAD/hGxrbm/+BwD/iWb/Z2hmcGxvaf6UAf
23=+AsgAAIP48AP+JbGpoZ2lpaW9m/hQA/4NpaWr+CQD/hGdqbHD+0gH/iG5ncG5vbGZu/hcA
24=/4NoaW3+CgD/hG1ubmb+0QH/iGduaWlubmtm/hcA/4JtcP4LAP+Damdp/tMB/4dnam5sbG
25=lp/hgA/4Fu/gwA/4Ft/tQB/4dmamZqanBw/voB/4ZsbGdoaGj+/AH/g2xvZv4jAP+BtP7Z
26=Af+Db2do/v4B/4JmaP7+Af+Db2tq/roN/4AhAAAg/kkA/4G0/gAC/4G0/goa/4Jtbf7+Af
27=+EbmxmZ/6nAf+AKQAAIP5VAP+Eav9qaP79Af+Dam1v/v4B/4Fp/v8B/4Jpav7+Af+BbP6o
28=F/+ABQAAIP4AIP+ABQAAIP4AIP+ABQAAIP4AIP+ABQAAIP4AIP+ABQAAIP4AIP+ABQAAIP
29=4AIP+ABQAAIP4AIP+ABQAAIP4AIP+ABQAAIP4AIP+ABQAAIP4AIP+ABQAAIP4AIP+ABQAA
30=IP4AIP+ABQAAIP4AIP+ABQAAIP4AIP+ABQAAIP4AIP+ABQAAIP4AIP+ABQAAIP4AIP+ABQ
31=AAIP4AIP+ABQAAIP4AIP+ABQAAIP4AIP+ABQAAIP4AIP+ABQAAIP4AIP+ABQAAIP4AIP+A

[SpecialFlags]
Inert=no
FogOfWar=no
IonStorms=no
MCVDeploy=no
Meteorites=no
Visceroids=yes
FixedAlliance=no
TiberiumGrows=yes
InitialVeteran=no
HarvesterImmune=no
TiberiumSpreads=yes
TiberiumExplosive=no
DestroyableBridges=yes

[Structures]
0=Neutral,V21,256,113,87,64,None,1,0,1,0,0,None,None,None,0,0
1=Neutral,V24,256,113,84,64,None,1,0,1,0,0,None,None,None,0,0
2=Neutral,V28,256,115,86,64,None,1,0,1,0,0,None,None,None,0,0
3=Neutral,V22,256,50,35,64,None,1,0,1,0,0,None,None,None,0,0
4=Neutral,V24,256,54,36,64,None,1,0,1,0,0,None,None,None,0,0
5=Neutral,V21,256,53,32,64,None,1,0,1,0,0,None,None,None,0,0
6=Neutral,V31,256,26,54,64,None,1,0,1,0,0,None,None,None,0,0
7=Neutral,V35,256,24,55,64,None,1,0,1,0,0,None,None,None,0,0
8=Neutral,V36,256,28,54,64,None,1,0,1,0,0,None,None,None,0,0
9=Neutral,V33,256,28,57,64,None,1,0,1,0,0,None,None,None,0,0
10=Neutral,V28,256,30,59,64,None,1,0,1,0,0,None,None,None,0,0
11=Neutral,V34,256,29,60,64,None,1,0,1,0,0,None,None,None,0,0
12=Neutral,V26,256,90,115,64,None,1,0,1,0,0,None,None,None,0,0
13=Neutral,V29,256,91,112,64,None,1,0,1,0,0,None,None,None,0,0
14=Neutral,V30,256,87,110,64,None,1,0,1,0,0,None,None,None,0,0
15=Neutral,V27,256,86,111,64,None,1,0,1,0,0,None,None,None,0,0
16=Neutral,V27,256,90,113,64,None,1,0,1,0,0,None,None,None,0,0
17=Neutral,V26,256,84,113,64,None,1,0,1,0,0,None,None,None,0,0
18=Neutral,TIBSPRDR,256,55,83,64,None,1,0,1,0,0,None,None,None,0,0
19=Neutral,TIBSPRDR,256,38,49,64,None,1,0,1,0,0,None,None,None,0,0
20=Neutral,TIBSPRDR,256,43,53,64,None,1,0,1,0,0,None,None,None,0,0
21=Neutral,TIBSPRDR,256,48,45,64,None,1,0,1,0,0,None,None,None,0,0
22=Neutral,TIBSPRDR,256,14,57,64,None,1,0,1,0,0,None,None,None,0,0
23=Neutral,TIBSPRDR,256,58,15,64,None,1,0,1,0,0,None,None,None,0,0
24=Neutral,TIBSPRDR,256,79,52,64,None,1,0,1,0,0,None,None,None,0,0
25=Neutral,TIBSPRDR,256,80,48,64,None,1,0,1,0,0,None,None,None,0,0
26=Neutral,TIBSPRDR,256,90,60,64,None,1,0,1,0,0,None,None,None,0,0
27=Neutral,TIBSPRDR,256,95,89,64,None,1,0,1,0,0,None,None,None,0,0
28=Neutral,TIBSPRDR,256,102,94,64,None,1,0,1,0,0,None,None,None,0,0
29=Neutral,TIBSPRDR,256,90,96,64,None,1,0,1,0,0,None,None,None,0,0
30=Neutral,TIBSPRDR,256,63,96,64,None,1,0,1,0,0,None,None,None,0,0
31=Neutral,TIBSPRDR,256,62,90,64,None,1,0,1,0,0,None,None,None,0,0
32=Neutral,TIBSPRDR,256,86,128,64,None,1,0,1,0,0,None,None,None,0,0
33=Neutral,TIBSPRDR,256,124,84,64,None,1,0,1,0,0,None,None,None,0,0
34=Neutral,KOTH,256,70,72,64,01000005,1,0,1,0,0,None,None,None,0,0

[Units]
S=Spawn1,BARLU,256,0,0,64,Unload,None,0,-1,0,-1,1,0
T=Spawn2,BARLU,256,1,0,64,Unload,None,0,-1,0,-1,1,0
U=Spawn3,BARLU,256,2,0,64,Unload,None,0,-1,0,-1,1,0
V=Spawn4,BARLU,256,3,0,64,Unload,None,0,-1,0,-1,1,0
W=Spawn5,BARLU,256,4,0,64,Unload,None,0,-1,0,-1,1,0
X=Spawn6,BARLU,256,5,0,64,Unload,None,0,-1,0,-1,1,0
Y=Spawn7,BARLU,256,6,0,64,Unload,None,0,-1,0,-1,1,0
Z=Spawn8,BARLU,256,7,0,64,Unload,None,0,-1,0,-1,1,0

[Terrain]
15058=TIBTREE
20050=T18
25056=BR4
26065=BR7
33044=BR6
33076=BR5
34069=T08
36076=BR6
44025=BR3
45023=BR5
45048=TIBTREE
48080=TIBTREE
49038=TIBTREE
49060=BR7
51026=BR9
52079=TIBTREE
53043=TIBTREE
56049=BR8
57014=TIBTREE
57064=SROCK02
59056=T18
60090=TIBTREE
62059=BR4
62096=BR6
62104=T18
66075=BR7
71029=BR4
71030=BR9
73031=BR5
75036=SROCK04
76081=SROCK06
78060=BR8
81039=T18
81087=BR6
82064=T18
82084=SROCK02
83055=TIBTREE
84046=BR8
84124=TIBTREE
85083=T08
86081=T18
89051=BR5
89077=BR7
89095=TIBTREE
89119=BR7
90062=TIBTREE
90114=BR8
91055=BR8
92055=BR6
94102=TIBTREE
96063=TIBTREE
96090=TIBTREE
101115=BR5
102103=BR7
104062=T18
104112=T18
105099=T08
109096=BR9
110069=BR6
110100=BR1
111073=BR1
111096=BR8
112067=BR5
112073=BR7
121097=T18
124095=BR5
128086=TIBTREE
74069=LPOST
71069=LPOST
74072=LPOST
71072=LPOST

[Waypoints]
0=66041
1=42066
2=97074
3=77099
99=73071

[Digest]
1=kdyzlc+zWG0BtJf5BAKOa1/7/Gc=

